AutoDock Vina v1.2.7-20-g93cdc3d-mod
#################################################################
# If you used AutoDock Vina in your work, please cite:          #
#                                                               #
# J. Eberhardt, D. Santos-Martins, A. F. Tillack, and S. Forli  #
# AutoDock Vina 1.2.0: New Docking Methods, Expanded Force      #
# Field, and Python Bindings, J. Chem. Inf. Model. (2021)       #
# DOI 10.1021/acs.jcim.1c00203                                  #
#                                                               #
# O. Trott, A. J. Olson,                                        #
# AutoDock Vina: improving the speed and accuracy of docking    #
# with a new scoring function, efficient optimization and       #
# multithreading, J. Comp. Chem. (2010)                         #
# DOI 10.1002/jcc.21334                                         #
#                                                               #
# Please see https://github.com/ccsb-scripps/AutoDock-Vina for  #
# more information.                                             #
#################################################################

Scoring function : vina
Rigid receptor: /home/manndo/master_dev/Dockings/Benchmark/5SAK_ZRY/_staging/receptors/pdbqt/5SAK_ZRY_protein_meeko.pdbqt
Ligand: /home/manndo/master_dev/Dockings/Benchmark/5SAK_ZRY/_staging/ligands/pdbqt/5SAK_ZRY_ligand_start_conf.pdbqt
Grid center: X 25.821 Y 5.34 Z 58.009
Grid size  : X 16.9 Y 17.4 Z 16.5
Grid space : 0.375
Exhaustiveness: 32
CPU: 32
Verbosity: 1

Computing Vina grid ... done.
Performing docking (random seed: 42) ... 
0%   10   20   30   40   50   60   70   80   90   100%
|----|----|----|----|----|----|----|----|----|----|
***************************************************

mode |   affinity | dist from best mode
     | (kcal/mol) | rmsd l.b.| rmsd u.b.
-----+------------+----------+----------
   1       -9.474          0          0
   2       -8.115      2.911      6.606
   3       -8.048      3.255       3.87
   4       -8.016      3.372      6.558
   5       -7.982      3.193      5.266
   6       -7.863       1.44      6.683
   7       -7.762      2.062       3.06
   8       -7.644      2.132      3.038
   9        -7.56      3.373      4.799
  10       -7.518      4.522       6.82
