AutoDock Vina v1.2.7-20-g93cdc3d-mod
#################################################################
# If you used AutoDock Vina in your work, please cite:          #
#                                                               #
# J. Eberhardt, D. Santos-Martins, A. F. Tillack, and S. Forli  #
# AutoDock Vina 1.2.0: New Docking Methods, Expanded Force      #
# Field, and Python Bindings, J. Chem. Inf. Model. (2021)       #
# DOI 10.1021/acs.jcim.1c00203                                  #
#                                                               #
# O. Trott, A. J. Olson,                                        #
# AutoDock Vina: improving the speed and accuracy of docking    #
# with a new scoring function, efficient optimization and       #
# multithreading, J. Comp. Chem. (2010)                         #
# DOI 10.1002/jcc.21334                                         #
#                                                               #
# Please see https://github.com/ccsb-scripps/AutoDock-Vina for  #
# more information.                                             #
#################################################################

Scoring function : vina
Rigid receptor: /home/manndo/master_dev/Dockings/Benchmark/5SB2_1K2/_staging/receptors/pdbqt/5SB2_1K2_protein_meeko_retry1.pdbqt
Ligand: /home/manndo/master_dev/Dockings/Benchmark/5SB2_1K2/_staging/ligands/pdbqt/5SB2_1K2_ligand_start_conf.pdbqt
Grid center: X -21.254 Y 1.481 Z -3.574
Grid size  : X 23.5 Y 20.4 Z 15.5
Grid space : 0.375
Exhaustiveness: 32
CPU: 32
Verbosity: 1

Computing Vina grid ... done.
Performing docking (random seed: 42) ... 
0%   10   20   30   40   50   60   70   80   90   100%
|----|----|----|----|----|----|----|----|----|----|
***************************************************

mode |   affinity | dist from best mode
     | (kcal/mol) | rmsd l.b.| rmsd u.b.
-----+------------+----------+----------
   1       -12.59          0          0
   2          -11      1.689      10.47
   3       -10.36      1.561      2.316
   4       -10.15      4.881      8.406
   5       -9.927      4.962      8.313
   6       -9.861      4.707       11.8
   7        -9.62      4.434      10.69
   8       -9.524      4.951      7.506
   9       -9.318      4.837      12.54
  10       -9.164       5.21      8.136
