AutoDock Vina v1.2.7-20-g93cdc3d-mod
#################################################################
# If you used AutoDock Vina in your work, please cite:          #
#                                                               #
# J. Eberhardt, D. Santos-Martins, A. F. Tillack, and S. Forli  #
# AutoDock Vina 1.2.0: New Docking Methods, Expanded Force      #
# Field, and Python Bindings, J. Chem. Inf. Model. (2021)       #
# DOI 10.1021/acs.jcim.1c00203                                  #
#                                                               #
# O. Trott, A. J. Olson,                                        #
# AutoDock Vina: improving the speed and accuracy of docking    #
# with a new scoring function, efficient optimization and       #
# multithreading, J. Comp. Chem. (2010)                         #
# DOI 10.1002/jcc.21334                                         #
#                                                               #
# Please see https://github.com/ccsb-scripps/AutoDock-Vina for  #
# more information.                                             #
#################################################################

Scoring function : vina
Rigid receptor: /home/manndo/master_dev/Dockings/Benchmark/5SD5_HWI/_staging/receptors/pdbqt/5SD5_HWI_protein_meeko_retry1.pdbqt
Ligand: /home/manndo/master_dev/Dockings/Benchmark/5SD5_HWI/_staging/ligands/pdbqt/5SD5_HWI_ligand_start_conf.pdbqt
Grid center: X 6.123 Y 2.875 Z 13.725
Grid size  : X 19.1 Y 19.1 Z 18.5
Grid space : 0.375
Exhaustiveness: 32
CPU: 32
Verbosity: 1

Computing Vina grid ... done.
Performing docking (random seed: 42) ... 
0%   10   20   30   40   50   60   70   80   90   100%
|----|----|----|----|----|----|----|----|----|----|
***************************************************

mode |   affinity | dist from best mode
     | (kcal/mol) | rmsd l.b.| rmsd u.b.
-----+------------+----------+----------
   1       -8.111          0          0
   2       -7.999      3.385      7.314
   3       -7.996      2.001      4.436
   4       -7.863       2.95      6.769
   5       -7.708      3.057       7.25
   6       -7.701      2.991      8.091
   7        -7.68      2.982      7.261
   8       -7.673       2.43      3.995
   9       -7.668      3.482      6.919
  10       -7.596      2.966      7.986
