AutoDock Vina v1.2.7-20-g93cdc3d-mod
#################################################################
# If you used AutoDock Vina in your work, please cite:          #
#                                                               #
# J. Eberhardt, D. Santos-Martins, A. F. Tillack, and S. Forli  #
# AutoDock Vina 1.2.0: New Docking Methods, Expanded Force      #
# Field, and Python Bindings, J. Chem. Inf. Model. (2021)       #
# DOI 10.1021/acs.jcim.1c00203                                  #
#                                                               #
# O. Trott, A. J. Olson,                                        #
# AutoDock Vina: improving the speed and accuracy of docking    #
# with a new scoring function, efficient optimization and       #
# multithreading, J. Comp. Chem. (2010)                         #
# DOI 10.1002/jcc.21334                                         #
#                                                               #
# Please see https://github.com/ccsb-scripps/AutoDock-Vina for  #
# more information.                                             #
#################################################################

Scoring function : vina
Rigid receptor: /home/manndo/master_dev/Dockings/Benchmark/6M2B_EZO/_staging/receptors/pdbqt/6M2B_EZO_protein_meeko.pdbqt
Ligand: /home/manndo/master_dev/Dockings/Benchmark/6M2B_EZO/_staging/ligands/pdbqt/6M2B_EZO_ligand_start_conf.pdbqt
Grid center: X 27.18 Y -22.745 Z 22.942
Grid size  : X 22.9 Y 14.2 Z 16.1
Grid space : 0.375
Exhaustiveness: 32
CPU: 32
Verbosity: 1

Computing Vina grid ... done.
Performing docking (random seed: 42) ... 
0%   10   20   30   40   50   60   70   80   90   100%
|----|----|----|----|----|----|----|----|----|----|
***************************************************

mode |   affinity | dist from best mode
     | (kcal/mol) | rmsd l.b.| rmsd u.b.
-----+------------+----------+----------
   1       -10.31          0          0
   2       -10.12      1.087       1.51
   3       -10.06       4.94      9.406
   4       -9.963      1.788       1.96
   5       -9.884      3.641      9.223
   6       -9.849      1.911      2.264
   7       -9.406      2.647      3.771
   8       -9.348      3.744      9.318
   9       -9.302      3.879      9.063
  10       -9.288      3.073      4.245
