AutoDock Vina v1.2.7-20-g93cdc3d-mod
#################################################################
# If you used AutoDock Vina in your work, please cite:          #
#                                                               #
# J. Eberhardt, D. Santos-Martins, A. F. Tillack, and S. Forli  #
# AutoDock Vina 1.2.0: New Docking Methods, Expanded Force      #
# Field, and Python Bindings, J. Chem. Inf. Model. (2021)       #
# DOI 10.1021/acs.jcim.1c00203                                  #
#                                                               #
# O. Trott, A. J. Olson,                                        #
# AutoDock Vina: improving the speed and accuracy of docking    #
# with a new scoring function, efficient optimization and       #
# multithreading, J. Comp. Chem. (2010)                         #
# DOI 10.1002/jcc.21334                                         #
#                                                               #
# Please see https://github.com/ccsb-scripps/AutoDock-Vina for  #
# more information.                                             #
#################################################################

Scoring function : vina
Rigid receptor: /home/manndo/master_dev/Dockings/Benchmark/6M73_FNR/_staging/receptors/pdbqt/6M73_FNR_protein_mgl_tools.pdbqt
Ligand: /home/manndo/master_dev/Dockings/Benchmark/6M73_FNR/_staging/ligands/pdbqt/6M73_FNR_ligand_start_conf.pdbqt
Grid center: X 26.279 Y 11.473 Z 37.104
Grid size  : X 23.3 Y 13.8 Z 19.2
Grid space : 0.375
Exhaustiveness: 32
CPU: 32
Verbosity: 1

Computing Vina grid ... done.
Performing docking (random seed: 42) ... 
0%   10   20   30   40   50   60   70   80   90   100%
|----|----|----|----|----|----|----|----|----|----|
***************************************************

mode |   affinity | dist from best mode
     | (kcal/mol) | rmsd l.b.| rmsd u.b.
-----+------------+----------+----------
   1       -11.05          0          0
   2       -9.688      1.971      4.649
   3       -9.204       2.95      6.871
   4       -8.859      3.017      6.819
   5       -8.389      4.023      7.479
   6       -8.153       3.26      7.374
   7       -8.065      4.005      7.685
   8       -7.522      2.439      4.929
   9       -7.265      4.259        6.8
  10       -7.254      3.682      7.292
