AutoDock Vina v1.2.7-20-g93cdc3d-mod
#################################################################
# If you used AutoDock Vina in your work, please cite:          #
#                                                               #
# J. Eberhardt, D. Santos-Martins, A. F. Tillack, and S. Forli  #
# AutoDock Vina 1.2.0: New Docking Methods, Expanded Force      #
# Field, and Python Bindings, J. Chem. Inf. Model. (2021)       #
# DOI 10.1021/acs.jcim.1c00203                                  #
#                                                               #
# O. Trott, A. J. Olson,                                        #
# AutoDock Vina: improving the speed and accuracy of docking    #
# with a new scoring function, efficient optimization and       #
# multithreading, J. Comp. Chem. (2010)                         #
# DOI 10.1002/jcc.21334                                         #
#                                                               #
# Please see https://github.com/ccsb-scripps/AutoDock-Vina for  #
# more information.                                             #
#################################################################

Scoring function : vina
Rigid receptor: /home/manndo/master_dev/Dockings/Benchmark/6M73_FNR/_staging/receptors/pdbqt/6M73_FNR_protein_meeko.pdbqt
Ligand: /home/manndo/master_dev/Dockings/Benchmark/6M73_FNR/_staging/ligands/pdbqt/6M73_FNR_ligand_start_conf.pdbqt
Grid center: X 26.279 Y 11.473 Z 37.104
Grid size  : X 23.3 Y 13.8 Z 19.2
Grid space : 0.375
Exhaustiveness: 32
CPU: 32
Verbosity: 1

Computing Vina grid ... done.
Performing docking (random seed: 42) ... 
0%   10   20   30   40   50   60   70   80   90   100%
|----|----|----|----|----|----|----|----|----|----|
***************************************************

mode |   affinity | dist from best mode
     | (kcal/mol) | rmsd l.b.| rmsd u.b.
-----+------------+----------+----------
   1       -11.06          0          0
   2       -9.993      2.123      4.783
   3        -9.21      2.961      6.872
   4       -8.835      3.027      6.816
   5       -8.313      4.032      7.446
   6       -8.151      3.242      7.336
   7       -7.947       2.43      4.941
   8       -7.477      3.905      7.727
   9       -7.299      1.314      1.757
  10       -7.129      3.327      6.784
