AutoDock Vina v1.2.7-20-g93cdc3d-mod
#################################################################
# If you used AutoDock Vina in your work, please cite:          #
#                                                               #
# J. Eberhardt, D. Santos-Martins, A. F. Tillack, and S. Forli  #
# AutoDock Vina 1.2.0: New Docking Methods, Expanded Force      #
# Field, and Python Bindings, J. Chem. Inf. Model. (2021)       #
# DOI 10.1021/acs.jcim.1c00203                                  #
#                                                               #
# O. Trott, A. J. Olson,                                        #
# AutoDock Vina: improving the speed and accuracy of docking    #
# with a new scoring function, efficient optimization and       #
# multithreading, J. Comp. Chem. (2010)                         #
# DOI 10.1002/jcc.21334                                         #
#                                                               #
# Please see https://github.com/ccsb-scripps/AutoDock-Vina for  #
# more information.                                             #
#################################################################

Scoring function : vina
Rigid receptor: /home/manndo/master_dev/Dockings/Benchmark/6TW5_9M2/_staging/receptors/pdbqt/6TW5_9M2_protein_meeko.pdbqt
Ligand: /home/manndo/master_dev/Dockings/Benchmark/6TW5_9M2/_staging/ligands/pdbqt/6TW5_9M2_ligand_start_conf.pdbqt
Grid center: X 3.969 Y -11.019 Z 88.552
Grid size  : X 19.3 Y 16.7 Z 19.3
Grid space : 0.375
Exhaustiveness: 32
CPU: 32
Verbosity: 1

Computing Vina grid ... done.
Performing docking (random seed: 42) ... 
0%   10   20   30   40   50   60   70   80   90   100%
|----|----|----|----|----|----|----|----|----|----|
***************************************************

mode |   affinity | dist from best mode
     | (kcal/mol) | rmsd l.b.| rmsd u.b.
-----+------------+----------+----------
   1       -11.04          0          0
   2       -10.81     0.7365       1.72
   3        -10.8      1.341      3.211
   4       -10.12       1.63      2.111
   5       -10.09      3.371      7.361
   6       -10.06      1.963       6.82
   7       -10.04      4.058      6.459
   8       -10.04      2.811      5.718
   9       -10.03      1.978      3.677
  10       -9.901      1.617      2.524
