AutoDock Vina v1.2.7-20-g93cdc3d-mod
#################################################################
# If you used AutoDock Vina in your work, please cite:          #
#                                                               #
# J. Eberhardt, D. Santos-Martins, A. F. Tillack, and S. Forli  #
# AutoDock Vina 1.2.0: New Docking Methods, Expanded Force      #
# Field, and Python Bindings, J. Chem. Inf. Model. (2021)       #
# DOI 10.1021/acs.jcim.1c00203                                  #
#                                                               #
# O. Trott, A. J. Olson,                                        #
# AutoDock Vina: improving the speed and accuracy of docking    #
# with a new scoring function, efficient optimization and       #
# multithreading, J. Comp. Chem. (2010)                         #
# DOI 10.1002/jcc.21334                                         #
#                                                               #
# Please see https://github.com/ccsb-scripps/AutoDock-Vina for  #
# more information.                                             #
#################################################################

Scoring function : vina
Rigid receptor: /home/manndo/master_dev/Dockings/Benchmark/6TW7_NZB/_staging/receptors/pdbqt/6TW7_NZB_protein_meeko.pdbqt
Ligand: /home/manndo/master_dev/Dockings/Benchmark/6TW7_NZB/_staging/ligands/pdbqt/6TW7_NZB_ligand_start_conf.pdbqt
Grid center: X 3.701 Y 48.962 Z 61.23
Grid size  : X 16.5 Y 20.2 Z 17.6
Grid space : 0.375
Exhaustiveness: 32
CPU: 32
Verbosity: 1

Computing Vina grid ... done.
Performing docking (random seed: 42) ... 
0%   10   20   30   40   50   60   70   80   90   100%
|----|----|----|----|----|----|----|----|----|----|
***************************************************

mode |   affinity | dist from best mode
     | (kcal/mol) | rmsd l.b.| rmsd u.b.
-----+------------+----------+----------
   1       -9.848          0          0
   2       -9.584      4.008      8.859
   3       -9.566      3.322      5.979
   4       -9.534      2.809      6.059
   5        -9.47      3.537      5.802
   6       -9.449      3.945      6.774
   7       -9.428      4.239      6.739
   8       -9.324      2.877      6.971
   9       -9.242      3.328      5.521
  10       -9.184      3.167      5.204
