AutoDock Vina v1.2.7-20-g93cdc3d-mod
#################################################################
# If you used AutoDock Vina in your work, please cite:          #
#                                                               #
# J. Eberhardt, D. Santos-Martins, A. F. Tillack, and S. Forli  #
# AutoDock Vina 1.2.0: New Docking Methods, Expanded Force      #
# Field, and Python Bindings, J. Chem. Inf. Model. (2021)       #
# DOI 10.1021/acs.jcim.1c00203                                  #
#                                                               #
# O. Trott, A. J. Olson,                                        #
# AutoDock Vina: improving the speed and accuracy of docking    #
# with a new scoring function, efficient optimization and       #
# multithreading, J. Comp. Chem. (2010)                         #
# DOI 10.1002/jcc.21334                                         #
#                                                               #
# Please see https://github.com/ccsb-scripps/AutoDock-Vina for  #
# more information.                                             #
#################################################################

Scoring function : vina
Rigid receptor: /home/manndo/master_dev/Dockings/Benchmark/6VS3_R6V/_staging/receptors/pdbqt/6VS3_R6V_protein_mgl_tools.pdbqt
Ligand: /home/manndo/master_dev/Dockings/Benchmark/6VS3_R6V/_staging/ligands/pdbqt/6VS3_R6V_ligand_start_conf.pdbqt
Grid center: X 54.831 Y -19.475 Z -9.438
Grid size  : X 17.1 Y 23.8 Z 18.2
Grid space : 0.375
Exhaustiveness: 32
CPU: 32
Verbosity: 1

Computing Vina grid ... done.
Performing docking (random seed: 42) ... 
0%   10   20   30   40   50   60   70   80   90   100%
|----|----|----|----|----|----|----|----|----|----|
***************************************************

mode |   affinity | dist from best mode
     | (kcal/mol) | rmsd l.b.| rmsd u.b.
-----+------------+----------+----------
   1       -10.37          0          0
   2       -10.36       2.93       10.6
   3       -10.28      1.748      3.016
   4       -10.26      2.948      10.31
   5       -10.02      2.543      11.37
   6       -9.842       2.56       10.3
   7       -9.841      4.638      9.433
   8       -9.797      4.673      9.431
   9       -9.785       3.36      10.79
  10       -9.737      2.821      11.93
