AutoDock Vina v1.2.7-20-g93cdc3d-mod
#################################################################
# If you used AutoDock Vina in your work, please cite:          #
#                                                               #
# J. Eberhardt, D. Santos-Martins, A. F. Tillack, and S. Forli  #
# AutoDock Vina 1.2.0: New Docking Methods, Expanded Force      #
# Field, and Python Bindings, J. Chem. Inf. Model. (2021)       #
# DOI 10.1021/acs.jcim.1c00203                                  #
#                                                               #
# O. Trott, A. J. Olson,                                        #
# AutoDock Vina: improving the speed and accuracy of docking    #
# with a new scoring function, efficient optimization and       #
# multithreading, J. Comp. Chem. (2010)                         #
# DOI 10.1002/jcc.21334                                         #
#                                                               #
# Please see https://github.com/ccsb-scripps/AutoDock-Vina for  #
# more information.                                             #
#################################################################

Scoring function : vina
Rigid receptor: /home/manndo/master_dev/Dockings/Benchmark/6WTN_RXT/_staging/receptors/pdbqt/6WTN_RXT_protein_meeko_retry1.pdbqt
Ligand: /home/manndo/master_dev/Dockings/Benchmark/6WTN_RXT/_staging/ligands/pdbqt/6WTN_RXT_ligand_start_conf.pdbqt
Grid center: X 21.651 Y 13.36 Z 9.101
Grid size  : X 15.3 Y 15.9 Z 19.7
Grid space : 0.375
Exhaustiveness: 32
CPU: 32
Verbosity: 1

Computing Vina grid ... done.
Performing docking (random seed: 42) ... 
0%   10   20   30   40   50   60   70   80   90   100%
|----|----|----|----|----|----|----|----|----|----|
***************************************************

mode |   affinity | dist from best mode
     | (kcal/mol) | rmsd l.b.| rmsd u.b.
-----+------------+----------+----------
   1       -8.629          0          0
   2         -8.6      1.272      2.839
   3       -8.551      1.385      1.987
   4       -8.455      3.079      8.114
   5       -8.371      1.255      2.581
   6       -8.369      1.389      1.961
   7       -8.319      3.057      8.283
   8       -8.176      2.507      7.453
   9       -8.163       2.15      7.314
  10       -8.141      1.574      2.843
