AutoDock Vina v1.2.7-20-g93cdc3d-mod
#################################################################
# If you used AutoDock Vina in your work, please cite:          #
#                                                               #
# J. Eberhardt, D. Santos-Martins, A. F. Tillack, and S. Forli  #
# AutoDock Vina 1.2.0: New Docking Methods, Expanded Force      #
# Field, and Python Bindings, J. Chem. Inf. Model. (2021)       #
# DOI 10.1021/acs.jcim.1c00203                                  #
#                                                               #
# O. Trott, A. J. Olson,                                        #
# AutoDock Vina: improving the speed and accuracy of docking    #
# with a new scoring function, efficient optimization and       #
# multithreading, J. Comp. Chem. (2010)                         #
# DOI 10.1002/jcc.21334                                         #
#                                                               #
# Please see https://github.com/ccsb-scripps/AutoDock-Vina for  #
# more information.                                             #
#################################################################

Scoring function : vina
Rigid receptor: /home/manndo/master_dev/Dockings/Benchmark/6X8D_ARA/_staging/receptors/pdbqt/6X8D_ARA_protein_mgl_tools.pdbqt
Ligand: /home/manndo/master_dev/Dockings/Benchmark/6X8D_ARA/_staging/ligands/pdbqt/6X8D_ARA_ligand_start_conf.pdbqt
Grid center: X 23.108 Y -0.305 Z 70.993
Grid size  : X 13.6 Y 14.2 Z 12.4
Grid space : 0.375
Exhaustiveness: 32
CPU: 32
Verbosity: 1

Computing Vina grid ... done.
Performing docking (random seed: 42) ... 
0%   10   20   30   40   50   60   70   80   90   100%
|----|----|----|----|----|----|----|----|----|----|
***************************************************

mode |   affinity | dist from best mode
     | (kcal/mol) | rmsd l.b.| rmsd u.b.
-----+------------+----------+----------
   1        -5.04          0          0
   2       -4.469      0.944      3.379
   3       -4.455      1.683      2.773
   4       -4.324      1.617      3.134
   5       -4.157      1.213       3.07
   6        -4.13      1.385      3.336
   7       -4.077      1.282      2.258
   8       -4.063      1.396      3.609
   9       -3.887      1.901      3.679
  10        -3.88       1.67      2.394
