AutoDock Vina v1.2.7-20-g93cdc3d-mod
#################################################################
# If you used AutoDock Vina in your work, please cite:          #
#                                                               #
# J. Eberhardt, D. Santos-Martins, A. F. Tillack, and S. Forli  #
# AutoDock Vina 1.2.0: New Docking Methods, Expanded Force      #
# Field, and Python Bindings, J. Chem. Inf. Model. (2021)       #
# DOI 10.1021/acs.jcim.1c00203                                  #
#                                                               #
# O. Trott, A. J. Olson,                                        #
# AutoDock Vina: improving the speed and accuracy of docking    #
# with a new scoring function, efficient optimization and       #
# multithreading, J. Comp. Chem. (2010)                         #
# DOI 10.1002/jcc.21334                                         #
#                                                               #
# Please see https://github.com/ccsb-scripps/AutoDock-Vina for  #
# more information.                                             #
#################################################################

Scoring function : vina
Rigid receptor: /home/manndo/master_dev/Dockings/Benchmark/6XG5_TOP/_staging/receptors/pdbqt/6XG5_TOP_protein_mgl_tools.pdbqt
Ligand: /home/manndo/master_dev/Dockings/Benchmark/6XG5_TOP/_staging/ligands/pdbqt/6XG5_TOP_ligand_start_conf.pdbqt
Grid center: X -7.319 Y 28.499 Z 18.303
Grid size  : X 16.6 Y 18.6 Z 16.4
Grid space : 0.375
Exhaustiveness: 32
CPU: 32
Verbosity: 1

Computing Vina grid ... done.
Performing docking (random seed: 42) ... 
0%   10   20   30   40   50   60   70   80   90   100%
|----|----|----|----|----|----|----|----|----|----|
***************************************************

mode |   affinity | dist from best mode
     | (kcal/mol) | rmsd l.b.| rmsd u.b.
-----+------------+----------+----------
   1       -7.355          0          0
   2       -7.322     0.1251      2.915
   3       -7.005      1.642      3.721
   4       -6.977        1.6      2.693
   5       -6.942      1.556      3.553
   6       -6.831      1.501      2.003
   7       -6.561      4.147      6.188
   8       -6.432      2.716      4.174
   9       -6.431      2.743       4.62
  10       -6.416      3.223      5.443
