AutoDock Vina v1.2.7-20-g93cdc3d-mod
#################################################################
# If you used AutoDock Vina in your work, please cite:          #
#                                                               #
# J. Eberhardt, D. Santos-Martins, A. F. Tillack, and S. Forli  #
# AutoDock Vina 1.2.0: New Docking Methods, Expanded Force      #
# Field, and Python Bindings, J. Chem. Inf. Model. (2021)       #
# DOI 10.1021/acs.jcim.1c00203                                  #
#                                                               #
# O. Trott, A. J. Olson,                                        #
# AutoDock Vina: improving the speed and accuracy of docking    #
# with a new scoring function, efficient optimization and       #
# multithreading, J. Comp. Chem. (2010)                         #
# DOI 10.1002/jcc.21334                                         #
#                                                               #
# Please see https://github.com/ccsb-scripps/AutoDock-Vina for  #
# more information.                                             #
#################################################################

Scoring function : vina
Rigid receptor: /home/manndo/master_dev/Dockings/Benchmark/6XHT_V2V/_staging/receptors/pdbqt/6XHT_V2V_protein_meeko_retry1.pdbqt
Ligand: /home/manndo/master_dev/Dockings/Benchmark/6XHT_V2V/_staging/ligands/pdbqt/6XHT_V2V_ligand_start_conf.pdbqt
Grid center: X 10.491 Y -6.542 Z 106.522
Grid size  : X 20.2 Y 19.3 Z 21.8
Grid space : 0.375
Exhaustiveness: 32
CPU: 32
Verbosity: 1

Computing Vina grid ... done.
Performing docking (random seed: 42) ... 
0%   10   20   30   40   50   60   70   80   90   100%
|----|----|----|----|----|----|----|----|----|----|
***************************************************

mode |   affinity | dist from best mode
     | (kcal/mol) | rmsd l.b.| rmsd u.b.
-----+------------+----------+----------
   1       -8.148          0          0
   2       -7.738       3.69      5.196
   3       -7.735      1.835      2.746
   4       -7.719      2.289      3.175
   5         -7.5      2.351      3.924
   6       -7.423      3.074      4.389
   7       -7.391      3.786      5.701
   8        -7.38      3.048      5.027
   9       -7.213      3.628      7.663
  10       -7.198      4.229      8.727
