AutoDock Vina v1.2.7-20-g93cdc3d-mod
#################################################################
# If you used AutoDock Vina in your work, please cite:          #
#                                                               #
# J. Eberhardt, D. Santos-Martins, A. F. Tillack, and S. Forli  #
# AutoDock Vina 1.2.0: New Docking Methods, Expanded Force      #
# Field, and Python Bindings, J. Chem. Inf. Model. (2021)       #
# DOI 10.1021/acs.jcim.1c00203                                  #
#                                                               #
# O. Trott, A. J. Olson,                                        #
# AutoDock Vina: improving the speed and accuracy of docking    #
# with a new scoring function, efficient optimization and       #
# multithreading, J. Comp. Chem. (2010)                         #
# DOI 10.1002/jcc.21334                                         #
#                                                               #
# Please see https://github.com/ccsb-scripps/AutoDock-Vina for  #
# more information.                                             #
#################################################################

Scoring function : vina
Rigid receptor: /home/manndo/master_dev/Dockings/Benchmark/6YMS_OZH/_staging/receptors/pdbqt/6YMS_OZH_protein_meeko_retry1.pdbqt
Ligand: /home/manndo/master_dev/Dockings/Benchmark/6YMS_OZH/_staging/ligands/pdbqt/6YMS_OZH_ligand_start_conf.pdbqt
Grid center: X 35.596 Y 39.243 Z -5.596
Grid size  : X 20.4 Y 18.7 Z 22.4
Grid space : 0.375
Exhaustiveness: 32
CPU: 32
Verbosity: 1

Computing Vina grid ... done.
Performing docking (random seed: 42) ... 
0%   10   20   30   40   50   60   70   80   90   100%
|----|----|----|----|----|----|----|----|----|----|
***************************************************

mode |   affinity | dist from best mode
     | (kcal/mol) | rmsd l.b.| rmsd u.b.
-----+------------+----------+----------
   1       -9.174          0          0
   2       -9.157      1.195      1.999
   3       -9.105      1.831       2.45
   4       -9.071      3.629      9.869
   5       -8.996      3.287      9.619
   6       -8.931      3.261      10.24
   7       -8.854      1.913      2.579
   8       -8.854      3.486      10.34
   9       -8.699      2.989      11.24
  10       -8.635      2.895      8.301
