AutoDock Vina v1.2.7-20-g93cdc3d-mod
#################################################################
# If you used AutoDock Vina in your work, please cite:          #
#                                                               #
# J. Eberhardt, D. Santos-Martins, A. F. Tillack, and S. Forli  #
# AutoDock Vina 1.2.0: New Docking Methods, Expanded Force      #
# Field, and Python Bindings, J. Chem. Inf. Model. (2021)       #
# DOI 10.1021/acs.jcim.1c00203                                  #
#                                                               #
# O. Trott, A. J. Olson,                                        #
# AutoDock Vina: improving the speed and accuracy of docking    #
# with a new scoring function, efficient optimization and       #
# multithreading, J. Comp. Chem. (2010)                         #
# DOI 10.1002/jcc.21334                                         #
#                                                               #
# Please see https://github.com/ccsb-scripps/AutoDock-Vina for  #
# more information.                                             #
#################################################################

Scoring function : vina
Rigid receptor: /home/manndo/master_dev/Dockings/Benchmark/6YQV_8K2/_staging/receptors/pdbqt/6YQV_8K2_protein_meeko_retry1.pdbqt
Ligand: /home/manndo/master_dev/Dockings/Benchmark/6YQV_8K2/_staging/ligands/pdbqt/6YQV_8K2_ligand_start_conf.pdbqt
Grid center: X 12.208 Y -10.758 Z 22.362
Grid size  : X 12.4 Y 15.5 Z 14.6
Grid space : 0.375
Exhaustiveness: 32
CPU: 32
Verbosity: 1

Computing Vina grid ... done.
Performing docking (random seed: 42) ... 
0%   10   20   30   40   50   60   70   80   90   100%
|----|----|----|----|----|----|----|----|----|----|
***************************************************

mode |   affinity | dist from best mode
     | (kcal/mol) | rmsd l.b.| rmsd u.b.
-----+------------+----------+----------
   1       -5.249          0          0
   2       -5.186      1.066      1.449
   3       -5.174      2.497      3.028
   4       -5.043      1.257      1.444
   5       -4.938      2.594      2.808
   6        -4.87      4.063      4.857
   7       -4.611      3.634      4.289
   8       -4.602      2.547      3.074
   9        -4.58      4.161      4.859
  10       -4.469      4.112      4.625
