AutoDock Vina v1.2.7-20-g93cdc3d-mod
#################################################################
# If you used AutoDock Vina in your work, please cite:          #
#                                                               #
# J. Eberhardt, D. Santos-Martins, A. F. Tillack, and S. Forli  #
# AutoDock Vina 1.2.0: New Docking Methods, Expanded Force      #
# Field, and Python Bindings, J. Chem. Inf. Model. (2021)       #
# DOI 10.1021/acs.jcim.1c00203                                  #
#                                                               #
# O. Trott, A. J. Olson,                                        #
# AutoDock Vina: improving the speed and accuracy of docking    #
# with a new scoring function, efficient optimization and       #
# multithreading, J. Comp. Chem. (2010)                         #
# DOI 10.1002/jcc.21334                                         #
#                                                               #
# Please see https://github.com/ccsb-scripps/AutoDock-Vina for  #
# more information.                                             #
#################################################################

Scoring function : vina
Rigid receptor: /home/manndo/master_dev/Dockings/Benchmark/6YQW_82I/_staging/receptors/pdbqt/6YQW_82I_protein_meeko.pdbqt
Ligand: /home/manndo/master_dev/Dockings/Benchmark/6YQW_82I/_staging/ligands/pdbqt/6YQW_82I_ligand_start_conf.pdbqt
Grid center: X 0.057 Y 13.467 Z 11.713
Grid size  : X 15.2 Y 11.5 Z 15.1
Grid space : 0.375
Exhaustiveness: 32
CPU: 32
Verbosity: 1

Computing Vina grid ... done.
Performing docking (random seed: 42) ... 
0%   10   20   30   40   50   60   70   80   90   100%
|----|----|----|----|----|----|----|----|----|----|
***************************************************

mode |   affinity | dist from best mode
     | (kcal/mol) | rmsd l.b.| rmsd u.b.
-----+------------+----------+----------
   1        -5.57          0          0
   2       -4.798      2.472      3.553
   3       -4.657      2.327      2.672
   4       -4.652      2.497      4.135
   5       -4.471      2.221      3.505
   6       -4.442      2.547      3.785
   7       -4.272      3.792      4.891
   8       -4.071      3.871      6.037
   9       -4.062      3.838      4.925
  10       -4.008      4.628      6.018
