AutoDock Vina v1.2.7-20-g93cdc3d-mod
#################################################################
# If you used AutoDock Vina in your work, please cite:          #
#                                                               #
# J. Eberhardt, D. Santos-Martins, A. F. Tillack, and S. Forli  #
# AutoDock Vina 1.2.0: New Docking Methods, Expanded Force      #
# Field, and Python Bindings, J. Chem. Inf. Model. (2021)       #
# DOI 10.1021/acs.jcim.1c00203                                  #
#                                                               #
# O. Trott, A. J. Olson,                                        #
# AutoDock Vina: improving the speed and accuracy of docking    #
# with a new scoring function, efficient optimization and       #
# multithreading, J. Comp. Chem. (2010)                         #
# DOI 10.1002/jcc.21334                                         #
#                                                               #
# Please see https://github.com/ccsb-scripps/AutoDock-Vina for  #
# more information.                                             #
#################################################################

Scoring function : vina
Rigid receptor: /home/manndo/master_dev/Dockings/Benchmark/6YRV_PJ8/_staging/receptors/pdbqt/6YRV_PJ8_protein_meeko.pdbqt
Ligand: /home/manndo/master_dev/Dockings/Benchmark/6YRV_PJ8/_staging/ligands/pdbqt/6YRV_PJ8_ligand_start_conf.pdbqt
Grid center: X 24.006 Y 51.883 Z 20.39
Grid size  : X 14.8 Y 18.7 Z 18.6
Grid space : 0.375
Exhaustiveness: 32
CPU: 32
Verbosity: 1

Computing Vina grid ... done.
Performing docking (random seed: 42) ... 
0%   10   20   30   40   50   60   70   80   90   100%
|----|----|----|----|----|----|----|----|----|----|
***************************************************

mode |   affinity | dist from best mode
     | (kcal/mol) | rmsd l.b.| rmsd u.b.
-----+------------+----------+----------
   1       -7.615          0          0
   2       -7.532     0.4936       1.36
   3       -7.526     0.7391      6.745
   4       -7.456     0.8253      7.052
   5        -7.36     0.9111      6.841
   6       -7.296      0.871       1.59
   7        -7.27      1.145      2.722
   8         -7.2      1.049       2.01
   9       -6.622      1.693      3.884
  10        -6.49      2.143       6.99
