AutoDock Vina v1.2.7-20-g93cdc3d-mod
#################################################################
# If you used AutoDock Vina in your work, please cite:          #
#                                                               #
# J. Eberhardt, D. Santos-Martins, A. F. Tillack, and S. Forli  #
# AutoDock Vina 1.2.0: New Docking Methods, Expanded Force      #
# Field, and Python Bindings, J. Chem. Inf. Model. (2021)       #
# DOI 10.1021/acs.jcim.1c00203                                  #
#                                                               #
# O. Trott, A. J. Olson,                                        #
# AutoDock Vina: improving the speed and accuracy of docking    #
# with a new scoring function, efficient optimization and       #
# multithreading, J. Comp. Chem. (2010)                         #
# DOI 10.1002/jcc.21334                                         #
#                                                               #
# Please see https://github.com/ccsb-scripps/AutoDock-Vina for  #
# more information.                                             #
#################################################################

Scoring function : vina
Rigid receptor: /home/manndo/master_dev/Dockings/Benchmark/6YT6_PKE/_staging/receptors/pdbqt/6YT6_PKE_protein_meeko_retry1.pdbqt
Ligand: /home/manndo/master_dev/Dockings/Benchmark/6YT6_PKE/_staging/ligands/pdbqt/6YT6_PKE_ligand_start_conf.pdbqt
Grid center: X 2.494 Y 5.348 Z -23.14
Grid size  : X 19 Y 15.7 Z 21.1
Grid space : 0.375
Exhaustiveness: 32
CPU: 32
Verbosity: 1

Computing Vina grid ... done.
Performing docking (random seed: 42) ... 
0%   10   20   30   40   50   60   70   80   90   100%
|----|----|----|----|----|----|----|----|----|----|
***************************************************

mode |   affinity | dist from best mode
     | (kcal/mol) | rmsd l.b.| rmsd u.b.
-----+------------+----------+----------
   1       -9.362          0          0
   2       -9.281      1.844      2.661
   3       -8.545       3.83      6.228
   4       -8.329      1.851       2.75
   5       -8.216      3.962      6.925
   6       -8.088      2.446      6.845
   7       -8.081      2.737        8.1
   8       -7.938       3.09       4.45
   9       -7.936      3.587      5.421
  10       -7.896      3.883      5.592
