AutoDock Vina v1.2.7-20-g93cdc3d-mod
#################################################################
# If you used AutoDock Vina in your work, please cite:          #
#                                                               #
# J. Eberhardt, D. Santos-Martins, A. F. Tillack, and S. Forli  #
# AutoDock Vina 1.2.0: New Docking Methods, Expanded Force      #
# Field, and Python Bindings, J. Chem. Inf. Model. (2021)       #
# DOI 10.1021/acs.jcim.1c00203                                  #
#                                                               #
# O. Trott, A. J. Olson,                                        #
# AutoDock Vina: improving the speed and accuracy of docking    #
# with a new scoring function, efficient optimization and       #
# multithreading, J. Comp. Chem. (2010)                         #
# DOI 10.1002/jcc.21334                                         #
#                                                               #
# Please see https://github.com/ccsb-scripps/AutoDock-Vina for  #
# more information.                                             #
#################################################################

Scoring function : vina
Rigid receptor: /home/manndo/master_dev/Dockings/Benchmark/6YYO_Q1K/_staging/receptors/pdbqt/6YYO_Q1K_protein_mgl_tools.pdbqt
Ligand: /home/manndo/master_dev/Dockings/Benchmark/6YYO_Q1K/_staging/ligands/pdbqt/6YYO_Q1K_ligand_start_conf.pdbqt
Grid center: X 13.305 Y 20.038 Z 22.831
Grid size  : X 18.1 Y 16.4 Z 17.7
Grid space : 0.375
Exhaustiveness: 32
CPU: 32
Verbosity: 1

Computing Vina grid ... done.
Performing docking (random seed: 42) ... 
0%   10   20   30   40   50   60   70   80   90   100%
|----|----|----|----|----|----|----|----|----|----|
***************************************************

mode |   affinity | dist from best mode
     | (kcal/mol) | rmsd l.b.| rmsd u.b.
-----+------------+----------+----------
   1       -7.627          0          0
   2       -7.545      4.575      6.398
   3       -7.473       4.29      6.937
   4       -7.456      2.689      3.759
   5       -7.393      1.126      1.265
   6       -7.176      5.424      7.726
   7       -7.103      5.584      7.863
   8       -6.893      1.595      2.158
   9       -6.658      1.946      2.605
  10       -6.571      2.191      2.858
