AutoDock Vina v1.2.7-20-g93cdc3d-mod
#################################################################
# If you used AutoDock Vina in your work, please cite:          #
#                                                               #
# J. Eberhardt, D. Santos-Martins, A. F. Tillack, and S. Forli  #
# AutoDock Vina 1.2.0: New Docking Methods, Expanded Force      #
# Field, and Python Bindings, J. Chem. Inf. Model. (2021)       #
# DOI 10.1021/acs.jcim.1c00203                                  #
#                                                               #
# O. Trott, A. J. Olson,                                        #
# AutoDock Vina: improving the speed and accuracy of docking    #
# with a new scoring function, efficient optimization and       #
# multithreading, J. Comp. Chem. (2010)                         #
# DOI 10.1002/jcc.21334                                         #
#                                                               #
# Please see https://github.com/ccsb-scripps/AutoDock-Vina for  #
# more information.                                             #
#################################################################

Scoring function : vina
Rigid receptor: /home/manndo/master_dev/Dockings/Benchmark/6Z0R_Q4H/_staging/receptors/pdbqt/6Z0R_Q4H_protein_meeko_retry1.pdbqt
Ligand: /home/manndo/master_dev/Dockings/Benchmark/6Z0R_Q4H/_staging/ligands/pdbqt/6Z0R_Q4H_ligand_start_conf.pdbqt
Grid center: X 34.778 Y 13.544 Z 54.354
Grid size  : X 11.7 Y 14.7 Z 13.2
Grid space : 0.375
Exhaustiveness: 32
CPU: 32
Verbosity: 1

Computing Vina grid ... done.
Performing docking (random seed: 42) ... 
0%   10   20   30   40   50   60   70   80   90   100%
|----|----|----|----|----|----|----|----|----|----|
***************************************************

mode |   affinity | dist from best mode
     | (kcal/mol) | rmsd l.b.| rmsd u.b.
-----+------------+----------+----------
   1         -4.6          0          0
   2       -4.186      1.221      3.348
   3       -4.072      1.328      3.875
   4       -4.028      2.076      3.931
   5       -3.867      2.197       3.73
   6       -3.828      1.293      3.135
   7       -3.787      5.528      6.951
   8       -3.704     0.8446      2.331
   9       -3.534      3.934      5.303
  10       -3.405      1.666      3.049
