AutoDock Vina v1.2.7-20-g93cdc3d-mod
#################################################################
# If you used AutoDock Vina in your work, please cite:          #
#                                                               #
# J. Eberhardt, D. Santos-Martins, A. F. Tillack, and S. Forli  #
# AutoDock Vina 1.2.0: New Docking Methods, Expanded Force      #
# Field, and Python Bindings, J. Chem. Inf. Model. (2021)       #
# DOI 10.1021/acs.jcim.1c00203                                  #
#                                                               #
# O. Trott, A. J. Olson,                                        #
# AutoDock Vina: improving the speed and accuracy of docking    #
# with a new scoring function, efficient optimization and       #
# multithreading, J. Comp. Chem. (2010)                         #
# DOI 10.1002/jcc.21334                                         #
#                                                               #
# Please see https://github.com/ccsb-scripps/AutoDock-Vina for  #
# more information.                                             #
#################################################################

Scoring function : vina
Rigid receptor: /home/manndo/master_dev/Dockings/Benchmark/6Z1C_7EY/_staging/receptors/pdbqt/6Z1C_7EY_protein_mgl_tools.pdbqt
Ligand: /home/manndo/master_dev/Dockings/Benchmark/6Z1C_7EY/_staging/ligands/pdbqt/6Z1C_7EY_ligand_start_conf.pdbqt
Grid center: X 8.548 Y -4.717 Z 22.515
Grid size  : X 17.8 Y 18.1 Z 14.6
Grid space : 0.375
Exhaustiveness: 32
CPU: 32
Verbosity: 1

Computing Vina grid ... done.
Performing docking (random seed: 42) ... 
0%   10   20   30   40   50   60   70   80   90   100%
|----|----|----|----|----|----|----|----|----|----|
***************************************************

mode |   affinity | dist from best mode
     | (kcal/mol) | rmsd l.b.| rmsd u.b.
-----+------------+----------+----------
   1       -7.249          0          0
   2       -7.119      2.282      4.431
   3       -6.891      3.352      4.449
   4       -6.861      3.118      4.818
   5       -6.671      4.013      6.938
   6       -6.589      3.873      5.279
   7       -6.553      3.463      5.223
   8       -6.545      2.676      3.524
   9       -6.449      2.677      4.825
  10       -6.393      3.158      5.085
