AutoDock Vina v1.2.7-20-g93cdc3d-mod
#################################################################
# If you used AutoDock Vina in your work, please cite:          #
#                                                               #
# J. Eberhardt, D. Santos-Martins, A. F. Tillack, and S. Forli  #
# AutoDock Vina 1.2.0: New Docking Methods, Expanded Force      #
# Field, and Python Bindings, J. Chem. Inf. Model. (2021)       #
# DOI 10.1021/acs.jcim.1c00203                                  #
#                                                               #
# O. Trott, A. J. Olson,                                        #
# AutoDock Vina: improving the speed and accuracy of docking    #
# with a new scoring function, efficient optimization and       #
# multithreading, J. Comp. Chem. (2010)                         #
# DOI 10.1002/jcc.21334                                         #
#                                                               #
# Please see https://github.com/ccsb-scripps/AutoDock-Vina for  #
# more information.                                             #
#################################################################

Scoring function : vina
Rigid receptor: /home/manndo/master_dev/Dockings/Benchmark/6Z2C_Q5E/_staging/receptors/pdbqt/6Z2C_Q5E_protein_meeko.pdbqt
Ligand: /home/manndo/master_dev/Dockings/Benchmark/6Z2C_Q5E/_staging/ligands/pdbqt/6Z2C_Q5E_ligand_start_conf.pdbqt
Grid center: X -19.947 Y 6.651 Z -11.824
Grid size  : X 16.7 Y 16.2 Z 17.5
Grid space : 0.375
Exhaustiveness: 32
CPU: 32
Verbosity: 1

Computing Vina grid ... done.
Performing docking (random seed: 42) ... 
0%   10   20   30   40   50   60   70   80   90   100%
|----|----|----|----|----|----|----|----|----|----|
***************************************************

mode |   affinity | dist from best mode
     | (kcal/mol) | rmsd l.b.| rmsd u.b.
-----+------------+----------+----------
   1        -10.4          0          0
   2       -9.729      2.393       3.09
   3       -9.623      1.747       3.45
   4       -9.325      2.271      2.859
   5        -8.97      1.822      3.545
   6       -8.553      1.692      3.197
   7       -8.341      3.283      4.862
   8       -8.326      2.836          4
   9       -8.262      3.125      4.276
  10         -8.2      4.269      6.233
