AutoDock Vina v1.2.7-20-g93cdc3d-mod
#################################################################
# If you used AutoDock Vina in your work, please cite:          #
#                                                               #
# J. Eberhardt, D. Santos-Martins, A. F. Tillack, and S. Forli  #
# AutoDock Vina 1.2.0: New Docking Methods, Expanded Force      #
# Field, and Python Bindings, J. Chem. Inf. Model. (2021)       #
# DOI 10.1021/acs.jcim.1c00203                                  #
#                                                               #
# O. Trott, A. J. Olson,                                        #
# AutoDock Vina: improving the speed and accuracy of docking    #
# with a new scoring function, efficient optimization and       #
# multithreading, J. Comp. Chem. (2010)                         #
# DOI 10.1002/jcc.21334                                         #
#                                                               #
# Please see https://github.com/ccsb-scripps/AutoDock-Vina for  #
# more information.                                             #
#################################################################

Scoring function : vina
Rigid receptor: /home/manndo/master_dev/Dockings/Benchmark/6Z2C_Q5E/_staging/receptors/pdbqt/6Z2C_Q5E_protein_mgl_tools.pdbqt
Ligand: /home/manndo/master_dev/Dockings/Benchmark/6Z2C_Q5E/_staging/ligands/pdbqt/6Z2C_Q5E_ligand_start_conf.pdbqt
Grid center: X -19.947 Y 6.651 Z -11.824
Grid size  : X 16.7 Y 16.2 Z 17.5
Grid space : 0.375
Exhaustiveness: 32
CPU: 32
Verbosity: 1

Computing Vina grid ... done.
Performing docking (random seed: 42) ... 
0%   10   20   30   40   50   60   70   80   90   100%
|----|----|----|----|----|----|----|----|----|----|
***************************************************

mode |   affinity | dist from best mode
     | (kcal/mol) | rmsd l.b.| rmsd u.b.
-----+------------+----------+----------
   1       -10.41          0          0
   2       -9.833      2.034      2.826
   3       -9.512      1.787      3.472
   4       -9.133      1.554      1.715
   5       -8.971      2.195      3.633
   6       -8.967      1.535      3.083
   7       -8.556      2.478      3.822
   8       -8.474      2.977       4.41
   9       -8.227      2.898      4.259
  10       -8.181      4.036      6.467
