AutoDock Vina v1.2.7-20-g93cdc3d-mod
#################################################################
# If you used AutoDock Vina in your work, please cite:          #
#                                                               #
# J. Eberhardt, D. Santos-Martins, A. F. Tillack, and S. Forli  #
# AutoDock Vina 1.2.0: New Docking Methods, Expanded Force      #
# Field, and Python Bindings, J. Chem. Inf. Model. (2021)       #
# DOI 10.1021/acs.jcim.1c00203                                  #
#                                                               #
# O. Trott, A. J. Olson,                                        #
# AutoDock Vina: improving the speed and accuracy of docking    #
# with a new scoring function, efficient optimization and       #
# multithreading, J. Comp. Chem. (2010)                         #
# DOI 10.1002/jcc.21334                                         #
#                                                               #
# Please see https://github.com/ccsb-scripps/AutoDock-Vina for  #
# more information.                                             #
#################################################################

Scoring function : vina
Rigid receptor: /home/manndo/master_dev/Dockings/Benchmark/6Z4N_Q7B/_staging/receptors/pdbqt/6Z4N_Q7B_protein_mgl_tools.pdbqt
Ligand: /home/manndo/master_dev/Dockings/Benchmark/6Z4N_Q7B/_staging/ligands/pdbqt/6Z4N_Q7B_ligand_start_conf.pdbqt
Grid center: X 22.027 Y 12.162 Z 65.131
Grid size  : X 16.9 Y 16.3 Z 15.8
Grid space : 0.375
Exhaustiveness: 32
CPU: 32
Verbosity: 1

Computing Vina grid ... done.
Performing docking (random seed: 42) ... 
0%   10   20   30   40   50   60   70   80   90   100%
|----|----|----|----|----|----|----|----|----|----|
***************************************************

mode |   affinity | dist from best mode
     | (kcal/mol) | rmsd l.b.| rmsd u.b.
-----+------------+----------+----------
   1       -7.299          0          0
   2       -7.099     0.2149      1.539
   3       -5.849       1.51      4.969
   4       -5.815      2.594      5.116
   5       -5.804      1.292      2.216
   6         -5.7      2.664      5.393
   7       -5.637      2.602      4.775
   8       -5.628      4.136      6.845
   9       -5.494      4.331      6.829
  10       -5.416      4.138      5.855
