AutoDock Vina v1.2.7-20-g93cdc3d-mod
#################################################################
# If you used AutoDock Vina in your work, please cite:          #
#                                                               #
# J. Eberhardt, D. Santos-Martins, A. F. Tillack, and S. Forli  #
# AutoDock Vina 1.2.0: New Docking Methods, Expanded Force      #
# Field, and Python Bindings, J. Chem. Inf. Model. (2021)       #
# DOI 10.1021/acs.jcim.1c00203                                  #
#                                                               #
# O. Trott, A. J. Olson,                                        #
# AutoDock Vina: improving the speed and accuracy of docking    #
# with a new scoring function, efficient optimization and       #
# multithreading, J. Comp. Chem. (2010)                         #
# DOI 10.1002/jcc.21334                                         #
#                                                               #
# Please see https://github.com/ccsb-scripps/AutoDock-Vina for  #
# more information.                                             #
#################################################################

Scoring function : vina
Rigid receptor: /home/manndo/master_dev/Dockings/Benchmark/6ZAE_ACV/_staging/receptors/pdbqt/6ZAE_ACV_protein_meeko_retry1.pdbqt
Ligand: /home/manndo/master_dev/Dockings/Benchmark/6ZAE_ACV/_staging/ligands/pdbqt/6ZAE_ACV_ligand_start_conf.pdbqt
Grid center: X 52.876 Y 77.124 Z 7.842
Grid size  : X 18.8 Y 21.2 Z 15.7
Grid space : 0.375
Exhaustiveness: 32
CPU: 32
Verbosity: 1

Computing Vina grid ... done.
Performing docking (random seed: 42) ... 
0%   10   20   30   40   50   60   70   80   90   100%
|----|----|----|----|----|----|----|----|----|----|
***************************************************

mode |   affinity | dist from best mode
     | (kcal/mol) | rmsd l.b.| rmsd u.b.
-----+------------+----------+----------
   1       -6.593          0          0
   2       -6.584      3.251       4.55
   3       -6.567      2.938      3.556
   4       -6.566      4.914      6.783
   5       -6.547      3.389      8.076
   6       -6.476      2.898      7.676
   7       -6.474       3.15      3.672
   8       -6.445      3.136      8.166
   9       -6.445      2.577      3.047
  10       -6.435      2.068       2.74
