AutoDock Vina v1.2.7-20-g93cdc3d-mod
#################################################################
# If you used AutoDock Vina in your work, please cite:          #
#                                                               #
# J. Eberhardt, D. Santos-Martins, A. F. Tillack, and S. Forli  #
# AutoDock Vina 1.2.0: New Docking Methods, Expanded Force      #
# Field, and Python Bindings, J. Chem. Inf. Model. (2021)       #
# DOI 10.1021/acs.jcim.1c00203                                  #
#                                                               #
# O. Trott, A. J. Olson,                                        #
# AutoDock Vina: improving the speed and accuracy of docking    #
# with a new scoring function, efficient optimization and       #
# multithreading, J. Comp. Chem. (2010)                         #
# DOI 10.1002/jcc.21334                                         #
#                                                               #
# Please see https://github.com/ccsb-scripps/AutoDock-Vina for  #
# more information.                                             #
#################################################################

Scoring function : vina
Rigid receptor: /home/manndo/master_dev/Dockings/Benchmark/6ZC3_JOR/_staging/receptors/pdbqt/6ZC3_JOR_protein_meeko_retry1.pdbqt
Ligand: /home/manndo/master_dev/Dockings/Benchmark/6ZC3_JOR/_staging/ligands/pdbqt/6ZC3_JOR_ligand_start_conf.pdbqt
Grid center: X -20.425 Y 35.156 Z 4.713
Grid size  : X 15.6 Y 15.4 Z 15.5
Grid space : 0.375
Exhaustiveness: 32
CPU: 32
Verbosity: 1

Computing Vina grid ... done.
Performing docking (random seed: 42) ... 
0%   10   20   30   40   50   60   70   80   90   100%
|----|----|----|----|----|----|----|----|----|----|
***************************************************

mode |   affinity | dist from best mode
     | (kcal/mol) | rmsd l.b.| rmsd u.b.
-----+------------+----------+----------
   1       -6.673          0          0
   2       -6.323      3.529      4.513
   3       -6.071      3.321      4.145
   4       -5.956       3.71      4.541
   5       -5.925      2.365      3.239
   6       -5.867      3.452       4.41
   7       -5.845      3.512      3.983
   8        -5.78      2.597      4.157
   9       -5.779      3.516      4.158
  10       -5.758      3.531      4.821
