AutoDock Vina v1.2.7-20-g93cdc3d-mod
#################################################################
# If you used AutoDock Vina in your work, please cite:          #
#                                                               #
# J. Eberhardt, D. Santos-Martins, A. F. Tillack, and S. Forli  #
# AutoDock Vina 1.2.0: New Docking Methods, Expanded Force      #
# Field, and Python Bindings, J. Chem. Inf. Model. (2021)       #
# DOI 10.1021/acs.jcim.1c00203                                  #
#                                                               #
# O. Trott, A. J. Olson,                                        #
# AutoDock Vina: improving the speed and accuracy of docking    #
# with a new scoring function, efficient optimization and       #
# multithreading, J. Comp. Chem. (2010)                         #
# DOI 10.1002/jcc.21334                                         #
#                                                               #
# Please see https://github.com/ccsb-scripps/AutoDock-Vina for  #
# more information.                                             #
#################################################################

Scoring function : vina
Rigid receptor: /home/manndo/master_dev/Dockings/Benchmark/6ZC3_JOR/_staging/receptors/pdbqt/6ZC3_JOR_protein_mgl_tools.pdbqt
Ligand: /home/manndo/master_dev/Dockings/Benchmark/6ZC3_JOR/_staging/ligands/pdbqt/6ZC3_JOR_ligand_start_conf.pdbqt
Grid center: X -20.425 Y 35.156 Z 4.713
Grid size  : X 15.6 Y 15.4 Z 15.5
Grid space : 0.375
Exhaustiveness: 32
CPU: 32
Verbosity: 1

Computing Vina grid ... done.
Performing docking (random seed: 42) ... 
0%   10   20   30   40   50   60   70   80   90   100%
|----|----|----|----|----|----|----|----|----|----|
***************************************************

mode |   affinity | dist from best mode
     | (kcal/mol) | rmsd l.b.| rmsd u.b.
-----+------------+----------+----------
   1       -6.679          0          0
   2       -6.354      3.522      4.496
   3       -6.098      3.507      4.483
   4       -6.026      3.168      4.102
   5       -6.003      2.917      3.432
   6       -5.982      3.406      4.667
   7       -5.957      3.683       4.47
   8       -5.924      2.377      3.249
   9       -5.853      3.479      4.001
  10       -5.744       3.61      4.905
