AutoDock Vina v1.2.7-20-g93cdc3d-mod
#################################################################
# If you used AutoDock Vina in your work, please cite:          #
#                                                               #
# J. Eberhardt, D. Santos-Martins, A. F. Tillack, and S. Forli  #
# AutoDock Vina 1.2.0: New Docking Methods, Expanded Force      #
# Field, and Python Bindings, J. Chem. Inf. Model. (2021)       #
# DOI 10.1021/acs.jcim.1c00203                                  #
#                                                               #
# O. Trott, A. J. Olson,                                        #
# AutoDock Vina: improving the speed and accuracy of docking    #
# with a new scoring function, efficient optimization and       #
# multithreading, J. Comp. Chem. (2010)                         #
# DOI 10.1002/jcc.21334                                         #
#                                                               #
# Please see https://github.com/ccsb-scripps/AutoDock-Vina for  #
# more information.                                             #
#################################################################

Scoring function : vina
Rigid receptor: /home/manndo/master_dev/Dockings/Benchmark/6ZPB_3D1/_staging/receptors/pdbqt/6ZPB_3D1_protein_mgl_tools.pdbqt
Ligand: /home/manndo/master_dev/Dockings/Benchmark/6ZPB_3D1/_staging/ligands/pdbqt/6ZPB_3D1_ligand_start_conf.pdbqt
Grid center: X -6.431 Y 18.483 Z -9.517
Grid size  : X 15.6 Y 15.1 Z 17.6
Grid space : 0.375
Exhaustiveness: 32
CPU: 32
Verbosity: 1

Computing Vina grid ... done.
Performing docking (random seed: 42) ... 
0%   10   20   30   40   50   60   70   80   90   100%
|----|----|----|----|----|----|----|----|----|----|
***************************************************

mode |   affinity | dist from best mode
     | (kcal/mol) | rmsd l.b.| rmsd u.b.
-----+------------+----------+----------
   1       -7.479          0          0
   2       -7.298      1.202      2.252
   3       -7.055      2.435      4.462
   4       -7.049      1.327      2.212
   5       -7.047      2.145      3.097
   6        -6.96       1.97      3.298
   7        -6.87      1.507      2.578
   8       -6.765      3.835      5.631
   9       -6.658      4.381      5.644
  10       -6.619      3.334      6.095
