AutoDock Vina v1.2.7-20-g93cdc3d-mod
#################################################################
# If you used AutoDock Vina in your work, please cite:          #
#                                                               #
# J. Eberhardt, D. Santos-Martins, A. F. Tillack, and S. Forli  #
# AutoDock Vina 1.2.0: New Docking Methods, Expanded Force      #
# Field, and Python Bindings, J. Chem. Inf. Model. (2021)       #
# DOI 10.1021/acs.jcim.1c00203                                  #
#                                                               #
# O. Trott, A. J. Olson,                                        #
# AutoDock Vina: improving the speed and accuracy of docking    #
# with a new scoring function, efficient optimization and       #
# multithreading, J. Comp. Chem. (2010)                         #
# DOI 10.1002/jcc.21334                                         #
#                                                               #
# Please see https://github.com/ccsb-scripps/AutoDock-Vina for  #
# more information.                                             #
#################################################################

Scoring function : vina
Rigid receptor: /home/manndo/master_dev/Dockings/Benchmark/6ZR8_QOZ/_staging/receptors/pdbqt/6ZR8_QOZ_protein_meeko.pdbqt
Ligand: /home/manndo/master_dev/Dockings/Benchmark/6ZR8_QOZ/_staging/ligands/pdbqt/6ZR8_QOZ_ligand_start_conf.pdbqt
Grid center: X -2.246 Y 7.054 Z 14.43
Grid size  : X 20.4 Y 24.8 Z 17.2
Grid space : 0.375
Exhaustiveness: 32
CPU: 32
Verbosity: 1

Computing Vina grid ... done.
Performing docking (random seed: 42) ... 
0%   10   20   30   40   50   60   70   80   90   100%
|----|----|----|----|----|----|----|----|----|----|
***************************************************

mode |   affinity | dist from best mode
     | (kcal/mol) | rmsd l.b.| rmsd u.b.
-----+------------+----------+----------
   1       -8.626          0          0
   2       -8.452      4.294      9.119
   3       -8.447      4.632      9.162
   4       -8.384      4.332      8.898
   5       -8.333      4.475      8.376
   6       -8.152      5.598        9.5
   7        -8.14       4.16      9.242
   8       -8.103      4.343      9.327
   9       -8.069      2.892      5.447
  10       -8.034      4.527      8.627
