AutoDock Vina v1.2.7-20-g93cdc3d-mod
#################################################################
# If you used AutoDock Vina in your work, please cite:          #
#                                                               #
# J. Eberhardt, D. Santos-Martins, A. F. Tillack, and S. Forli  #
# AutoDock Vina 1.2.0: New Docking Methods, Expanded Force      #
# Field, and Python Bindings, J. Chem. Inf. Model. (2021)       #
# DOI 10.1021/acs.jcim.1c00203                                  #
#                                                               #
# O. Trott, A. J. Olson,                                        #
# AutoDock Vina: improving the speed and accuracy of docking    #
# with a new scoring function, efficient optimization and       #
# multithreading, J. Comp. Chem. (2010)                         #
# DOI 10.1002/jcc.21334                                         #
#                                                               #
# Please see https://github.com/ccsb-scripps/AutoDock-Vina for  #
# more information.                                             #
#################################################################

Scoring function : vina
Rigid receptor: /home/manndo/master_dev/Dockings/Benchmark/6ZT2_QPK/_staging/receptors/pdbqt/6ZT2_QPK_protein_mgl_tools.pdbqt
Ligand: /home/manndo/master_dev/Dockings/Benchmark/6ZT2_QPK/_staging/ligands/pdbqt/6ZT2_QPK_ligand_start_conf.pdbqt
Grid center: X -8.21 Y 32.745 Z -12.095
Grid size  : X 12.7 Y 14.3 Z 14.3
Grid space : 0.375
Exhaustiveness: 32
CPU: 32
Verbosity: 1

Computing Vina grid ... done.
Performing docking (random seed: 42) ... 
0%   10   20   30   40   50   60   70   80   90   100%
|----|----|----|----|----|----|----|----|----|----|
***************************************************

mode |   affinity | dist from best mode
     | (kcal/mol) | rmsd l.b.| rmsd u.b.
-----+------------+----------+----------
   1       -5.398          0          0
   2       -5.362      2.982      3.374
   3       -5.315      2.776      4.049
   4       -5.278      3.213      3.458
   5       -5.246      2.621      3.129
   6       -5.212      3.193      4.254
   7       -5.133      2.098      2.387
   8       -5.098      1.873      3.198
   9       -5.086      1.859      2.693
  10        -5.01      2.573      2.732
