AutoDock Vina v1.2.7-20-g93cdc3d-mod
#################################################################
# If you used AutoDock Vina in your work, please cite:          #
#                                                               #
# J. Eberhardt, D. Santos-Martins, A. F. Tillack, and S. Forli  #
# AutoDock Vina 1.2.0: New Docking Methods, Expanded Force      #
# Field, and Python Bindings, J. Chem. Inf. Model. (2021)       #
# DOI 10.1021/acs.jcim.1c00203                                  #
#                                                               #
# O. Trott, A. J. Olson,                                        #
# AutoDock Vina: improving the speed and accuracy of docking    #
# with a new scoring function, efficient optimization and       #
# multithreading, J. Comp. Chem. (2010)                         #
# DOI 10.1002/jcc.21334                                         #
#                                                               #
# Please see https://github.com/ccsb-scripps/AutoDock-Vina for  #
# more information.                                             #
#################################################################

Scoring function : vina
Rigid receptor: /home/manndo/master_dev/Dockings/Benchmark/6ZX3_QRZ/_staging/receptors/pdbqt/6ZX3_QRZ_protein_mgl_tools.pdbqt
Ligand: /home/manndo/master_dev/Dockings/Benchmark/6ZX3_QRZ/_staging/ligands/pdbqt/6ZX3_QRZ_ligand_start_conf.pdbqt
Grid center: X 14.434 Y 11.573 Z 38.412
Grid size  : X 18.3 Y 16.4 Z 19.2
Grid space : 0.375
Exhaustiveness: 32
CPU: 32
Verbosity: 1

Computing Vina grid ... done.
Performing docking (random seed: 42) ... 
0%   10   20   30   40   50   60   70   80   90   100%
|----|----|----|----|----|----|----|----|----|----|
***************************************************

mode |   affinity | dist from best mode
     | (kcal/mol) | rmsd l.b.| rmsd u.b.
-----+------------+----------+----------
   1        -8.76          0          0
   2       -8.753     0.5711      1.162
   3       -8.138      2.642      3.427
   4       -7.336      1.974      2.171
   5        -7.25      3.191      4.388
   6        -7.24      3.524      6.338
   7       -7.219      3.728      6.533
   8       -7.038      2.632      3.388
   9       -6.997       3.51      5.316
  10       -6.968      3.052      3.791
