AutoDock Vina v1.2.7-20-g93cdc3d-mod
#################################################################
# If you used AutoDock Vina in your work, please cite:          #
#                                                               #
# J. Eberhardt, D. Santos-Martins, A. F. Tillack, and S. Forli  #
# AutoDock Vina 1.2.0: New Docking Methods, Expanded Force      #
# Field, and Python Bindings, J. Chem. Inf. Model. (2021)       #
# DOI 10.1021/acs.jcim.1c00203                                  #
#                                                               #
# O. Trott, A. J. Olson,                                        #
# AutoDock Vina: improving the speed and accuracy of docking    #
# with a new scoring function, efficient optimization and       #
# multithreading, J. Comp. Chem. (2010)                         #
# DOI 10.1002/jcc.21334                                         #
#                                                               #
# Please see https://github.com/ccsb-scripps/AutoDock-Vina for  #
# more information.                                             #
#################################################################

Scoring function : vina
Rigid receptor: /home/manndo/master_dev/Dockings/Benchmark/6ZXQ_IMO/_staging/receptors/pdbqt/6ZXQ_IMO_protein_meeko_retry1.pdbqt
Ligand: /home/manndo/master_dev/Dockings/Benchmark/6ZXQ_IMO/_staging/ligands/pdbqt/6ZXQ_IMO_ligand_start_conf.pdbqt
Grid center: X -19.483 Y -7.24 Z 14.147
Grid size  : X 18 Y 20 Z 17.2
Grid space : 0.375
Exhaustiveness: 32
CPU: 32
Verbosity: 1

Computing Vina grid ... done.
Performing docking (random seed: 42) ... 
0%   10   20   30   40   50   60   70   80   90   100%
|----|----|----|----|----|----|----|----|----|----|
***************************************************

mode |   affinity | dist from best mode
     | (kcal/mol) | rmsd l.b.| rmsd u.b.
-----+------------+----------+----------
   1       -10.37          0          0
   2       -9.785      1.293      2.425
   3       -9.716      1.931      2.471
   4       -9.513      1.944      8.013
   5       -9.334      2.144       3.01
   6       -8.967      2.608      8.477
   7       -8.693      2.178      8.063
   8       -8.427      2.846      4.636
   9       -8.366      3.377      8.439
  10       -8.077      2.441      8.569
