AutoDock Vina v1.2.7-20-g93cdc3d-mod
#################################################################
# If you used AutoDock Vina in your work, please cite:          #
#                                                               #
# J. Eberhardt, D. Santos-Martins, A. F. Tillack, and S. Forli  #
# AutoDock Vina 1.2.0: New Docking Methods, Expanded Force      #
# Field, and Python Bindings, J. Chem. Inf. Model. (2021)       #
# DOI 10.1021/acs.jcim.1c00203                                  #
#                                                               #
# O. Trott, A. J. Olson,                                        #
# AutoDock Vina: improving the speed and accuracy of docking    #
# with a new scoring function, efficient optimization and       #
# multithreading, J. Comp. Chem. (2010)                         #
# DOI 10.1002/jcc.21334                                         #
#                                                               #
# Please see https://github.com/ccsb-scripps/AutoDock-Vina for  #
# more information.                                             #
#################################################################

Scoring function : vina
Rigid receptor: /home/manndo/master_dev/Dockings/Benchmark/6ZXQ_IMO/_staging/receptors/pdbqt/6ZXQ_IMO_protein_mgl_tools.pdbqt
Ligand: /home/manndo/master_dev/Dockings/Benchmark/6ZXQ_IMO/_staging/ligands/pdbqt/6ZXQ_IMO_ligand_start_conf.pdbqt
Grid center: X -19.483 Y -7.24 Z 14.147
Grid size  : X 18 Y 20 Z 17.2
Grid space : 0.375
Exhaustiveness: 32
CPU: 32
Verbosity: 1

Computing Vina grid ... done.
Performing docking (random seed: 42) ... 
0%   10   20   30   40   50   60   70   80   90   100%
|----|----|----|----|----|----|----|----|----|----|
***************************************************

mode |   affinity | dist from best mode
     | (kcal/mol) | rmsd l.b.| rmsd u.b.
-----+------------+----------+----------
   1       -10.35          0          0
   2        -9.73      1.241      2.393
   3       -9.623      1.886      2.437
   4       -9.506       1.94      8.006
   5       -8.967      2.599      8.479
   6       -8.833       1.93      2.921
   7       -8.687      2.217      8.077
   8       -8.533      3.016      8.374
   9       -8.377      3.331      8.441
  10       -8.351      2.836      4.607
