AutoDock Vina v1.2.7-20-g93cdc3d-mod
#################################################################
# If you used AutoDock Vina in your work, please cite:          #
#                                                               #
# J. Eberhardt, D. Santos-Martins, A. F. Tillack, and S. Forli  #
# AutoDock Vina 1.2.0: New Docking Methods, Expanded Force      #
# Field, and Python Bindings, J. Chem. Inf. Model. (2021)       #
# DOI 10.1021/acs.jcim.1c00203                                  #
#                                                               #
# O. Trott, A. J. Olson,                                        #
# AutoDock Vina: improving the speed and accuracy of docking    #
# with a new scoring function, efficient optimization and       #
# multithreading, J. Comp. Chem. (2010)                         #
# DOI 10.1002/jcc.21334                                         #
#                                                               #
# Please see https://github.com/ccsb-scripps/AutoDock-Vina for  #
# more information.                                             #
#################################################################

Scoring function : vina
Rigid receptor: /home/manndo/master_dev/Dockings/Benchmark/7A1P_QW2/_staging/receptors/pdbqt/7A1P_QW2_protein_mgl_tools.pdbqt
Ligand: /home/manndo/master_dev/Dockings/Benchmark/7A1P_QW2/_staging/ligands/pdbqt/7A1P_QW2_ligand_start_conf.pdbqt
Grid center: X 19.752 Y -25.366 Z 6.922
Grid size  : X 17.1 Y 13.1 Z 15.2
Grid space : 0.375
Exhaustiveness: 32
CPU: 32
Verbosity: 1

Computing Vina grid ... done.
Performing docking (random seed: 42) ... 
0%   10   20   30   40   50   60   70   80   90   100%
|----|----|----|----|----|----|----|----|----|----|
***************************************************

mode |   affinity | dist from best mode
     | (kcal/mol) | rmsd l.b.| rmsd u.b.
-----+------------+----------+----------
   1       -6.632          0          0
   2       -6.606      1.109      4.166
   3         -6.6      1.116       1.53
   4        -6.38      2.066      4.712
   5       -6.265      1.752      3.176
   6       -6.215      2.093      4.679
   7       -6.192      2.006      3.785
   8       -6.065      2.203      3.264
   9       -5.696      2.026      3.832
  10       -5.604       1.55      2.068
