AutoDock Vina v1.2.7-20-g93cdc3d-mod
#################################################################
# If you used AutoDock Vina in your work, please cite:          #
#                                                               #
# J. Eberhardt, D. Santos-Martins, A. F. Tillack, and S. Forli  #
# AutoDock Vina 1.2.0: New Docking Methods, Expanded Force      #
# Field, and Python Bindings, J. Chem. Inf. Model. (2021)       #
# DOI 10.1021/acs.jcim.1c00203                                  #
#                                                               #
# O. Trott, A. J. Olson,                                        #
# AutoDock Vina: improving the speed and accuracy of docking    #
# with a new scoring function, efficient optimization and       #
# multithreading, J. Comp. Chem. (2010)                         #
# DOI 10.1002/jcc.21334                                         #
#                                                               #
# Please see https://github.com/ccsb-scripps/AutoDock-Vina for  #
# more information.                                             #
#################################################################

Scoring function : vina
Rigid receptor: /home/manndo/master_dev/Dockings/Benchmark/7A1P_QW2/_staging/receptors/pdbqt/7A1P_QW2_protein_meeko_retry1.pdbqt
Ligand: /home/manndo/master_dev/Dockings/Benchmark/7A1P_QW2/_staging/ligands/pdbqt/7A1P_QW2_ligand_start_conf.pdbqt
Grid center: X 19.752 Y -25.366 Z 6.922
Grid size  : X 17.1 Y 13.1 Z 15.2
Grid space : 0.375
Exhaustiveness: 32
CPU: 32
Verbosity: 1

Computing Vina grid ... done.
Performing docking (random seed: 42) ... 
0%   10   20   30   40   50   60   70   80   90   100%
|----|----|----|----|----|----|----|----|----|----|
***************************************************

mode |   affinity | dist from best mode
     | (kcal/mol) | rmsd l.b.| rmsd u.b.
-----+------------+----------+----------
   1       -6.653          0          0
   2       -6.443      1.099      4.216
   3       -6.306      1.738      3.129
   4       -6.223      2.035      4.765
   5       -6.205      2.071      4.637
   6       -6.184      2.621       4.93
   7       -6.128      2.024      3.834
   8       -6.066      2.142      3.224
   9       -5.971      1.883      4.182
  10       -5.471      1.977      3.833
