AutoDock Vina v1.2.7-20-g93cdc3d-mod
#################################################################
# If you used AutoDock Vina in your work, please cite:          #
#                                                               #
# J. Eberhardt, D. Santos-Martins, A. F. Tillack, and S. Forli  #
# AutoDock Vina 1.2.0: New Docking Methods, Expanded Force      #
# Field, and Python Bindings, J. Chem. Inf. Model. (2021)       #
# DOI 10.1021/acs.jcim.1c00203                                  #
#                                                               #
# O. Trott, A. J. Olson,                                        #
# AutoDock Vina: improving the speed and accuracy of docking    #
# with a new scoring function, efficient optimization and       #
# multithreading, J. Comp. Chem. (2010)                         #
# DOI 10.1002/jcc.21334                                         #
#                                                               #
# Please see https://github.com/ccsb-scripps/AutoDock-Vina for  #
# more information.                                             #
#################################################################

Scoring function : vina
Rigid receptor: /home/manndo/master_dev/Dockings/Benchmark/7A9E_R4W/_staging/receptors/pdbqt/7A9E_R4W_protein_mgl_tools.pdbqt
Ligand: /home/manndo/master_dev/Dockings/Benchmark/7A9E_R4W/_staging/ligands/pdbqt/7A9E_R4W_ligand_start_conf.pdbqt
Grid center: X 20.711 Y 32.355 Z -8.593
Grid size  : X 13.2 Y 12.8 Z 12.3
Grid space : 0.375
Exhaustiveness: 32
CPU: 32
Verbosity: 1

Computing Vina grid ... done.
Performing docking (random seed: 42) ... 
0%   10   20   30   40   50   60   70   80   90   100%
|----|----|----|----|----|----|----|----|----|----|
***************************************************

mode |   affinity | dist from best mode
     | (kcal/mol) | rmsd l.b.| rmsd u.b.
-----+------------+----------+----------
   1       -3.588          0          0
   2       -3.529     0.8966      2.256
   3       -3.495     0.8752      2.248
   4       -3.487       2.32      2.578
   5       -3.422      1.626      1.626
   6       -3.409      2.064      2.229
   7       -3.351      2.097      3.128
   8       -3.323      1.827      2.192
   9       -3.298      2.201      2.963
  10       -3.256      3.265      3.526
