AutoDock Vina v1.2.7-20-g93cdc3d-mod
#################################################################
# If you used AutoDock Vina in your work, please cite:          #
#                                                               #
# J. Eberhardt, D. Santos-Martins, A. F. Tillack, and S. Forli  #
# AutoDock Vina 1.2.0: New Docking Methods, Expanded Force      #
# Field, and Python Bindings, J. Chem. Inf. Model. (2021)       #
# DOI 10.1021/acs.jcim.1c00203                                  #
#                                                               #
# O. Trott, A. J. Olson,                                        #
# AutoDock Vina: improving the speed and accuracy of docking    #
# with a new scoring function, efficient optimization and       #
# multithreading, J. Comp. Chem. (2010)                         #
# DOI 10.1002/jcc.21334                                         #
#                                                               #
# Please see https://github.com/ccsb-scripps/AutoDock-Vina for  #
# more information.                                             #
#################################################################

Scoring function : vina
Rigid receptor: /home/manndo/master_dev/Dockings/Benchmark/7A9E_R4W/_staging/receptors/pdbqt/7A9E_R4W_protein_meeko_retry1.pdbqt
Ligand: /home/manndo/master_dev/Dockings/Benchmark/7A9E_R4W/_staging/ligands/pdbqt/7A9E_R4W_ligand_start_conf.pdbqt
Grid center: X 20.711 Y 32.355 Z -8.593
Grid size  : X 13.2 Y 12.8 Z 12.3
Grid space : 0.375
Exhaustiveness: 32
CPU: 32
Verbosity: 1

Computing Vina grid ... done.
Performing docking (random seed: 42) ... 
0%   10   20   30   40   50   60   70   80   90   100%
|----|----|----|----|----|----|----|----|----|----|
***************************************************

mode |   affinity | dist from best mode
     | (kcal/mol) | rmsd l.b.| rmsd u.b.
-----+------------+----------+----------
   1       -3.557          0          0
   2       -3.504     0.9329      2.292
   3        -3.49       2.35      2.623
   4        -3.47      2.368      3.497
   5       -3.379      1.128      2.379
   6       -3.375      1.978      2.146
   7       -3.341      1.601      1.797
   8       -3.309      1.823      2.219
   9       -3.258      2.782      3.072
  10       -3.201      1.591      2.212
