AutoDock Vina v1.2.7-20-g93cdc3d-mod
#################################################################
# If you used AutoDock Vina in your work, please cite:          #
#                                                               #
# J. Eberhardt, D. Santos-Martins, A. F. Tillack, and S. Forli  #
# AutoDock Vina 1.2.0: New Docking Methods, Expanded Force      #
# Field, and Python Bindings, J. Chem. Inf. Model. (2021)       #
# DOI 10.1021/acs.jcim.1c00203                                  #
#                                                               #
# O. Trott, A. J. Olson,                                        #
# AutoDock Vina: improving the speed and accuracy of docking    #
# with a new scoring function, efficient optimization and       #
# multithreading, J. Comp. Chem. (2010)                         #
# DOI 10.1002/jcc.21334                                         #
#                                                               #
# Please see https://github.com/ccsb-scripps/AutoDock-Vina for  #
# more information.                                             #
#################################################################

Scoring function : vina
Rigid receptor: /home/manndo/master_dev/Dockings/Benchmark/7A9H_TPP/_staging/receptors/pdbqt/7A9H_TPP_protein_meeko_retry1.pdbqt
Ligand: /home/manndo/master_dev/Dockings/Benchmark/7A9H_TPP/_staging/ligands/pdbqt/7A9H_TPP_ligand_start_conf.pdbqt
Grid center: X 2.361 Y 9.271 Z -19.006
Grid size  : X 17 Y 15.2 Z 22
Grid space : 0.375
Exhaustiveness: 32
CPU: 32
Verbosity: 1

Computing Vina grid ... done.
Performing docking (random seed: 42) ... 
0%   10   20   30   40   50   60   70   80   90   100%
|----|----|----|----|----|----|----|----|----|----|
***************************************************

mode |   affinity | dist from best mode
     | (kcal/mol) | rmsd l.b.| rmsd u.b.
-----+------------+----------+----------
   1       -8.204          0          0
   2       -7.974     0.6085      1.425
   3       -7.807      1.076      1.989
   4       -7.654      0.872      1.631
   5       -7.579     0.6187       1.16
   6       -7.423       1.34       2.53
   7       -7.316      2.657      4.122
   8       -7.187      1.943      2.946
   9       -7.015      1.935      3.269
  10       -6.854      2.646      3.466
