AutoDock Vina v1.2.7-20-g93cdc3d-mod
#################################################################
# If you used AutoDock Vina in your work, please cite:          #
#                                                               #
# J. Eberhardt, D. Santos-Martins, A. F. Tillack, and S. Forli  #
# AutoDock Vina 1.2.0: New Docking Methods, Expanded Force      #
# Field, and Python Bindings, J. Chem. Inf. Model. (2021)       #
# DOI 10.1021/acs.jcim.1c00203                                  #
#                                                               #
# O. Trott, A. J. Olson,                                        #
# AutoDock Vina: improving the speed and accuracy of docking    #
# with a new scoring function, efficient optimization and       #
# multithreading, J. Comp. Chem. (2010)                         #
# DOI 10.1002/jcc.21334                                         #
#                                                               #
# Please see https://github.com/ccsb-scripps/AutoDock-Vina for  #
# more information.                                             #
#################################################################

Scoring function : vina
Rigid receptor: /home/manndo/master_dev/Dockings/Benchmark/7AFX_R9K/_staging/receptors/pdbqt/7AFX_R9K_protein_mgl_tools.pdbqt
Ligand: /home/manndo/master_dev/Dockings/Benchmark/7AFX_R9K/_staging/ligands/pdbqt/7AFX_R9K_ligand_start_conf.pdbqt
Grid center: X -24.145 Y 0.597 Z 61.977
Grid size  : X 15.8 Y 18.8 Z 14.3
Grid space : 0.375
Exhaustiveness: 32
CPU: 32
Verbosity: 1

Computing Vina grid ... done.
Performing docking (random seed: 42) ... 
0%   10   20   30   40   50   60   70   80   90   100%
|----|----|----|----|----|----|----|----|----|----|
***************************************************

mode |   affinity | dist from best mode
     | (kcal/mol) | rmsd l.b.| rmsd u.b.
-----+------------+----------+----------
   1       -9.612          0          0
   2       -7.864      2.726      5.512
   3       -7.711      4.342       6.33
   4       -7.571      4.371      6.966
   5       -7.528      5.049      6.256
   6       -7.491      4.675      8.259
   7       -7.409      5.118      6.276
   8       -7.053      2.731       5.19
   9       -6.988      4.089      6.202
  10        -6.84      4.204      4.883
