AutoDock Vina v1.2.7-20-g93cdc3d-mod
#################################################################
# If you used AutoDock Vina in your work, please cite:          #
#                                                               #
# J. Eberhardt, D. Santos-Martins, A. F. Tillack, and S. Forli  #
# AutoDock Vina 1.2.0: New Docking Methods, Expanded Force      #
# Field, and Python Bindings, J. Chem. Inf. Model. (2021)       #
# DOI 10.1021/acs.jcim.1c00203                                  #
#                                                               #
# O. Trott, A. J. Olson,                                        #
# AutoDock Vina: improving the speed and accuracy of docking    #
# with a new scoring function, efficient optimization and       #
# multithreading, J. Comp. Chem. (2010)                         #
# DOI 10.1002/jcc.21334                                         #
#                                                               #
# Please see https://github.com/ccsb-scripps/AutoDock-Vina for  #
# more information.                                             #
#################################################################

Scoring function : vina
Rigid receptor: /home/manndo/master_dev/Dockings/Benchmark/7AKL_RK5/_staging/receptors/pdbqt/7AKL_RK5_protein_mgl_tools.pdbqt
Ligand: /home/manndo/master_dev/Dockings/Benchmark/7AKL_RK5/_staging/ligands/pdbqt/7AKL_RK5_ligand_start_conf.pdbqt
Grid center: X 42.881 Y 5.286 Z 13.697
Grid size  : X 14.4 Y 16.2 Z 19.4
Grid space : 0.375
Exhaustiveness: 32
CPU: 32
Verbosity: 1

Computing Vina grid ... done.
Performing docking (random seed: 42) ... 
0%   10   20   30   40   50   60   70   80   90   100%
|----|----|----|----|----|----|----|----|----|----|
***************************************************

mode |   affinity | dist from best mode
     | (kcal/mol) | rmsd l.b.| rmsd u.b.
-----+------------+----------+----------
   1       -10.02          0          0
   2       -9.961      0.103      1.915
   3        -8.76      4.022      6.722
   4       -8.741      4.024      6.538
   5       -8.508      4.456      6.945
   6        -8.44      4.422      7.154
   7       -8.343      3.217      5.221
   8       -8.295      1.614      3.207
   9       -8.103      4.298      6.563
  10       -8.074      4.629       7.17
