AutoDock Vina v1.2.7-20-g93cdc3d-mod
#################################################################
# If you used AutoDock Vina in your work, please cite:          #
#                                                               #
# J. Eberhardt, D. Santos-Martins, A. F. Tillack, and S. Forli  #
# AutoDock Vina 1.2.0: New Docking Methods, Expanded Force      #
# Field, and Python Bindings, J. Chem. Inf. Model. (2021)       #
# DOI 10.1021/acs.jcim.1c00203                                  #
#                                                               #
# O. Trott, A. J. Olson,                                        #
# AutoDock Vina: improving the speed and accuracy of docking    #
# with a new scoring function, efficient optimization and       #
# multithreading, J. Comp. Chem. (2010)                         #
# DOI 10.1002/jcc.21334                                         #
#                                                               #
# Please see https://github.com/ccsb-scripps/AutoDock-Vina for  #
# more information.                                             #
#################################################################

Scoring function : vina
Rigid receptor: /home/manndo/master_dev/Dockings/Benchmark/7AN5_RDH/_staging/receptors/pdbqt/7AN5_RDH_protein_meeko.pdbqt
Ligand: /home/manndo/master_dev/Dockings/Benchmark/7AN5_RDH/_staging/ligands/pdbqt/7AN5_RDH_ligand_start_conf.pdbqt
Grid center: X 5.206 Y -18.121 Z 26.845
Grid size  : X 14.6 Y 13.5 Z 18
Grid space : 0.375
Exhaustiveness: 32
CPU: 32
Verbosity: 1

Computing Vina grid ... done.
Performing docking (random seed: 42) ... 
0%   10   20   30   40   50   60   70   80   90   100%
|----|----|----|----|----|----|----|----|----|----|
***************************************************

mode |   affinity | dist from best mode
     | (kcal/mol) | rmsd l.b.| rmsd u.b.
-----+------------+----------+----------
   1       -8.005          0          0
   2       -7.694      1.008       1.92
   3       -7.116      1.566      5.307
   4       -6.884      1.706      5.675
   5       -6.504       1.47      5.305
   6       -5.832      1.932      5.517
   7       -4.567      1.572      5.148
   8        -4.47      1.539      2.609
   9       -4.312      1.954      2.823
  10       -3.836      1.812      2.505
