AutoDock Vina v1.2.7-20-g93cdc3d-mod
#################################################################
# If you used AutoDock Vina in your work, please cite:          #
#                                                               #
# J. Eberhardt, D. Santos-Martins, A. F. Tillack, and S. Forli  #
# AutoDock Vina 1.2.0: New Docking Methods, Expanded Force      #
# Field, and Python Bindings, J. Chem. Inf. Model. (2021)       #
# DOI 10.1021/acs.jcim.1c00203                                  #
#                                                               #
# O. Trott, A. J. Olson,                                        #
# AutoDock Vina: improving the speed and accuracy of docking    #
# with a new scoring function, efficient optimization and       #
# multithreading, J. Comp. Chem. (2010)                         #
# DOI 10.1002/jcc.21334                                         #
#                                                               #
# Please see https://github.com/ccsb-scripps/AutoDock-Vina for  #
# more information.                                             #
#################################################################

Scoring function : vina
Rigid receptor: /home/manndo/master_dev/Dockings/Benchmark/7AVI_S2Q/_staging/receptors/pdbqt/7AVI_S2Q_protein_meeko.pdbqt
Ligand: /home/manndo/master_dev/Dockings/Benchmark/7AVI_S2Q/_staging/ligands/pdbqt/7AVI_S2Q_ligand_start_conf.pdbqt
Grid center: X -20.175 Y 12.618 Z 0.393
Grid size  : X 16.9 Y 21 Z 17.4
Grid space : 0.375
Exhaustiveness: 32
CPU: 32
Verbosity: 1

Computing Vina grid ... done.
Performing docking (random seed: 42) ... 
0%   10   20   30   40   50   60   70   80   90   100%
|----|----|----|----|----|----|----|----|----|----|
***************************************************

mode |   affinity | dist from best mode
     | (kcal/mol) | rmsd l.b.| rmsd u.b.
-----+------------+----------+----------
   1        -7.99          0          0
   2       -7.921      2.371      3.085
   3       -7.871      1.558      4.599
   4       -7.721      3.122      5.809
   5       -7.498      1.641      4.599
   6       -7.455      1.614      2.677
   7       -7.411      2.614      3.897
   8       -7.408      3.167      5.487
   9       -7.288      1.945      4.288
  10       -7.198        2.9      4.634
