AutoDock Vina v1.2.7-20-g93cdc3d-mod
#################################################################
# If you used AutoDock Vina in your work, please cite:          #
#                                                               #
# J. Eberhardt, D. Santos-Martins, A. F. Tillack, and S. Forli  #
# AutoDock Vina 1.2.0: New Docking Methods, Expanded Force      #
# Field, and Python Bindings, J. Chem. Inf. Model. (2021)       #
# DOI 10.1021/acs.jcim.1c00203                                  #
#                                                               #
# O. Trott, A. J. Olson,                                        #
# AutoDock Vina: improving the speed and accuracy of docking    #
# with a new scoring function, efficient optimization and       #
# multithreading, J. Comp. Chem. (2010)                         #
# DOI 10.1002/jcc.21334                                         #
#                                                               #
# Please see https://github.com/ccsb-scripps/AutoDock-Vina for  #
# more information.                                             #
#################################################################

Scoring function : vina
Rigid receptor: /home/manndo/master_dev/Dockings/Benchmark/7B0E_C2E/_staging/receptors/pdbqt/7B0E_C2E_protein_mgl_tools.pdbqt
Ligand: /home/manndo/master_dev/Dockings/Benchmark/7B0E_C2E/_staging/ligands/pdbqt/7B0E_C2E_ligand_start_conf.pdbqt
Grid center: X -24.902 Y -24.928 Z -0.094
Grid size  : X 19.5 Y 19.6 Z 26.7
Grid space : 0.375
Exhaustiveness: 32
CPU: 32
Verbosity: 1

Computing Vina grid ... done.
Performing docking (random seed: 42) ... 
0%   10   20   30   40   50   60   70   80   90   100%
|----|----|----|----|----|----|----|----|----|----|
***************************************************

mode |   affinity | dist from best mode
     | (kcal/mol) | rmsd l.b.| rmsd u.b.
-----+------------+----------+----------
   1       -7.797          0          0
   2       -7.704      2.125      6.839
   3       -7.416      1.962      6.913
   4       -7.384      3.111      6.353
   5       -7.321      2.103      6.876
   6       -7.176      1.292      2.178
   7       -7.129      3.066       7.67
   8       -7.084      1.841      2.487
   9       -6.954      3.579      8.555
  10        -6.93       3.69       6.46
