AutoDock Vina v1.2.7-20-g93cdc3d-mod
#################################################################
# If you used AutoDock Vina in your work, please cite:          #
#                                                               #
# J. Eberhardt, D. Santos-Martins, A. F. Tillack, and S. Forli  #
# AutoDock Vina 1.2.0: New Docking Methods, Expanded Force      #
# Field, and Python Bindings, J. Chem. Inf. Model. (2021)       #
# DOI 10.1021/acs.jcim.1c00203                                  #
#                                                               #
# O. Trott, A. J. Olson,                                        #
# AutoDock Vina: improving the speed and accuracy of docking    #
# with a new scoring function, efficient optimization and       #
# multithreading, J. Comp. Chem. (2010)                         #
# DOI 10.1002/jcc.21334                                         #
#                                                               #
# Please see https://github.com/ccsb-scripps/AutoDock-Vina for  #
# more information.                                             #
#################################################################

Scoring function : vina
Rigid receptor: /home/manndo/master_dev/Dockings/Benchmark/7B0E_C2E/_staging/receptors/pdbqt/7B0E_C2E_protein_meeko.pdbqt
Ligand: /home/manndo/master_dev/Dockings/Benchmark/7B0E_C2E/_staging/ligands/pdbqt/7B0E_C2E_ligand_start_conf.pdbqt
Grid center: X -24.902 Y -24.928 Z -0.094
Grid size  : X 19.5 Y 19.6 Z 26.7
Grid space : 0.375
Exhaustiveness: 32
CPU: 32
Verbosity: 1

Computing Vina grid ... done.
Performing docking (random seed: 42) ... 
0%   10   20   30   40   50   60   70   80   90   100%
|----|----|----|----|----|----|----|----|----|----|
***************************************************

mode |   affinity | dist from best mode
     | (kcal/mol) | rmsd l.b.| rmsd u.b.
-----+------------+----------+----------
   1       -7.785          0          0
   2       -7.782      2.053      6.796
   3       -7.592      3.757      7.182
   4       -7.578     0.8032      1.241
   5       -7.526      2.125      6.646
   6       -7.361     0.8785      1.889
   7       -6.974      3.163      6.416
   8       -6.968      3.903      7.107
   9        -6.91      3.767      7.927
  10       -6.835      3.452       6.71
