AutoDock Vina v1.2.7-20-g93cdc3d-mod
#################################################################
# If you used AutoDock Vina in your work, please cite:          #
#                                                               #
# J. Eberhardt, D. Santos-Martins, A. F. Tillack, and S. Forli  #
# AutoDock Vina 1.2.0: New Docking Methods, Expanded Force      #
# Field, and Python Bindings, J. Chem. Inf. Model. (2021)       #
# DOI 10.1021/acs.jcim.1c00203                                  #
#                                                               #
# O. Trott, A. J. Olson,                                        #
# AutoDock Vina: improving the speed and accuracy of docking    #
# with a new scoring function, efficient optimization and       #
# multithreading, J. Comp. Chem. (2010)                         #
# DOI 10.1002/jcc.21334                                         #
#                                                               #
# Please see https://github.com/ccsb-scripps/AutoDock-Vina for  #
# more information.                                             #
#################################################################

Scoring function : vina
Rigid receptor: /home/manndo/master_dev/Dockings/Benchmark/7B2C_TP7/_staging/receptors/pdbqt/7B2C_TP7_protein_meeko_retry1.pdbqt
Ligand: /home/manndo/master_dev/Dockings/Benchmark/7B2C_TP7/_staging/ligands/pdbqt/7B2C_TP7_ligand_start_conf.pdbqt
Grid center: X 1.94 Y 1.627 Z 46.591
Grid size  : X 19.7 Y 14.6 Z 20.5
Grid space : 0.375
Exhaustiveness: 32
CPU: 32
Verbosity: 1

Computing Vina grid ... done.
Performing docking (random seed: 42) ... 
0%   10   20   30   40   50   60   70   80   90   100%
|----|----|----|----|----|----|----|----|----|----|
***************************************************

mode |   affinity | dist from best mode
     | (kcal/mol) | rmsd l.b.| rmsd u.b.
-----+------------+----------+----------
   1       -7.106          0          0
   2       -7.059     0.2121      1.005
   3       -6.822      1.558      2.034
   4       -6.714       4.89      7.342
   5        -6.67      5.693      7.609
   6        -6.66      1.687      2.903
   7       -6.658      5.165       7.53
   8       -6.462      2.593      3.529
   9       -6.357      6.413      8.818
  10       -6.259      5.604      7.819
