AutoDock Vina v1.2.7-20-g93cdc3d-mod
#################################################################
# If you used AutoDock Vina in your work, please cite:          #
#                                                               #
# J. Eberhardt, D. Santos-Martins, A. F. Tillack, and S. Forli  #
# AutoDock Vina 1.2.0: New Docking Methods, Expanded Force      #
# Field, and Python Bindings, J. Chem. Inf. Model. (2021)       #
# DOI 10.1021/acs.jcim.1c00203                                  #
#                                                               #
# O. Trott, A. J. Olson,                                        #
# AutoDock Vina: improving the speed and accuracy of docking    #
# with a new scoring function, efficient optimization and       #
# multithreading, J. Comp. Chem. (2010)                         #
# DOI 10.1002/jcc.21334                                         #
#                                                               #
# Please see https://github.com/ccsb-scripps/AutoDock-Vina for  #
# more information.                                             #
#################################################################

Scoring function : vina
Rigid receptor: /home/manndo/master_dev/Dockings/Benchmark/7BCP_GCO/_staging/receptors/pdbqt/7BCP_GCO_protein_mgl_tools.pdbqt
Ligand: /home/manndo/master_dev/Dockings/Benchmark/7BCP_GCO/_staging/ligands/pdbqt/7BCP_GCO_ligand_start_conf.pdbqt
Grid center: X -19.905 Y 4.354 Z -3.686
Grid size  : X 15.4 Y 15.6 Z 13.3
Grid space : 0.375
Exhaustiveness: 32
CPU: 32
Verbosity: 1

Computing Vina grid ... done.
Performing docking (random seed: 42) ... 
0%   10   20   30   40   50   60   70   80   90   100%
|----|----|----|----|----|----|----|----|----|----|
***************************************************

mode |   affinity | dist from best mode
     | (kcal/mol) | rmsd l.b.| rmsd u.b.
-----+------------+----------+----------
   1       -6.655          0          0
   2       -6.401      1.103       2.01
   3       -5.809      1.125      4.826
   4       -5.732     0.9016      4.832
   5       -5.644      1.682      4.416
   6       -5.568      3.031      4.722
   7       -5.507      1.216      4.598
   8       -5.455      1.291      2.206
   9       -5.436      2.884      4.626
  10       -5.432      1.408      2.252
