AutoDock Vina v1.2.7-20-g93cdc3d-mod
#################################################################
# If you used AutoDock Vina in your work, please cite:          #
#                                                               #
# J. Eberhardt, D. Santos-Martins, A. F. Tillack, and S. Forli  #
# AutoDock Vina 1.2.0: New Docking Methods, Expanded Force      #
# Field, and Python Bindings, J. Chem. Inf. Model. (2021)       #
# DOI 10.1021/acs.jcim.1c00203                                  #
#                                                               #
# O. Trott, A. J. Olson,                                        #
# AutoDock Vina: improving the speed and accuracy of docking    #
# with a new scoring function, efficient optimization and       #
# multithreading, J. Comp. Chem. (2010)                         #
# DOI 10.1002/jcc.21334                                         #
#                                                               #
# Please see https://github.com/ccsb-scripps/AutoDock-Vina for  #
# more information.                                             #
#################################################################

Scoring function : vina
Rigid receptor: /home/manndo/master_dev/Dockings/Benchmark/7BJJ_TVW/_staging/receptors/pdbqt/7BJJ_TVW_protein_meeko_retry1.pdbqt
Ligand: /home/manndo/master_dev/Dockings/Benchmark/7BJJ_TVW/_staging/ligands/pdbqt/7BJJ_TVW_ligand_start_conf.pdbqt
Grid center: X 5.831 Y -3.418 Z 19.099
Grid size  : X 14.2 Y 13.7 Z 12.1
Grid space : 0.375
Exhaustiveness: 32
CPU: 32
Verbosity: 1

Computing Vina grid ... done.
Performing docking (random seed: 42) ... 
0%   10   20   30   40   50   60   70   80   90   100%
|----|----|----|----|----|----|----|----|----|----|
***************************************************

mode |   affinity | dist from best mode
     | (kcal/mol) | rmsd l.b.| rmsd u.b.
-----+------------+----------+----------
   1       -4.693          0          0
   2       -4.491      3.016      4.488
   3       -4.475      1.237      2.709
   4       -4.454      0.922      3.021
   5       -4.391      1.188      3.839
   6       -4.303      2.676       4.52
   7       -4.286      2.412      4.535
   8       -4.278      2.485      3.616
   9       -4.246      1.951      4.782
  10       -4.223      2.616      3.411
