AutoDock Vina v1.2.7-20-g93cdc3d-mod
#################################################################
# If you used AutoDock Vina in your work, please cite:          #
#                                                               #
# J. Eberhardt, D. Santos-Martins, A. F. Tillack, and S. Forli  #
# AutoDock Vina 1.2.0: New Docking Methods, Expanded Force      #
# Field, and Python Bindings, J. Chem. Inf. Model. (2021)       #
# DOI 10.1021/acs.jcim.1c00203                                  #
#                                                               #
# O. Trott, A. J. Olson,                                        #
# AutoDock Vina: improving the speed and accuracy of docking    #
# with a new scoring function, efficient optimization and       #
# multithreading, J. Comp. Chem. (2010)                         #
# DOI 10.1002/jcc.21334                                         #
#                                                               #
# Please see https://github.com/ccsb-scripps/AutoDock-Vina for  #
# more information.                                             #
#################################################################

Scoring function : vina
Rigid receptor: /home/manndo/master_dev/Dockings/Benchmark/7BKA_4JC/_staging/receptors/pdbqt/7BKA_4JC_protein_meeko.pdbqt
Ligand: /home/manndo/master_dev/Dockings/Benchmark/7BKA_4JC/_staging/ligands/pdbqt/7BKA_4JC_ligand_start_conf.pdbqt
Grid center: X 19.265 Y 52.962 Z 12.993
Grid size  : X 15.7 Y 13.7 Z 15.9
Grid space : 0.375
Exhaustiveness: 32
CPU: 32
Verbosity: 1

Computing Vina grid ... done.
Performing docking (random seed: 42) ... 
0%   10   20   30   40   50   60   70   80   90   100%
|----|----|----|----|----|----|----|----|----|----|
***************************************************

mode |   affinity | dist from best mode
     | (kcal/mol) | rmsd l.b.| rmsd u.b.
-----+------------+----------+----------
   1       -7.313          0          0
   2       -7.256    0.06926        1.4
   3       -6.382      3.527      4.409
   4       -6.294      3.651      5.281
   5       -6.249      3.634      5.411
   6       -6.244      3.519      4.936
   7       -6.171      3.564      4.562
   8       -5.963       4.04      5.319
   9        -5.92      4.015      5.119
  10       -5.591       3.69      5.274
