AutoDock Vina v1.2.7-20-g93cdc3d-mod
#################################################################
# If you used AutoDock Vina in your work, please cite:          #
#                                                               #
# J. Eberhardt, D. Santos-Martins, A. F. Tillack, and S. Forli  #
# AutoDock Vina 1.2.0: New Docking Methods, Expanded Force      #
# Field, and Python Bindings, J. Chem. Inf. Model. (2021)       #
# DOI 10.1021/acs.jcim.1c00203                                  #
#                                                               #
# O. Trott, A. J. Olson,                                        #
# AutoDock Vina: improving the speed and accuracy of docking    #
# with a new scoring function, efficient optimization and       #
# multithreading, J. Comp. Chem. (2010)                         #
# DOI 10.1002/jcc.21334                                         #
#                                                               #
# Please see https://github.com/ccsb-scripps/AutoDock-Vina for  #
# more information.                                             #
#################################################################

Scoring function : vina
Rigid receptor: /home/manndo/master_dev/Dockings/Benchmark/7BLG_GAL/_staging/receptors/pdbqt/7BLG_GAL_protein_mgl_tools.pdbqt
Ligand: /home/manndo/master_dev/Dockings/Benchmark/7BLG_GAL/_staging/ligands/pdbqt/7BLG_GAL_ligand_start_conf.pdbqt
Grid center: X -30.032 Y 2.093 Z -8.358
Grid size  : X 14.1 Y 12.7 Z 16.2
Grid space : 0.375
Exhaustiveness: 32
CPU: 32
Verbosity: 1

Computing Vina grid ... done.
Performing docking (random seed: 42) ... 
0%   10   20   30   40   50   60   70   80   90   100%
|----|----|----|----|----|----|----|----|----|----|
***************************************************

mode |   affinity | dist from best mode
     | (kcal/mol) | rmsd l.b.| rmsd u.b.
-----+------------+----------+----------
   1       -3.848          0          0
   2       -3.802      1.225      4.162
   3       -3.786     0.9675      2.163
   4       -3.733      1.063      2.343
   5       -3.672      1.661      3.538
   6       -3.586      1.475      3.425
   7        -3.52      6.545      8.192
   8       -3.488      1.896      3.347
   9       -3.461      5.344      7.338
  10       -3.427      5.887      7.409
