AutoDock Vina v1.2.7-20-g93cdc3d-mod
#################################################################
# If you used AutoDock Vina in your work, please cite:          #
#                                                               #
# J. Eberhardt, D. Santos-Martins, A. F. Tillack, and S. Forli  #
# AutoDock Vina 1.2.0: New Docking Methods, Expanded Force      #
# Field, and Python Bindings, J. Chem. Inf. Model. (2021)       #
# DOI 10.1021/acs.jcim.1c00203                                  #
#                                                               #
# O. Trott, A. J. Olson,                                        #
# AutoDock Vina: improving the speed and accuracy of docking    #
# with a new scoring function, efficient optimization and       #
# multithreading, J. Comp. Chem. (2010)                         #
# DOI 10.1002/jcc.21334                                         #
#                                                               #
# Please see https://github.com/ccsb-scripps/AutoDock-Vina for  #
# more information.                                             #
#################################################################

Scoring function : vina
Rigid receptor: /home/manndo/master_dev/Dockings/Benchmark/7BNH_BEZ/_staging/receptors/pdbqt/7BNH_BEZ_protein_meeko.pdbqt
Ligand: /home/manndo/master_dev/Dockings/Benchmark/7BNH_BEZ/_staging/ligands/pdbqt/7BNH_BEZ_ligand_start_conf.pdbqt
Grid center: X -9.407 Y 2.715 Z 9.032
Grid size  : X 14.8 Y 11.6 Z 13.5
Grid space : 0.375
Exhaustiveness: 32
CPU: 32
Verbosity: 1

Computing Vina grid ... done.
Performing docking (random seed: 42) ... 
0%   10   20   30   40   50   60   70   80   90   100%
|----|----|----|----|----|----|----|----|----|----|
***************************************************

mode |   affinity | dist from best mode
     | (kcal/mol) | rmsd l.b.| rmsd u.b.
-----+------------+----------+----------
   1        -5.54          0          0
   2       -5.348      2.022      2.493
   3       -5.341      2.031      2.103
   4       -5.141      3.477      4.242
   5       -5.122      3.212      3.911
   6        -5.11      3.452      4.091
   7       -5.001     0.9913      1.353
   8       -4.895      2.917      3.726
   9       -4.895      1.769      2.725
  10       -4.824      1.217      2.259
