AutoDock Vina v1.2.7-20-g93cdc3d-mod
#################################################################
# If you used AutoDock Vina in your work, please cite:          #
#                                                               #
# J. Eberhardt, D. Santos-Martins, A. F. Tillack, and S. Forli  #
# AutoDock Vina 1.2.0: New Docking Methods, Expanded Force      #
# Field, and Python Bindings, J. Chem. Inf. Model. (2021)       #
# DOI 10.1021/acs.jcim.1c00203                                  #
#                                                               #
# O. Trott, A. J. Olson,                                        #
# AutoDock Vina: improving the speed and accuracy of docking    #
# with a new scoring function, efficient optimization and       #
# multithreading, J. Comp. Chem. (2010)                         #
# DOI 10.1002/jcc.21334                                         #
#                                                               #
# Please see https://github.com/ccsb-scripps/AutoDock-Vina for  #
# more information.                                             #
#################################################################

Scoring function : vina
Rigid receptor: /home/manndo/master_dev/Dockings/Benchmark/7BNH_BEZ/_staging/receptors/pdbqt/7BNH_BEZ_protein_mgl_tools.pdbqt
Ligand: /home/manndo/master_dev/Dockings/Benchmark/7BNH_BEZ/_staging/ligands/pdbqt/7BNH_BEZ_ligand_start_conf.pdbqt
Grid center: X -9.407 Y 2.715 Z 9.032
Grid size  : X 14.8 Y 11.6 Z 13.5
Grid space : 0.375
Exhaustiveness: 32
CPU: 32
Verbosity: 1

Computing Vina grid ... done.
Performing docking (random seed: 42) ... 
0%   10   20   30   40   50   60   70   80   90   100%
|----|----|----|----|----|----|----|----|----|----|
***************************************************

mode |   affinity | dist from best mode
     | (kcal/mol) | rmsd l.b.| rmsd u.b.
-----+------------+----------+----------
   1       -5.541          0          0
   2       -5.363      2.038      2.502
   3       -5.335      2.031      2.079
   4       -5.265      1.625      2.004
   5       -5.264      3.471      4.264
   6       -5.248      3.274      4.251
   7       -5.243      3.246      3.952
   8       -5.058      3.354      4.006
   9       -4.931       1.78      2.835
  10       -4.861      2.739      3.649
