AutoDock Vina v1.2.7-20-g93cdc3d-mod
#################################################################
# If you used AutoDock Vina in your work, please cite:          #
#                                                               #
# J. Eberhardt, D. Santos-Martins, A. F. Tillack, and S. Forli  #
# AutoDock Vina 1.2.0: New Docking Methods, Expanded Force      #
# Field, and Python Bindings, J. Chem. Inf. Model. (2021)       #
# DOI 10.1021/acs.jcim.1c00203                                  #
#                                                               #
# O. Trott, A. J. Olson,                                        #
# AutoDock Vina: improving the speed and accuracy of docking    #
# with a new scoring function, efficient optimization and       #
# multithreading, J. Comp. Chem. (2010)                         #
# DOI 10.1002/jcc.21334                                         #
#                                                               #
# Please see https://github.com/ccsb-scripps/AutoDock-Vina for  #
# more information.                                             #
#################################################################

Scoring function : vina
Rigid receptor: /home/manndo/master_dev/Dockings/Benchmark/7C0U_FGO/_staging/receptors/pdbqt/7C0U_FGO_protein_mgl_tools.pdbqt
Ligand: /home/manndo/master_dev/Dockings/Benchmark/7C0U_FGO/_staging/ligands/pdbqt/7C0U_FGO_ligand_start_conf.pdbqt
Grid center: X 41.621 Y 13.601 Z 53.419
Grid size  : X 18.6 Y 21.8 Z 22.4
Grid space : 0.375
Exhaustiveness: 32
CPU: 32
Verbosity: 1

Computing Vina grid ... done.
Performing docking (random seed: 42) ... 
0%   10   20   30   40   50   60   70   80   90   100%
|----|----|----|----|----|----|----|----|----|----|
***************************************************

mode |   affinity | dist from best mode
     | (kcal/mol) | rmsd l.b.| rmsd u.b.
-----+------------+----------+----------
   1       -11.13          0          0
   2       -11.08      2.872      3.882
   3       -10.78      3.931      6.091
   4       -10.42      2.406      3.784
   5       -10.14      3.598      5.506
   6       -9.976      3.808      8.809
   7       -9.917       4.12      5.522
   8       -9.888      3.526       5.92
   9       -9.762       3.75      7.222
  10       -9.725      3.846      5.874
