AutoDock Vina v1.2.7-20-g93cdc3d-mod
#################################################################
# If you used AutoDock Vina in your work, please cite:          #
#                                                               #
# J. Eberhardt, D. Santos-Martins, A. F. Tillack, and S. Forli  #
# AutoDock Vina 1.2.0: New Docking Methods, Expanded Force      #
# Field, and Python Bindings, J. Chem. Inf. Model. (2021)       #
# DOI 10.1021/acs.jcim.1c00203                                  #
#                                                               #
# O. Trott, A. J. Olson,                                        #
# AutoDock Vina: improving the speed and accuracy of docking    #
# with a new scoring function, efficient optimization and       #
# multithreading, J. Comp. Chem. (2010)                         #
# DOI 10.1002/jcc.21334                                         #
#                                                               #
# Please see https://github.com/ccsb-scripps/AutoDock-Vina for  #
# more information.                                             #
#################################################################

Scoring function : vina
Rigid receptor: /home/manndo/master_dev/Dockings/Benchmark/7C6P_SQH/_staging/receptors/pdbqt/7C6P_SQH_protein_meeko_retry1.pdbqt
Ligand: /home/manndo/master_dev/Dockings/Benchmark/7C6P_SQH/_staging/ligands/pdbqt/7C6P_SQH_ligand_start_conf.pdbqt
Grid center: X 4.832 Y -16.348 Z -10.366
Grid size  : X 15.4 Y 15.7 Z 19.6
Grid space : 0.375
Exhaustiveness: 32
CPU: 32
Verbosity: 1

Computing Vina grid ... done.
Performing docking (random seed: 42) ... 
0%   10   20   30   40   50   60   70   80   90   100%
|----|----|----|----|----|----|----|----|----|----|
***************************************************

mode |   affinity | dist from best mode
     | (kcal/mol) | rmsd l.b.| rmsd u.b.
-----+------------+----------+----------
   1       -8.066          0          0
   2       -7.856      2.987      5.287
   3       -7.783      1.724      3.629
   4       -7.669      1.552      2.392
   5       -7.596      1.868       7.05
   6       -7.503      2.334      4.446
   7       -7.317       1.78      3.861
   8       -7.287          2       6.82
   9       -7.168      2.428      3.312
  10       -7.035      2.963      6.333
