AutoDock Vina v1.2.7-20-g93cdc3d-mod
#################################################################
# If you used AutoDock Vina in your work, please cite:          #
#                                                               #
# J. Eberhardt, D. Santos-Martins, A. F. Tillack, and S. Forli  #
# AutoDock Vina 1.2.0: New Docking Methods, Expanded Force      #
# Field, and Python Bindings, J. Chem. Inf. Model. (2021)       #
# DOI 10.1021/acs.jcim.1c00203                                  #
#                                                               #
# O. Trott, A. J. Olson,                                        #
# AutoDock Vina: improving the speed and accuracy of docking    #
# with a new scoring function, efficient optimization and       #
# multithreading, J. Comp. Chem. (2010)                         #
# DOI 10.1002/jcc.21334                                         #
#                                                               #
# Please see https://github.com/ccsb-scripps/AutoDock-Vina for  #
# more information.                                             #
#################################################################

Scoring function : vina
Rigid receptor: /home/manndo/master_dev/Dockings/Benchmark/7C8Q_DSG/_staging/receptors/pdbqt/7C8Q_DSG_protein_mgl_tools.pdbqt
Ligand: /home/manndo/master_dev/Dockings/Benchmark/7C8Q_DSG/_staging/ligands/pdbqt/7C8Q_DSG_ligand_start_conf.pdbqt
Grid center: X -45.639 Y 30.299 Z 11.585
Grid size  : X 13.9 Y 13.7 Z 13.3
Grid space : 0.375
Exhaustiveness: 32
CPU: 32
Verbosity: 1

Computing Vina grid ... done.
Performing docking (random seed: 42) ... 
0%   10   20   30   40   50   60   70   80   90   100%
|----|----|----|----|----|----|----|----|----|----|
***************************************************

mode |   affinity | dist from best mode
     | (kcal/mol) | rmsd l.b.| rmsd u.b.
-----+------------+----------+----------
   1        -5.46          0          0
   2       -5.378      1.799       3.43
   3       -5.345      2.987      4.262
   4       -5.341      1.356      3.854
   5       -5.338      2.441      4.043
   6       -5.291      2.196      4.227
   7       -5.262      2.261       2.41
   8       -4.856      5.102      6.012
   9       -4.758      2.857      3.603
  10       -4.679      4.092      5.783
