AutoDock Vina v1.2.7-20-g93cdc3d-mod
#################################################################
# If you used AutoDock Vina in your work, please cite:          #
#                                                               #
# J. Eberhardt, D. Santos-Martins, A. F. Tillack, and S. Forli  #
# AutoDock Vina 1.2.0: New Docking Methods, Expanded Force      #
# Field, and Python Bindings, J. Chem. Inf. Model. (2021)       #
# DOI 10.1021/acs.jcim.1c00203                                  #
#                                                               #
# O. Trott, A. J. Olson,                                        #
# AutoDock Vina: improving the speed and accuracy of docking    #
# with a new scoring function, efficient optimization and       #
# multithreading, J. Comp. Chem. (2010)                         #
# DOI 10.1002/jcc.21334                                         #
#                                                               #
# Please see https://github.com/ccsb-scripps/AutoDock-Vina for  #
# more information.                                             #
#################################################################

Scoring function : vina
Rigid receptor: /home/manndo/master_dev/Dockings/Benchmark/7CD9_FVR/_staging/receptors/pdbqt/7CD9_FVR_protein_meeko.pdbqt
Ligand: /home/manndo/master_dev/Dockings/Benchmark/7CD9_FVR/_staging/ligands/pdbqt/7CD9_FVR_ligand_start_conf.pdbqt
Grid center: X 17.625 Y 8.845 Z 13.552
Grid size  : X 22.2 Y 24.9 Z 18.8
Grid space : 0.375
Exhaustiveness: 32
CPU: 32
Verbosity: 1

Computing Vina grid ... done.
Performing docking (random seed: 42) ... 
0%   10   20   30   40   50   60   70   80   90   100%
|----|----|----|----|----|----|----|----|----|----|
***************************************************

mode |   affinity | dist from best mode
     | (kcal/mol) | rmsd l.b.| rmsd u.b.
-----+------------+----------+----------
   1       -11.42          0          0
   2        -11.4      8.079      11.96
   3       -11.34       7.79      11.09
   4       -11.24      5.327      10.52
   5       -11.15       7.68      10.52
   6       -11.05      2.307      3.099
   7       -10.87      1.409      2.243
   8       -10.82      1.449      2.323
   9       -10.76      3.603      9.347
  10       -10.71       3.55      4.796
