AutoDock Vina v1.2.7-20-g93cdc3d-mod
#################################################################
# If you used AutoDock Vina in your work, please cite:          #
#                                                               #
# J. Eberhardt, D. Santos-Martins, A. F. Tillack, and S. Forli  #
# AutoDock Vina 1.2.0: New Docking Methods, Expanded Force      #
# Field, and Python Bindings, J. Chem. Inf. Model. (2021)       #
# DOI 10.1021/acs.jcim.1c00203                                  #
#                                                               #
# O. Trott, A. J. Olson,                                        #
# AutoDock Vina: improving the speed and accuracy of docking    #
# with a new scoring function, efficient optimization and       #
# multithreading, J. Comp. Chem. (2010)                         #
# DOI 10.1002/jcc.21334                                         #
#                                                               #
# Please see https://github.com/ccsb-scripps/AutoDock-Vina for  #
# more information.                                             #
#################################################################

Scoring function : vina
Rigid receptor: /home/manndo/master_dev/Dockings/Benchmark/7CIJ_G0C/_staging/receptors/pdbqt/7CIJ_G0C_protein_mgl_tools.pdbqt
Ligand: /home/manndo/master_dev/Dockings/Benchmark/7CIJ_G0C/_staging/ligands/pdbqt/7CIJ_G0C_ligand_start_conf.pdbqt
Grid center: X 27.727 Y -11.213 Z 58.608
Grid size  : X 18.1 Y 18.4 Z 15.4
Grid space : 0.375
Exhaustiveness: 32
CPU: 32
Verbosity: 1

Computing Vina grid ... done.
Performing docking (random seed: 42) ... 
0%   10   20   30   40   50   60   70   80   90   100%
|----|----|----|----|----|----|----|----|----|----|
***************************************************

mode |   affinity | dist from best mode
     | (kcal/mol) | rmsd l.b.| rmsd u.b.
-----+------------+----------+----------
   1       -7.997          0          0
   2       -7.833      2.704      4.932
   3       -7.246      2.949      5.161
   4       -7.156      4.327      6.632
   5       -7.128      3.992      6.744
   6       -6.328      4.303      6.203
   7       -6.171       4.03      6.393
   8       -5.905      4.636      7.183
   9       -5.733      4.213      6.242
  10       -5.415      2.476      4.924
