AutoDock Vina v1.2.7-20-g93cdc3d-mod
#################################################################
# If you used AutoDock Vina in your work, please cite:          #
#                                                               #
# J. Eberhardt, D. Santos-Martins, A. F. Tillack, and S. Forli  #
# AutoDock Vina 1.2.0: New Docking Methods, Expanded Force      #
# Field, and Python Bindings, J. Chem. Inf. Model. (2021)       #
# DOI 10.1021/acs.jcim.1c00203                                  #
#                                                               #
# O. Trott, A. J. Olson,                                        #
# AutoDock Vina: improving the speed and accuracy of docking    #
# with a new scoring function, efficient optimization and       #
# multithreading, J. Comp. Chem. (2010)                         #
# DOI 10.1002/jcc.21334                                         #
#                                                               #
# Please see https://github.com/ccsb-scripps/AutoDock-Vina for  #
# more information.                                             #
#################################################################

Scoring function : vina
Rigid receptor: /home/manndo/master_dev/Dockings/Benchmark/7CIJ_G0C/_staging/receptors/pdbqt/7CIJ_G0C_protein_meeko.pdbqt
Ligand: /home/manndo/master_dev/Dockings/Benchmark/7CIJ_G0C/_staging/ligands/pdbqt/7CIJ_G0C_ligand_start_conf.pdbqt
Grid center: X 27.727 Y -11.213 Z 58.608
Grid size  : X 18.1 Y 18.4 Z 15.4
Grid space : 0.375
Exhaustiveness: 32
CPU: 32
Verbosity: 1

Computing Vina grid ... done.
Performing docking (random seed: 42) ... 
0%   10   20   30   40   50   60   70   80   90   100%
|----|----|----|----|----|----|----|----|----|----|
***************************************************

mode |   affinity | dist from best mode
     | (kcal/mol) | rmsd l.b.| rmsd u.b.
-----+------------+----------+----------
   1       -8.008          0          0
   2        -7.84      2.697       4.93
   3       -7.225      4.327      6.631
   4       -7.146      3.982      6.751
   5       -6.404      4.035       6.66
   6       -6.284      3.985      6.372
   7       -6.048      4.273      6.247
   8       -6.025      1.822      2.447
   9        -5.99      4.632      7.191
  10       -5.749      3.297      5.963
