AutoDock Vina v1.2.7-20-g93cdc3d-mod
#################################################################
# If you used AutoDock Vina in your work, please cite:          #
#                                                               #
# J. Eberhardt, D. Santos-Martins, A. F. Tillack, and S. Forli  #
# AutoDock Vina 1.2.0: New Docking Methods, Expanded Force      #
# Field, and Python Bindings, J. Chem. Inf. Model. (2021)       #
# DOI 10.1021/acs.jcim.1c00203                                  #
#                                                               #
# O. Trott, A. J. Olson,                                        #
# AutoDock Vina: improving the speed and accuracy of docking    #
# with a new scoring function, efficient optimization and       #
# multithreading, J. Comp. Chem. (2010)                         #
# DOI 10.1002/jcc.21334                                         #
#                                                               #
# Please see https://github.com/ccsb-scripps/AutoDock-Vina for  #
# more information.                                             #
#################################################################

Scoring function : vina
Rigid receptor: /home/manndo/master_dev/Dockings/Benchmark/7CNS_PMV/_staging/receptors/pdbqt/7CNS_PMV_protein_meeko.pdbqt
Ligand: /home/manndo/master_dev/Dockings/Benchmark/7CNS_PMV/_staging/ligands/pdbqt/7CNS_PMV_ligand_start_conf.pdbqt
Grid center: X 1.927 Y -20.413 Z -19.026
Grid size  : X 15 Y 13.3 Z 18.1
Grid space : 0.375
Exhaustiveness: 32
CPU: 32
Verbosity: 1

Computing Vina grid ... done.
Performing docking (random seed: 42) ... 
0%   10   20   30   40   50   60   70   80   90   100%
|----|----|----|----|----|----|----|----|----|----|
***************************************************

mode |   affinity | dist from best mode
     | (kcal/mol) | rmsd l.b.| rmsd u.b.
-----+------------+----------+----------
   1       -7.084          0          0
   2       -6.414      2.391      3.948
   3       -6.215      1.505      2.171
   4       -6.173      1.822      2.484
   5       -5.979      2.098      3.643
   6       -5.977      3.161      3.993
   7       -5.881      2.737      5.187
   8       -5.794      2.331       3.42
   9       -5.661          3       4.41
  10       -5.374      3.594       5.16
