AutoDock Vina v1.2.7-20-g93cdc3d-mod
#################################################################
# If you used AutoDock Vina in your work, please cite:          #
#                                                               #
# J. Eberhardt, D. Santos-Martins, A. F. Tillack, and S. Forli  #
# AutoDock Vina 1.2.0: New Docking Methods, Expanded Force      #
# Field, and Python Bindings, J. Chem. Inf. Model. (2021)       #
# DOI 10.1021/acs.jcim.1c00203                                  #
#                                                               #
# O. Trott, A. J. Olson,                                        #
# AutoDock Vina: improving the speed and accuracy of docking    #
# with a new scoring function, efficient optimization and       #
# multithreading, J. Comp. Chem. (2010)                         #
# DOI 10.1002/jcc.21334                                         #
#                                                               #
# Please see https://github.com/ccsb-scripps/AutoDock-Vina for  #
# more information.                                             #
#################################################################

Scoring function : vina
Rigid receptor: /home/manndo/master_dev/Dockings/Benchmark/7CUO_PHB/_staging/receptors/pdbqt/7CUO_PHB_protein_meeko.pdbqt
Ligand: /home/manndo/master_dev/Dockings/Benchmark/7CUO_PHB/_staging/ligands/pdbqt/7CUO_PHB_ligand_start_conf.pdbqt
Grid center: X 21.508 Y 14.171 Z 62.444
Grid size  : X 11.8 Y 14.9 Z 15.3
Grid space : 0.375
Exhaustiveness: 32
CPU: 32
Verbosity: 1

Computing Vina grid ... done.
Performing docking (random seed: 42) ... 
0%   10   20   30   40   50   60   70   80   90   100%
|----|----|----|----|----|----|----|----|----|----|
***************************************************

mode |   affinity | dist from best mode
     | (kcal/mol) | rmsd l.b.| rmsd u.b.
-----+------------+----------+----------
   1       -7.072          0          0
   2       -7.042    0.03257      1.532
   3       -6.969      2.166      3.318
   4       -6.969      2.173      3.309
   5       -6.577      2.142      4.403
   6       -6.577       1.92       4.74
   7       -6.555      2.168      4.313
   8       -6.518     0.8386      1.394
   9       -6.238      1.252      4.493
  10       -5.965      1.715      4.213
