AutoDock Vina v1.2.7-20-g93cdc3d-mod
#################################################################
# If you used AutoDock Vina in your work, please cite:          #
#                                                               #
# J. Eberhardt, D. Santos-Martins, A. F. Tillack, and S. Forli  #
# AutoDock Vina 1.2.0: New Docking Methods, Expanded Force      #
# Field, and Python Bindings, J. Chem. Inf. Model. (2021)       #
# DOI 10.1021/acs.jcim.1c00203                                  #
#                                                               #
# O. Trott, A. J. Olson,                                        #
# AutoDock Vina: improving the speed and accuracy of docking    #
# with a new scoring function, efficient optimization and       #
# multithreading, J. Comp. Chem. (2010)                         #
# DOI 10.1002/jcc.21334                                         #
#                                                               #
# Please see https://github.com/ccsb-scripps/AutoDock-Vina for  #
# more information.                                             #
#################################################################

Scoring function : vina
Rigid receptor: /home/manndo/master_dev/Dockings/Benchmark/7D5C_GV6/_staging/receptors/pdbqt/7D5C_GV6_protein_mgl_tools.pdbqt
Ligand: /home/manndo/master_dev/Dockings/Benchmark/7D5C_GV6/_staging/ligands/pdbqt/7D5C_GV6_ligand_start_conf.pdbqt
Grid center: X 9.749 Y 5.642 Z 38.834
Grid size  : X 16.5 Y 15.3 Z 22.9
Grid space : 0.375
Exhaustiveness: 32
CPU: 32
Verbosity: 1

Computing Vina grid ... done.
Performing docking (random seed: 42) ... 
0%   10   20   30   40   50   60   70   80   90   100%
|----|----|----|----|----|----|----|----|----|----|
***************************************************

mode |   affinity | dist from best mode
     | (kcal/mol) | rmsd l.b.| rmsd u.b.
-----+------------+----------+----------
   1       -9.145          0          0
   2       -8.515       2.62      4.085
   3       -8.508      2.693      3.927
   4       -8.268      2.223      3.715
   5       -8.192      2.063      2.883
   6       -8.188      2.468       3.91
   7       -8.167      1.321      2.152
   8        -8.16      2.563      4.146
   9       -8.131      3.018        4.9
  10       -8.123      2.226      3.904
