AutoDock Vina v1.2.7-20-g93cdc3d-mod
#################################################################
# If you used AutoDock Vina in your work, please cite:          #
#                                                               #
# J. Eberhardt, D. Santos-Martins, A. F. Tillack, and S. Forli  #
# AutoDock Vina 1.2.0: New Docking Methods, Expanded Force      #
# Field, and Python Bindings, J. Chem. Inf. Model. (2021)       #
# DOI 10.1021/acs.jcim.1c00203                                  #
#                                                               #
# O. Trott, A. J. Olson,                                        #
# AutoDock Vina: improving the speed and accuracy of docking    #
# with a new scoring function, efficient optimization and       #
# multithreading, J. Comp. Chem. (2010)                         #
# DOI 10.1002/jcc.21334                                         #
#                                                               #
# Please see https://github.com/ccsb-scripps/AutoDock-Vina for  #
# more information.                                             #
#################################################################

Scoring function : vina
Rigid receptor: /home/manndo/master_dev/Dockings/Benchmark/7D5C_GV6/_staging/receptors/pdbqt/7D5C_GV6_protein_meeko_retry1.pdbqt
Ligand: /home/manndo/master_dev/Dockings/Benchmark/7D5C_GV6/_staging/ligands/pdbqt/7D5C_GV6_ligand_start_conf.pdbqt
Grid center: X 9.749 Y 5.642 Z 38.834
Grid size  : X 16.5 Y 15.3 Z 22.9
Grid space : 0.375
Exhaustiveness: 32
CPU: 32
Verbosity: 1

Computing Vina grid ... done.
Performing docking (random seed: 42) ... 
0%   10   20   30   40   50   60   70   80   90   100%
|----|----|----|----|----|----|----|----|----|----|
***************************************************

mode |   affinity | dist from best mode
     | (kcal/mol) | rmsd l.b.| rmsd u.b.
-----+------------+----------+----------
   1       -9.129          0          0
   2       -8.526      2.682      4.761
   3       -8.458      2.588      3.702
   4       -8.447      2.612      4.335
   5       -8.258      1.629      2.158
   6       -8.249      2.172      3.665
   7       -8.207      2.675      4.295
   8       -8.195      2.605      4.271
   9       -8.137      2.252      3.901
  10       -8.018      2.366      3.844
