AutoDock Vina v1.2.7-20-g93cdc3d-mod
#################################################################
# If you used AutoDock Vina in your work, please cite:          #
#                                                               #
# J. Eberhardt, D. Santos-Martins, A. F. Tillack, and S. Forli  #
# AutoDock Vina 1.2.0: New Docking Methods, Expanded Force      #
# Field, and Python Bindings, J. Chem. Inf. Model. (2021)       #
# DOI 10.1021/acs.jcim.1c00203                                  #
#                                                               #
# O. Trott, A. J. Olson,                                        #
# AutoDock Vina: improving the speed and accuracy of docking    #
# with a new scoring function, efficient optimization and       #
# multithreading, J. Comp. Chem. (2010)                         #
# DOI 10.1002/jcc.21334                                         #
#                                                               #
# Please see https://github.com/ccsb-scripps/AutoDock-Vina for  #
# more information.                                             #
#################################################################

Scoring function : vina
Rigid receptor: /home/manndo/master_dev/Dockings/Benchmark/7D6O_MTE/_staging/receptors/pdbqt/7D6O_MTE_protein_meeko.pdbqt
Ligand: /home/manndo/master_dev/Dockings/Benchmark/7D6O_MTE/_staging/ligands/pdbqt/7D6O_MTE_ligand_start_conf.pdbqt
Grid center: X 65.076 Y -21.294 Z 49.091
Grid size  : X 19.1 Y 17.1 Z 16.8
Grid space : 0.375
Exhaustiveness: 32
CPU: 32
Verbosity: 1

Computing Vina grid ... done.
Performing docking (random seed: 42) ... 
0%   10   20   30   40   50   60   70   80   90   100%
|----|----|----|----|----|----|----|----|----|----|
***************************************************

mode |   affinity | dist from best mode
     | (kcal/mol) | rmsd l.b.| rmsd u.b.
-----+------------+----------+----------
   1       -8.115          0          0
   2       -6.591      3.742      7.201
   3       -5.935      4.121      5.142
   4       -5.935      3.739      7.345
   5       -5.492      3.533      7.198
   6       -5.439      4.119      7.286
   7       -4.899       4.14      5.361
   8       -4.145      3.675      7.412
   9       -3.872      3.823      7.074
  10       -3.699      4.685      5.934
