AutoDock Vina v1.2.7-20-g93cdc3d-mod
#################################################################
# If you used AutoDock Vina in your work, please cite:          #
#                                                               #
# J. Eberhardt, D. Santos-Martins, A. F. Tillack, and S. Forli  #
# AutoDock Vina 1.2.0: New Docking Methods, Expanded Force      #
# Field, and Python Bindings, J. Chem. Inf. Model. (2021)       #
# DOI 10.1021/acs.jcim.1c00203                                  #
#                                                               #
# O. Trott, A. J. Olson,                                        #
# AutoDock Vina: improving the speed and accuracy of docking    #
# with a new scoring function, efficient optimization and       #
# multithreading, J. Comp. Chem. (2010)                         #
# DOI 10.1002/jcc.21334                                         #
#                                                               #
# Please see https://github.com/ccsb-scripps/AutoDock-Vina for  #
# more information.                                             #
#################################################################

Scoring function : vina
Rigid receptor: /home/manndo/master_dev/Dockings/Benchmark/7D9L_GSF/_staging/receptors/pdbqt/7D9L_GSF_protein_mgl_tools.pdbqt
Ligand: /home/manndo/master_dev/Dockings/Benchmark/7D9L_GSF/_staging/ligands/pdbqt/7D9L_GSF_ligand_start_conf.pdbqt
Grid center: X 10.389 Y 23.095 Z 13.645
Grid size  : X 17.6 Y 17.6 Z 20.7
Grid space : 0.375
Exhaustiveness: 32
CPU: 32
Verbosity: 1

Computing Vina grid ... done.
Performing docking (random seed: 42) ... 
0%   10   20   30   40   50   60   70   80   90   100%
|----|----|----|----|----|----|----|----|----|----|
***************************************************

mode |   affinity | dist from best mode
     | (kcal/mol) | rmsd l.b.| rmsd u.b.
-----+------------+----------+----------
   1       -5.568          0          0
   2       -5.359      3.016      4.128
   3       -5.313      2.596      5.325
   4        -5.22      4.166      6.967
   5       -5.122      1.226       1.43
   6       -5.107      2.947      6.466
   7       -5.059       2.48      5.049
   8       -5.042      2.729      6.156
   9       -4.995       4.07       6.97
  10       -4.943      2.503      5.621
