AutoDock Vina v1.2.7-20-g93cdc3d-mod
#################################################################
# If you used AutoDock Vina in your work, please cite:          #
#                                                               #
# J. Eberhardt, D. Santos-Martins, A. F. Tillack, and S. Forli  #
# AutoDock Vina 1.2.0: New Docking Methods, Expanded Force      #
# Field, and Python Bindings, J. Chem. Inf. Model. (2021)       #
# DOI 10.1021/acs.jcim.1c00203                                  #
#                                                               #
# O. Trott, A. J. Olson,                                        #
# AutoDock Vina: improving the speed and accuracy of docking    #
# with a new scoring function, efficient optimization and       #
# multithreading, J. Comp. Chem. (2010)                         #
# DOI 10.1002/jcc.21334                                         #
#                                                               #
# Please see https://github.com/ccsb-scripps/AutoDock-Vina for  #
# more information.                                             #
#################################################################

Scoring function : vina
Rigid receptor: /home/manndo/master_dev/Dockings/Benchmark/7DIN_MPO/_staging/receptors/pdbqt/7DIN_MPO_protein_meeko_retry1.pdbqt
Ligand: /home/manndo/master_dev/Dockings/Benchmark/7DIN_MPO/_staging/ligands/pdbqt/7DIN_MPO_ligand_start_conf.pdbqt
Grid center: X 27.841 Y 0.549 Z -12.608
Grid size  : X 13.1 Y 17.8 Z 15.1
Grid space : 0.375
Exhaustiveness: 32
CPU: 32
Verbosity: 1

Computing Vina grid ... done.
Performing docking (random seed: 42) ... 
0%   10   20   30   40   50   60   70   80   90   100%
|----|----|----|----|----|----|----|----|----|----|
***************************************************

mode |   affinity | dist from best mode
     | (kcal/mol) | rmsd l.b.| rmsd u.b.
-----+------------+----------+----------
   1       -4.495          0          0
   2       -4.407      1.939      2.633
   3       -4.407      1.794      2.581
   4       -4.336      2.015      2.622
   5       -4.321      3.093      3.766
   6       -4.233      3.088      3.889
   7       -4.173      1.782      2.568
   8       -4.154      2.933      5.175
   9       -4.089      3.465      5.444
  10       -4.051      2.444      3.061
