AutoDock Vina v1.2.7-20-g93cdc3d-mod
#################################################################
# If you used AutoDock Vina in your work, please cite:          #
#                                                               #
# J. Eberhardt, D. Santos-Martins, A. F. Tillack, and S. Forli  #
# AutoDock Vina 1.2.0: New Docking Methods, Expanded Force      #
# Field, and Python Bindings, J. Chem. Inf. Model. (2021)       #
# DOI 10.1021/acs.jcim.1c00203                                  #
#                                                               #
# O. Trott, A. J. Olson,                                        #
# AutoDock Vina: improving the speed and accuracy of docking    #
# with a new scoring function, efficient optimization and       #
# multithreading, J. Comp. Chem. (2010)                         #
# DOI 10.1002/jcc.21334                                         #
#                                                               #
# Please see https://github.com/ccsb-scripps/AutoDock-Vina for  #
# more information.                                             #
#################################################################

Scoring function : vina
Rigid receptor: /home/manndo/master_dev/Dockings/Benchmark/7DUA_HJ0/_staging/receptors/pdbqt/7DUA_HJ0_protein_mgl_tools.pdbqt
Ligand: /home/manndo/master_dev/Dockings/Benchmark/7DUA_HJ0/_staging/ligands/pdbqt/7DUA_HJ0_ligand_start_conf.pdbqt
Grid center: X 25.838 Y 12.989 Z -25.56
Grid size  : X 20.6 Y 16.9 Z 14.7
Grid space : 0.375
Exhaustiveness: 32
CPU: 32
Verbosity: 1

Computing Vina grid ... done.
Performing docking (random seed: 42) ... 
0%   10   20   30   40   50   60   70   80   90   100%
|----|----|----|----|----|----|----|----|----|----|
***************************************************

mode |   affinity | dist from best mode
     | (kcal/mol) | rmsd l.b.| rmsd u.b.
-----+------------+----------+----------
   1       -9.461          0          0
   2       -9.285     0.6069      1.011
   3       -9.073      2.391      4.219
   4       -8.731      1.584      2.316
   5       -8.459      1.426      1.717
   6       -8.226      2.652      6.747
   7       -8.157      2.665      7.298
   8       -8.141      3.073      7.926
   9       -7.986      2.377      7.096
  10       -7.935      1.677      3.715
