AutoDock Vina v1.2.7-20-g93cdc3d-mod
#################################################################
# If you used AutoDock Vina in your work, please cite:          #
#                                                               #
# J. Eberhardt, D. Santos-Martins, A. F. Tillack, and S. Forli  #
# AutoDock Vina 1.2.0: New Docking Methods, Expanded Force      #
# Field, and Python Bindings, J. Chem. Inf. Model. (2021)       #
# DOI 10.1021/acs.jcim.1c00203                                  #
#                                                               #
# O. Trott, A. J. Olson,                                        #
# AutoDock Vina: improving the speed and accuracy of docking    #
# with a new scoring function, efficient optimization and       #
# multithreading, J. Comp. Chem. (2010)                         #
# DOI 10.1002/jcc.21334                                         #
#                                                               #
# Please see https://github.com/ccsb-scripps/AutoDock-Vina for  #
# more information.                                             #
#################################################################

Scoring function : vina
Rigid receptor: /home/manndo/master_dev/Dockings/Benchmark/7DUA_HJ0/_staging/receptors/pdbqt/7DUA_HJ0_protein_meeko.pdbqt
Ligand: /home/manndo/master_dev/Dockings/Benchmark/7DUA_HJ0/_staging/ligands/pdbqt/7DUA_HJ0_ligand_start_conf.pdbqt
Grid center: X 25.838 Y 12.989 Z -25.56
Grid size  : X 20.6 Y 16.9 Z 14.7
Grid space : 0.375
Exhaustiveness: 32
CPU: 32
Verbosity: 1

Computing Vina grid ... done.
Performing docking (random seed: 42) ... 
0%   10   20   30   40   50   60   70   80   90   100%
|----|----|----|----|----|----|----|----|----|----|
***************************************************

mode |   affinity | dist from best mode
     | (kcal/mol) | rmsd l.b.| rmsd u.b.
-----+------------+----------+----------
   1       -9.459          0          0
   2       -9.204      1.258      1.738
   3       -9.076     0.8716      1.179
   4       -9.075      2.379      4.201
   5       -8.257      2.653      6.746
   6       -8.135      3.051      7.912
   7       -8.128      2.658      7.325
   8       -8.105      1.922      3.751
   9        -8.06      2.852      7.115
  10       -7.825      3.082      7.897
