AutoDock Vina v1.2.7-20-g93cdc3d-mod
#################################################################
# If you used AutoDock Vina in your work, please cite:          #
#                                                               #
# J. Eberhardt, D. Santos-Martins, A. F. Tillack, and S. Forli  #
# AutoDock Vina 1.2.0: New Docking Methods, Expanded Force      #
# Field, and Python Bindings, J. Chem. Inf. Model. (2021)       #
# DOI 10.1021/acs.jcim.1c00203                                  #
#                                                               #
# O. Trott, A. J. Olson,                                        #
# AutoDock Vina: improving the speed and accuracy of docking    #
# with a new scoring function, efficient optimization and       #
# multithreading, J. Comp. Chem. (2010)                         #
# DOI 10.1002/jcc.21334                                         #
#                                                               #
# Please see https://github.com/ccsb-scripps/AutoDock-Vina for  #
# more information.                                             #
#################################################################

Scoring function : vina
Rigid receptor: /home/manndo/master_dev/Dockings/Benchmark/7E4L_MDN/_staging/receptors/pdbqt/7E4L_MDN_protein_meeko_retry1.pdbqt
Ligand: /home/manndo/master_dev/Dockings/Benchmark/7E4L_MDN/_staging/ligands/pdbqt/7E4L_MDN_ligand_start_conf.pdbqt
Grid center: X -3.848 Y 5.407 Z -5.144
Grid size  : X 13.9 Y 15 Z 13
Grid space : 0.375
Exhaustiveness: 32
CPU: 32
Verbosity: 1

Computing Vina grid ... done.
Performing docking (random seed: 42) ... 
0%   10   20   30   40   50   60   70   80   90   100%
|----|----|----|----|----|----|----|----|----|----|
***************************************************

mode |   affinity | dist from best mode
     | (kcal/mol) | rmsd l.b.| rmsd u.b.
-----+------------+----------+----------
   1       -5.366          0          0
   2       -5.349    0.03424      3.828
   3       -5.287      2.227      2.785
   4       -5.271      2.405      4.069
   5       -5.266      2.434      3.552
   6       -5.264      2.435      3.369
   7       -5.247      2.178      4.066
   8       -5.242        2.3      4.133
   9       -5.236      2.285      3.238
  10       -5.162     0.3731      3.845
