AutoDock Vina v1.2.7-20-g93cdc3d-mod
#################################################################
# If you used AutoDock Vina in your work, please cite:          #
#                                                               #
# J. Eberhardt, D. Santos-Martins, A. F. Tillack, and S. Forli  #
# AutoDock Vina 1.2.0: New Docking Methods, Expanded Force      #
# Field, and Python Bindings, J. Chem. Inf. Model. (2021)       #
# DOI 10.1021/acs.jcim.1c00203                                  #
#                                                               #
# O. Trott, A. J. Olson,                                        #
# AutoDock Vina: improving the speed and accuracy of docking    #
# with a new scoring function, efficient optimization and       #
# multithreading, J. Comp. Chem. (2010)                         #
# DOI 10.1002/jcc.21334                                         #
#                                                               #
# Please see https://github.com/ccsb-scripps/AutoDock-Vina for  #
# more information.                                             #
#################################################################

Scoring function : vina
Rigid receptor: /home/manndo/master_dev/Dockings/Benchmark/7EBG_J0L/_staging/receptors/pdbqt/7EBG_J0L_protein_mgl_tools.pdbqt
Ligand: /home/manndo/master_dev/Dockings/Benchmark/7EBG_J0L/_staging/ligands/pdbqt/7EBG_J0L_ligand_start_conf.pdbqt
Grid center: X -15.005 Y 10.53 Z 24.15
Grid size  : X 12.5 Y 14.4 Z 16.5
Grid space : 0.375
Exhaustiveness: 32
CPU: 32
Verbosity: 1

Computing Vina grid ... done.
Performing docking (random seed: 42) ... 
0%   10   20   30   40   50   60   70   80   90   100%
|----|----|----|----|----|----|----|----|----|----|
***************************************************

mode |   affinity | dist from best mode
     | (kcal/mol) | rmsd l.b.| rmsd u.b.
-----+------------+----------+----------
   1       -7.982          0          0
   2       -7.361     0.7689     0.7794
   3       -5.806       2.42      3.914
   4       -5.776      2.999      5.633
   5       -5.759      3.575          6
   6       -5.562      2.547      5.018
   7        -5.55      3.371      5.602
   8       -5.461      3.978      5.553
   9       -5.413      3.225        5.2
  10       -5.255      3.222      5.826
