AutoDock Vina v1.2.7-20-g93cdc3d-mod
#################################################################
# If you used AutoDock Vina in your work, please cite:          #
#                                                               #
# J. Eberhardt, D. Santos-Martins, A. F. Tillack, and S. Forli  #
# AutoDock Vina 1.2.0: New Docking Methods, Expanded Force      #
# Field, and Python Bindings, J. Chem. Inf. Model. (2021)       #
# DOI 10.1021/acs.jcim.1c00203                                  #
#                                                               #
# O. Trott, A. J. Olson,                                        #
# AutoDock Vina: improving the speed and accuracy of docking    #
# with a new scoring function, efficient optimization and       #
# multithreading, J. Comp. Chem. (2010)                         #
# DOI 10.1002/jcc.21334                                         #
#                                                               #
# Please see https://github.com/ccsb-scripps/AutoDock-Vina for  #
# more information.                                             #
#################################################################

Scoring function : vina
Rigid receptor: /home/manndo/master_dev/Dockings/Benchmark/7ELT_TYM/_staging/receptors/pdbqt/7ELT_TYM_protein_meeko.pdbqt
Ligand: /home/manndo/master_dev/Dockings/Benchmark/7ELT_TYM/_staging/ligands/pdbqt/7ELT_TYM_ligand_start_conf.pdbqt
Grid center: X 12.346 Y 47.341 Z 13.06
Grid size  : X 24.2 Y 16.8 Z 19.6
Grid space : 0.375
Exhaustiveness: 32
CPU: 32
Verbosity: 1

Computing Vina grid ... done.
Performing docking (random seed: 42) ... 
0%   10   20   30   40   50   60   70   80   90   100%
|----|----|----|----|----|----|----|----|----|----|
***************************************************

mode |   affinity | dist from best mode
     | (kcal/mol) | rmsd l.b.| rmsd u.b.
-----+------------+----------+----------
   1       -12.08          0          0
   2        -11.2      1.212      1.992
   3       -10.82      1.189      1.718
   4       -10.74      2.732      4.261
   5       -10.71      4.429      6.134
   6       -10.59      4.057      5.643
   7       -10.59      3.997      6.328
   8       -10.44      2.032      8.987
   9       -10.24      2.476      4.241
  10       -10.19      4.405      5.952
