AutoDock Vina v1.2.7-20-g93cdc3d-mod
#################################################################
# If you used AutoDock Vina in your work, please cite:          #
#                                                               #
# J. Eberhardt, D. Santos-Martins, A. F. Tillack, and S. Forli  #
# AutoDock Vina 1.2.0: New Docking Methods, Expanded Force      #
# Field, and Python Bindings, J. Chem. Inf. Model. (2021)       #
# DOI 10.1021/acs.jcim.1c00203                                  #
#                                                               #
# O. Trott, A. J. Olson,                                        #
# AutoDock Vina: improving the speed and accuracy of docking    #
# with a new scoring function, efficient optimization and       #
# multithreading, J. Comp. Chem. (2010)                         #
# DOI 10.1002/jcc.21334                                         #
#                                                               #
# Please see https://github.com/ccsb-scripps/AutoDock-Vina for  #
# more information.                                             #
#################################################################

Scoring function : vina
Rigid receptor: /home/manndo/master_dev/Dockings/Benchmark/7ES1_UDP/_staging/receptors/pdbqt/7ES1_UDP_protein_meeko.pdbqt
Ligand: /home/manndo/master_dev/Dockings/Benchmark/7ES1_UDP/_staging/ligands/pdbqt/7ES1_UDP_ligand_start_conf.pdbqt
Grid center: X 13.153 Y 6.763 Z 19.655
Grid size  : X 17.1 Y 18.4 Z 19.2
Grid space : 0.375
Exhaustiveness: 32
CPU: 32
Verbosity: 1

Computing Vina grid ... done.
Performing docking (random seed: 42) ... 
0%   10   20   30   40   50   60   70   80   90   100%
|----|----|----|----|----|----|----|----|----|----|
***************************************************

mode |   affinity | dist from best mode
     | (kcal/mol) | rmsd l.b.| rmsd u.b.
-----+------------+----------+----------
   1       -9.504          0          0
   2       -9.468      0.684      1.197
   3       -9.207      4.623      8.401
   4       -9.133      3.631      6.581
   5       -8.929      3.514      7.246
   6        -8.68      5.785      9.875
   7       -8.678      4.009       6.59
   8       -8.671      4.492      8.213
   9       -8.594      1.449      2.245
  10       -8.076      5.183       9.26
