AutoDock Vina v1.2.7-20-g93cdc3d-mod
#################################################################
# If you used AutoDock Vina in your work, please cite:          #
#                                                               #
# J. Eberhardt, D. Santos-Martins, A. F. Tillack, and S. Forli  #
# AutoDock Vina 1.2.0: New Docking Methods, Expanded Force      #
# Field, and Python Bindings, J. Chem. Inf. Model. (2021)       #
# DOI 10.1021/acs.jcim.1c00203                                  #
#                                                               #
# O. Trott, A. J. Olson,                                        #
# AutoDock Vina: improving the speed and accuracy of docking    #
# with a new scoring function, efficient optimization and       #
# multithreading, J. Comp. Chem. (2010)                         #
# DOI 10.1002/jcc.21334                                         #
#                                                               #
# Please see https://github.com/ccsb-scripps/AutoDock-Vina for  #
# more information.                                             #
#################################################################

Scoring function : vina
Rigid receptor: /home/manndo/master_dev/Dockings/Benchmark/7F8T_FAD/_staging/receptors/pdbqt/7F8T_FAD_protein_mgl_tools.pdbqt
Ligand: /home/manndo/master_dev/Dockings/Benchmark/7F8T_FAD/_staging/ligands/pdbqt/7F8T_FAD_ligand_start_conf.pdbqt
Grid center: X 25.714 Y 23.271 Z 99.267
Grid size  : X 20.7 Y 17.6 Z 23
Grid space : 0.375
Exhaustiveness: 32
CPU: 32
Verbosity: 1

Computing Vina grid ... done.
Performing docking (random seed: 42) ... 
0%   10   20   30   40   50   60   70   80   90   100%
|----|----|----|----|----|----|----|----|----|----|
***************************************************

mode |   affinity | dist from best mode
     | (kcal/mol) | rmsd l.b.| rmsd u.b.
-----+------------+----------+----------
   1       -11.89          0          0
   2       -11.83      2.419      4.098
   3        -11.8      2.134      4.002
   4       -11.68       1.37      3.503
   5       -11.61      3.014      4.884
   6       -11.61       1.42      2.542
   7       -11.52      2.166      4.387
   8       -11.43      2.563      6.593
   9        -11.4      3.176      5.551
  10       -11.26      2.079      3.514
