AutoDock Vina v1.2.7-20-g93cdc3d-mod
#################################################################
# If you used AutoDock Vina in your work, please cite:          #
#                                                               #
# J. Eberhardt, D. Santos-Martins, A. F. Tillack, and S. Forli  #
# AutoDock Vina 1.2.0: New Docking Methods, Expanded Force      #
# Field, and Python Bindings, J. Chem. Inf. Model. (2021)       #
# DOI 10.1021/acs.jcim.1c00203                                  #
#                                                               #
# O. Trott, A. J. Olson,                                        #
# AutoDock Vina: improving the speed and accuracy of docking    #
# with a new scoring function, efficient optimization and       #
# multithreading, J. Comp. Chem. (2010)                         #
# DOI 10.1002/jcc.21334                                         #
#                                                               #
# Please see https://github.com/ccsb-scripps/AutoDock-Vina for  #
# more information.                                             #
#################################################################

Scoring function : vina
Rigid receptor: /home/manndo/master_dev/Dockings/Benchmark/7FB7_8NF/_staging/receptors/pdbqt/7FB7_8NF_protein_mgl_tools.pdbqt
Ligand: /home/manndo/master_dev/Dockings/Benchmark/7FB7_8NF/_staging/ligands/pdbqt/7FB7_8NF_ligand_start_conf.pdbqt
Grid center: X 15.335 Y 21.648 Z 41.379
Grid size  : X 14.9 Y 13.2 Z 12.6
Grid space : 0.375
Exhaustiveness: 32
CPU: 32
Verbosity: 1

Computing Vina grid ... done.
Performing docking (random seed: 42) ... 
0%   10   20   30   40   50   60   70   80   90   100%
|----|----|----|----|----|----|----|----|----|----|
***************************************************

mode |   affinity | dist from best mode
     | (kcal/mol) | rmsd l.b.| rmsd u.b.
-----+------------+----------+----------
   1       -4.532          0          0
   2       -4.369     0.8458      3.284
   3       -3.876     0.9434      1.048
   4        -3.82      1.365      2.248
   5       -3.819      1.628      3.556
   6       -3.741      1.749      3.503
   7       -3.556      1.774      4.218
   8       -3.445      2.379      4.193
   9       -3.383      6.504      7.832
  10       -3.244      1.937       3.12
