AutoDock Vina v1.2.7-20-g93cdc3d-mod
#################################################################
# If you used AutoDock Vina in your work, please cite:          #
#                                                               #
# J. Eberhardt, D. Santos-Martins, A. F. Tillack, and S. Forli  #
# AutoDock Vina 1.2.0: New Docking Methods, Expanded Force      #
# Field, and Python Bindings, J. Chem. Inf. Model. (2021)       #
# DOI 10.1021/acs.jcim.1c00203                                  #
#                                                               #
# O. Trott, A. J. Olson,                                        #
# AutoDock Vina: improving the speed and accuracy of docking    #
# with a new scoring function, efficient optimization and       #
# multithreading, J. Comp. Chem. (2010)                         #
# DOI 10.1002/jcc.21334                                         #
#                                                               #
# Please see https://github.com/ccsb-scripps/AutoDock-Vina for  #
# more information.                                             #
#################################################################

Scoring function : vina
Rigid receptor: /home/manndo/master_dev/Dockings/Benchmark/7FHA_ADX/_staging/receptors/pdbqt/7FHA_ADX_protein_meeko.pdbqt
Ligand: /home/manndo/master_dev/Dockings/Benchmark/7FHA_ADX/_staging/ligands/pdbqt/7FHA_ADX_ligand_start_conf.pdbqt
Grid center: X -4.498 Y -0.049 Z -2.231
Grid size  : X 20.4 Y 16.8 Z 16.6
Grid space : 0.375
Exhaustiveness: 32
CPU: 32
Verbosity: 1

Computing Vina grid ... done.
Performing docking (random seed: 42) ... 
0%   10   20   30   40   50   60   70   80   90   100%
|----|----|----|----|----|----|----|----|----|----|
***************************************************

mode |   affinity | dist from best mode
     | (kcal/mol) | rmsd l.b.| rmsd u.b.
-----+------------+----------+----------
   1       -9.402          0          0
   2       -8.974       4.13      6.994
   3       -8.965       1.27      2.012
   4       -8.769      4.023      6.678
   5       -8.571     0.9783      1.543
   6       -8.184      2.117      3.775
   7       -8.078       4.12      6.229
   8       -8.049      3.832       5.78
   9       -8.039      2.193      4.278
  10       -8.036      4.234      6.388
