AutoDock Vina v1.2.7-20-g93cdc3d-mod
#################################################################
# If you used AutoDock Vina in your work, please cite:          #
#                                                               #
# J. Eberhardt, D. Santos-Martins, A. F. Tillack, and S. Forli  #
# AutoDock Vina 1.2.0: New Docking Methods, Expanded Force      #
# Field, and Python Bindings, J. Chem. Inf. Model. (2021)       #
# DOI 10.1021/acs.jcim.1c00203                                  #
#                                                               #
# O. Trott, A. J. Olson,                                        #
# AutoDock Vina: improving the speed and accuracy of docking    #
# with a new scoring function, efficient optimization and       #
# multithreading, J. Comp. Chem. (2010)                         #
# DOI 10.1002/jcc.21334                                         #
#                                                               #
# Please see https://github.com/ccsb-scripps/AutoDock-Vina for  #
# more information.                                             #
#################################################################

Scoring function : vina
Rigid receptor: /home/manndo/master_dev/Dockings/Benchmark/7FHA_ADX/_staging/receptors/pdbqt/7FHA_ADX_protein_mgl_tools.pdbqt
Ligand: /home/manndo/master_dev/Dockings/Benchmark/7FHA_ADX/_staging/ligands/pdbqt/7FHA_ADX_ligand_start_conf.pdbqt
Grid center: X -4.498 Y -0.049 Z -2.231
Grid size  : X 20.4 Y 16.8 Z 16.6
Grid space : 0.375
Exhaustiveness: 32
CPU: 32
Verbosity: 1

Computing Vina grid ... done.
Performing docking (random seed: 42) ... 
0%   10   20   30   40   50   60   70   80   90   100%
|----|----|----|----|----|----|----|----|----|----|
***************************************************

mode |   affinity | dist from best mode
     | (kcal/mol) | rmsd l.b.| rmsd u.b.
-----+------------+----------+----------
   1       -9.373          0          0
   2        -9.03      4.167      7.037
   3       -9.001      4.041      6.696
   4       -8.907       1.31      2.173
   5       -8.894      1.524      1.773
   6        -8.51      1.293      1.679
   7       -8.351      4.634      7.326
   8       -8.219      2.065      3.605
   9       -8.208      2.118      3.777
  10       -8.083      4.367      6.285
