AutoDock Vina v1.2.7-20-g93cdc3d-mod
#################################################################
# If you used AutoDock Vina in your work, please cite:          #
#                                                               #
# J. Eberhardt, D. Santos-Martins, A. F. Tillack, and S. Forli  #
# AutoDock Vina 1.2.0: New Docking Methods, Expanded Force      #
# Field, and Python Bindings, J. Chem. Inf. Model. (2021)       #
# DOI 10.1021/acs.jcim.1c00203                                  #
#                                                               #
# O. Trott, A. J. Olson,                                        #
# AutoDock Vina: improving the speed and accuracy of docking    #
# with a new scoring function, efficient optimization and       #
# multithreading, J. Comp. Chem. (2010)                         #
# DOI 10.1002/jcc.21334                                         #
#                                                               #
# Please see https://github.com/ccsb-scripps/AutoDock-Vina for  #
# more information.                                             #
#################################################################

Scoring function : vina
Rigid receptor: /home/manndo/master_dev/Dockings/Benchmark/7JHQ_VAJ/_staging/receptors/pdbqt/7JHQ_VAJ_protein_meeko_retry1.pdbqt
Ligand: /home/manndo/master_dev/Dockings/Benchmark/7JHQ_VAJ/_staging/ligands/pdbqt/7JHQ_VAJ_ligand_start_conf.pdbqt
Grid center: X 37.428 Y -39.826 Z 12.941
Grid size  : X 16.4 Y 18.2 Z 16.8
Grid space : 0.375
Exhaustiveness: 32
CPU: 32
Verbosity: 1

Computing Vina grid ... done.
Performing docking (random seed: 42) ... 
0%   10   20   30   40   50   60   70   80   90   100%
|----|----|----|----|----|----|----|----|----|----|
***************************************************

mode |   affinity | dist from best mode
     | (kcal/mol) | rmsd l.b.| rmsd u.b.
-----+------------+----------+----------
   1       -7.756          0          0
   2       -7.701     0.0881      1.144
   3       -7.428      1.494      1.935
   4        -7.38      2.265      6.713
   5       -7.325      2.289       6.77
   6       -6.899      2.789      6.752
   7        -6.85      1.935      2.698
   8       -6.632      2.504      6.924
   9       -6.583        2.4      2.757
  10        -6.57      2.509      6.986
