AutoDock Vina v1.2.7-20-g93cdc3d-mod
#################################################################
# If you used AutoDock Vina in your work, please cite:          #
#                                                               #
# J. Eberhardt, D. Santos-Martins, A. F. Tillack, and S. Forli  #
# AutoDock Vina 1.2.0: New Docking Methods, Expanded Force      #
# Field, and Python Bindings, J. Chem. Inf. Model. (2021)       #
# DOI 10.1021/acs.jcim.1c00203                                  #
#                                                               #
# O. Trott, A. J. Olson,                                        #
# AutoDock Vina: improving the speed and accuracy of docking    #
# with a new scoring function, efficient optimization and       #
# multithreading, J. Comp. Chem. (2010)                         #
# DOI 10.1002/jcc.21334                                         #
#                                                               #
# Please see https://github.com/ccsb-scripps/AutoDock-Vina for  #
# more information.                                             #
#################################################################

Scoring function : vina
Rigid receptor: /home/manndo/master_dev/Dockings/Benchmark/7JUD_MMA/_staging/receptors/pdbqt/7JUD_MMA_protein_mgl_tools.pdbqt
Ligand: /home/manndo/master_dev/Dockings/Benchmark/7JUD_MMA/_staging/ligands/pdbqt/7JUD_MMA_ligand_start_conf.pdbqt
Grid center: X -13.897 Y -8.623 Z 10.059
Grid size  : X 15.5 Y 14.5 Z 13.5
Grid space : 0.375
Exhaustiveness: 32
CPU: 32
Verbosity: 1

Computing Vina grid ... done.
Performing docking (random seed: 42) ... 
0%   10   20   30   40   50   60   70   80   90   100%
|----|----|----|----|----|----|----|----|----|----|
***************************************************

mode |   affinity | dist from best mode
     | (kcal/mol) | rmsd l.b.| rmsd u.b.
-----+------------+----------+----------
   1       -4.273          0          0
   2       -4.063      1.298      3.018
   3       -4.036      1.296      2.508
   4       -3.869     0.9896      3.663
   5       -3.792      1.415      3.697
   6       -3.781      1.358      2.805
   7       -3.756        1.7      3.081
   8       -3.734      1.718      2.875
   9       -3.725      1.331      3.074
  10        -3.67      1.746      3.366
