AutoDock Vina v1.2.7-20-g93cdc3d-mod
#################################################################
# If you used AutoDock Vina in your work, please cite:          #
#                                                               #
# J. Eberhardt, D. Santos-Martins, A. F. Tillack, and S. Forli  #
# AutoDock Vina 1.2.0: New Docking Methods, Expanded Force      #
# Field, and Python Bindings, J. Chem. Inf. Model. (2021)       #
# DOI 10.1021/acs.jcim.1c00203                                  #
#                                                               #
# O. Trott, A. J. Olson,                                        #
# AutoDock Vina: improving the speed and accuracy of docking    #
# with a new scoring function, efficient optimization and       #
# multithreading, J. Comp. Chem. (2010)                         #
# DOI 10.1002/jcc.21334                                         #
#                                                               #
# Please see https://github.com/ccsb-scripps/AutoDock-Vina for  #
# more information.                                             #
#################################################################

Scoring function : vina
Rigid receptor: /home/manndo/master_dev/Dockings/Benchmark/7JXX_VP7/_staging/receptors/pdbqt/7JXX_VP7_protein_mgl_tools.pdbqt
Ligand: /home/manndo/master_dev/Dockings/Benchmark/7JXX_VP7/_staging/ligands/pdbqt/7JXX_VP7_ligand_start_conf.pdbqt
Grid center: X 178.832 Y 19.019 Z 45.397
Grid size  : X 18.4 Y 18.9 Z 17.5
Grid space : 0.375
Exhaustiveness: 32
CPU: 32
Verbosity: 1

Computing Vina grid ... done.
Performing docking (random seed: 42) ... 
0%   10   20   30   40   50   60   70   80   90   100%
|----|----|----|----|----|----|----|----|----|----|
***************************************************

mode |   affinity | dist from best mode
     | (kcal/mol) | rmsd l.b.| rmsd u.b.
-----+------------+----------+----------
   1       -7.701          0          0
   2       -7.597      1.335      1.882
   3       -7.596      3.875      8.027
   4       -7.367      4.295      7.081
   5       -7.315      3.841      7.239
   6       -7.308      3.082      4.776
   7       -7.216      3.867       7.17
   8       -7.212       3.69      7.213
   9       -7.014      1.965      2.327
  10       -6.935      3.492      6.976
