AutoDock Vina v1.2.7-20-g93cdc3d-mod
#################################################################
# If you used AutoDock Vina in your work, please cite:          #
#                                                               #
# J. Eberhardt, D. Santos-Martins, A. F. Tillack, and S. Forli  #
# AutoDock Vina 1.2.0: New Docking Methods, Expanded Force      #
# Field, and Python Bindings, J. Chem. Inf. Model. (2021)       #
# DOI 10.1021/acs.jcim.1c00203                                  #
#                                                               #
# O. Trott, A. J. Olson,                                        #
# AutoDock Vina: improving the speed and accuracy of docking    #
# with a new scoring function, efficient optimization and       #
# multithreading, J. Comp. Chem. (2010)                         #
# DOI 10.1002/jcc.21334                                         #
#                                                               #
# Please see https://github.com/ccsb-scripps/AutoDock-Vina for  #
# more information.                                             #
#################################################################

Scoring function : vina
Rigid receptor: /home/manndo/master_dev/Dockings/Benchmark/7K0V_VQP/_staging/receptors/pdbqt/7K0V_VQP_protein_mgl_tools.pdbqt
Ligand: /home/manndo/master_dev/Dockings/Benchmark/7K0V_VQP/_staging/ligands/pdbqt/7K0V_VQP_ligand_start_conf.pdbqt
Grid center: X 3.126 Y 1.446 Z -25.84
Grid size  : X 19.2 Y 20.8 Z 21.5
Grid space : 0.375
Exhaustiveness: 32
CPU: 32
Verbosity: 1

Computing Vina grid ... done.
Performing docking (random seed: 42) ... 
0%   10   20   30   40   50   60   70   80   90   100%
|----|----|----|----|----|----|----|----|----|----|
***************************************************

mode |   affinity | dist from best mode
     | (kcal/mol) | rmsd l.b.| rmsd u.b.
-----+------------+----------+----------
   1       -12.43          0          0
   2       -11.82      1.562      2.169
   3       -11.04      2.318      9.862
   4       -9.837      5.162      10.59
   5       -9.557      3.315      6.139
   6       -9.289      1.667      2.235
   7       -9.269      3.652       6.92
   8       -9.149      5.441      13.26
   9       -9.112      2.221      9.985
  10       -8.973      3.242      6.138
