AutoDock Vina v1.2.7-20-g93cdc3d-mod
#################################################################
# If you used AutoDock Vina in your work, please cite:          #
#                                                               #
# J. Eberhardt, D. Santos-Martins, A. F. Tillack, and S. Forli  #
# AutoDock Vina 1.2.0: New Docking Methods, Expanded Force      #
# Field, and Python Bindings, J. Chem. Inf. Model. (2021)       #
# DOI 10.1021/acs.jcim.1c00203                                  #
#                                                               #
# O. Trott, A. J. Olson,                                        #
# AutoDock Vina: improving the speed and accuracy of docking    #
# with a new scoring function, efficient optimization and       #
# multithreading, J. Comp. Chem. (2010)                         #
# DOI 10.1002/jcc.21334                                         #
#                                                               #
# Please see https://github.com/ccsb-scripps/AutoDock-Vina for  #
# more information.                                             #
#################################################################

Scoring function : vina
Rigid receptor: /home/manndo/master_dev/Dockings/Benchmark/7KB1_WBJ/_staging/receptors/pdbqt/7KB1_WBJ_protein_mgl_tools.pdbqt
Ligand: /home/manndo/master_dev/Dockings/Benchmark/7KB1_WBJ/_staging/ligands/pdbqt/7KB1_WBJ_ligand_start_conf.pdbqt
Grid center: X -1.954 Y -28.132 Z 17.116
Grid size  : X 17.3 Y 18.8 Z 14.6
Grid space : 0.375
Exhaustiveness: 32
CPU: 32
Verbosity: 1

Computing Vina grid ... done.
Performing docking (random seed: 42) ... 
0%   10   20   30   40   50   60   70   80   90   100%
|----|----|----|----|----|----|----|----|----|----|
***************************************************

mode |   affinity | dist from best mode
     | (kcal/mol) | rmsd l.b.| rmsd u.b.
-----+------------+----------+----------
   1       -9.155          0          0
   2       -8.203      1.708      5.304
   3       -7.765      2.691      6.315
   4       -7.702      1.878      4.859
   5       -7.571      2.991      5.151
   6       -6.898      1.573      2.223
   7       -6.895      2.962       6.13
   8        -5.57      3.305      6.112
   9       -5.276      2.801       5.47
  10       -5.198      2.488      3.877
