AutoDock Vina v1.2.7-20-g93cdc3d-mod
#################################################################
# If you used AutoDock Vina in your work, please cite:          #
#                                                               #
# J. Eberhardt, D. Santos-Martins, A. F. Tillack, and S. Forli  #
# AutoDock Vina 1.2.0: New Docking Methods, Expanded Force      #
# Field, and Python Bindings, J. Chem. Inf. Model. (2021)       #
# DOI 10.1021/acs.jcim.1c00203                                  #
#                                                               #
# O. Trott, A. J. Olson,                                        #
# AutoDock Vina: improving the speed and accuracy of docking    #
# with a new scoring function, efficient optimization and       #
# multithreading, J. Comp. Chem. (2010)                         #
# DOI 10.1002/jcc.21334                                         #
#                                                               #
# Please see https://github.com/ccsb-scripps/AutoDock-Vina for  #
# more information.                                             #
#################################################################

Scoring function : vina
Rigid receptor: /home/manndo/master_dev/Dockings/Benchmark/7KP6_WTP/_staging/receptors/pdbqt/7KP6_WTP_protein_meeko_retry1.pdbqt
Ligand: /home/manndo/master_dev/Dockings/Benchmark/7KP6_WTP/_staging/ligands/pdbqt/7KP6_WTP_ligand_start_conf.pdbqt
Grid center: X 26.642 Y 26.189 Z 23.861
Grid size  : X 19.8 Y 21.1 Z 15.6
Grid space : 0.375
Exhaustiveness: 32
CPU: 32
Verbosity: 1

Computing Vina grid ... done.
Performing docking (random seed: 42) ... 
0%   10   20   30   40   50   60   70   80   90   100%
|----|----|----|----|----|----|----|----|----|----|
***************************************************

mode |   affinity | dist from best mode
     | (kcal/mol) | rmsd l.b.| rmsd u.b.
-----+------------+----------+----------
   1       -7.086          0          0
   2       -6.987      3.428      5.138
   3       -6.827      3.892      6.857
   4       -6.703      3.609      5.027
   5       -6.702      5.651      8.606
   6       -6.647      5.319      8.291
   7       -6.634      1.985      2.482
   8       -6.559      2.299      4.213
   9       -6.539      3.876      6.141
  10       -6.486      3.222      5.101
