AutoDock Vina v1.2.7-20-g93cdc3d-mod
#################################################################
# If you used AutoDock Vina in your work, please cite:          #
#                                                               #
# J. Eberhardt, D. Santos-Martins, A. F. Tillack, and S. Forli  #
# AutoDock Vina 1.2.0: New Docking Methods, Expanded Force      #
# Field, and Python Bindings, J. Chem. Inf. Model. (2021)       #
# DOI 10.1021/acs.jcim.1c00203                                  #
#                                                               #
# O. Trott, A. J. Olson,                                        #
# AutoDock Vina: improving the speed and accuracy of docking    #
# with a new scoring function, efficient optimization and       #
# multithreading, J. Comp. Chem. (2010)                         #
# DOI 10.1002/jcc.21334                                         #
#                                                               #
# Please see https://github.com/ccsb-scripps/AutoDock-Vina for  #
# more information.                                             #
#################################################################

Scoring function : vina
Rigid receptor: /home/manndo/master_dev/Dockings/Benchmark/7KRU_ATP/_staging/receptors/pdbqt/7KRU_ATP_protein_meeko.pdbqt
Ligand: /home/manndo/master_dev/Dockings/Benchmark/7KRU_ATP/_staging/ligands/pdbqt/7KRU_ATP_ligand_start_conf.pdbqt
Grid center: X 46.026 Y 39.679 Z 203.868
Grid size  : X 22.8 Y 18.1 Z 20.8
Grid space : 0.375
Exhaustiveness: 32
CPU: 32
Verbosity: 1

Computing Vina grid ... done.
Performing docking (random seed: 42) ... 
0%   10   20   30   40   50   60   70   80   90   100%
|----|----|----|----|----|----|----|----|----|----|
***************************************************

mode |   affinity | dist from best mode
     | (kcal/mol) | rmsd l.b.| rmsd u.b.
-----+------------+----------+----------
   1       -10.19          0          0
   2       -10.12     0.5997      1.405
   3       -9.986      6.914      10.12
   4       -9.944       5.53      8.328
   5       -9.939      6.768      10.05
   6       -9.475      1.386      2.584
   7       -9.412       1.64       2.47
   8       -9.254      6.876      10.17
   9         -9.1      1.939      3.123
  10       -9.001      6.503      10.11
