AutoDock Vina v1.2.7-20-g93cdc3d-mod
#################################################################
# If you used AutoDock Vina in your work, please cite:          #
#                                                               #
# J. Eberhardt, D. Santos-Martins, A. F. Tillack, and S. Forli  #
# AutoDock Vina 1.2.0: New Docking Methods, Expanded Force      #
# Field, and Python Bindings, J. Chem. Inf. Model. (2021)       #
# DOI 10.1021/acs.jcim.1c00203                                  #
#                                                               #
# O. Trott, A. J. Olson,                                        #
# AutoDock Vina: improving the speed and accuracy of docking    #
# with a new scoring function, efficient optimization and       #
# multithreading, J. Comp. Chem. (2010)                         #
# DOI 10.1002/jcc.21334                                         #
#                                                               #
# Please see https://github.com/ccsb-scripps/AutoDock-Vina for  #
# more information.                                             #
#################################################################

Scoring function : vina
Rigid receptor: /home/manndo/master_dev/Dockings/Benchmark/7L00_XCJ/_staging/receptors/pdbqt/7L00_XCJ_protein_meeko_retry1.pdbqt
Ligand: /home/manndo/master_dev/Dockings/Benchmark/7L00_XCJ/_staging/ligands/pdbqt/7L00_XCJ_ligand_start_conf.pdbqt
Grid center: X 9.291 Y 16.15 Z 30.942
Grid size  : X 21.5 Y 14.7 Z 21.9
Grid space : 0.375
Exhaustiveness: 32
CPU: 32
Verbosity: 1

Computing Vina grid ... done.
Performing docking (random seed: 42) ... 
0%   10   20   30   40   50   60   70   80   90   100%
|----|----|----|----|----|----|----|----|----|----|
***************************************************

mode |   affinity | dist from best mode
     | (kcal/mol) | rmsd l.b.| rmsd u.b.
-----+------------+----------+----------
   1       -8.162          0          0
   2       -8.077      1.094      1.629
   3       -7.834      4.597      6.787
   4        -7.83      2.002       2.57
   5       -7.619      4.093      9.562
   6       -7.455      3.026      4.251
   7       -7.453      2.121      2.982
   8       -7.439      2.638      4.219
   9       -7.385      3.768       9.35
  10        -7.22      2.366      3.384
