AutoDock Vina v1.2.7-20-g93cdc3d-mod
#################################################################
# If you used AutoDock Vina in your work, please cite:          #
#                                                               #
# J. Eberhardt, D. Santos-Martins, A. F. Tillack, and S. Forli  #
# AutoDock Vina 1.2.0: New Docking Methods, Expanded Force      #
# Field, and Python Bindings, J. Chem. Inf. Model. (2021)       #
# DOI 10.1021/acs.jcim.1c00203                                  #
#                                                               #
# O. Trott, A. J. Olson,                                        #
# AutoDock Vina: improving the speed and accuracy of docking    #
# with a new scoring function, efficient optimization and       #
# multithreading, J. Comp. Chem. (2010)                         #
# DOI 10.1002/jcc.21334                                         #
#                                                               #
# Please see https://github.com/ccsb-scripps/AutoDock-Vina for  #
# more information.                                             #
#################################################################

Scoring function : vina
Rigid receptor: /home/manndo/master_dev/Dockings/Benchmark/7L5F_XNG/_staging/receptors/pdbqt/7L5F_XNG_protein_mgl_tools.pdbqt
Ligand: /home/manndo/master_dev/Dockings/Benchmark/7L5F_XNG/_staging/ligands/pdbqt/7L5F_XNG_ligand_start_conf.pdbqt
Grid center: X 11.561 Y 36.721 Z 23.797
Grid size  : X 14.5 Y 18.7 Z 20.1
Grid space : 0.375
Exhaustiveness: 32
CPU: 32
Verbosity: 1

Computing Vina grid ... done.
Performing docking (random seed: 42) ... 
0%   10   20   30   40   50   60   70   80   90   100%
|----|----|----|----|----|----|----|----|----|----|
***************************************************

mode |   affinity | dist from best mode
     | (kcal/mol) | rmsd l.b.| rmsd u.b.
-----+------------+----------+----------
   1        -6.37          0          0
   2       -6.237      1.499      1.983
   3       -6.146      1.544      2.065
   4       -6.127      1.767      2.505
   5       -6.033      2.587      4.992
   6        -6.03      1.638      2.911
   7        -5.99      2.503      4.748
   8       -5.988      1.512      1.772
   9       -5.771      1.885      2.334
  10       -5.623      1.542      2.058
