AutoDock Vina v1.2.7-20-g93cdc3d-mod
#################################################################
# If you used AutoDock Vina in your work, please cite:          #
#                                                               #
# J. Eberhardt, D. Santos-Martins, A. F. Tillack, and S. Forli  #
# AutoDock Vina 1.2.0: New Docking Methods, Expanded Force      #
# Field, and Python Bindings, J. Chem. Inf. Model. (2021)       #
# DOI 10.1021/acs.jcim.1c00203                                  #
#                                                               #
# O. Trott, A. J. Olson,                                        #
# AutoDock Vina: improving the speed and accuracy of docking    #
# with a new scoring function, efficient optimization and       #
# multithreading, J. Comp. Chem. (2010)                         #
# DOI 10.1002/jcc.21334                                         #
#                                                               #
# Please see https://github.com/ccsb-scripps/AutoDock-Vina for  #
# more information.                                             #
#################################################################

Scoring function : vina
Rigid receptor: /home/manndo/master_dev/Dockings/Benchmark/7L6D_BMF/_staging/receptors/pdbqt/7L6D_BMF_protein_mgl_tools.pdbqt
Ligand: /home/manndo/master_dev/Dockings/Benchmark/7L6D_BMF/_staging/ligands/pdbqt/7L6D_BMF_ligand_start_conf.pdbqt
Grid center: X 7.51 Y 8.723 Z 24.122
Grid size  : X 17.5 Y 15.4 Z 22.1
Grid space : 0.375
Exhaustiveness: 32
CPU: 32
Verbosity: 1

Computing Vina grid ... done.
Performing docking (random seed: 42) ... 
0%   10   20   30   40   50   60   70   80   90   100%
|----|----|----|----|----|----|----|----|----|----|
***************************************************

mode |   affinity | dist from best mode
     | (kcal/mol) | rmsd l.b.| rmsd u.b.
-----+------------+----------+----------
   1       -7.585          0          0
   2       -7.386      3.542      7.774
   3       -7.096      5.021      7.753
   4       -6.956      2.335      4.247
   5       -6.928      3.209      7.589
   6        -6.91      4.239      8.091
   7       -6.889       5.79      8.327
   8       -6.775      3.495      7.806
   9       -6.689      4.798      8.231
  10       -6.637      4.198      7.043
