AutoDock Vina v1.2.7-20-g93cdc3d-mod
#################################################################
# If you used AutoDock Vina in your work, please cite:          #
#                                                               #
# J. Eberhardt, D. Santos-Martins, A. F. Tillack, and S. Forli  #
# AutoDock Vina 1.2.0: New Docking Methods, Expanded Force      #
# Field, and Python Bindings, J. Chem. Inf. Model. (2021)       #
# DOI 10.1021/acs.jcim.1c00203                                  #
#                                                               #
# O. Trott, A. J. Olson,                                        #
# AutoDock Vina: improving the speed and accuracy of docking    #
# with a new scoring function, efficient optimization and       #
# multithreading, J. Comp. Chem. (2010)                         #
# DOI 10.1002/jcc.21334                                         #
#                                                               #
# Please see https://github.com/ccsb-scripps/AutoDock-Vina for  #
# more information.                                             #
#################################################################

Scoring function : vina
Rigid receptor: /home/manndo/master_dev/Dockings/Benchmark/7L6D_BMF/_staging/receptors/pdbqt/7L6D_BMF_protein_meeko.pdbqt
Ligand: /home/manndo/master_dev/Dockings/Benchmark/7L6D_BMF/_staging/ligands/pdbqt/7L6D_BMF_ligand_start_conf.pdbqt
Grid center: X 7.51 Y 8.723 Z 24.122
Grid size  : X 17.5 Y 15.4 Z 22.1
Grid space : 0.375
Exhaustiveness: 32
CPU: 32
Verbosity: 1

Computing Vina grid ... done.
Performing docking (random seed: 42) ... 
0%   10   20   30   40   50   60   70   80   90   100%
|----|----|----|----|----|----|----|----|----|----|
***************************************************

mode |   affinity | dist from best mode
     | (kcal/mol) | rmsd l.b.| rmsd u.b.
-----+------------+----------+----------
   1       -7.621          0          0
   2       -7.485       3.61      7.773
   3       -7.108      5.118      7.808
   4       -6.907      5.914       8.44
   5       -6.894      2.111      4.252
   6       -6.843      4.695      8.154
   7       -6.818      3.547      7.809
   8       -6.726      4.118      7.717
   9       -6.708      4.276      8.258
  10       -6.634       4.31      7.115
