AutoDock Vina v1.2.7-20-g93cdc3d-mod
#################################################################
# If you used AutoDock Vina in your work, please cite:          #
#                                                               #
# J. Eberhardt, D. Santos-Martins, A. F. Tillack, and S. Forli  #
# AutoDock Vina 1.2.0: New Docking Methods, Expanded Force      #
# Field, and Python Bindings, J. Chem. Inf. Model. (2021)       #
# DOI 10.1021/acs.jcim.1c00203                                  #
#                                                               #
# O. Trott, A. J. Olson,                                        #
# AutoDock Vina: improving the speed and accuracy of docking    #
# with a new scoring function, efficient optimization and       #
# multithreading, J. Comp. Chem. (2010)                         #
# DOI 10.1002/jcc.21334                                         #
#                                                               #
# Please see https://github.com/ccsb-scripps/AutoDock-Vina for  #
# more information.                                             #
#################################################################

Scoring function : vina
Rigid receptor: /home/manndo/master_dev/Dockings/Benchmark/7LCU_XTA/_staging/receptors/pdbqt/7LCU_XTA_protein_meeko_retry1.pdbqt
Ligand: /home/manndo/master_dev/Dockings/Benchmark/7LCU_XTA/_staging/ligands/pdbqt/7LCU_XTA_ligand_start_conf.pdbqt
Grid center: X -66.572 Y -37.765 Z 95.921
Grid size  : X 25.6 Y 21.7 Z 19.8
Grid space : 0.375
Exhaustiveness: 32
CPU: 32
Verbosity: 1

Computing Vina grid ... done.
Performing docking (random seed: 42) ... 
0%   10   20   30   40   50   60   70   80   90   100%
|----|----|----|----|----|----|----|----|----|----|
***************************************************

mode |   affinity | dist from best mode
     | (kcal/mol) | rmsd l.b.| rmsd u.b.
-----+------------+----------+----------
   1       -10.52          0          0
   2       -10.51     0.1034      1.463
   3        -10.3      2.529      10.65
   4        -10.3      2.532      10.75
   5       -10.16      2.616      10.54
   6       -10.06     0.7664      1.906
   7       -10.04      2.756      3.223
   8       -9.949      2.726      3.563
   9       -9.121      1.554      2.294
  10       -9.084      3.658      4.781
