AutoDock Vina v1.2.7-20-g93cdc3d-mod
#################################################################
# If you used AutoDock Vina in your work, please cite:          #
#                                                               #
# J. Eberhardt, D. Santos-Martins, A. F. Tillack, and S. Forli  #
# AutoDock Vina 1.2.0: New Docking Methods, Expanded Force      #
# Field, and Python Bindings, J. Chem. Inf. Model. (2021)       #
# DOI 10.1021/acs.jcim.1c00203                                  #
#                                                               #
# O. Trott, A. J. Olson,                                        #
# AutoDock Vina: improving the speed and accuracy of docking    #
# with a new scoring function, efficient optimization and       #
# multithreading, J. Comp. Chem. (2010)                         #
# DOI 10.1002/jcc.21334                                         #
#                                                               #
# Please see https://github.com/ccsb-scripps/AutoDock-Vina for  #
# more information.                                             #
#################################################################

Scoring function : vina
Rigid receptor: /home/manndo/master_dev/Dockings/Benchmark/7LCU_XTA/_staging/receptors/pdbqt/7LCU_XTA_protein_mgl_tools.pdbqt
Ligand: /home/manndo/master_dev/Dockings/Benchmark/7LCU_XTA/_staging/ligands/pdbqt/7LCU_XTA_ligand_start_conf.pdbqt
Grid center: X -66.572 Y -37.765 Z 95.921
Grid size  : X 25.6 Y 21.7 Z 19.8
Grid space : 0.375
Exhaustiveness: 32
CPU: 32
Verbosity: 1

Computing Vina grid ... done.
Performing docking (random seed: 42) ... 
0%   10   20   30   40   50   60   70   80   90   100%
|----|----|----|----|----|----|----|----|----|----|
***************************************************

mode |   affinity | dist from best mode
     | (kcal/mol) | rmsd l.b.| rmsd u.b.
-----+------------+----------+----------
   1        -10.5          0          0
   2       -10.47     0.1111      1.463
   3       -10.28      2.582       10.6
   4       -10.18      2.586      10.47
   5       -9.932      2.653      3.179
   6       -9.911      2.652      3.513
   7       -9.277      3.066      4.105
   8       -9.148      4.101      5.186
   9       -9.059      3.651      4.927
  10       -8.977      1.964      2.343
