AutoDock Vina v1.2.7-20-g93cdc3d-mod
#################################################################
# If you used AutoDock Vina in your work, please cite:          #
#                                                               #
# J. Eberhardt, D. Santos-Martins, A. F. Tillack, and S. Forli  #
# AutoDock Vina 1.2.0: New Docking Methods, Expanded Force      #
# Field, and Python Bindings, J. Chem. Inf. Model. (2021)       #
# DOI 10.1021/acs.jcim.1c00203                                  #
#                                                               #
# O. Trott, A. J. Olson,                                        #
# AutoDock Vina: improving the speed and accuracy of docking    #
# with a new scoring function, efficient optimization and       #
# multithreading, J. Comp. Chem. (2010)                         #
# DOI 10.1002/jcc.21334                                         #
#                                                               #
# Please see https://github.com/ccsb-scripps/AutoDock-Vina for  #
# more information.                                             #
#################################################################

Scoring function : vina
Rigid receptor: /home/manndo/master_dev/Dockings/Benchmark/7LT0_ONJ/_staging/receptors/pdbqt/7LT0_ONJ_protein_meeko.pdbqt
Ligand: /home/manndo/master_dev/Dockings/Benchmark/7LT0_ONJ/_staging/ligands/pdbqt/7LT0_ONJ_ligand_start_conf.pdbqt
Grid center: X -31.316 Y -10.22 Z -24.562
Grid size  : X 18.6 Y 21.3 Z 16.5
Grid space : 0.375
Exhaustiveness: 32
CPU: 32
Verbosity: 1

Computing Vina grid ... done.
Performing docking (random seed: 42) ... 
0%   10   20   30   40   50   60   70   80   90   100%
|----|----|----|----|----|----|----|----|----|----|
***************************************************

mode |   affinity | dist from best mode
     | (kcal/mol) | rmsd l.b.| rmsd u.b.
-----+------------+----------+----------
   1       -10.44          0          0
   2       -9.837      2.251      4.732
   3       -9.665      2.886      4.917
   4       -9.656      3.415      5.799
   5       -9.651      2.527      5.143
   6       -9.649      3.735      5.877
   7       -9.438       1.94      3.459
   8       -9.437      2.326      4.692
   9       -9.279      2.448      5.654
  10       -9.042      3.361      7.608
