AutoDock Vina v1.2.7-20-g93cdc3d-mod
#################################################################
# If you used AutoDock Vina in your work, please cite:          #
#                                                               #
# J. Eberhardt, D. Santos-Martins, A. F. Tillack, and S. Forli  #
# AutoDock Vina 1.2.0: New Docking Methods, Expanded Force      #
# Field, and Python Bindings, J. Chem. Inf. Model. (2021)       #
# DOI 10.1021/acs.jcim.1c00203                                  #
#                                                               #
# O. Trott, A. J. Olson,                                        #
# AutoDock Vina: improving the speed and accuracy of docking    #
# with a new scoring function, efficient optimization and       #
# multithreading, J. Comp. Chem. (2010)                         #
# DOI 10.1002/jcc.21334                                         #
#                                                               #
# Please see https://github.com/ccsb-scripps/AutoDock-Vina for  #
# more information.                                             #
#################################################################

Scoring function : vina
Rigid receptor: /home/manndo/master_dev/Dockings/Benchmark/7M3H_YPV/_staging/receptors/pdbqt/7M3H_YPV_protein_mgl_tools.pdbqt
Ligand: /home/manndo/master_dev/Dockings/Benchmark/7M3H_YPV/_staging/ligands/pdbqt/7M3H_YPV_ligand_start_conf.pdbqt
Grid center: X 1.772 Y 7.678 Z 16.296
Grid size  : X 21.3 Y 15.7 Z 16.2
Grid space : 0.375
Exhaustiveness: 32
CPU: 32
Verbosity: 1

Computing Vina grid ... done.
Performing docking (random seed: 42) ... 
0%   10   20   30   40   50   60   70   80   90   100%
|----|----|----|----|----|----|----|----|----|----|
***************************************************

mode |   affinity | dist from best mode
     | (kcal/mol) | rmsd l.b.| rmsd u.b.
-----+------------+----------+----------
   1       -9.188          0          0
   2       -8.443      1.593      2.211
   3        -8.42      1.043      2.276
   4       -8.358      2.029      3.083
   5       -8.297      1.571      2.022
   6       -8.076      4.607      8.643
   7       -8.001       2.68      4.151
   8       -7.894      4.735      8.898
   9       -7.878      1.915      2.524
  10       -7.877      4.385      6.274
