AutoDock Vina v1.2.7-20-g93cdc3d-mod
#################################################################
# If you used AutoDock Vina in your work, please cite:          #
#                                                               #
# J. Eberhardt, D. Santos-Martins, A. F. Tillack, and S. Forli  #
# AutoDock Vina 1.2.0: New Docking Methods, Expanded Force      #
# Field, and Python Bindings, J. Chem. Inf. Model. (2021)       #
# DOI 10.1021/acs.jcim.1c00203                                  #
#                                                               #
# O. Trott, A. J. Olson,                                        #
# AutoDock Vina: improving the speed and accuracy of docking    #
# with a new scoring function, efficient optimization and       #
# multithreading, J. Comp. Chem. (2010)                         #
# DOI 10.1002/jcc.21334                                         #
#                                                               #
# Please see https://github.com/ccsb-scripps/AutoDock-Vina for  #
# more information.                                             #
#################################################################

Scoring function : vina
Rigid receptor: /home/manndo/master_dev/Dockings/Benchmark/7M6K_YRJ/_staging/receptors/pdbqt/7M6K_YRJ_protein_meeko.pdbqt
Ligand: /home/manndo/master_dev/Dockings/Benchmark/7M6K_YRJ/_staging/ligands/pdbqt/7M6K_YRJ_ligand_start_conf.pdbqt
Grid center: X 27.12 Y -7.104 Z -35.353
Grid size  : X 20.6 Y 16.6 Z 21.1
Grid space : 0.375
Exhaustiveness: 32
CPU: 32
Verbosity: 1

Computing Vina grid ... done.
Performing docking (random seed: 42) ... 
0%   10   20   30   40   50   60   70   80   90   100%
|----|----|----|----|----|----|----|----|----|----|
***************************************************

mode |   affinity | dist from best mode
     | (kcal/mol) | rmsd l.b.| rmsd u.b.
-----+------------+----------+----------
   1       -10.25          0          0
   2       -10.06     0.2895      1.336
   3       -9.646      3.208      3.902
   4       -9.622      3.928      5.572
   5       -9.416      4.327      10.23
   6       -9.108      2.853      5.026
   7       -9.082      4.202      9.659
   8       -9.041      4.149      9.969
   9       -8.886      3.277      5.359
  10       -8.852      4.332      10.02
