AutoDock Vina v1.2.7-20-g93cdc3d-mod
#################################################################
# If you used AutoDock Vina in your work, please cite:          #
#                                                               #
# J. Eberhardt, D. Santos-Martins, A. F. Tillack, and S. Forli  #
# AutoDock Vina 1.2.0: New Docking Methods, Expanded Force      #
# Field, and Python Bindings, J. Chem. Inf. Model. (2021)       #
# DOI 10.1021/acs.jcim.1c00203                                  #
#                                                               #
# O. Trott, A. J. Olson,                                        #
# AutoDock Vina: improving the speed and accuracy of docking    #
# with a new scoring function, efficient optimization and       #
# multithreading, J. Comp. Chem. (2010)                         #
# DOI 10.1002/jcc.21334                                         #
#                                                               #
# Please see https://github.com/ccsb-scripps/AutoDock-Vina for  #
# more information.                                             #
#################################################################

Scoring function : vina
Rigid receptor: /home/manndo/master_dev/Dockings/Benchmark/7M6K_YRJ/_staging/receptors/pdbqt/7M6K_YRJ_protein_mgl_tools.pdbqt
Ligand: /home/manndo/master_dev/Dockings/Benchmark/7M6K_YRJ/_staging/ligands/pdbqt/7M6K_YRJ_ligand_start_conf.pdbqt
Grid center: X 27.12 Y -7.104 Z -35.353
Grid size  : X 20.6 Y 16.6 Z 21.1
Grid space : 0.375
Exhaustiveness: 32
CPU: 32
Verbosity: 1

Computing Vina grid ... done.
Performing docking (random seed: 42) ... 
0%   10   20   30   40   50   60   70   80   90   100%
|----|----|----|----|----|----|----|----|----|----|
***************************************************

mode |   affinity | dist from best mode
     | (kcal/mol) | rmsd l.b.| rmsd u.b.
-----+------------+----------+----------
   1       -10.24          0          0
   2       -9.626      3.938      5.662
   3       -9.622      3.249      3.973
   4       -9.445      4.167      9.685
   5       -9.272      4.112      10.07
   6       -9.109      2.824      5.007
   7       -9.014      4.687      10.06
   8       -8.951      4.244      10.03
   9       -8.913      3.274      5.322
  10       -8.902      4.328      10.04
