AutoDock Vina v1.2.7-20-g93cdc3d-mod
#################################################################
# If you used AutoDock Vina in your work, please cite:          #
#                                                               #
# J. Eberhardt, D. Santos-Martins, A. F. Tillack, and S. Forli  #
# AutoDock Vina 1.2.0: New Docking Methods, Expanded Force      #
# Field, and Python Bindings, J. Chem. Inf. Model. (2021)       #
# DOI 10.1021/acs.jcim.1c00203                                  #
#                                                               #
# O. Trott, A. J. Olson,                                        #
# AutoDock Vina: improving the speed and accuracy of docking    #
# with a new scoring function, efficient optimization and       #
# multithreading, J. Comp. Chem. (2010)                         #
# DOI 10.1002/jcc.21334                                         #
#                                                               #
# Please see https://github.com/ccsb-scripps/AutoDock-Vina for  #
# more information.                                             #
#################################################################

Scoring function : vina
Rigid receptor: /home/manndo/master_dev/Dockings/Benchmark/7MAE_XUS/_staging/receptors/pdbqt/7MAE_XUS_protein_meeko_retry1.pdbqt
Ligand: /home/manndo/master_dev/Dockings/Benchmark/7MAE_XUS/_staging/ligands/pdbqt/7MAE_XUS_ligand_start_conf.pdbqt
Grid center: X 19.833 Y -0.933 Z 19.741
Grid size  : X 20.7 Y 20.8 Z 24.1
Grid space : 0.375
Exhaustiveness: 32
CPU: 32
Verbosity: 1

Computing Vina grid ... done.
Performing docking (random seed: 42) ... 
0%   10   20   30   40   50   60   70   80   90   100%
|----|----|----|----|----|----|----|----|----|----|
***************************************************

mode |   affinity | dist from best mode
     | (kcal/mol) | rmsd l.b.| rmsd u.b.
-----+------------+----------+----------
   1       -8.745          0          0
   2       -8.721      2.243      7.452
   3       -8.654     0.7741      1.669
   4       -8.601      3.749      11.03
   5       -8.561     0.8677      1.779
   6       -8.535       3.73      10.51
   7        -8.47       3.79      10.96
   8       -8.462       3.57      9.802
   9       -8.422      3.669       9.89
  10       -8.377      3.209      9.077
