AutoDock Vina v1.2.7-20-g93cdc3d-mod
#################################################################
# If you used AutoDock Vina in your work, please cite:          #
#                                                               #
# J. Eberhardt, D. Santos-Martins, A. F. Tillack, and S. Forli  #
# AutoDock Vina 1.2.0: New Docking Methods, Expanded Force      #
# Field, and Python Bindings, J. Chem. Inf. Model. (2021)       #
# DOI 10.1021/acs.jcim.1c00203                                  #
#                                                               #
# O. Trott, A. J. Olson,                                        #
# AutoDock Vina: improving the speed and accuracy of docking    #
# with a new scoring function, efficient optimization and       #
# multithreading, J. Comp. Chem. (2010)                         #
# DOI 10.1002/jcc.21334                                         #
#                                                               #
# Please see https://github.com/ccsb-scripps/AutoDock-Vina for  #
# more information.                                             #
#################################################################

Scoring function : vina
Rigid receptor: /home/manndo/master_dev/Dockings/Benchmark/7MEU_MGP/_staging/receptors/pdbqt/7MEU_MGP_protein_mgl_tools.pdbqt
Ligand: /home/manndo/master_dev/Dockings/Benchmark/7MEU_MGP/_staging/ligands/pdbqt/7MEU_MGP_ligand_start_conf.pdbqt
Grid center: X -12.282 Y 15.676 Z 49.058
Grid size  : X 20.6 Y 19.3 Z 16.8
Grid space : 0.375
Exhaustiveness: 32
CPU: 32
Verbosity: 1

Computing Vina grid ... done.
Performing docking (random seed: 42) ... 
0%   10   20   30   40   50   60   70   80   90   100%
|----|----|----|----|----|----|----|----|----|----|
***************************************************

mode |   affinity | dist from best mode
     | (kcal/mol) | rmsd l.b.| rmsd u.b.
-----+------------+----------+----------
   1        -7.12          0          0
   2       -7.042      2.127       5.11
   3       -6.808      2.024      4.911
   4       -6.659      1.436      2.927
   5       -6.639      2.579      4.674
   6       -6.541      2.253      5.401
   7        -6.52      3.033      4.632
   8       -6.474      6.513      9.655
   9        -6.44      4.029      6.711
  10       -6.413      4.442      6.315
