AutoDock Vina v1.2.7-20-g93cdc3d-mod
#################################################################
# If you used AutoDock Vina in your work, please cite:          #
#                                                               #
# J. Eberhardt, D. Santos-Martins, A. F. Tillack, and S. Forli  #
# AutoDock Vina 1.2.0: New Docking Methods, Expanded Force      #
# Field, and Python Bindings, J. Chem. Inf. Model. (2021)       #
# DOI 10.1021/acs.jcim.1c00203                                  #
#                                                               #
# O. Trott, A. J. Olson,                                        #
# AutoDock Vina: improving the speed and accuracy of docking    #
# with a new scoring function, efficient optimization and       #
# multithreading, J. Comp. Chem. (2010)                         #
# DOI 10.1002/jcc.21334                                         #
#                                                               #
# Please see https://github.com/ccsb-scripps/AutoDock-Vina for  #
# more information.                                             #
#################################################################

Scoring function : vina
Rigid receptor: /home/manndo/master_dev/Dockings/Benchmark/7MGY_ZD1/_staging/receptors/pdbqt/7MGY_ZD1_protein_meeko_retry1.pdbqt
Ligand: /home/manndo/master_dev/Dockings/Benchmark/7MGY_ZD1/_staging/ligands/pdbqt/7MGY_ZD1_ligand_start_conf.pdbqt
Grid center: X 24.744 Y -31.803 Z 274.852
Grid size  : X 14.9 Y 16.5 Z 19.1
Grid space : 0.375
Exhaustiveness: 32
CPU: 32
Verbosity: 1

Computing Vina grid ... done.
Performing docking (random seed: 42) ... 
0%   10   20   30   40   50   60   70   80   90   100%
|----|----|----|----|----|----|----|----|----|----|
***************************************************

mode |   affinity | dist from best mode
     | (kcal/mol) | rmsd l.b.| rmsd u.b.
-----+------------+----------+----------
   1       -7.239          0          0
   2       -7.191      2.813      6.413
   3       -7.171      2.722      6.236
   4       -7.171      2.113      2.594
   5       -6.694      2.879      6.528
   6       -6.622      1.269      2.677
   7       -6.565      3.352       7.11
   8       -6.469      2.044      3.162
   9       -6.422      3.452      5.743
  10       -6.332      1.522      3.437
