AutoDock Vina v1.2.7-20-g93cdc3d-mod
#################################################################
# If you used AutoDock Vina in your work, please cite:          #
#                                                               #
# J. Eberhardt, D. Santos-Martins, A. F. Tillack, and S. Forli  #
# AutoDock Vina 1.2.0: New Docking Methods, Expanded Force      #
# Field, and Python Bindings, J. Chem. Inf. Model. (2021)       #
# DOI 10.1021/acs.jcim.1c00203                                  #
#                                                               #
# O. Trott, A. J. Olson,                                        #
# AutoDock Vina: improving the speed and accuracy of docking    #
# with a new scoring function, efficient optimization and       #
# multithreading, J. Comp. Chem. (2010)                         #
# DOI 10.1002/jcc.21334                                         #
#                                                               #
# Please see https://github.com/ccsb-scripps/AutoDock-Vina for  #
# more information.                                             #
#################################################################

Scoring function : vina
Rigid receptor: /home/manndo/master_dev/Dockings/Benchmark/7MMH_ZJY/_staging/receptors/pdbqt/7MMH_ZJY_protein_mgl_tools.pdbqt
Ligand: /home/manndo/master_dev/Dockings/Benchmark/7MMH_ZJY/_staging/ligands/pdbqt/7MMH_ZJY_ligand_start_conf.pdbqt
Grid center: X -14.16 Y 18.597 Z -14.611
Grid size  : X 24.8 Y 23.9 Z 19
Grid space : 0.375
Exhaustiveness: 32
CPU: 32
Verbosity: 1

Computing Vina grid ... done.
Performing docking (random seed: 42) ... 
0%   10   20   30   40   50   60   70   80   90   100%
|----|----|----|----|----|----|----|----|----|----|
***************************************************

mode |   affinity | dist from best mode
     | (kcal/mol) | rmsd l.b.| rmsd u.b.
-----+------------+----------+----------
   1        -8.18          0          0
   2       -8.028      1.191      1.443
   3       -8.019      2.242      2.555
   4       -7.941      1.528      2.019
   5       -7.578       3.17      4.832
   6       -7.462      3.412      5.759
   7       -7.389      3.198      4.713
   8       -7.259      3.612      5.215
   9        -7.22      3.955      5.986
  10       -7.165      4.324      7.268
