AutoDock Vina v1.2.7-20-g93cdc3d-mod
#################################################################
# If you used AutoDock Vina in your work, please cite:          #
#                                                               #
# J. Eberhardt, D. Santos-Martins, A. F. Tillack, and S. Forli  #
# AutoDock Vina 1.2.0: New Docking Methods, Expanded Force      #
# Field, and Python Bindings, J. Chem. Inf. Model. (2021)       #
# DOI 10.1021/acs.jcim.1c00203                                  #
#                                                               #
# O. Trott, A. J. Olson,                                        #
# AutoDock Vina: improving the speed and accuracy of docking    #
# with a new scoring function, efficient optimization and       #
# multithreading, J. Comp. Chem. (2010)                         #
# DOI 10.1002/jcc.21334                                         #
#                                                               #
# Please see https://github.com/ccsb-scripps/AutoDock-Vina for  #
# more information.                                             #
#################################################################

Scoring function : vina
Rigid receptor: /home/manndo/master_dev/Dockings/Benchmark/7MMH_ZJY/_staging/receptors/pdbqt/7MMH_ZJY_protein_meeko_retry1.pdbqt
Ligand: /home/manndo/master_dev/Dockings/Benchmark/7MMH_ZJY/_staging/ligands/pdbqt/7MMH_ZJY_ligand_start_conf.pdbqt
Grid center: X -14.16 Y 18.597 Z -14.611
Grid size  : X 24.8 Y 23.9 Z 19
Grid space : 0.375
Exhaustiveness: 32
CPU: 32
Verbosity: 1

Computing Vina grid ... done.
Performing docking (random seed: 42) ... 
0%   10   20   30   40   50   60   70   80   90   100%
|----|----|----|----|----|----|----|----|----|----|
***************************************************

mode |   affinity | dist from best mode
     | (kcal/mol) | rmsd l.b.| rmsd u.b.
-----+------------+----------+----------
   1       -8.457          0          0
   2       -8.402      1.525      2.005
   3        -8.36       1.28      1.595
   4       -7.834      3.056      4.838
   5       -7.773      2.733      4.137
   6       -7.767      3.011       4.17
   7        -7.64      3.915      7.034
   8       -7.616      4.123      6.545
   9       -7.613      4.156      7.408
  10       -7.592      2.628       3.36
