AutoDock Vina v1.2.7-20-g93cdc3d-mod
#################################################################
# If you used AutoDock Vina in your work, please cite:          #
#                                                               #
# J. Eberhardt, D. Santos-Martins, A. F. Tillack, and S. Forli  #
# AutoDock Vina 1.2.0: New Docking Methods, Expanded Force      #
# Field, and Python Bindings, J. Chem. Inf. Model. (2021)       #
# DOI 10.1021/acs.jcim.1c00203                                  #
#                                                               #
# O. Trott, A. J. Olson,                                        #
# AutoDock Vina: improving the speed and accuracy of docking    #
# with a new scoring function, efficient optimization and       #
# multithreading, J. Comp. Chem. (2010)                         #
# DOI 10.1002/jcc.21334                                         #
#                                                               #
# Please see https://github.com/ccsb-scripps/AutoDock-Vina for  #
# more information.                                             #
#################################################################

Scoring function : vina
Rigid receptor: /home/manndo/master_dev/Dockings/Benchmark/7MRH_ZMJ/_staging/receptors/pdbqt/7MRH_ZMJ_protein_mgl_tools.pdbqt
Ligand: /home/manndo/master_dev/Dockings/Benchmark/7MRH_ZMJ/_staging/ligands/pdbqt/7MRH_ZMJ_ligand_start_conf.pdbqt
Grid center: X 3.798 Y -0.474 Z -32.115
Grid size  : X 20.1 Y 15.3 Z 17.2
Grid space : 0.375
Exhaustiveness: 32
CPU: 32
Verbosity: 1

Computing Vina grid ... done.
Performing docking (random seed: 42) ... 
0%   10   20   30   40   50   60   70   80   90   100%
|----|----|----|----|----|----|----|----|----|----|
***************************************************

mode |   affinity | dist from best mode
     | (kcal/mol) | rmsd l.b.| rmsd u.b.
-----+------------+----------+----------
   1       -8.373          0          0
   2       -8.352      3.326       6.58
   3        -8.35      1.609      3.078
   4       -7.948      2.538       6.61
   5       -7.934       3.14      7.225
   6       -7.881      3.266      6.247
   7       -7.441      4.758      7.644
   8       -7.403      3.267      7.504
   9       -7.381      3.188      4.959
  10       -7.276      2.426      3.765
