AutoDock Vina v1.2.7-20-g93cdc3d-mod
#################################################################
# If you used AutoDock Vina in your work, please cite:          #
#                                                               #
# J. Eberhardt, D. Santos-Martins, A. F. Tillack, and S. Forli  #
# AutoDock Vina 1.2.0: New Docking Methods, Expanded Force      #
# Field, and Python Bindings, J. Chem. Inf. Model. (2021)       #
# DOI 10.1021/acs.jcim.1c00203                                  #
#                                                               #
# O. Trott, A. J. Olson,                                        #
# AutoDock Vina: improving the speed and accuracy of docking    #
# with a new scoring function, efficient optimization and       #
# multithreading, J. Comp. Chem. (2010)                         #
# DOI 10.1002/jcc.21334                                         #
#                                                               #
# Please see https://github.com/ccsb-scripps/AutoDock-Vina for  #
# more information.                                             #
#################################################################

Scoring function : vina
Rigid receptor: /home/manndo/master_dev/Dockings/Benchmark/7MS7_ZQ1/_staging/receptors/pdbqt/7MS7_ZQ1_protein_mgl_tools.pdbqt
Ligand: /home/manndo/master_dev/Dockings/Benchmark/7MS7_ZQ1/_staging/ligands/pdbqt/7MS7_ZQ1_ligand_start_conf.pdbqt
Grid center: X 22.572 Y 43.576 Z -21.344
Grid size  : X 13.6 Y 18.2 Z 25.6
Grid space : 0.375
Exhaustiveness: 32
CPU: 32
Verbosity: 1

Computing Vina grid ... done.
Performing docking (random seed: 42) ... 
0%   10   20   30   40   50   60   70   80   90   100%
|----|----|----|----|----|----|----|----|----|----|
***************************************************

mode |   affinity | dist from best mode
     | (kcal/mol) | rmsd l.b.| rmsd u.b.
-----+------------+----------+----------
   1       -7.911          0          0
   2       -7.213        3.3      4.337
   3       -7.102      3.294       4.17
   4       -6.914      1.604      2.047
   5       -6.878      2.902      3.926
   6        -6.82      2.451      3.404
   7       -6.797       3.31      4.323
   8       -6.479      4.116      5.486
   9       -6.324      5.851      7.031
  10       -6.263      4.003      5.669
