AutoDock Vina v1.2.7-20-g93cdc3d-mod
#################################################################
# If you used AutoDock Vina in your work, please cite:          #
#                                                               #
# J. Eberhardt, D. Santos-Martins, A. F. Tillack, and S. Forli  #
# AutoDock Vina 1.2.0: New Docking Methods, Expanded Force      #
# Field, and Python Bindings, J. Chem. Inf. Model. (2021)       #
# DOI 10.1021/acs.jcim.1c00203                                  #
#                                                               #
# O. Trott, A. J. Olson,                                        #
# AutoDock Vina: improving the speed and accuracy of docking    #
# with a new scoring function, efficient optimization and       #
# multithreading, J. Comp. Chem. (2010)                         #
# DOI 10.1002/jcc.21334                                         #
#                                                               #
# Please see https://github.com/ccsb-scripps/AutoDock-Vina for  #
# more information.                                             #
#################################################################

Scoring function : vina
Rigid receptor: /home/manndo/master_dev/Dockings/Benchmark/7MSR_DCA/_staging/receptors/pdbqt/7MSR_DCA_protein_mgl_tools.pdbqt
Ligand: /home/manndo/master_dev/Dockings/Benchmark/7MSR_DCA/_staging/ligands/pdbqt/7MSR_DCA_ligand_start_conf.pdbqt
Grid center: X 16.172 Y 14.218 Z 18.14
Grid size  : X 16.8 Y 30.1 Z 21.5
Grid space : 0.375
Exhaustiveness: 32
CPU: 32
Verbosity: 1

Computing Vina grid ... done.
Performing docking (random seed: 42) ... 
0%   10   20   30   40   50   60   70   80   90   100%
|----|----|----|----|----|----|----|----|----|----|
***************************************************

mode |   affinity | dist from best mode
     | (kcal/mol) | rmsd l.b.| rmsd u.b.
-----+------------+----------+----------
   1       -9.051          0          0
   2       -8.593      3.582      5.354
   3       -8.335      2.809      4.966
   4       -8.234       3.58      6.003
   5       -8.113      2.151       3.16
   6       -8.052      3.771      11.53
   7       -8.049       6.48      9.441
   8       -8.036       1.59      2.371
   9       -7.924      3.073      9.701
  10        -7.85       3.66      11.36
