AutoDock Vina v1.2.7-20-g93cdc3d-mod
#################################################################
# If you used AutoDock Vina in your work, please cite:          #
#                                                               #
# J. Eberhardt, D. Santos-Martins, A. F. Tillack, and S. Forli  #
# AutoDock Vina 1.2.0: New Docking Methods, Expanded Force      #
# Field, and Python Bindings, J. Chem. Inf. Model. (2021)       #
# DOI 10.1021/acs.jcim.1c00203                                  #
#                                                               #
# O. Trott, A. J. Olson,                                        #
# AutoDock Vina: improving the speed and accuracy of docking    #
# with a new scoring function, efficient optimization and       #
# multithreading, J. Comp. Chem. (2010)                         #
# DOI 10.1002/jcc.21334                                         #
#                                                               #
# Please see https://github.com/ccsb-scripps/AutoDock-Vina for  #
# more information.                                             #
#################################################################

Scoring function : vina
Rigid receptor: /home/manndo/master_dev/Dockings/Benchmark/7MWU_ZPM/_staging/receptors/pdbqt/7MWU_ZPM_protein_meeko_retry1.pdbqt
Ligand: /home/manndo/master_dev/Dockings/Benchmark/7MWU_ZPM/_staging/ligands/pdbqt/7MWU_ZPM_ligand_start_conf.pdbqt
Grid center: X 11.955 Y 49.482 Z 48.817
Grid size  : X 13.3 Y 11.4 Z 13.8
Grid space : 0.375
Exhaustiveness: 32
CPU: 32
Verbosity: 1

Computing Vina grid ... done.
Performing docking (random seed: 42) ... 
0%   10   20   30   40   50   60   70   80   90   100%
|----|----|----|----|----|----|----|----|----|----|
***************************************************

mode |   affinity | dist from best mode
     | (kcal/mol) | rmsd l.b.| rmsd u.b.
-----+------------+----------+----------
   1         -5.1          0          0
   2       -5.075     0.8121      1.386
   3       -4.545      2.426        2.9
   4       -4.466      1.803      2.214
   5       -4.458      3.114      3.775
   6       -4.455      3.914      4.416
   7       -4.354      2.232       2.89
   8       -4.335      1.484      2.303
   9       -4.329       3.85      4.403
  10       -4.261      1.802      2.537
