AutoDock Vina v1.2.7-20-g93cdc3d-mod
#################################################################
# If you used AutoDock Vina in your work, please cite:          #
#                                                               #
# J. Eberhardt, D. Santos-Martins, A. F. Tillack, and S. Forli  #
# AutoDock Vina 1.2.0: New Docking Methods, Expanded Force      #
# Field, and Python Bindings, J. Chem. Inf. Model. (2021)       #
# DOI 10.1021/acs.jcim.1c00203                                  #
#                                                               #
# O. Trott, A. J. Olson,                                        #
# AutoDock Vina: improving the speed and accuracy of docking    #
# with a new scoring function, efficient optimization and       #
# multithreading, J. Comp. Chem. (2010)                         #
# DOI 10.1002/jcc.21334                                         #
#                                                               #
# Please see https://github.com/ccsb-scripps/AutoDock-Vina for  #
# more information.                                             #
#################################################################

Scoring function : vina
Rigid receptor: /home/manndo/master_dev/Dockings/Benchmark/7MZS_GLA/_staging/receptors/pdbqt/7MZS_GLA_protein_meeko.pdbqt
Ligand: /home/manndo/master_dev/Dockings/Benchmark/7MZS_GLA/_staging/ligands/pdbqt/7MZS_GLA_ligand_start_conf.pdbqt
Grid center: X -12.576 Y -18.963 Z 18.78
Grid size  : X 14.3 Y 15.4 Z 12.9
Grid space : 0.375
Exhaustiveness: 32
CPU: 32
Verbosity: 1

Computing Vina grid ... done.
Performing docking (random seed: 42) ... 
0%   10   20   30   40   50   60   70   80   90   100%
|----|----|----|----|----|----|----|----|----|----|
***************************************************

mode |   affinity | dist from best mode
     | (kcal/mol) | rmsd l.b.| rmsd u.b.
-----+------------+----------+----------
   1       -5.702          0          0
   2       -5.638      1.487      3.648
   3       -5.574      1.848      2.227
   4       -5.561      1.535      4.021
   5        -5.45      1.065      3.279
   6       -5.432      1.331      3.575
   7       -5.274      1.419      2.842
   8       -5.251      1.146      2.804
   9       -5.085      1.624      2.078
  10       -4.904      1.372      3.403
