AutoDock Vina v1.2.7-20-g93cdc3d-mod
#################################################################
# If you used AutoDock Vina in your work, please cite:          #
#                                                               #
# J. Eberhardt, D. Santos-Martins, A. F. Tillack, and S. Forli  #
# AutoDock Vina 1.2.0: New Docking Methods, Expanded Force      #
# Field, and Python Bindings, J. Chem. Inf. Model. (2021)       #
# DOI 10.1021/acs.jcim.1c00203                                  #
#                                                               #
# O. Trott, A. J. Olson,                                        #
# AutoDock Vina: improving the speed and accuracy of docking    #
# with a new scoring function, efficient optimization and       #
# multithreading, J. Comp. Chem. (2010)                         #
# DOI 10.1002/jcc.21334                                         #
#                                                               #
# Please see https://github.com/ccsb-scripps/AutoDock-Vina for  #
# more information.                                             #
#################################################################

Scoring function : vina
Rigid receptor: /home/manndo/master_dev/Dockings/Benchmark/7N03_ZRP/_staging/receptors/pdbqt/7N03_ZRP_protein_meeko.pdbqt
Ligand: /home/manndo/master_dev/Dockings/Benchmark/7N03_ZRP/_staging/ligands/pdbqt/7N03_ZRP_ligand_start_conf.pdbqt
Grid center: X -42.624 Y 13.131 Z 4.224
Grid size  : X 20.8 Y 15.9 Z 17.8
Grid space : 0.375
Exhaustiveness: 32
CPU: 32
Verbosity: 1

Computing Vina grid ... done.
Performing docking (random seed: 42) ... 
0%   10   20   30   40   50   60   70   80   90   100%
|----|----|----|----|----|----|----|----|----|----|
***************************************************

mode |   affinity | dist from best mode
     | (kcal/mol) | rmsd l.b.| rmsd u.b.
-----+------------+----------+----------
   1       -9.317          0          0
   2        -9.27      1.662       2.39
   3       -8.573      2.542      5.388
   4       -8.548      2.201      6.578
   5       -8.415      1.383      1.666
   6       -8.209      2.409      6.869
   7       -8.112      2.047      4.943
   8       -7.995      3.326      7.623
   9       -7.802      2.868      7.198
  10       -7.793      2.441      6.613
