AutoDock Vina v1.2.7-20-g93cdc3d-mod
#################################################################
# If you used AutoDock Vina in your work, please cite:          #
#                                                               #
# J. Eberhardt, D. Santos-Martins, A. F. Tillack, and S. Forli  #
# AutoDock Vina 1.2.0: New Docking Methods, Expanded Force      #
# Field, and Python Bindings, J. Chem. Inf. Model. (2021)       #
# DOI 10.1021/acs.jcim.1c00203                                  #
#                                                               #
# O. Trott, A. J. Olson,                                        #
# AutoDock Vina: improving the speed and accuracy of docking    #
# with a new scoring function, efficient optimization and       #
# multithreading, J. Comp. Chem. (2010)                         #
# DOI 10.1002/jcc.21334                                         #
#                                                               #
# Please see https://github.com/ccsb-scripps/AutoDock-Vina for  #
# more information.                                             #
#################################################################

Scoring function : vina
Rigid receptor: /home/manndo/master_dev/Dockings/Benchmark/7N6F_0I1/_staging/receptors/pdbqt/7N6F_0I1_protein_mgl_tools.pdbqt
Ligand: /home/manndo/master_dev/Dockings/Benchmark/7N6F_0I1/_staging/ligands/pdbqt/7N6F_0I1_ligand_start_conf.pdbqt
Grid center: X -16.657 Y 0.655 Z 21.675
Grid size  : X 17.9 Y 20.7 Z 15.1
Grid space : 0.375
Exhaustiveness: 32
CPU: 32
Verbosity: 1

Computing Vina grid ... done.
Performing docking (random seed: 42) ... 
0%   10   20   30   40   50   60   70   80   90   100%
|----|----|----|----|----|----|----|----|----|----|
***************************************************

mode |   affinity | dist from best mode
     | (kcal/mol) | rmsd l.b.| rmsd u.b.
-----+------------+----------+----------
   1       -8.083          0          0
   2       -8.017      2.382      3.987
   3       -7.952      3.338      5.346
   4       -7.856      4.116      6.771
   5       -7.787      2.899      3.903
   6       -7.779      3.288      6.561
   7       -7.717      2.755      5.914
   8       -7.685      2.509      5.325
   9       -7.656      3.979      4.915
  10       -7.531      2.778      3.465
