AutoDock Vina v1.2.7-20-g93cdc3d-mod
#################################################################
# If you used AutoDock Vina in your work, please cite:          #
#                                                               #
# J. Eberhardt, D. Santos-Martins, A. F. Tillack, and S. Forli  #
# AutoDock Vina 1.2.0: New Docking Methods, Expanded Force      #
# Field, and Python Bindings, J. Chem. Inf. Model. (2021)       #
# DOI 10.1021/acs.jcim.1c00203                                  #
#                                                               #
# O. Trott, A. J. Olson,                                        #
# AutoDock Vina: improving the speed and accuracy of docking    #
# with a new scoring function, efficient optimization and       #
# multithreading, J. Comp. Chem. (2010)                         #
# DOI 10.1002/jcc.21334                                         #
#                                                               #
# Please see https://github.com/ccsb-scripps/AutoDock-Vina for  #
# more information.                                             #
#################################################################

Scoring function : vina
Rigid receptor: /home/manndo/master_dev/Dockings/Benchmark/7N7H_CTP/_staging/receptors/pdbqt/7N7H_CTP_protein_meeko.pdbqt
Ligand: /home/manndo/master_dev/Dockings/Benchmark/7N7H_CTP/_staging/ligands/pdbqt/7N7H_CTP_ligand_start_conf.pdbqt
Grid center: X 15.984 Y 51.233 Z 158.174
Grid size  : X 20.7 Y 14.9 Z 21.8
Grid space : 0.375
Exhaustiveness: 32
CPU: 32
Verbosity: 1

Computing Vina grid ... done.
Performing docking (random seed: 42) ... 
0%   10   20   30   40   50   60   70   80   90   100%
|----|----|----|----|----|----|----|----|----|----|
***************************************************

mode |   affinity | dist from best mode
     | (kcal/mol) | rmsd l.b.| rmsd u.b.
-----+------------+----------+----------
   1       -9.521          0          0
   2       -9.015      1.186      1.849
   3       -9.003      1.821      2.392
   4       -8.726      5.013      8.415
   5       -8.672      5.031      8.832
   6       -8.615      5.213      8.797
   7       -8.586      2.055      4.151
   8       -8.388      5.139      8.688
   9       -8.302       2.59      4.391
  10       -8.291      4.982      8.816
