AutoDock Vina v1.2.7-20-g93cdc3d-mod
#################################################################
# If you used AutoDock Vina in your work, please cite:          #
#                                                               #
# J. Eberhardt, D. Santos-Martins, A. F. Tillack, and S. Forli  #
# AutoDock Vina 1.2.0: New Docking Methods, Expanded Force      #
# Field, and Python Bindings, J. Chem. Inf. Model. (2021)       #
# DOI 10.1021/acs.jcim.1c00203                                  #
#                                                               #
# O. Trott, A. J. Olson,                                        #
# AutoDock Vina: improving the speed and accuracy of docking    #
# with a new scoring function, efficient optimization and       #
# multithreading, J. Comp. Chem. (2010)                         #
# DOI 10.1002/jcc.21334                                         #
#                                                               #
# Please see https://github.com/ccsb-scripps/AutoDock-Vina for  #
# more information.                                             #
#################################################################

Scoring function : vina
Rigid receptor: /home/manndo/master_dev/Dockings/Benchmark/7NB4_U6Q/_staging/receptors/pdbqt/7NB4_U6Q_protein_meeko_retry1.pdbqt
Ligand: /home/manndo/master_dev/Dockings/Benchmark/7NB4_U6Q/_staging/ligands/pdbqt/7NB4_U6Q_ligand_start_conf.pdbqt
Grid center: X 4.75 Y 0.72 Z -4.642
Grid size  : X 17.2 Y 17.7 Z 17.9
Grid space : 0.375
Exhaustiveness: 32
CPU: 32
Verbosity: 1

Computing Vina grid ... done.
Performing docking (random seed: 42) ... 
0%   10   20   30   40   50   60   70   80   90   100%
|----|----|----|----|----|----|----|----|----|----|
***************************************************

mode |   affinity | dist from best mode
     | (kcal/mol) | rmsd l.b.| rmsd u.b.
-----+------------+----------+----------
   1        -7.36          0          0
   2       -7.146      1.382      2.095
   3       -6.933      2.863      5.678
   4       -6.772       1.46      2.163
   5       -6.447      1.841      2.625
   6       -6.099      1.925      3.195
   7       -6.073      2.978      5.469
   8       -6.066      2.629      5.649
   9       -5.971      2.161      3.478
  10       -5.925      2.761      5.694
