AutoDock Vina v1.2.7-20-g93cdc3d-mod
#################################################################
# If you used AutoDock Vina in your work, please cite:          #
#                                                               #
# J. Eberhardt, D. Santos-Martins, A. F. Tillack, and S. Forli  #
# AutoDock Vina 1.2.0: New Docking Methods, Expanded Force      #
# Field, and Python Bindings, J. Chem. Inf. Model. (2021)       #
# DOI 10.1021/acs.jcim.1c00203                                  #
#                                                               #
# O. Trott, A. J. Olson,                                        #
# AutoDock Vina: improving the speed and accuracy of docking    #
# with a new scoring function, efficient optimization and       #
# multithreading, J. Comp. Chem. (2010)                         #
# DOI 10.1002/jcc.21334                                         #
#                                                               #
# Please see https://github.com/ccsb-scripps/AutoDock-Vina for  #
# more information.                                             #
#################################################################

Scoring function : vina
Rigid receptor: /home/manndo/master_dev/Dockings/Benchmark/7NF0_BYN/_staging/receptors/pdbqt/7NF0_BYN_protein_meeko.pdbqt
Ligand: /home/manndo/master_dev/Dockings/Benchmark/7NF0_BYN/_staging/ligands/pdbqt/7NF0_BYN_ligand_start_conf.pdbqt
Grid center: X 12.398 Y 25.992 Z 44.222
Grid size  : X 17.8 Y 19.3 Z 23.2
Grid space : 0.375
Exhaustiveness: 32
CPU: 32
Verbosity: 1

Computing Vina grid ... done.
Performing docking (random seed: 42) ... 
0%   10   20   30   40   50   60   70   80   90   100%
|----|----|----|----|----|----|----|----|----|----|
***************************************************

mode |   affinity | dist from best mode
     | (kcal/mol) | rmsd l.b.| rmsd u.b.
-----+------------+----------+----------
   1       -11.09          0          0
   2       -9.897       2.08      2.954
   3       -8.839      1.693      2.527
   4       -7.932      2.928      4.403
   5       -7.801      1.678      2.301
   6       -5.813      2.268      4.615
   7       -5.608      3.069      5.453
   8       -4.625      3.454      7.535
   9       -4.387      3.982      8.104
  10        -4.25      3.652      8.075
