AutoDock Vina v1.2.7-20-g93cdc3d-mod
#################################################################
# If you used AutoDock Vina in your work, please cite:          #
#                                                               #
# J. Eberhardt, D. Santos-Martins, A. F. Tillack, and S. Forli  #
# AutoDock Vina 1.2.0: New Docking Methods, Expanded Force      #
# Field, and Python Bindings, J. Chem. Inf. Model. (2021)       #
# DOI 10.1021/acs.jcim.1c00203                                  #
#                                                               #
# O. Trott, A. J. Olson,                                        #
# AutoDock Vina: improving the speed and accuracy of docking    #
# with a new scoring function, efficient optimization and       #
# multithreading, J. Comp. Chem. (2010)                         #
# DOI 10.1002/jcc.21334                                         #
#                                                               #
# Please see https://github.com/ccsb-scripps/AutoDock-Vina for  #
# more information.                                             #
#################################################################

Scoring function : vina
Rigid receptor: /home/manndo/master_dev/Dockings/Benchmark/7NF3_4LU/_staging/receptors/pdbqt/7NF3_4LU_protein_meeko_retry1.pdbqt
Ligand: /home/manndo/master_dev/Dockings/Benchmark/7NF3_4LU/_staging/ligands/pdbqt/7NF3_4LU_ligand_start_conf.pdbqt
Grid center: X 24.064 Y 9.412 Z 23.483
Grid size  : X 19.9 Y 19.9 Z 20
Grid space : 0.375
Exhaustiveness: 32
CPU: 32
Verbosity: 1

Computing Vina grid ... done.
Performing docking (random seed: 42) ... 
0%   10   20   30   40   50   60   70   80   90   100%
|----|----|----|----|----|----|----|----|----|----|
***************************************************

mode |   affinity | dist from best mode
     | (kcal/mol) | rmsd l.b.| rmsd u.b.
-----+------------+----------+----------
   1       -11.16          0          0
   2       -9.735      1.607      2.347
   3       -9.262      1.448      2.217
   4        -8.64      2.202      4.638
   5       -8.236      2.317      4.916
   6       -8.184       2.55      4.622
   7       -7.726      2.632       5.77
   8       -7.155      3.392      7.122
   9       -7.136      2.742      5.655
  10       -6.998      2.032      3.482
