AutoDock Vina v1.2.7-20-g93cdc3d-mod
#################################################################
# If you used AutoDock Vina in your work, please cite:          #
#                                                               #
# J. Eberhardt, D. Santos-Martins, A. F. Tillack, and S. Forli  #
# AutoDock Vina 1.2.0: New Docking Methods, Expanded Force      #
# Field, and Python Bindings, J. Chem. Inf. Model. (2021)       #
# DOI 10.1021/acs.jcim.1c00203                                  #
#                                                               #
# O. Trott, A. J. Olson,                                        #
# AutoDock Vina: improving the speed and accuracy of docking    #
# with a new scoring function, efficient optimization and       #
# multithreading, J. Comp. Chem. (2010)                         #
# DOI 10.1002/jcc.21334                                         #
#                                                               #
# Please see https://github.com/ccsb-scripps/AutoDock-Vina for  #
# more information.                                             #
#################################################################

Scoring function : vina
Rigid receptor: /home/manndo/master_dev/Dockings/Benchmark/7NF3_4LU/_staging/receptors/pdbqt/7NF3_4LU_protein_mgl_tools.pdbqt
Ligand: /home/manndo/master_dev/Dockings/Benchmark/7NF3_4LU/_staging/ligands/pdbqt/7NF3_4LU_ligand_start_conf.pdbqt
Grid center: X 24.064 Y 9.412 Z 23.483
Grid size  : X 19.9 Y 19.9 Z 20
Grid space : 0.375
Exhaustiveness: 32
CPU: 32
Verbosity: 1

Computing Vina grid ... done.
Performing docking (random seed: 42) ... 
0%   10   20   30   40   50   60   70   80   90   100%
|----|----|----|----|----|----|----|----|----|----|
***************************************************

mode |   affinity | dist from best mode
     | (kcal/mol) | rmsd l.b.| rmsd u.b.
-----+------------+----------+----------
   1       -11.29          0          0
   2       -9.709      1.666      2.436
   3       -9.614      1.289       1.56
   4       -8.499       2.34      4.763
   5       -8.299      2.703      4.623
   6       -8.232      2.456      4.939
   7       -7.735      2.761      5.917
   8       -7.422      3.413      7.355
   9       -7.073      3.021      5.401
  10       -6.795      4.676      8.602
