AutoDock Vina v1.2.7-20-g93cdc3d-mod
#################################################################
# If you used AutoDock Vina in your work, please cite:          #
#                                                               #
# J. Eberhardt, D. Santos-Martins, A. F. Tillack, and S. Forli  #
# AutoDock Vina 1.2.0: New Docking Methods, Expanded Force      #
# Field, and Python Bindings, J. Chem. Inf. Model. (2021)       #
# DOI 10.1021/acs.jcim.1c00203                                  #
#                                                               #
# O. Trott, A. J. Olson,                                        #
# AutoDock Vina: improving the speed and accuracy of docking    #
# with a new scoring function, efficient optimization and       #
# multithreading, J. Comp. Chem. (2010)                         #
# DOI 10.1002/jcc.21334                                         #
#                                                               #
# Please see https://github.com/ccsb-scripps/AutoDock-Vina for  #
# more information.                                             #
#################################################################

Scoring function : vina
Rigid receptor: /home/manndo/master_dev/Dockings/Benchmark/7NGW_UAW/_staging/receptors/pdbqt/7NGW_UAW_protein_mgl_tools.pdbqt
Ligand: /home/manndo/master_dev/Dockings/Benchmark/7NGW_UAW/_staging/ligands/pdbqt/7NGW_UAW_ligand_start_conf.pdbqt
Grid center: X -13.248 Y -29.115 Z 2.531
Grid size  : X 20.3 Y 13.9 Z 15.1
Grid space : 0.375
Exhaustiveness: 32
CPU: 32
Verbosity: 1

Computing Vina grid ... done.
Performing docking (random seed: 42) ... 
0%   10   20   30   40   50   60   70   80   90   100%
|----|----|----|----|----|----|----|----|----|----|
***************************************************

mode |   affinity | dist from best mode
     | (kcal/mol) | rmsd l.b.| rmsd u.b.
-----+------------+----------+----------
   1       -9.557          0          0
   2       -8.082      1.873      7.129
   3       -8.026       3.33      8.157
   4       -7.966      1.864      7.039
   5       -7.886      2.801      4.429
   6       -7.421      1.631      2.219
   7         -7.4      2.654      4.103
   8       -6.971       2.79      4.456
   9       -6.666      3.474      8.324
  10       -6.539      1.619      2.388
