AutoDock Vina v1.2.7-20-g93cdc3d-mod
#################################################################
# If you used AutoDock Vina in your work, please cite:          #
#                                                               #
# J. Eberhardt, D. Santos-Martins, A. F. Tillack, and S. Forli  #
# AutoDock Vina 1.2.0: New Docking Methods, Expanded Force      #
# Field, and Python Bindings, J. Chem. Inf. Model. (2021)       #
# DOI 10.1021/acs.jcim.1c00203                                  #
#                                                               #
# O. Trott, A. J. Olson,                                        #
# AutoDock Vina: improving the speed and accuracy of docking    #
# with a new scoring function, efficient optimization and       #
# multithreading, J. Comp. Chem. (2010)                         #
# DOI 10.1002/jcc.21334                                         #
#                                                               #
# Please see https://github.com/ccsb-scripps/AutoDock-Vina for  #
# more information.                                             #
#################################################################

Scoring function : vina
Rigid receptor: /home/manndo/master_dev/Dockings/Benchmark/7NR6_UO8/_staging/receptors/pdbqt/7NR6_UO8_protein_meeko.pdbqt
Ligand: /home/manndo/master_dev/Dockings/Benchmark/7NR6_UO8/_staging/ligands/pdbqt/7NR6_UO8_ligand_start_conf.pdbqt
Grid center: X 52.406 Y 62.934 Z 287.273
Grid size  : X 13.4 Y 18.8 Z 14.2
Grid space : 0.375
Exhaustiveness: 32
CPU: 32
Verbosity: 1

Computing Vina grid ... done.
Performing docking (random seed: 42) ... 
0%   10   20   30   40   50   60   70   80   90   100%
|----|----|----|----|----|----|----|----|----|----|
***************************************************

mode |   affinity | dist from best mode
     | (kcal/mol) | rmsd l.b.| rmsd u.b.
-----+------------+----------+----------
   1       -8.031          0          0
   2       -8.024       1.27      2.064
   3       -7.672      2.694      6.031
   4        -7.64      3.056      5.632
   5       -7.566       3.32      5.677
   6       -7.432      1.134      2.732
   7       -7.076      1.579      3.236
   8       -7.052      3.369      5.386
   9       -6.852      1.458      3.044
  10       -6.772      3.435      4.743
