AutoDock Vina v1.2.7-20-g93cdc3d-mod
#################################################################
# If you used AutoDock Vina in your work, please cite:          #
#                                                               #
# J. Eberhardt, D. Santos-Martins, A. F. Tillack, and S. Forli  #
# AutoDock Vina 1.2.0: New Docking Methods, Expanded Force      #
# Field, and Python Bindings, J. Chem. Inf. Model. (2021)       #
# DOI 10.1021/acs.jcim.1c00203                                  #
#                                                               #
# O. Trott, A. J. Olson,                                        #
# AutoDock Vina: improving the speed and accuracy of docking    #
# with a new scoring function, efficient optimization and       #
# multithreading, J. Comp. Chem. (2010)                         #
# DOI 10.1002/jcc.21334                                         #
#                                                               #
# Please see https://github.com/ccsb-scripps/AutoDock-Vina for  #
# more information.                                             #
#################################################################

Scoring function : vina
Rigid receptor: /home/manndo/master_dev/Dockings/Benchmark/7NR8_UOE/_staging/receptors/pdbqt/7NR8_UOE_protein_mgl_tools.pdbqt
Ligand: /home/manndo/master_dev/Dockings/Benchmark/7NR8_UOE/_staging/ligands/pdbqt/7NR8_UOE_ligand_start_conf.pdbqt
Grid center: X 4.822 Y 9.738 Z 45.175
Grid size  : X 27.8 Y 19 Z 20.9
Grid space : 0.375
Exhaustiveness: 32
CPU: 32
Verbosity: 1

Computing Vina grid ... done.
Performing docking (random seed: 42) ... 
0%   10   20   30   40   50   60   70   80   90   100%
|----|----|----|----|----|----|----|----|----|----|
***************************************************

mode |   affinity | dist from best mode
     | (kcal/mol) | rmsd l.b.| rmsd u.b.
-----+------------+----------+----------
   1       -10.67          0          0
   2       -10.61      1.557      1.991
   3       -10.48      2.328      3.569
   4       -10.24      2.988      4.677
   5       -10.18      1.927      2.481
   6       -10.13      2.253      2.978
   7       -9.872       3.26       9.31
   8        -9.84      2.743      5.172
   9       -9.795      3.252      8.437
  10       -9.708      3.051       9.54
