AutoDock Vina v1.2.7-20-g93cdc3d-mod
#################################################################
# If you used AutoDock Vina in your work, please cite:          #
#                                                               #
# J. Eberhardt, D. Santos-Martins, A. F. Tillack, and S. Forli  #
# AutoDock Vina 1.2.0: New Docking Methods, Expanded Force      #
# Field, and Python Bindings, J. Chem. Inf. Model. (2021)       #
# DOI 10.1021/acs.jcim.1c00203                                  #
#                                                               #
# O. Trott, A. J. Olson,                                        #
# AutoDock Vina: improving the speed and accuracy of docking    #
# with a new scoring function, efficient optimization and       #
# multithreading, J. Comp. Chem. (2010)                         #
# DOI 10.1002/jcc.21334                                         #
#                                                               #
# Please see https://github.com/ccsb-scripps/AutoDock-Vina for  #
# more information.                                             #
#################################################################

Scoring function : vina
Rigid receptor: /home/manndo/master_dev/Dockings/Benchmark/7NTG_F6R/_staging/receptors/pdbqt/7NTG_F6R_protein_mgl_tools.pdbqt
Ligand: /home/manndo/master_dev/Dockings/Benchmark/7NTG_F6R/_staging/ligands/pdbqt/7NTG_F6R_ligand_start_conf.pdbqt
Grid center: X 30.269 Y 53.993 Z 19.931
Grid size  : X 18.2 Y 15.8 Z 16.4
Grid space : 0.375
Exhaustiveness: 32
CPU: 32
Verbosity: 1

Computing Vina grid ... done.
Performing docking (random seed: 42) ... 
0%   10   20   30   40   50   60   70   80   90   100%
|----|----|----|----|----|----|----|----|----|----|
***************************************************

mode |   affinity | dist from best mode
     | (kcal/mol) | rmsd l.b.| rmsd u.b.
-----+------------+----------+----------
   1       -6.254          0          0
   2       -6.082      2.603      6.243
   3        -5.95      2.301      5.638
   4        -5.91      1.326      2.267
   5       -5.896      1.124      2.053
   6       -5.881      2.476      5.714
   7        -5.87      2.365      5.327
   8       -5.749      1.392      1.859
   9       -5.731      2.429      5.823
  10       -5.728      2.405      5.433
