AutoDock Vina v1.2.7-20-g93cdc3d-mod
#################################################################
# If you used AutoDock Vina in your work, please cite:          #
#                                                               #
# J. Eberhardt, D. Santos-Martins, A. F. Tillack, and S. Forli  #
# AutoDock Vina 1.2.0: New Docking Methods, Expanded Force      #
# Field, and Python Bindings, J. Chem. Inf. Model. (2021)       #
# DOI 10.1021/acs.jcim.1c00203                                  #
#                                                               #
# O. Trott, A. J. Olson,                                        #
# AutoDock Vina: improving the speed and accuracy of docking    #
# with a new scoring function, efficient optimization and       #
# multithreading, J. Comp. Chem. (2010)                         #
# DOI 10.1002/jcc.21334                                         #
#                                                               #
# Please see https://github.com/ccsb-scripps/AutoDock-Vina for  #
# more information.                                             #
#################################################################

Scoring function : vina
Rigid receptor: /home/manndo/master_dev/Dockings/Benchmark/7NXO_UU8/_staging/receptors/pdbqt/7NXO_UU8_protein_meeko.pdbqt
Ligand: /home/manndo/master_dev/Dockings/Benchmark/7NXO_UU8/_staging/ligands/pdbqt/7NXO_UU8_ligand_start_conf.pdbqt
Grid center: X 41.724 Y -0.932 Z 11.27
Grid size  : X 23.7 Y 19.7 Z 18.2
Grid space : 0.375
Exhaustiveness: 32
CPU: 32
Verbosity: 1

Computing Vina grid ... done.
Performing docking (random seed: 42) ... 
0%   10   20   30   40   50   60   70   80   90   100%
|----|----|----|----|----|----|----|----|----|----|
***************************************************

mode |   affinity | dist from best mode
     | (kcal/mol) | rmsd l.b.| rmsd u.b.
-----+------------+----------+----------
   1       -11.13          0          0
   2       -11.11     0.4686       1.61
   3         -9.9      2.304      4.094
   4       -9.785      1.272      2.187
   5       -9.784      2.743      3.905
   6       -9.245      2.083      3.358
   7       -9.115      1.215      1.915
   8       -8.948      3.666      6.148
   9       -8.933      2.243      3.774
  10       -8.918      3.672      6.171
