AutoDock Vina v1.2.7-20-g93cdc3d-mod
#################################################################
# If you used AutoDock Vina in your work, please cite:          #
#                                                               #
# J. Eberhardt, D. Santos-Martins, A. F. Tillack, and S. Forli  #
# AutoDock Vina 1.2.0: New Docking Methods, Expanded Force      #
# Field, and Python Bindings, J. Chem. Inf. Model. (2021)       #
# DOI 10.1021/acs.jcim.1c00203                                  #
#                                                               #
# O. Trott, A. J. Olson,                                        #
# AutoDock Vina: improving the speed and accuracy of docking    #
# with a new scoring function, efficient optimization and       #
# multithreading, J. Comp. Chem. (2010)                         #
# DOI 10.1002/jcc.21334                                         #
#                                                               #
# Please see https://github.com/ccsb-scripps/AutoDock-Vina for  #
# more information.                                             #
#################################################################

Scoring function : vina
Rigid receptor: /home/manndo/master_dev/Dockings/Benchmark/7O0N_CDP/_staging/receptors/pdbqt/7O0N_CDP_protein_mgl_tools.pdbqt
Ligand: /home/manndo/master_dev/Dockings/Benchmark/7O0N_CDP/_staging/ligands/pdbqt/7O0N_CDP_ligand_start_conf.pdbqt
Grid center: X 10.174 Y 19.721 Z 30.01
Grid size  : X 15.9 Y 21.2 Z 16.8
Grid space : 0.375
Exhaustiveness: 32
CPU: 32
Verbosity: 1

Computing Vina grid ... done.
Performing docking (random seed: 42) ... 
0%   10   20   30   40   50   60   70   80   90   100%
|----|----|----|----|----|----|----|----|----|----|
***************************************************

mode |   affinity | dist from best mode
     | (kcal/mol) | rmsd l.b.| rmsd u.b.
-----+------------+----------+----------
   1       -9.809          0          0
   2       -9.349      1.098      1.486
   3       -9.251      3.257      4.716
   4       -9.094      4.498      6.713
   5       -8.993      1.784      3.011
   6       -8.861      3.921      6.385
   7       -8.702      4.118      6.294
   8       -8.548      3.576      5.623
   9       -8.199       4.33      7.205
  10       -8.127      4.189       7.31
