AutoDock Vina v1.2.7-20-g93cdc3d-mod
#################################################################
# If you used AutoDock Vina in your work, please cite:          #
#                                                               #
# J. Eberhardt, D. Santos-Martins, A. F. Tillack, and S. Forli  #
# AutoDock Vina 1.2.0: New Docking Methods, Expanded Force      #
# Field, and Python Bindings, J. Chem. Inf. Model. (2021)       #
# DOI 10.1021/acs.jcim.1c00203                                  #
#                                                               #
# O. Trott, A. J. Olson,                                        #
# AutoDock Vina: improving the speed and accuracy of docking    #
# with a new scoring function, efficient optimization and       #
# multithreading, J. Comp. Chem. (2010)                         #
# DOI 10.1002/jcc.21334                                         #
#                                                               #
# Please see https://github.com/ccsb-scripps/AutoDock-Vina for  #
# more information.                                             #
#################################################################

Scoring function : vina
Rigid receptor: /home/manndo/master_dev/Dockings/Benchmark/7ODX_DGP/_staging/receptors/pdbqt/7ODX_DGP_protein_meeko.pdbqt
Ligand: /home/manndo/master_dev/Dockings/Benchmark/7ODX_DGP/_staging/ligands/pdbqt/7ODX_DGP_ligand_start_conf.pdbqt
Grid center: X -41.371 Y 31.819 Z 9.561
Grid size  : X 16.4 Y 17.9 Z 17
Grid space : 0.375
Exhaustiveness: 32
CPU: 32
Verbosity: 1

Computing Vina grid ... done.
Performing docking (random seed: 42) ... 
0%   10   20   30   40   50   60   70   80   90   100%
|----|----|----|----|----|----|----|----|----|----|
***************************************************

mode |   affinity | dist from best mode
     | (kcal/mol) | rmsd l.b.| rmsd u.b.
-----+------------+----------+----------
   1       -8.419          0          0
   2       -8.148      2.355      4.472
   3       -7.829      1.231      1.734
   4       -7.727      2.339      3.877
   5       -7.707      1.981      2.499
   6       -7.586      3.858      6.336
   7       -7.579      4.036      7.156
   8       -7.393      3.443      7.283
   9       -7.361      3.501      7.295
  10       -7.225       4.24      6.884
