AutoDock Vina v1.2.7-20-g93cdc3d-mod
#################################################################
# If you used AutoDock Vina in your work, please cite:          #
#                                                               #
# J. Eberhardt, D. Santos-Martins, A. F. Tillack, and S. Forli  #
# AutoDock Vina 1.2.0: New Docking Methods, Expanded Force      #
# Field, and Python Bindings, J. Chem. Inf. Model. (2021)       #
# DOI 10.1021/acs.jcim.1c00203                                  #
#                                                               #
# O. Trott, A. J. Olson,                                        #
# AutoDock Vina: improving the speed and accuracy of docking    #
# with a new scoring function, efficient optimization and       #
# multithreading, J. Comp. Chem. (2010)                         #
# DOI 10.1002/jcc.21334                                         #
#                                                               #
# Please see https://github.com/ccsb-scripps/AutoDock-Vina for  #
# more information.                                             #
#################################################################

Scoring function : vina
Rigid receptor: /home/manndo/master_dev/Dockings/Benchmark/7OFF_VCB/_staging/receptors/pdbqt/7OFF_VCB_protein_meeko.pdbqt
Ligand: /home/manndo/master_dev/Dockings/Benchmark/7OFF_VCB/_staging/ligands/pdbqt/7OFF_VCB_ligand_start_conf.pdbqt
Grid center: X 39.215 Y -27.079 Z 10.417
Grid size  : X 19.9 Y 14.3 Z 16.7
Grid space : 0.375
Exhaustiveness: 32
CPU: 32
Verbosity: 1

Computing Vina grid ... done.
Performing docking (random seed: 42) ... 
0%   10   20   30   40   50   60   70   80   90   100%
|----|----|----|----|----|----|----|----|----|----|
***************************************************

mode |   affinity | dist from best mode
     | (kcal/mol) | rmsd l.b.| rmsd u.b.
-----+------------+----------+----------
   1       -9.262          0          0
   2       -9.127      2.058      6.426
   3        -8.99      1.899      7.528
   4        -8.61      2.144      6.725
   5       -8.608      2.254      4.108
   6       -8.342      2.619      7.025
   7       -8.311       2.13      7.337
   8       -8.309      2.288      4.874
   9       -8.195      2.401      6.659
  10       -8.158      1.685      6.557
