AutoDock Vina v1.2.7-20-g93cdc3d-mod
#################################################################
# If you used AutoDock Vina in your work, please cite:          #
#                                                               #
# J. Eberhardt, D. Santos-Martins, A. F. Tillack, and S. Forli  #
# AutoDock Vina 1.2.0: New Docking Methods, Expanded Force      #
# Field, and Python Bindings, J. Chem. Inf. Model. (2021)       #
# DOI 10.1021/acs.jcim.1c00203                                  #
#                                                               #
# O. Trott, A. J. Olson,                                        #
# AutoDock Vina: improving the speed and accuracy of docking    #
# with a new scoring function, efficient optimization and       #
# multithreading, J. Comp. Chem. (2010)                         #
# DOI 10.1002/jcc.21334                                         #
#                                                               #
# Please see https://github.com/ccsb-scripps/AutoDock-Vina for  #
# more information.                                             #
#################################################################

Scoring function : vina
Rigid receptor: /home/manndo/master_dev/Dockings/Benchmark/7OZ9_NGK/_staging/receptors/pdbqt/7OZ9_NGK_protein_mgl_tools.pdbqt
Ligand: /home/manndo/master_dev/Dockings/Benchmark/7OZ9_NGK/_staging/ligands/pdbqt/7OZ9_NGK_ligand_start_conf.pdbqt
Grid center: X 34.665 Y 38.591 Z 31.948
Grid size  : X 14.4 Y 17.9 Z 16
Grid space : 0.375
Exhaustiveness: 32
CPU: 32
Verbosity: 1

Computing Vina grid ... done.
Performing docking (random seed: 42) ... 
0%   10   20   30   40   50   60   70   80   90   100%
|----|----|----|----|----|----|----|----|----|----|
***************************************************

mode |   affinity | dist from best mode
     | (kcal/mol) | rmsd l.b.| rmsd u.b.
-----+------------+----------+----------
   1        -6.43          0          0
   2       -5.304       2.98      6.368
   3       -5.056      3.194      5.494
   4        -4.99      2.805      5.136
   5       -4.954      3.464      5.829
   6       -4.851       3.18      4.807
   7       -4.832      2.691      6.135
   8       -4.831      2.884      5.833
   9       -4.773      2.471      3.428
  10       -4.768      3.129      5.838
