AutoDock Vina v1.2.7-20-g93cdc3d-mod
#################################################################
# If you used AutoDock Vina in your work, please cite:          #
#                                                               #
# J. Eberhardt, D. Santos-Martins, A. F. Tillack, and S. Forli  #
# AutoDock Vina 1.2.0: New Docking Methods, Expanded Force      #
# Field, and Python Bindings, J. Chem. Inf. Model. (2021)       #
# DOI 10.1021/acs.jcim.1c00203                                  #
#                                                               #
# O. Trott, A. J. Olson,                                        #
# AutoDock Vina: improving the speed and accuracy of docking    #
# with a new scoring function, efficient optimization and       #
# multithreading, J. Comp. Chem. (2010)                         #
# DOI 10.1002/jcc.21334                                         #
#                                                               #
# Please see https://github.com/ccsb-scripps/AutoDock-Vina for  #
# more information.                                             #
#################################################################

Scoring function : vina
Rigid receptor: /home/manndo/master_dev/Dockings/Benchmark/7OZ9_NGK/_staging/receptors/pdbqt/7OZ9_NGK_protein_meeko_retry1.pdbqt
Ligand: /home/manndo/master_dev/Dockings/Benchmark/7OZ9_NGK/_staging/ligands/pdbqt/7OZ9_NGK_ligand_start_conf.pdbqt
Grid center: X 34.665 Y 38.591 Z 31.948
Grid size  : X 14.4 Y 17.9 Z 16
Grid space : 0.375
Exhaustiveness: 32
CPU: 32
Verbosity: 1

Computing Vina grid ... done.
Performing docking (random seed: 42) ... 
0%   10   20   30   40   50   60   70   80   90   100%
|----|----|----|----|----|----|----|----|----|----|
***************************************************

mode |   affinity | dist from best mode
     | (kcal/mol) | rmsd l.b.| rmsd u.b.
-----+------------+----------+----------
   1       -6.382          0          0
   2       -5.365      1.438      1.455
   3       -5.126      2.754      5.173
   4       -5.055      2.917      6.567
   5       -5.028      3.195      5.467
   6       -4.981      2.919      4.362
   7       -4.977      3.482      5.845
   8       -4.776      2.292      3.176
   9       -4.773      3.959      5.991
  10       -4.769       3.17      5.932
