AutoDock Vina v1.2.7-20-g93cdc3d-mod
#################################################################
# If you used AutoDock Vina in your work, please cite:          #
#                                                               #
# J. Eberhardt, D. Santos-Martins, A. F. Tillack, and S. Forli  #
# AutoDock Vina 1.2.0: New Docking Methods, Expanded Force      #
# Field, and Python Bindings, J. Chem. Inf. Model. (2021)       #
# DOI 10.1021/acs.jcim.1c00203                                  #
#                                                               #
# O. Trott, A. J. Olson,                                        #
# AutoDock Vina: improving the speed and accuracy of docking    #
# with a new scoring function, efficient optimization and       #
# multithreading, J. Comp. Chem. (2010)                         #
# DOI 10.1002/jcc.21334                                         #
#                                                               #
# Please see https://github.com/ccsb-scripps/AutoDock-Vina for  #
# more information.                                             #
#################################################################

Scoring function : vina
Rigid receptor: /home/manndo/master_dev/Dockings/Benchmark/7P85_5ZG/_staging/receptors/pdbqt/7P85_5ZG_protein_meeko.pdbqt
Ligand: /home/manndo/master_dev/Dockings/Benchmark/7P85_5ZG/_staging/ligands/pdbqt/7P85_5ZG_ligand_start_conf.pdbqt
Grid center: X 18.135 Y -32.767 Z -1.694
Grid size  : X 16.2 Y 14.6 Z 15.3
Grid space : 0.375
Exhaustiveness: 32
CPU: 32
Verbosity: 1

Computing Vina grid ... done.
Performing docking (random seed: 42) ... 
0%   10   20   30   40   50   60   70   80   90   100%
|----|----|----|----|----|----|----|----|----|----|
***************************************************

mode |   affinity | dist from best mode
     | (kcal/mol) | rmsd l.b.| rmsd u.b.
-----+------------+----------+----------
   1       -6.934          0          0
   2       -6.301      1.915      2.834
   3       -6.251       1.72      3.195
   4       -6.186      1.532      2.563
   5       -5.866      3.712       5.54
   6       -5.833      3.724      5.446
   7       -5.698      2.073      4.166
   8       -5.495      2.178      3.724
   9        -5.45      3.228      5.137
  10       -5.405      1.713      2.364
