AutoDock Vina v1.2.7-20-g93cdc3d-mod
#################################################################
# If you used AutoDock Vina in your work, please cite:          #
#                                                               #
# J. Eberhardt, D. Santos-Martins, A. F. Tillack, and S. Forli  #
# AutoDock Vina 1.2.0: New Docking Methods, Expanded Force      #
# Field, and Python Bindings, J. Chem. Inf. Model. (2021)       #
# DOI 10.1021/acs.jcim.1c00203                                  #
#                                                               #
# O. Trott, A. J. Olson,                                        #
# AutoDock Vina: improving the speed and accuracy of docking    #
# with a new scoring function, efficient optimization and       #
# multithreading, J. Comp. Chem. (2010)                         #
# DOI 10.1002/jcc.21334                                         #
#                                                               #
# Please see https://github.com/ccsb-scripps/AutoDock-Vina for  #
# more information.                                             #
#################################################################

Scoring function : vina
Rigid receptor: /home/manndo/master_dev/Dockings/Benchmark/7PJQ_OWH/_staging/receptors/pdbqt/7PJQ_OWH_protein_meeko_retry1.pdbqt
Ligand: /home/manndo/master_dev/Dockings/Benchmark/7PJQ_OWH/_staging/ligands/pdbqt/7PJQ_OWH_ligand_start_conf.pdbqt
Grid center: X 10.972 Y 25.409 Z -6.056
Grid size  : X 13.8 Y 16.3 Z 11.1
Grid space : 0.375
Exhaustiveness: 32
CPU: 32
Verbosity: 1

Computing Vina grid ... done.
Performing docking (random seed: 42) ... 
0%   10   20   30   40   50   60   70   80   90   100%
|----|----|----|----|----|----|----|----|----|----|
***************************************************

mode |   affinity | dist from best mode
     | (kcal/mol) | rmsd l.b.| rmsd u.b.
-----+------------+----------+----------
   1        -5.13          0          0
   2       -5.007       1.98       4.03
   3       -4.937      2.109      3.938
   4       -4.893      1.446      1.901
   5       -4.811      2.317      4.318
   6       -4.475       2.22      3.799
   7       -4.445      2.428      3.021
   8       -4.369      2.821      3.135
   9       -4.298       2.49      3.956
  10       -3.781      2.521      2.833
