AutoDock Vina v1.2.7-20-g93cdc3d-mod
#################################################################
# If you used AutoDock Vina in your work, please cite:          #
#                                                               #
# J. Eberhardt, D. Santos-Martins, A. F. Tillack, and S. Forli  #
# AutoDock Vina 1.2.0: New Docking Methods, Expanded Force      #
# Field, and Python Bindings, J. Chem. Inf. Model. (2021)       #
# DOI 10.1021/acs.jcim.1c00203                                  #
#                                                               #
# O. Trott, A. J. Olson,                                        #
# AutoDock Vina: improving the speed and accuracy of docking    #
# with a new scoring function, efficient optimization and       #
# multithreading, J. Comp. Chem. (2010)                         #
# DOI 10.1002/jcc.21334                                         #
#                                                               #
# Please see https://github.com/ccsb-scripps/AutoDock-Vina for  #
# more information.                                             #
#################################################################

Scoring function : vina
Rigid receptor: /home/manndo/master_dev/Dockings/Benchmark/7PK0_BYC/_staging/receptors/pdbqt/7PK0_BYC_protein_meeko.pdbqt
Ligand: /home/manndo/master_dev/Dockings/Benchmark/7PK0_BYC/_staging/ligands/pdbqt/7PK0_BYC_ligand_start_conf.pdbqt
Grid center: X -20.525 Y 28.252 Z -17.478
Grid size  : X 25.8 Y 21.2 Z 22.4
Grid space : 0.375
Exhaustiveness: 32
CPU: 32
Verbosity: 1

Computing Vina grid ... done.
Performing docking (random seed: 42) ... 
0%   10   20   30   40   50   60   70   80   90   100%
|----|----|----|----|----|----|----|----|----|----|
***************************************************

mode |   affinity | dist from best mode
     | (kcal/mol) | rmsd l.b.| rmsd u.b.
-----+------------+----------+----------
   1        -8.91          0          0
   2       -8.735      7.636      12.28
   3       -8.662      7.236      12.01
   4       -8.566      6.664      12.27
   5       -8.539      1.903      2.481
   6       -8.399      7.602      12.42
   7       -8.369      4.291      6.725
   8        -8.24      6.642      12.47
   9       -8.201      5.758      9.304
  10       -8.103      7.802      12.88
