AutoDock Vina v1.2.7-20-g93cdc3d-mod
#################################################################
# If you used AutoDock Vina in your work, please cite:          #
#                                                               #
# J. Eberhardt, D. Santos-Martins, A. F. Tillack, and S. Forli  #
# AutoDock Vina 1.2.0: New Docking Methods, Expanded Force      #
# Field, and Python Bindings, J. Chem. Inf. Model. (2021)       #
# DOI 10.1021/acs.jcim.1c00203                                  #
#                                                               #
# O. Trott, A. J. Olson,                                        #
# AutoDock Vina: improving the speed and accuracy of docking    #
# with a new scoring function, efficient optimization and       #
# multithreading, J. Comp. Chem. (2010)                         #
# DOI 10.1002/jcc.21334                                         #
#                                                               #
# Please see https://github.com/ccsb-scripps/AutoDock-Vina for  #
# more information.                                             #
#################################################################

Scoring function : vina
Rigid receptor: /home/manndo/master_dev/Dockings/Benchmark/7POM_7VZ/_staging/receptors/pdbqt/7POM_7VZ_protein_meeko_retry1.pdbqt
Ligand: /home/manndo/master_dev/Dockings/Benchmark/7POM_7VZ/_staging/ligands/pdbqt/7POM_7VZ_ligand_start_conf.pdbqt
Grid center: X -42.458 Y 19.852 Z -62.006
Grid size  : X 16.8 Y 18.6 Z 16.8
Grid space : 0.375
Exhaustiveness: 32
CPU: 32
Verbosity: 1

Computing Vina grid ... done.
Performing docking (random seed: 42) ... 
0%   10   20   30   40   50   60   70   80   90   100%
|----|----|----|----|----|----|----|----|----|----|
***************************************************

mode |   affinity | dist from best mode
     | (kcal/mol) | rmsd l.b.| rmsd u.b.
-----+------------+----------+----------
   1       -7.435          0          0
   2       -7.058      3.552      5.481
   3       -6.888      3.168      4.219
   4       -6.732      3.471      5.641
   5       -6.554      3.031       4.83
   6       -6.516      3.465      5.039
   7        -6.51      3.596      4.569
   8       -6.419      3.348       4.13
   9       -6.289      3.014      3.669
  10       -5.988      4.138      5.083
