AutoDock Vina v1.2.7-20-g93cdc3d-mod
#################################################################
# If you used AutoDock Vina in your work, please cite:          #
#                                                               #
# J. Eberhardt, D. Santos-Martins, A. F. Tillack, and S. Forli  #
# AutoDock Vina 1.2.0: New Docking Methods, Expanded Force      #
# Field, and Python Bindings, J. Chem. Inf. Model. (2021)       #
# DOI 10.1021/acs.jcim.1c00203                                  #
#                                                               #
# O. Trott, A. J. Olson,                                        #
# AutoDock Vina: improving the speed and accuracy of docking    #
# with a new scoring function, efficient optimization and       #
# multithreading, J. Comp. Chem. (2010)                         #
# DOI 10.1002/jcc.21334                                         #
#                                                               #
# Please see https://github.com/ccsb-scripps/AutoDock-Vina for  #
# more information.                                             #
#################################################################

Scoring function : vina
Rigid receptor: /home/manndo/master_dev/Dockings/Benchmark/7PRI_7TI/_staging/receptors/pdbqt/7PRI_7TI_protein_mgl_tools.pdbqt
Ligand: /home/manndo/master_dev/Dockings/Benchmark/7PRI_7TI/_staging/ligands/pdbqt/7PRI_7TI_ligand_start_conf.pdbqt
Grid center: X 50.728 Y -45.032 Z -12.617
Grid size  : X 18.4 Y 15.4 Z 16.6
Grid space : 0.375
Exhaustiveness: 32
CPU: 32
Verbosity: 1

Computing Vina grid ... done.
Performing docking (random seed: 42) ... 
0%   10   20   30   40   50   60   70   80   90   100%
|----|----|----|----|----|----|----|----|----|----|
***************************************************

mode |   affinity | dist from best mode
     | (kcal/mol) | rmsd l.b.| rmsd u.b.
-----+------------+----------+----------
   1       -6.822          0          0
   2       -6.674      1.578      2.219
   3        -6.43      3.695      5.743
   4       -6.359      2.475      3.647
   5       -6.356      2.799       3.71
   6       -6.187      3.974      5.836
   7       -6.148      2.688       5.02
   8       -6.056      3.923      5.806
   9       -6.017       3.74      5.889
  10       -5.867      2.601      3.528
