AutoDock Vina v1.2.7-20-g93cdc3d-mod
#################################################################
# If you used AutoDock Vina in your work, please cite:          #
#                                                               #
# J. Eberhardt, D. Santos-Martins, A. F. Tillack, and S. Forli  #
# AutoDock Vina 1.2.0: New Docking Methods, Expanded Force      #
# Field, and Python Bindings, J. Chem. Inf. Model. (2021)       #
# DOI 10.1021/acs.jcim.1c00203                                  #
#                                                               #
# O. Trott, A. J. Olson,                                        #
# AutoDock Vina: improving the speed and accuracy of docking    #
# with a new scoring function, efficient optimization and       #
# multithreading, J. Comp. Chem. (2010)                         #
# DOI 10.1002/jcc.21334                                         #
#                                                               #
# Please see https://github.com/ccsb-scripps/AutoDock-Vina for  #
# more information.                                             #
#################################################################

Scoring function : vina
Rigid receptor: /home/manndo/master_dev/Dockings/Benchmark/7PUV_84Z/_staging/receptors/pdbqt/7PUV_84Z_protein_meeko_retry1.pdbqt
Ligand: /home/manndo/master_dev/Dockings/Benchmark/7PUV_84Z/_staging/ligands/pdbqt/7PUV_84Z_ligand_start_conf.pdbqt
Grid center: X 25.755 Y 6.4 Z 10.766
Grid size  : X 16.4 Y 20.1 Z 15.9
Grid space : 0.375
Exhaustiveness: 32
CPU: 32
Verbosity: 1

Computing Vina grid ... done.
Performing docking (random seed: 42) ... 
0%   10   20   30   40   50   60   70   80   90   100%
|----|----|----|----|----|----|----|----|----|----|
***************************************************

mode |   affinity | dist from best mode
     | (kcal/mol) | rmsd l.b.| rmsd u.b.
-----+------------+----------+----------
   1       -8.145          0          0
   2       -8.103      1.194      1.786
   3       -8.091      1.921      2.629
   4        -7.88      2.261       2.81
   5       -7.803      3.807      6.587
   6       -7.702      2.393      3.775
   7       -7.652      1.975      2.909
   8       -7.554      3.854      6.544
   9        -7.22      3.389      5.974
  10       -6.976      3.533      6.403
