AutoDock Vina v1.2.7-20-g93cdc3d-mod
#################################################################
# If you used AutoDock Vina in your work, please cite:          #
#                                                               #
# J. Eberhardt, D. Santos-Martins, A. F. Tillack, and S. Forli  #
# AutoDock Vina 1.2.0: New Docking Methods, Expanded Force      #
# Field, and Python Bindings, J. Chem. Inf. Model. (2021)       #
# DOI 10.1021/acs.jcim.1c00203                                  #
#                                                               #
# O. Trott, A. J. Olson,                                        #
# AutoDock Vina: improving the speed and accuracy of docking    #
# with a new scoring function, efficient optimization and       #
# multithreading, J. Comp. Chem. (2010)                         #
# DOI 10.1002/jcc.21334                                         #
#                                                               #
# Please see https://github.com/ccsb-scripps/AutoDock-Vina for  #
# more information.                                             #
#################################################################

Scoring function : vina
Rigid receptor: /home/manndo/master_dev/Dockings/Benchmark/7Q27_8KC/_staging/receptors/pdbqt/7Q27_8KC_protein_meeko.pdbqt
Ligand: /home/manndo/master_dev/Dockings/Benchmark/7Q27_8KC/_staging/ligands/pdbqt/7Q27_8KC_ligand_start_conf.pdbqt
Grid center: X -13.663 Y -8.813 Z 20.54
Grid size  : X 19.1 Y 18.8 Z 22.8
Grid space : 0.375
Exhaustiveness: 32
CPU: 32
Verbosity: 1

Computing Vina grid ... done.
Performing docking (random seed: 42) ... 
0%   10   20   30   40   50   60   70   80   90   100%
|----|----|----|----|----|----|----|----|----|----|
***************************************************

mode |   affinity | dist from best mode
     | (kcal/mol) | rmsd l.b.| rmsd u.b.
-----+------------+----------+----------
   1       -8.903          0          0
   2       -8.723      2.361      4.468
   3       -8.698      5.213      7.273
   4       -8.659      1.678      3.212
   5       -8.603      1.998      5.074
   6        -8.56      2.444      4.744
   7       -8.549      1.371      4.744
   8       -8.504      2.167      5.267
   9        -8.48      1.567      2.547
  10       -8.449      2.477      7.715
