AutoDock Vina v1.2.7-20-g93cdc3d-mod
#################################################################
# If you used AutoDock Vina in your work, please cite:          #
#                                                               #
# J. Eberhardt, D. Santos-Martins, A. F. Tillack, and S. Forli  #
# AutoDock Vina 1.2.0: New Docking Methods, Expanded Force      #
# Field, and Python Bindings, J. Chem. Inf. Model. (2021)       #
# DOI 10.1021/acs.jcim.1c00203                                  #
#                                                               #
# O. Trott, A. J. Olson,                                        #
# AutoDock Vina: improving the speed and accuracy of docking    #
# with a new scoring function, efficient optimization and       #
# multithreading, J. Comp. Chem. (2010)                         #
# DOI 10.1002/jcc.21334                                         #
#                                                               #
# Please see https://github.com/ccsb-scripps/AutoDock-Vina for  #
# more information.                                             #
#################################################################

Scoring function : vina
Rigid receptor: /home/manndo/master_dev/Dockings/Benchmark/7Q27_8KC/_staging/receptors/pdbqt/7Q27_8KC_protein_mgl_tools.pdbqt
Ligand: /home/manndo/master_dev/Dockings/Benchmark/7Q27_8KC/_staging/ligands/pdbqt/7Q27_8KC_ligand_start_conf.pdbqt
Grid center: X -13.663 Y -8.813 Z 20.54
Grid size  : X 19.1 Y 18.8 Z 22.8
Grid space : 0.375
Exhaustiveness: 32
CPU: 32
Verbosity: 1

Computing Vina grid ... done.
Performing docking (random seed: 42) ... 
0%   10   20   30   40   50   60   70   80   90   100%
|----|----|----|----|----|----|----|----|----|----|
***************************************************

mode |   affinity | dist from best mode
     | (kcal/mol) | rmsd l.b.| rmsd u.b.
-----+------------+----------+----------
   1       -9.992          0          0
   2        -9.83      3.586      8.389
   3        -9.83      5.187      7.396
   4         -9.7      4.672      8.714
   5       -9.641      5.956      8.673
   6       -9.625      4.206       7.77
   7       -9.556      5.071      7.261
   8       -9.496      5.197       7.09
   9       -9.489      3.747      6.429
  10       -9.483      5.253      7.913
