AutoDock Vina v1.2.7-20-g93cdc3d-mod
#################################################################
# If you used AutoDock Vina in your work, please cite:          #
#                                                               #
# J. Eberhardt, D. Santos-Martins, A. F. Tillack, and S. Forli  #
# AutoDock Vina 1.2.0: New Docking Methods, Expanded Force      #
# Field, and Python Bindings, J. Chem. Inf. Model. (2021)       #
# DOI 10.1021/acs.jcim.1c00203                                  #
#                                                               #
# O. Trott, A. J. Olson,                                        #
# AutoDock Vina: improving the speed and accuracy of docking    #
# with a new scoring function, efficient optimization and       #
# multithreading, J. Comp. Chem. (2010)                         #
# DOI 10.1002/jcc.21334                                         #
#                                                               #
# Please see https://github.com/ccsb-scripps/AutoDock-Vina for  #
# more information.                                             #
#################################################################

Scoring function : vina
Rigid receptor: /home/manndo/master_dev/Dockings/Benchmark/7Q2B_M6H/_staging/receptors/pdbqt/7Q2B_M6H_protein_mgl_tools.pdbqt
Ligand: /home/manndo/master_dev/Dockings/Benchmark/7Q2B_M6H/_staging/ligands/pdbqt/7Q2B_M6H_ligand_start_conf.pdbqt
Grid center: X -30.408 Y -12.36 Z 13.168
Grid size  : X 15.9 Y 12.7 Z 14.7
Grid space : 0.375
Exhaustiveness: 32
CPU: 32
Verbosity: 1

Computing Vina grid ... done.
Performing docking (random seed: 42) ... 
0%   10   20   30   40   50   60   70   80   90   100%
|----|----|----|----|----|----|----|----|----|----|
***************************************************

mode |   affinity | dist from best mode
     | (kcal/mol) | rmsd l.b.| rmsd u.b.
-----+------------+----------+----------
   1       -7.067          0          0
   2       -7.005     0.1263      1.404
   3       -6.992      1.266      2.046
   4       -6.972      2.954       5.53
   5       -6.942      2.948      5.355
   6       -6.732      3.064      5.367
   7       -6.574      4.326      6.921
   8       -6.572      4.345      7.049
   9        -6.38       2.64      4.129
  10       -6.297      1.672      5.231
