AutoDock Vina v1.2.7-20-g93cdc3d-mod
#################################################################
# If you used AutoDock Vina in your work, please cite:          #
#                                                               #
# J. Eberhardt, D. Santos-Martins, A. F. Tillack, and S. Forli  #
# AutoDock Vina 1.2.0: New Docking Methods, Expanded Force      #
# Field, and Python Bindings, J. Chem. Inf. Model. (2021)       #
# DOI 10.1021/acs.jcim.1c00203                                  #
#                                                               #
# O. Trott, A. J. Olson,                                        #
# AutoDock Vina: improving the speed and accuracy of docking    #
# with a new scoring function, efficient optimization and       #
# multithreading, J. Comp. Chem. (2010)                         #
# DOI 10.1002/jcc.21334                                         #
#                                                               #
# Please see https://github.com/ccsb-scripps/AutoDock-Vina for  #
# more information.                                             #
#################################################################

Scoring function : vina
Rigid receptor: /home/manndo/master_dev/Dockings/Benchmark/7Q5I_I0F/_staging/receptors/pdbqt/7Q5I_I0F_protein_meeko.pdbqt
Ligand: /home/manndo/master_dev/Dockings/Benchmark/7Q5I_I0F/_staging/ligands/pdbqt/7Q5I_I0F_ligand_start_conf.pdbqt
Grid center: X 35.421 Y 23.342 Z 30.709
Grid size  : X 18.4 Y 19.4 Z 23
Grid space : 0.375
Exhaustiveness: 32
CPU: 32
Verbosity: 1

Computing Vina grid ... done.
Performing docking (random seed: 42) ... 
0%   10   20   30   40   50   60   70   80   90   100%
|----|----|----|----|----|----|----|----|----|----|
***************************************************

mode |   affinity | dist from best mode
     | (kcal/mol) | rmsd l.b.| rmsd u.b.
-----+------------+----------+----------
   1       -9.107          0          0
   2         -9.1      1.622      2.776
   3       -8.675       4.72      9.938
   4       -8.601      4.455      9.898
   5       -8.488      1.238      1.772
   6       -8.416      4.819       9.94
   7       -8.408      4.245        9.9
   8       -8.297      5.554      10.57
   9       -8.054      3.157      9.609
  10       -7.899      4.077       9.49
