AutoDock Vina v1.2.7-20-g93cdc3d-mod
#################################################################
# If you used AutoDock Vina in your work, please cite:          #
#                                                               #
# J. Eberhardt, D. Santos-Martins, A. F. Tillack, and S. Forli  #
# AutoDock Vina 1.2.0: New Docking Methods, Expanded Force      #
# Field, and Python Bindings, J. Chem. Inf. Model. (2021)       #
# DOI 10.1021/acs.jcim.1c00203                                  #
#                                                               #
# O. Trott, A. J. Olson,                                        #
# AutoDock Vina: improving the speed and accuracy of docking    #
# with a new scoring function, efficient optimization and       #
# multithreading, J. Comp. Chem. (2010)                         #
# DOI 10.1002/jcc.21334                                         #
#                                                               #
# Please see https://github.com/ccsb-scripps/AutoDock-Vina for  #
# more information.                                             #
#################################################################

Scoring function : vina
Rigid receptor: /home/manndo/master_dev/Dockings/Benchmark/7QGP_DJ8/_staging/receptors/pdbqt/7QGP_DJ8_protein_meeko_retry1.pdbqt
Ligand: /home/manndo/master_dev/Dockings/Benchmark/7QGP_DJ8/_staging/ligands/pdbqt/7QGP_DJ8_ligand_start_conf.pdbqt
Grid center: X -27.075 Y 5.471 Z 12.357
Grid size  : X 24 Y 19.9 Z 17.4
Grid space : 0.375
Exhaustiveness: 32
CPU: 32
Verbosity: 1

Computing Vina grid ... done.
Performing docking (random seed: 42) ... 
0%   10   20   30   40   50   60   70   80   90   100%
|----|----|----|----|----|----|----|----|----|----|
***************************************************

mode |   affinity | dist from best mode
     | (kcal/mol) | rmsd l.b.| rmsd u.b.
-----+------------+----------+----------
   1       -11.12          0          0
   2       -10.32      1.495      2.043
   3        -10.2      1.977      4.043
   4       -10.18      1.937      2.638
   5       -9.964      1.127      1.825
   6       -9.929      3.523      10.26
   7       -9.729       2.41      4.678
   8       -9.728      2.969      5.272
   9       -9.457      2.302      4.271
  10       -9.243      3.666       10.7
