AutoDock Vina v1.2.7-20-g93cdc3d-mod
#################################################################
# If you used AutoDock Vina in your work, please cite:          #
#                                                               #
# J. Eberhardt, D. Santos-Martins, A. F. Tillack, and S. Forli  #
# AutoDock Vina 1.2.0: New Docking Methods, Expanded Force      #
# Field, and Python Bindings, J. Chem. Inf. Model. (2021)       #
# DOI 10.1021/acs.jcim.1c00203                                  #
#                                                               #
# O. Trott, A. J. Olson,                                        #
# AutoDock Vina: improving the speed and accuracy of docking    #
# with a new scoring function, efficient optimization and       #
# multithreading, J. Comp. Chem. (2010)                         #
# DOI 10.1002/jcc.21334                                         #
#                                                               #
# Please see https://github.com/ccsb-scripps/AutoDock-Vina for  #
# more information.                                             #
#################################################################

Scoring function : vina
Rigid receptor: /home/manndo/master_dev/Dockings/Benchmark/7QSW_CAP/_staging/receptors/pdbqt/7QSW_CAP_protein_meeko.pdbqt
Ligand: /home/manndo/master_dev/Dockings/Benchmark/7QSW_CAP/_staging/ligands/pdbqt/7QSW_CAP_ligand_start_conf.pdbqt
Grid center: X 78.255 Y 72.227 Z 36.773
Grid size  : X 21.3 Y 15.7 Z 14.7
Grid space : 0.375
Exhaustiveness: 32
CPU: 32
Verbosity: 1

Computing Vina grid ... done.
Performing docking (random seed: 42) ... 
0%   10   20   30   40   50   60   70   80   90   100%
|----|----|----|----|----|----|----|----|----|----|
***************************************************

mode |   affinity | dist from best mode
     | (kcal/mol) | rmsd l.b.| rmsd u.b.
-----+------------+----------+----------
   1       -7.562          0          0
   2       -7.555      1.136      6.262
   3       -7.523      1.127      2.136
   4       -7.519     0.1306      1.002
   5       -7.518          1       1.58
   6         -7.5      1.203      2.204
   7       -7.158      2.661      7.706
   8       -7.128      2.314      7.531
   9        -6.94      1.713       6.94
  10       -6.849      2.451      7.321
