AutoDock Vina v1.2.7-20-g93cdc3d-mod
#################################################################
# If you used AutoDock Vina in your work, please cite:          #
#                                                               #
# J. Eberhardt, D. Santos-Martins, A. F. Tillack, and S. Forli  #
# AutoDock Vina 1.2.0: New Docking Methods, Expanded Force      #
# Field, and Python Bindings, J. Chem. Inf. Model. (2021)       #
# DOI 10.1021/acs.jcim.1c00203                                  #
#                                                               #
# O. Trott, A. J. Olson,                                        #
# AutoDock Vina: improving the speed and accuracy of docking    #
# with a new scoring function, efficient optimization and       #
# multithreading, J. Comp. Chem. (2010)                         #
# DOI 10.1002/jcc.21334                                         #
#                                                               #
# Please see https://github.com/ccsb-scripps/AutoDock-Vina for  #
# more information.                                             #
#################################################################

Scoring function : vina
Rigid receptor: /home/manndo/master_dev/Dockings/Benchmark/7QSW_CAP/_staging/receptors/pdbqt/7QSW_CAP_protein_mgl_tools.pdbqt
Ligand: /home/manndo/master_dev/Dockings/Benchmark/7QSW_CAP/_staging/ligands/pdbqt/7QSW_CAP_ligand_start_conf.pdbqt
Grid center: X 78.255 Y 72.227 Z 36.773
Grid size  : X 21.3 Y 15.7 Z 14.7
Grid space : 0.375
Exhaustiveness: 32
CPU: 32
Verbosity: 1

Computing Vina grid ... done.
Performing docking (random seed: 42) ... 
0%   10   20   30   40   50   60   70   80   90   100%
|----|----|----|----|----|----|----|----|----|----|
***************************************************

mode |   affinity | dist from best mode
     | (kcal/mol) | rmsd l.b.| rmsd u.b.
-----+------------+----------+----------
   1       -7.307          0          0
   2       -7.294      1.033      1.482
   3       -7.275     0.7951      1.333
   4       -7.201      1.548       2.54
   5       -7.078      1.328      6.251
   6       -6.807      2.538      7.506
   7       -6.691      2.848      7.639
   8       -6.582      1.479       2.37
   9       -6.567      2.954      5.225
  10       -6.443      1.853      7.003
