AutoDock Vina v1.2.7-20-g93cdc3d-mod
#################################################################
# If you used AutoDock Vina in your work, please cite:          #
#                                                               #
# J. Eberhardt, D. Santos-Martins, A. F. Tillack, and S. Forli  #
# AutoDock Vina 1.2.0: New Docking Methods, Expanded Force      #
# Field, and Python Bindings, J. Chem. Inf. Model. (2021)       #
# DOI 10.1021/acs.jcim.1c00203                                  #
#                                                               #
# O. Trott, A. J. Olson,                                        #
# AutoDock Vina: improving the speed and accuracy of docking    #
# with a new scoring function, efficient optimization and       #
# multithreading, J. Comp. Chem. (2010)                         #
# DOI 10.1002/jcc.21334                                         #
#                                                               #
# Please see https://github.com/ccsb-scripps/AutoDock-Vina for  #
# more information.                                             #
#################################################################

Scoring function : vina
Rigid receptor: /home/manndo/master_dev/Dockings/Benchmark/7R3D_APR/_staging/receptors/pdbqt/7R3D_APR_protein_meeko.pdbqt
Ligand: /home/manndo/master_dev/Dockings/Benchmark/7R3D_APR/_staging/ligands/pdbqt/7R3D_APR_ligand_start_conf.pdbqt
Grid center: X 14.301 Y 21.396 Z -50.537
Grid size  : X 22 Y 23 Z 16.8
Grid space : 0.375
Exhaustiveness: 32
CPU: 32
Verbosity: 1

Computing Vina grid ... done.
Performing docking (random seed: 42) ... 
0%   10   20   30   40   50   60   70   80   90   100%
|----|----|----|----|----|----|----|----|----|----|
***************************************************

mode |   affinity | dist from best mode
     | (kcal/mol) | rmsd l.b.| rmsd u.b.
-----+------------+----------+----------
   1        -9.35          0          0
   2       -9.348      4.875      9.932
   3       -9.282      1.237      2.193
   4       -9.167      4.953      10.03
   5       -9.116      1.111      1.781
   6       -9.001      4.652      9.763
   7       -8.912      5.038      10.27
   8       -8.622      1.671      2.446
   9       -8.556      1.907      2.992
  10       -8.361      4.984      10.33
