AutoDock Vina v1.2.7-20-g93cdc3d-mod
#################################################################
# If you used AutoDock Vina in your work, please cite:          #
#                                                               #
# J. Eberhardt, D. Santos-Martins, A. F. Tillack, and S. Forli  #
# AutoDock Vina 1.2.0: New Docking Methods, Expanded Force      #
# Field, and Python Bindings, J. Chem. Inf. Model. (2021)       #
# DOI 10.1021/acs.jcim.1c00203                                  #
#                                                               #
# O. Trott, A. J. Olson,                                        #
# AutoDock Vina: improving the speed and accuracy of docking    #
# with a new scoring function, efficient optimization and       #
# multithreading, J. Comp. Chem. (2010)                         #
# DOI 10.1002/jcc.21334                                         #
#                                                               #
# Please see https://github.com/ccsb-scripps/AutoDock-Vina for  #
# more information.                                             #
#################################################################

Scoring function : vina
Rigid receptor: /home/manndo/master_dev/Dockings/Benchmark/7R59_I5F/_staging/receptors/pdbqt/7R59_I5F_protein_meeko.pdbqt
Ligand: /home/manndo/master_dev/Dockings/Benchmark/7R59_I5F/_staging/ligands/pdbqt/7R59_I5F_ligand_start_conf.pdbqt
Grid center: X 1.649 Y 4.328 Z 10.857
Grid size  : X 14.4 Y 11.6 Z 16.9
Grid space : 0.375
Exhaustiveness: 32
CPU: 32
Verbosity: 1

Computing Vina grid ... done.
Performing docking (random seed: 42) ... 
0%   10   20   30   40   50   60   70   80   90   100%
|----|----|----|----|----|----|----|----|----|----|
***************************************************

mode |   affinity | dist from best mode
     | (kcal/mol) | rmsd l.b.| rmsd u.b.
-----+------------+----------+----------
   1       -7.203          0          0
   2       -6.946      1.421      2.176
   3       -6.839      2.377      3.186
   4       -6.756      1.423      1.777
   5       -6.523      3.189      4.614
   6       -6.516      2.939       4.01
   7       -6.511      3.579      5.148
   8       -6.467      3.473      5.066
   9       -6.378      3.397       4.72
