AutoDock Vina v1.2.7-20-g93cdc3d-mod
#################################################################
# If you used AutoDock Vina in your work, please cite:          #
#                                                               #
# J. Eberhardt, D. Santos-Martins, A. F. Tillack, and S. Forli  #
# AutoDock Vina 1.2.0: New Docking Methods, Expanded Force      #
# Field, and Python Bindings, J. Chem. Inf. Model. (2021)       #
# DOI 10.1021/acs.jcim.1c00203                                  #
#                                                               #
# O. Trott, A. J. Olson,                                        #
# AutoDock Vina: improving the speed and accuracy of docking    #
# with a new scoring function, efficient optimization and       #
# multithreading, J. Comp. Chem. (2010)                         #
# DOI 10.1002/jcc.21334                                         #
#                                                               #
# Please see https://github.com/ccsb-scripps/AutoDock-Vina for  #
# more information.                                             #
#################################################################

Scoring function : vina
Rigid receptor: /home/manndo/master_dev/Dockings/Benchmark/7RC3_SAH/_staging/receptors/pdbqt/7RC3_SAH_protein_mgl_tools.pdbqt
Ligand: /home/manndo/master_dev/Dockings/Benchmark/7RC3_SAH/_staging/ligands/pdbqt/7RC3_SAH_ligand_start_conf.pdbqt
Grid center: X -44.872 Y 14.281 Z 7.692
Grid size  : X 18.2 Y 22.2 Z 15.9
Grid space : 0.375
Exhaustiveness: 32
CPU: 32
Verbosity: 1

Computing Vina grid ... done.
Performing docking (random seed: 42) ... 
0%   10   20   30   40   50   60   70   80   90   100%
|----|----|----|----|----|----|----|----|----|----|
***************************************************

mode |   affinity | dist from best mode
     | (kcal/mol) | rmsd l.b.| rmsd u.b.
-----+------------+----------+----------
   1       -7.123          0          0
   2       -6.863      4.797      6.987
   3       -6.542      3.361       6.16
   4       -6.525      7.205      9.712
   5       -6.429      4.549      8.399
   6       -6.238      3.903      5.569
   7       -6.097      4.685      8.585
   8        -6.02      6.369      9.639
   9       -5.804      1.439      1.661
  10       -5.591      6.327      9.533
