AutoDock Vina v1.2.7-20-g93cdc3d-mod
#################################################################
# If you used AutoDock Vina in your work, please cite:          #
#                                                               #
# J. Eberhardt, D. Santos-Martins, A. F. Tillack, and S. Forli  #
# AutoDock Vina 1.2.0: New Docking Methods, Expanded Force      #
# Field, and Python Bindings, J. Chem. Inf. Model. (2021)       #
# DOI 10.1021/acs.jcim.1c00203                                  #
#                                                               #
# O. Trott, A. J. Olson,                                        #
# AutoDock Vina: improving the speed and accuracy of docking    #
# with a new scoring function, efficient optimization and       #
# multithreading, J. Comp. Chem. (2010)                         #
# DOI 10.1002/jcc.21334                                         #
#                                                               #
# Please see https://github.com/ccsb-scripps/AutoDock-Vina for  #
# more information.                                             #
#################################################################

Scoring function : vina
Rigid receptor: /home/manndo/master_dev/Dockings/Benchmark/7RH8_UTP/_staging/receptors/pdbqt/7RH8_UTP_protein_meeko_retry1.pdbqt
Ligand: /home/manndo/master_dev/Dockings/Benchmark/7RH8_UTP/_staging/ligands/pdbqt/7RH8_UTP_ligand_start_conf.pdbqt
Grid center: X -26.532 Y -58.082 Z -7.337
Grid size  : X 16.2 Y 22.7 Z 18.8
Grid space : 0.375
Exhaustiveness: 32
CPU: 32
Verbosity: 1

Computing Vina grid ... done.
Performing docking (random seed: 42) ... 
0%   10   20   30   40   50   60   70   80   90   100%
|----|----|----|----|----|----|----|----|----|----|
***************************************************

mode |   affinity | dist from best mode
     | (kcal/mol) | rmsd l.b.| rmsd u.b.
-----+------------+----------+----------
   1       -6.869          0          0
   2       -6.767      1.453      2.322
   3       -6.724      1.113      1.702
   4       -6.704      1.057      1.697
   5       -6.678      1.686      3.194
   6       -6.614      1.378      1.671
   7       -6.595      1.368      2.467
   8       -6.509       1.95      2.694
   9       -6.465      1.497       2.45
  10       -6.313      2.007      3.121
