AutoDock Vina v1.2.7-20-g93cdc3d-mod
#################################################################
# If you used AutoDock Vina in your work, please cite:          #
#                                                               #
# J. Eberhardt, D. Santos-Martins, A. F. Tillack, and S. Forli  #
# AutoDock Vina 1.2.0: New Docking Methods, Expanded Force      #
# Field, and Python Bindings, J. Chem. Inf. Model. (2021)       #
# DOI 10.1021/acs.jcim.1c00203                                  #
#                                                               #
# O. Trott, A. J. Olson,                                        #
# AutoDock Vina: improving the speed and accuracy of docking    #
# with a new scoring function, efficient optimization and       #
# multithreading, J. Comp. Chem. (2010)                         #
# DOI 10.1002/jcc.21334                                         #
#                                                               #
# Please see https://github.com/ccsb-scripps/AutoDock-Vina for  #
# more information.                                             #
#################################################################

Scoring function : vina
Rigid receptor: /home/manndo/master_dev/Dockings/Benchmark/7ROU_66I/_staging/receptors/pdbqt/7ROU_66I_protein_meeko.pdbqt
Ligand: /home/manndo/master_dev/Dockings/Benchmark/7ROU_66I/_staging/ligands/pdbqt/7ROU_66I_ligand_start_conf.pdbqt
Grid center: X 63.075 Y 18.3 Z 44.059
Grid size  : X 24.2 Y 21 Z 20.1
Grid space : 0.375
Exhaustiveness: 32
CPU: 32
Verbosity: 1

Computing Vina grid ... done.
Performing docking (random seed: 42) ... 
0%   10   20   30   40   50   60   70   80   90   100%
|----|----|----|----|----|----|----|----|----|----|
***************************************************

mode |   affinity | dist from best mode
     | (kcal/mol) | rmsd l.b.| rmsd u.b.
-----+------------+----------+----------
   1       -11.07          0          0
   2       -10.84      1.734      2.471
   3       -10.69      2.428      3.583
   4       -10.69      2.444      3.642
   5       -10.48      1.785      3.072
   6       -10.38      1.879      2.924
   7       -10.22      3.356      8.607
   8       -10.17      2.519      3.787
   9       -9.996      3.422      8.594
  10       -9.885      3.481      9.917
