AutoDock Vina v1.2.7-20-g93cdc3d-mod
#################################################################
# If you used AutoDock Vina in your work, please cite:          #
#                                                               #
# J. Eberhardt, D. Santos-Martins, A. F. Tillack, and S. Forli  #
# AutoDock Vina 1.2.0: New Docking Methods, Expanded Force      #
# Field, and Python Bindings, J. Chem. Inf. Model. (2021)       #
# DOI 10.1021/acs.jcim.1c00203                                  #
#                                                               #
# O. Trott, A. J. Olson,                                        #
# AutoDock Vina: improving the speed and accuracy of docking    #
# with a new scoring function, efficient optimization and       #
# multithreading, J. Comp. Chem. (2010)                         #
# DOI 10.1002/jcc.21334                                         #
#                                                               #
# Please see https://github.com/ccsb-scripps/AutoDock-Vina for  #
# more information.                                             #
#################################################################

Scoring function : vina
Rigid receptor: /home/manndo/master_dev/Dockings/Benchmark/7RPZ_6IC/_staging/receptors/pdbqt/7RPZ_6IC_protein_mgl_tools.pdbqt
Ligand: /home/manndo/master_dev/Dockings/Benchmark/7RPZ_6IC/_staging/ligands/pdbqt/7RPZ_6IC_ligand_start_conf.pdbqt
Grid center: X 1.052 Y 6.44 Z -24.163
Grid size  : X 22.7 Y 20.7 Z 17.7
Grid space : 0.375
Exhaustiveness: 32
CPU: 32
Verbosity: 1

Computing Vina grid ... done.
Performing docking (random seed: 42) ... 
0%   10   20   30   40   50   60   70   80   90   100%
|----|----|----|----|----|----|----|----|----|----|
***************************************************

mode |   affinity | dist from best mode
     | (kcal/mol) | rmsd l.b.| rmsd u.b.
-----+------------+----------+----------
   1       -12.49          0          0
   2       -9.986      1.566      2.122
   3       -9.717      3.118       4.72
   4       -9.484      4.283      9.753
   5       -9.413      3.299      10.04
   6       -9.317      4.688      11.28
   7       -9.163      5.167      8.016
   8       -9.056       5.42      11.77
   9       -8.809      5.796      11.23
  10       -8.757      4.163      9.717
