AutoDock Vina v1.2.7-20-g93cdc3d-mod
#################################################################
# If you used AutoDock Vina in your work, please cite:          #
#                                                               #
# J. Eberhardt, D. Santos-Martins, A. F. Tillack, and S. Forli  #
# AutoDock Vina 1.2.0: New Docking Methods, Expanded Force      #
# Field, and Python Bindings, J. Chem. Inf. Model. (2021)       #
# DOI 10.1021/acs.jcim.1c00203                                  #
#                                                               #
# O. Trott, A. J. Olson,                                        #
# AutoDock Vina: improving the speed and accuracy of docking    #
# with a new scoring function, efficient optimization and       #
# multithreading, J. Comp. Chem. (2010)                         #
# DOI 10.1002/jcc.21334                                         #
#                                                               #
# Please see https://github.com/ccsb-scripps/AutoDock-Vina for  #
# more information.                                             #
#################################################################

Scoring function : vina
Rigid receptor: /home/manndo/master_dev/Dockings/Benchmark/7RUI_7QZ/_staging/receptors/pdbqt/7RUI_7QZ_protein_meeko.pdbqt
Ligand: /home/manndo/master_dev/Dockings/Benchmark/7RUI_7QZ/_staging/ligands/pdbqt/7RUI_7QZ_ligand_start_conf.pdbqt
Grid center: X 11.921 Y 14.718 Z 3.367
Grid size  : X 20.7 Y 17.3 Z 24
Grid space : 0.375
Exhaustiveness: 32
CPU: 32
Verbosity: 1

Computing Vina grid ... done.
Performing docking (random seed: 42) ... 
0%   10   20   30   40   50   60   70   80   90   100%
|----|----|----|----|----|----|----|----|----|----|
***************************************************

mode |   affinity | dist from best mode
     | (kcal/mol) | rmsd l.b.| rmsd u.b.
-----+------------+----------+----------
   1       -9.961          0          0
   2        -9.91     0.9849      1.195
   3       -9.649       3.59      7.551
   4        -9.46      3.926      6.782
   5       -9.265      3.225      9.248
   6       -9.265      1.083      2.927
   7        -9.23      1.419      2.874
   8       -9.198       1.32      2.878
   9       -9.074       4.08      6.319
  10       -8.655      3.228      9.468
