AutoDock Vina v1.2.7-20-g93cdc3d-mod
#################################################################
# If you used AutoDock Vina in your work, please cite:          #
#                                                               #
# J. Eberhardt, D. Santos-Martins, A. F. Tillack, and S. Forli  #
# AutoDock Vina 1.2.0: New Docking Methods, Expanded Force      #
# Field, and Python Bindings, J. Chem. Inf. Model. (2021)       #
# DOI 10.1021/acs.jcim.1c00203                                  #
#                                                               #
# O. Trott, A. J. Olson,                                        #
# AutoDock Vina: improving the speed and accuracy of docking    #
# with a new scoring function, efficient optimization and       #
# multithreading, J. Comp. Chem. (2010)                         #
# DOI 10.1002/jcc.21334                                         #
#                                                               #
# Please see https://github.com/ccsb-scripps/AutoDock-Vina for  #
# more information.                                             #
#################################################################

Scoring function : vina
Rigid receptor: /home/manndo/master_dev/Dockings/Benchmark/7RWO_7WN/_staging/receptors/pdbqt/7RWO_7WN_protein_meeko_retry1.pdbqt
Ligand: /home/manndo/master_dev/Dockings/Benchmark/7RWO_7WN/_staging/ligands/pdbqt/7RWO_7WN_ligand_start_conf.pdbqt
Grid center: X 5.786 Y -0.609 Z 1.399
Grid size  : X 13.9 Y 15.9 Z 20.3
Grid space : 0.375
Exhaustiveness: 32
CPU: 32
Verbosity: 1

Computing Vina grid ... done.
Performing docking (random seed: 42) ... 
0%   10   20   30   40   50   60   70   80   90   100%
|----|----|----|----|----|----|----|----|----|----|
***************************************************

mode |   affinity | dist from best mode
     | (kcal/mol) | rmsd l.b.| rmsd u.b.
-----+------------+----------+----------
   1       -8.372          0          0
   2        -8.11       1.49       1.72
   3       -7.906      2.147      2.665
   4       -7.877      1.607      2.183
   5       -7.825      1.935      2.194
   6       -7.583      1.248        1.9
   7       -7.536      1.809      2.491
   8       -7.304      3.362      4.584
   9       -7.277      3.281      7.237
  10       -7.186      3.202      7.296
