AutoDock Vina v1.2.7-20-g93cdc3d-mod
#################################################################
# If you used AutoDock Vina in your work, please cite:          #
#                                                               #
# J. Eberhardt, D. Santos-Martins, A. F. Tillack, and S. Forli  #
# AutoDock Vina 1.2.0: New Docking Methods, Expanded Force      #
# Field, and Python Bindings, J. Chem. Inf. Model. (2021)       #
# DOI 10.1021/acs.jcim.1c00203                                  #
#                                                               #
# O. Trott, A. J. Olson,                                        #
# AutoDock Vina: improving the speed and accuracy of docking    #
# with a new scoring function, efficient optimization and       #
# multithreading, J. Comp. Chem. (2010)                         #
# DOI 10.1002/jcc.21334                                         #
#                                                               #
# Please see https://github.com/ccsb-scripps/AutoDock-Vina for  #
# more information.                                             #
#################################################################

Scoring function : vina
Rigid receptor: /home/manndo/master_dev/Dockings/Benchmark/7S9H_7PP/_staging/receptors/pdbqt/7S9H_7PP_protein_meeko_retry1.pdbqt
Ligand: /home/manndo/master_dev/Dockings/Benchmark/7S9H_7PP/_staging/ligands/pdbqt/7S9H_7PP_ligand_start_conf.pdbqt
Grid center: X 30.947 Y 10.329 Z -27.092
Grid size  : X 19.6 Y 20.7 Z 17.6
Grid space : 0.375
Exhaustiveness: 32
CPU: 32
Verbosity: 1

Computing Vina grid ... done.
Performing docking (random seed: 42) ... 
0%   10   20   30   40   50   60   70   80   90   100%
|----|----|----|----|----|----|----|----|----|----|
***************************************************

mode |   affinity | dist from best mode
     | (kcal/mol) | rmsd l.b.| rmsd u.b.
-----+------------+----------+----------
   1       -9.826          0          0
   2        -9.51     0.9412      1.683
   3       -9.041      3.406      7.602
   4       -8.994      3.361      7.743
   5       -8.813      2.449      7.366
   6       -8.759       1.56      2.276
   7       -8.741      2.356      3.598
   8       -8.596      2.184      3.094
   9       -8.595      4.893      7.864
  10       -8.513      1.673      2.514
