AutoDock Vina v1.2.7-20-g93cdc3d-mod
#################################################################
# If you used AutoDock Vina in your work, please cite:          #
#                                                               #
# J. Eberhardt, D. Santos-Martins, A. F. Tillack, and S. Forli  #
# AutoDock Vina 1.2.0: New Docking Methods, Expanded Force      #
# Field, and Python Bindings, J. Chem. Inf. Model. (2021)       #
# DOI 10.1021/acs.jcim.1c00203                                  #
#                                                               #
# O. Trott, A. J. Olson,                                        #
# AutoDock Vina: improving the speed and accuracy of docking    #
# with a new scoring function, efficient optimization and       #
# multithreading, J. Comp. Chem. (2010)                         #
# DOI 10.1002/jcc.21334                                         #
#                                                               #
# Please see https://github.com/ccsb-scripps/AutoDock-Vina for  #
# more information.                                             #
#################################################################

Scoring function : vina
Rigid receptor: /home/manndo/master_dev/Dockings/Benchmark/7SCW_GSP/_staging/receptors/pdbqt/7SCW_GSP_protein_meeko.pdbqt
Ligand: /home/manndo/master_dev/Dockings/Benchmark/7SCW_GSP/_staging/ligands/pdbqt/7SCW_GSP_ligand_start_conf.pdbqt
Grid center: X 28.744 Y 21.572 Z -5.103
Grid size  : X 23.6 Y 19.6 Z 16.7
Grid space : 0.375
Exhaustiveness: 32
CPU: 32
Verbosity: 1

Computing Vina grid ... done.
Performing docking (random seed: 42) ... 
0%   10   20   30   40   50   60   70   80   90   100%
|----|----|----|----|----|----|----|----|----|----|
***************************************************

mode |   affinity | dist from best mode
     | (kcal/mol) | rmsd l.b.| rmsd u.b.
-----+------------+----------+----------
   1       -10.64          0          0
   2       -9.962     0.9341      1.549
   3       -9.612      1.621      2.408
   4       -9.156      1.492      2.476
   5       -8.903      2.772      3.923
   6       -8.816      6.081      9.987
   7       -8.792      1.702       2.65
   8       -8.658      1.599      2.245
   9       -8.519      1.652      2.095
  10       -8.281      5.793      9.432
