AutoDock Vina v1.2.7-20-g93cdc3d-mod
#################################################################
# If you used AutoDock Vina in your work, please cite:          #
#                                                               #
# J. Eberhardt, D. Santos-Martins, A. F. Tillack, and S. Forli  #
# AutoDock Vina 1.2.0: New Docking Methods, Expanded Force      #
# Field, and Python Bindings, J. Chem. Inf. Model. (2021)       #
# DOI 10.1021/acs.jcim.1c00203                                  #
#                                                               #
# O. Trott, A. J. Olson,                                        #
# AutoDock Vina: improving the speed and accuracy of docking    #
# with a new scoring function, efficient optimization and       #
# multithreading, J. Comp. Chem. (2010)                         #
# DOI 10.1002/jcc.21334                                         #
#                                                               #
# Please see https://github.com/ccsb-scripps/AutoDock-Vina for  #
# more information.                                             #
#################################################################

Scoring function : vina
Rigid receptor: /home/manndo/master_dev/Dockings/Benchmark/7SGV_L30/_staging/receptors/pdbqt/7SGV_L30_protein_meeko.pdbqt
Ligand: /home/manndo/master_dev/Dockings/Benchmark/7SGV_L30/_staging/ligands/pdbqt/7SGV_L30_ligand_start_conf.pdbqt
Grid center: X -0.411 Y 69.459 Z 38.174
Grid size  : X 17.9 Y 17.7 Z 13.2
Grid space : 0.375
Exhaustiveness: 32
CPU: 32
Verbosity: 1

Computing Vina grid ... done.
Performing docking (random seed: 42) ... 
0%   10   20   30   40   50   60   70   80   90   100%
|----|----|----|----|----|----|----|----|----|----|
***************************************************

mode |   affinity | dist from best mode
     | (kcal/mol) | rmsd l.b.| rmsd u.b.
-----+------------+----------+----------
   1       -7.227          0          0
   2       -6.858      3.773      6.488
   3       -6.795      4.683      6.806
   4       -6.779      3.333      6.438
   5       -6.767      2.377      6.415
   6       -6.709      3.943      5.128
   7       -6.595      2.651      4.163
   8       -6.554      4.933      6.028
   9       -6.497      5.326      7.714
  10       -6.485      4.324      7.626
