AutoDock Vina v1.2.7-20-g93cdc3d-mod
#################################################################
# If you used AutoDock Vina in your work, please cite:          #
#                                                               #
# J. Eberhardt, D. Santos-Martins, A. F. Tillack, and S. Forli  #
# AutoDock Vina 1.2.0: New Docking Methods, Expanded Force      #
# Field, and Python Bindings, J. Chem. Inf. Model. (2021)       #
# DOI 10.1021/acs.jcim.1c00203                                  #
#                                                               #
# O. Trott, A. J. Olson,                                        #
# AutoDock Vina: improving the speed and accuracy of docking    #
# with a new scoring function, efficient optimization and       #
# multithreading, J. Comp. Chem. (2010)                         #
# DOI 10.1002/jcc.21334                                         #
#                                                               #
# Please see https://github.com/ccsb-scripps/AutoDock-Vina for  #
# more information.                                             #
#################################################################

Scoring function : vina
Rigid receptor: /home/manndo/master_dev/Dockings/Benchmark/7SIU_9ID/_staging/receptors/pdbqt/7SIU_9ID_protein_meeko_retry1.pdbqt
Ligand: /home/manndo/master_dev/Dockings/Benchmark/7SIU_9ID/_staging/ligands/pdbqt/7SIU_9ID_ligand_start_conf.pdbqt
Grid center: X -30.665 Y 3.568 Z -21.163
Grid size  : X 26.5 Y 13 Z 18.4
Grid space : 0.375
Exhaustiveness: 32
CPU: 32
Verbosity: 1

Computing Vina grid ... done.
Performing docking (random seed: 42) ... 
0%   10   20   30   40   50   60   70   80   90   100%
|----|----|----|----|----|----|----|----|----|----|
***************************************************

mode |   affinity | dist from best mode
     | (kcal/mol) | rmsd l.b.| rmsd u.b.
-----+------------+----------+----------
   1       -10.08          0          0
   2       -9.665      2.105      3.207
   3       -9.469      2.098      2.839
   4       -9.279       2.45      3.189
   5       -9.029      3.161      10.57
   6       -8.965      2.944      10.33
   7       -8.896      3.754      4.695
   8        -8.83      4.013      6.913
   9       -8.818      4.328      5.912
  10       -8.754      2.802      10.67
