AutoDock Vina v1.2.7-20-g93cdc3d-mod
#################################################################
# If you used AutoDock Vina in your work, please cite:          #
#                                                               #
# J. Eberhardt, D. Santos-Martins, A. F. Tillack, and S. Forli  #
# AutoDock Vina 1.2.0: New Docking Methods, Expanded Force      #
# Field, and Python Bindings, J. Chem. Inf. Model. (2021)       #
# DOI 10.1021/acs.jcim.1c00203                                  #
#                                                               #
# O. Trott, A. J. Olson,                                        #
# AutoDock Vina: improving the speed and accuracy of docking    #
# with a new scoring function, efficient optimization and       #
# multithreading, J. Comp. Chem. (2010)                         #
# DOI 10.1002/jcc.21334                                         #
#                                                               #
# Please see https://github.com/ccsb-scripps/AutoDock-Vina for  #
# more information.                                             #
#################################################################

Scoring function : vina
Rigid receptor: /home/manndo/master_dev/Dockings/Benchmark/7SSM_B7L/_staging/receptors/pdbqt/7SSM_B7L_protein_meeko_retry1.pdbqt
Ligand: /home/manndo/master_dev/Dockings/Benchmark/7SSM_B7L/_staging/ligands/pdbqt/7SSM_B7L_ligand_start_conf.pdbqt
Grid center: X -16.678 Y -20.982 Z 0.996
Grid size  : X 19.7 Y 16.8 Z 15.8
Grid space : 0.375
Exhaustiveness: 32
CPU: 32
Verbosity: 1

Computing Vina grid ... done.
Performing docking (random seed: 42) ... 
0%   10   20   30   40   50   60   70   80   90   100%
|----|----|----|----|----|----|----|----|----|----|
***************************************************

mode |   affinity | dist from best mode
     | (kcal/mol) | rmsd l.b.| rmsd u.b.
-----+------------+----------+----------
   1       -8.095          0          0
   2       -7.893      5.265      8.569
   3       -7.754      5.031      8.384
   4       -7.735      5.662      8.937
   5       -7.718      5.272      8.144
   6       -7.709      2.377       3.26
   7       -7.645      5.287      8.554
   8       -7.418      5.309      9.077
   9       -7.408      4.849      9.173
  10       -7.329      3.222      7.755
