AutoDock Vina v1.2.7-20-g93cdc3d-mod
#################################################################
# If you used AutoDock Vina in your work, please cite:          #
#                                                               #
# J. Eberhardt, D. Santos-Martins, A. F. Tillack, and S. Forli  #
# AutoDock Vina 1.2.0: New Docking Methods, Expanded Force      #
# Field, and Python Bindings, J. Chem. Inf. Model. (2021)       #
# DOI 10.1021/acs.jcim.1c00203                                  #
#                                                               #
# O. Trott, A. J. Olson,                                        #
# AutoDock Vina: improving the speed and accuracy of docking    #
# with a new scoring function, efficient optimization and       #
# multithreading, J. Comp. Chem. (2010)                         #
# DOI 10.1002/jcc.21334                                         #
#                                                               #
# Please see https://github.com/ccsb-scripps/AutoDock-Vina for  #
# more information.                                             #
#################################################################

Scoring function : vina
Rigid receptor: /home/manndo/master_dev/Dockings/Benchmark/7SZA_DUI/_staging/receptors/pdbqt/7SZA_DUI_protein_meeko_retry1.pdbqt
Ligand: /home/manndo/master_dev/Dockings/Benchmark/7SZA_DUI/_staging/ligands/pdbqt/7SZA_DUI_ligand_start_conf.pdbqt
Grid center: X -57.211 Y -14.687 Z 24.376
Grid size  : X 13.5 Y 17.6 Z 17.9
Grid space : 0.375
Exhaustiveness: 32
CPU: 32
Verbosity: 1

Computing Vina grid ... done.
Performing docking (random seed: 42) ... 
0%   10   20   30   40   50   60   70   80   90   100%
|----|----|----|----|----|----|----|----|----|----|
***************************************************

mode |   affinity | dist from best mode
     | (kcal/mol) | rmsd l.b.| rmsd u.b.
-----+------------+----------+----------
   1       -9.604          0          0
   2       -8.917      1.143      2.351
   3       -8.512      1.884      2.189
   4       -8.397      1.813      3.052
   5       -7.575      1.971      2.835
   6       -7.515      2.102      6.224
   7       -7.368      2.506      3.847
   8       -7.227      2.353      6.033
   9       -7.069      2.844      3.917
  10        -6.95      2.841      3.736
