AutoDock Vina v1.2.7-20-g93cdc3d-mod
#################################################################
# If you used AutoDock Vina in your work, please cite:          #
#                                                               #
# J. Eberhardt, D. Santos-Martins, A. F. Tillack, and S. Forli  #
# AutoDock Vina 1.2.0: New Docking Methods, Expanded Force      #
# Field, and Python Bindings, J. Chem. Inf. Model. (2021)       #
# DOI 10.1021/acs.jcim.1c00203                                  #
#                                                               #
# O. Trott, A. J. Olson,                                        #
# AutoDock Vina: improving the speed and accuracy of docking    #
# with a new scoring function, efficient optimization and       #
# multithreading, J. Comp. Chem. (2010)                         #
# DOI 10.1002/jcc.21334                                         #
#                                                               #
# Please see https://github.com/ccsb-scripps/AutoDock-Vina for  #
# more information.                                             #
#################################################################

Scoring function : vina
Rigid receptor: /home/manndo/master_dev/Dockings/Benchmark/7T0D_FPP/_staging/receptors/pdbqt/7T0D_FPP_protein_meeko.pdbqt
Ligand: /home/manndo/master_dev/Dockings/Benchmark/7T0D_FPP/_staging/ligands/pdbqt/7T0D_FPP_ligand_start_conf.pdbqt
Grid center: X 32.129 Y -32.065 Z -1.746
Grid size  : X 23.8 Y 19.7 Z 17.3
Grid space : 0.375
Exhaustiveness: 32
CPU: 32
Verbosity: 1

Computing Vina grid ... done.
Performing docking (random seed: 42) ... 
0%   10   20   30   40   50   60   70   80   90   100%
|----|----|----|----|----|----|----|----|----|----|
***************************************************

mode |   affinity | dist from best mode
     | (kcal/mol) | rmsd l.b.| rmsd u.b.
-----+------------+----------+----------
   1       -7.024          0          0
   2       -6.988      2.882      4.741
   3       -6.972     0.9616      2.096
   4       -6.882      2.697      5.462
   5       -6.862      1.959      4.383
   6        -6.86      2.138      3.892
   7       -6.856      2.352      4.864
   8       -6.812      3.186      5.305
   9       -6.801      1.171       4.47
  10       -6.754       1.08      4.062
