AutoDock Vina v1.2.7-20-g93cdc3d-mod
#################################################################
# If you used AutoDock Vina in your work, please cite:          #
#                                                               #
# J. Eberhardt, D. Santos-Martins, A. F. Tillack, and S. Forli  #
# AutoDock Vina 1.2.0: New Docking Methods, Expanded Force      #
# Field, and Python Bindings, J. Chem. Inf. Model. (2021)       #
# DOI 10.1021/acs.jcim.1c00203                                  #
#                                                               #
# O. Trott, A. J. Olson,                                        #
# AutoDock Vina: improving the speed and accuracy of docking    #
# with a new scoring function, efficient optimization and       #
# multithreading, J. Comp. Chem. (2010)                         #
# DOI 10.1002/jcc.21334                                         #
#                                                               #
# Please see https://github.com/ccsb-scripps/AutoDock-Vina for  #
# more information.                                             #
#################################################################

Scoring function : vina
Rigid receptor: /home/manndo/master_dev/Dockings/Benchmark/7T1D_E7K/_staging/receptors/pdbqt/7T1D_E7K_protein_meeko.pdbqt
Ligand: /home/manndo/master_dev/Dockings/Benchmark/7T1D_E7K/_staging/ligands/pdbqt/7T1D_E7K_ligand_start_conf.pdbqt
Grid center: X 23.514 Y -8.378 Z 20.747
Grid size  : X 17.9 Y 15.2 Z 28.9
Grid space : 0.375
Exhaustiveness: 32
CPU: 32
Verbosity: 1

Computing Vina grid ... done.
Performing docking (random seed: 42) ... 
0%   10   20   30   40   50   60   70   80   90   100%
|----|----|----|----|----|----|----|----|----|----|
***************************************************

mode |   affinity | dist from best mode
     | (kcal/mol) | rmsd l.b.| rmsd u.b.
-----+------------+----------+----------
   1       -14.02          0          0
   2       -13.85     0.7011      1.564
   3       -12.79      2.842      11.15
   4       -12.06      1.434      12.15
   5       -11.97      2.792      3.473
   6       -11.34      1.413      12.09
   7       -10.29      3.881      8.084
   8       -10.14       6.55         13
   9          -10      6.563      13.37
  10       -9.942      6.162      8.538
