AutoDock Vina v1.2.7-20-g93cdc3d-mod
#################################################################
# If you used AutoDock Vina in your work, please cite:          #
#                                                               #
# J. Eberhardt, D. Santos-Martins, A. F. Tillack, and S. Forli  #
# AutoDock Vina 1.2.0: New Docking Methods, Expanded Force      #
# Field, and Python Bindings, J. Chem. Inf. Model. (2021)       #
# DOI 10.1021/acs.jcim.1c00203                                  #
#                                                               #
# O. Trott, A. J. Olson,                                        #
# AutoDock Vina: improving the speed and accuracy of docking    #
# with a new scoring function, efficient optimization and       #
# multithreading, J. Comp. Chem. (2010)                         #
# DOI 10.1002/jcc.21334                                         #
#                                                               #
# Please see https://github.com/ccsb-scripps/AutoDock-Vina for  #
# more information.                                             #
#################################################################

Scoring function : vina
Rigid receptor: /home/manndo/master_dev/Dockings/Benchmark/7T9O_GEI/_staging/receptors/pdbqt/7T9O_GEI_protein_meeko_retry1.pdbqt
Ligand: /home/manndo/master_dev/Dockings/Benchmark/7T9O_GEI/_staging/ligands/pdbqt/7T9O_GEI_ligand_start_conf.pdbqt
Grid center: X -0.438 Y 32.711 Z 6.534
Grid size  : X 19.3 Y 24.4 Z 15.4
Grid space : 0.375
Exhaustiveness: 32
CPU: 32
Verbosity: 1

Computing Vina grid ... done.
Performing docking (random seed: 42) ... 
0%   10   20   30   40   50   60   70   80   90   100%
|----|----|----|----|----|----|----|----|----|----|
***************************************************

mode |   affinity | dist from best mode
     | (kcal/mol) | rmsd l.b.| rmsd u.b.
-----+------------+----------+----------
   1       -6.524          0          0
   2       -6.502      1.159      1.802
   3       -6.276      2.219      4.595
   4       -6.245      2.714      8.426
   5       -6.201      3.984      10.02
   6       -6.197      3.563      7.676
   7       -6.155      5.203      7.488
   8       -6.101      4.199      8.069
   9       -6.084      2.839      8.773
  10       -6.053      4.881       10.3
