AutoDock Vina v1.2.7-20-g93cdc3d-mod
#################################################################
# If you used AutoDock Vina in your work, please cite:          #
#                                                               #
# J. Eberhardt, D. Santos-Martins, A. F. Tillack, and S. Forli  #
# AutoDock Vina 1.2.0: New Docking Methods, Expanded Force      #
# Field, and Python Bindings, J. Chem. Inf. Model. (2021)       #
# DOI 10.1021/acs.jcim.1c00203                                  #
#                                                               #
# O. Trott, A. J. Olson,                                        #
# AutoDock Vina: improving the speed and accuracy of docking    #
# with a new scoring function, efficient optimization and       #
# multithreading, J. Comp. Chem. (2010)                         #
# DOI 10.1002/jcc.21334                                         #
#                                                               #
# Please see https://github.com/ccsb-scripps/AutoDock-Vina for  #
# more information.                                             #
#################################################################

Scoring function : vina
Rigid receptor: /home/manndo/master_dev/Dockings/Benchmark/7TBU_S3P/_staging/receptors/pdbqt/7TBU_S3P_protein_meeko.pdbqt
Ligand: /home/manndo/master_dev/Dockings/Benchmark/7TBU_S3P/_staging/ligands/pdbqt/7TBU_S3P_ligand_start_conf.pdbqt
Grid center: X 26.928 Y 69.507 Z 7.326
Grid size  : X 16.5 Y 15.9 Z 15.8
Grid space : 0.375
Exhaustiveness: 32
CPU: 32
Verbosity: 1

Computing Vina grid ... done.
Performing docking (random seed: 42) ... 
0%   10   20   30   40   50   60   70   80   90   100%
|----|----|----|----|----|----|----|----|----|----|
***************************************************

mode |   affinity | dist from best mode
     | (kcal/mol) | rmsd l.b.| rmsd u.b.
-----+------------+----------+----------
   1       -5.838          0          0
   2         -5.4      2.216      5.148
   3       -5.359       7.46      9.397
   4       -5.329      5.812      7.714
   5       -5.275      7.119      8.736
   6       -5.227      1.679      2.445
   7       -5.176       9.17      10.73
   8       -5.154      7.825      9.373
   9        -5.14      6.671      8.514
  10       -5.123      10.88      12.64
