AutoDock Vina v1.2.7-20-g93cdc3d-mod
#################################################################
# If you used AutoDock Vina in your work, please cite:          #
#                                                               #
# J. Eberhardt, D. Santos-Martins, A. F. Tillack, and S. Forli  #
# AutoDock Vina 1.2.0: New Docking Methods, Expanded Force      #
# Field, and Python Bindings, J. Chem. Inf. Model. (2021)       #
# DOI 10.1021/acs.jcim.1c00203                                  #
#                                                               #
# O. Trott, A. J. Olson,                                        #
# AutoDock Vina: improving the speed and accuracy of docking    #
# with a new scoring function, efficient optimization and       #
# multithreading, J. Comp. Chem. (2010)                         #
# DOI 10.1002/jcc.21334                                         #
#                                                               #
# Please see https://github.com/ccsb-scripps/AutoDock-Vina for  #
# more information.                                             #
#################################################################

Scoring function : vina
Rigid receptor: /home/manndo/master_dev/Dockings/Benchmark/7TM6_GPJ/_staging/receptors/pdbqt/7TM6_GPJ_protein_mgl_tools.pdbqt
Ligand: /home/manndo/master_dev/Dockings/Benchmark/7TM6_GPJ/_staging/ligands/pdbqt/7TM6_GPJ_ligand_start_conf.pdbqt
Grid center: X -1.737 Y -0.923 Z -4.674
Grid size  : X 14.6 Y 16.3 Z 12.2
Grid space : 0.375
Exhaustiveness: 32
CPU: 32
Verbosity: 1

Computing Vina grid ... done.
Performing docking (random seed: 42) ... 
0%   10   20   30   40   50   60   70   80   90   100%
|----|----|----|----|----|----|----|----|----|----|
***************************************************

mode |   affinity | dist from best mode
     | (kcal/mol) | rmsd l.b.| rmsd u.b.
-----+------------+----------+----------
   1       -5.803          0          0
   2       -5.373      2.687      4.292
   3       -5.296      2.788      4.427
   4       -5.295      3.384      3.948
   5       -5.141      2.338      2.804
   6       -5.086      3.334      4.114
   7       -5.085      2.847      3.225
   8       -4.991      3.288      3.895
   9       -4.964      3.349      3.841
  10       -4.872      2.806      4.207
