AutoDock Vina v1.2.7-20-g93cdc3d-mod
#################################################################
# If you used AutoDock Vina in your work, please cite:          #
#                                                               #
# J. Eberhardt, D. Santos-Martins, A. F. Tillack, and S. Forli  #
# AutoDock Vina 1.2.0: New Docking Methods, Expanded Force      #
# Field, and Python Bindings, J. Chem. Inf. Model. (2021)       #
# DOI 10.1021/acs.jcim.1c00203                                  #
#                                                               #
# O. Trott, A. J. Olson,                                        #
# AutoDock Vina: improving the speed and accuracy of docking    #
# with a new scoring function, efficient optimization and       #
# multithreading, J. Comp. Chem. (2010)                         #
# DOI 10.1002/jcc.21334                                         #
#                                                               #
# Please see https://github.com/ccsb-scripps/AutoDock-Vina for  #
# more information.                                             #
#################################################################

Scoring function : vina
Rigid receptor: /home/manndo/master_dev/Dockings/Benchmark/7TSF_H4B/_staging/receptors/pdbqt/7TSF_H4B_protein_meeko.pdbqt
Ligand: /home/manndo/master_dev/Dockings/Benchmark/7TSF_H4B/_staging/ligands/pdbqt/7TSF_H4B_ligand_start_conf.pdbqt
Grid center: X 7.243 Y 3.755 Z 34.786
Grid size  : X 18 Y 13.8 Z 16
Grid space : 0.375
Exhaustiveness: 32
CPU: 32
Verbosity: 1

Computing Vina grid ... done.
Performing docking (random seed: 42) ... 
0%   10   20   30   40   50   60   70   80   90   100%
|----|----|----|----|----|----|----|----|----|----|
***************************************************

mode |   affinity | dist from best mode
     | (kcal/mol) | rmsd l.b.| rmsd u.b.
-----+------------+----------+----------
   1       -7.695          0          0
   2       -6.375      2.432      6.025
   3        -6.08      2.607       5.96
   4       -6.068      3.148      7.021
   5       -6.041      3.864      6.075
   6       -5.959      3.908      6.403
   7       -5.919      6.248      7.996
   8       -5.818      2.058      3.233
   9       -5.762      7.413      8.419
  10       -5.657      6.191      7.373
