AutoDock Vina v1.2.7-20-g93cdc3d-mod
#################################################################
# If you used AutoDock Vina in your work, please cite:          #
#                                                               #
# J. Eberhardt, D. Santos-Martins, A. F. Tillack, and S. Forli  #
# AutoDock Vina 1.2.0: New Docking Methods, Expanded Force      #
# Field, and Python Bindings, J. Chem. Inf. Model. (2021)       #
# DOI 10.1021/acs.jcim.1c00203                                  #
#                                                               #
# O. Trott, A. J. Olson,                                        #
# AutoDock Vina: improving the speed and accuracy of docking    #
# with a new scoring function, efficient optimization and       #
# multithreading, J. Comp. Chem. (2010)                         #
# DOI 10.1002/jcc.21334                                         #
#                                                               #
# Please see https://github.com/ccsb-scripps/AutoDock-Vina for  #
# more information.                                             #
#################################################################

Scoring function : vina
Rigid receptor: /home/manndo/master_dev/Dockings/Benchmark/7TXK_LW8/_staging/receptors/pdbqt/7TXK_LW8_protein_meeko.pdbqt
Ligand: /home/manndo/master_dev/Dockings/Benchmark/7TXK_LW8/_staging/ligands/pdbqt/7TXK_LW8_ligand_start_conf.pdbqt
Grid center: X 30.128 Y 43.578 Z 90.45
Grid size  : X 14.5 Y 18.6 Z 12.4
Grid space : 0.375
Exhaustiveness: 32
CPU: 32
Verbosity: 1

Computing Vina grid ... done.
Performing docking (random seed: 42) ... 
0%   10   20   30   40   50   60   70   80   90   100%
|----|----|----|----|----|----|----|----|----|----|
***************************************************

mode |   affinity | dist from best mode
     | (kcal/mol) | rmsd l.b.| rmsd u.b.
-----+------------+----------+----------
   1       -6.902          0          0
   2       -6.827      2.217       2.42
   3       -6.678      1.465      2.103
   4       -6.442      2.391      3.017
   5       -6.415      2.007      2.508
   6       -6.178      2.649      3.218
   7       -6.074      2.188      2.756
   8       -6.036      2.902      3.588
   9       -5.821      2.071      2.457
  10       -5.815      2.608      5.061
