AutoDock Vina v1.2.7-20-g93cdc3d-mod
#################################################################
# If you used AutoDock Vina in your work, please cite:          #
#                                                               #
# J. Eberhardt, D. Santos-Martins, A. F. Tillack, and S. Forli  #
# AutoDock Vina 1.2.0: New Docking Methods, Expanded Force      #
# Field, and Python Bindings, J. Chem. Inf. Model. (2021)       #
# DOI 10.1021/acs.jcim.1c00203                                  #
#                                                               #
# O. Trott, A. J. Olson,                                        #
# AutoDock Vina: improving the speed and accuracy of docking    #
# with a new scoring function, efficient optimization and       #
# multithreading, J. Comp. Chem. (2010)                         #
# DOI 10.1002/jcc.21334                                         #
#                                                               #
# Please see https://github.com/ccsb-scripps/AutoDock-Vina for  #
# more information.                                             #
#################################################################

Scoring function : vina
Rigid receptor: /home/manndo/master_dev/Dockings/Benchmark/7TXP_0FX/_staging/receptors/pdbqt/7TXP_0FX_protein_meeko.pdbqt
Ligand: /home/manndo/master_dev/Dockings/Benchmark/7TXP_0FX/_staging/ligands/pdbqt/7TXP_0FX_ligand_start_conf.pdbqt
Grid center: X -12.681 Y -20.308 Z 27.84
Grid size  : X 19.1 Y 26.1 Z 14.4
Grid space : 0.375
Exhaustiveness: 32
CPU: 32
Verbosity: 1

Computing Vina grid ... done.
Performing docking (random seed: 42) ... 
0%   10   20   30   40   50   60   70   80   90   100%
|----|----|----|----|----|----|----|----|----|----|
***************************************************

mode |   affinity | dist from best mode
     | (kcal/mol) | rmsd l.b.| rmsd u.b.
-----+------------+----------+----------
   1       -7.245          0          0
   2       -7.204      3.235      5.748
   3       -7.133      3.435      6.166
   4       -7.104       3.46      5.966
   5       -7.088      3.239       5.62
   6       -7.078      3.675      6.662
   7       -7.037      3.696      10.84
   8       -6.913       3.15      4.921
   9       -6.775      3.187      10.08
  10        -6.69      2.733      8.696
