AutoDock Vina v1.2.7-20-g93cdc3d-mod
#################################################################
# If you used AutoDock Vina in your work, please cite:          #
#                                                               #
# J. Eberhardt, D. Santos-Martins, A. F. Tillack, and S. Forli  #
# AutoDock Vina 1.2.0: New Docking Methods, Expanded Force      #
# Field, and Python Bindings, J. Chem. Inf. Model. (2021)       #
# DOI 10.1021/acs.jcim.1c00203                                  #
#                                                               #
# O. Trott, A. J. Olson,                                        #
# AutoDock Vina: improving the speed and accuracy of docking    #
# with a new scoring function, efficient optimization and       #
# multithreading, J. Comp. Chem. (2010)                         #
# DOI 10.1002/jcc.21334                                         #
#                                                               #
# Please see https://github.com/ccsb-scripps/AutoDock-Vina for  #
# more information.                                             #
#################################################################

Scoring function : vina
Rigid receptor: /home/manndo/master_dev/Dockings/Benchmark/7TYP_KUR/_staging/receptors/pdbqt/7TYP_KUR_protein_mgl_tools.pdbqt
Ligand: /home/manndo/master_dev/Dockings/Benchmark/7TYP_KUR/_staging/ligands/pdbqt/7TYP_KUR_ligand_start_conf.pdbqt
Grid center: X -33.601 Y 9.327 Z 20.469
Grid size  : X 17.7 Y 20.2 Z 22.6
Grid space : 0.375
Exhaustiveness: 32
CPU: 32
Verbosity: 1

Computing Vina grid ... done.
Performing docking (random seed: 42) ... 
0%   10   20   30   40   50   60   70   80   90   100%
|----|----|----|----|----|----|----|----|----|----|
***************************************************

mode |   affinity | dist from best mode
     | (kcal/mol) | rmsd l.b.| rmsd u.b.
-----+------------+----------+----------
   1       -14.22          0          0
   2       -12.43       2.16      2.694
   3       -10.85      2.155      3.955
   4       -10.84      2.419       4.29
   5       -10.49      1.485      2.105
   6       -10.11      2.379      4.338
   7       -9.281      2.555      4.711
   8       -9.184      2.963      9.859
   9       -8.824      2.681      9.092
  10       -8.373      2.845      4.746
