AutoDock Vina v1.2.7-20-g93cdc3d-mod
#################################################################
# If you used AutoDock Vina in your work, please cite:          #
#                                                               #
# J. Eberhardt, D. Santos-Martins, A. F. Tillack, and S. Forli  #
# AutoDock Vina 1.2.0: New Docking Methods, Expanded Force      #
# Field, and Python Bindings, J. Chem. Inf. Model. (2021)       #
# DOI 10.1021/acs.jcim.1c00203                                  #
#                                                               #
# O. Trott, A. J. Olson,                                        #
# AutoDock Vina: improving the speed and accuracy of docking    #
# with a new scoring function, efficient optimization and       #
# multithreading, J. Comp. Chem. (2010)                         #
# DOI 10.1002/jcc.21334                                         #
#                                                               #
# Please see https://github.com/ccsb-scripps/AutoDock-Vina for  #
# more information.                                             #
#################################################################

Scoring function : vina
Rigid receptor: /home/manndo/master_dev/Dockings/Benchmark/7U0U_FK5/_staging/receptors/pdbqt/7U0U_FK5_protein_meeko_retry1.pdbqt
Ligand: /home/manndo/master_dev/Dockings/Benchmark/7U0U_FK5/_staging/ligands/pdbqt/7U0U_FK5_ligand_start_conf.pdbqt
Grid center: X -30.666 Y -12.666 Z -23.474
Grid size  : X 23.9 Y 17.4 Z 23.4
Grid space : 0.375
Exhaustiveness: 32
CPU: 32
Verbosity: 1

Computing Vina grid ... done.
Performing docking (random seed: 42) ... 
0%   10   20   30   40   50   60   70   80   90   100%
|----|----|----|----|----|----|----|----|----|----|
***************************************************

mode |   affinity | dist from best mode
     | (kcal/mol) | rmsd l.b.| rmsd u.b.
-----+------------+----------+----------
   1       -9.926          0          0
   2       -9.654      2.312        6.7
   3       -9.439      2.072      6.597
   4       -9.186      1.127      2.116
   5       -9.182      1.715      6.764
   6        -9.14      2.053      6.581
   7       -9.107      1.694      2.707
   8       -8.957      1.812      4.476
   9       -8.926      1.389      6.219
  10       -8.894       2.36      7.655
