AutoDock Vina v1.2.7-20-g93cdc3d-mod
#################################################################
# If you used AutoDock Vina in your work, please cite:          #
#                                                               #
# J. Eberhardt, D. Santos-Martins, A. F. Tillack, and S. Forli  #
# AutoDock Vina 1.2.0: New Docking Methods, Expanded Force      #
# Field, and Python Bindings, J. Chem. Inf. Model. (2021)       #
# DOI 10.1021/acs.jcim.1c00203                                  #
#                                                               #
# O. Trott, A. J. Olson,                                        #
# AutoDock Vina: improving the speed and accuracy of docking    #
# with a new scoring function, efficient optimization and       #
# multithreading, J. Comp. Chem. (2010)                         #
# DOI 10.1002/jcc.21334                                         #
#                                                               #
# Please see https://github.com/ccsb-scripps/AutoDock-Vina for  #
# more information.                                             #
#################################################################

Scoring function : vina
Rigid receptor: /home/manndo/master_dev/Dockings/Benchmark/7U3J_L6U/_staging/receptors/pdbqt/7U3J_L6U_protein_mgl_tools.pdbqt
Ligand: /home/manndo/master_dev/Dockings/Benchmark/7U3J_L6U/_staging/ligands/pdbqt/7U3J_L6U_ligand_start_conf.pdbqt
Grid center: X 12.402 Y 6.726 Z -7.157
Grid size  : X 22.7 Y 18 Z 19.4
Grid space : 0.375
Exhaustiveness: 32
CPU: 32
Verbosity: 1

Computing Vina grid ... done.
Performing docking (random seed: 42) ... 
0%   10   20   30   40   50   60   70   80   90   100%
|----|----|----|----|----|----|----|----|----|----|
***************************************************

mode |   affinity | dist from best mode
     | (kcal/mol) | rmsd l.b.| rmsd u.b.
-----+------------+----------+----------
   1       -8.993          0          0
   2       -8.481      1.405      2.059
   3       -8.455      2.513      8.895
   4       -8.422      2.941      8.304
   5       -8.386      1.424      3.525
   6       -8.132      2.624      8.896
   7       -8.064      3.154      5.704
   8       -8.056      2.489      8.408
   9       -8.012      2.915      5.504
  10       -7.889      2.612      8.843
