AutoDock Vina v1.2.7-20-g93cdc3d-mod
#################################################################
# If you used AutoDock Vina in your work, please cite:          #
#                                                               #
# J. Eberhardt, D. Santos-Martins, A. F. Tillack, and S. Forli  #
# AutoDock Vina 1.2.0: New Docking Methods, Expanded Force      #
# Field, and Python Bindings, J. Chem. Inf. Model. (2021)       #
# DOI 10.1021/acs.jcim.1c00203                                  #
#                                                               #
# O. Trott, A. J. Olson,                                        #
# AutoDock Vina: improving the speed and accuracy of docking    #
# with a new scoring function, efficient optimization and       #
# multithreading, J. Comp. Chem. (2010)                         #
# DOI 10.1002/jcc.21334                                         #
#                                                               #
# Please see https://github.com/ccsb-scripps/AutoDock-Vina for  #
# more information.                                             #
#################################################################

Scoring function : vina
Rigid receptor: /home/manndo/master_dev/Dockings/Benchmark/7UJ5_DGL/_staging/receptors/pdbqt/7UJ5_DGL_protein_meeko_retry1.pdbqt
Ligand: /home/manndo/master_dev/Dockings/Benchmark/7UJ5_DGL/_staging/ligands/pdbqt/7UJ5_DGL_ligand_start_conf.pdbqt
Grid center: X -22.535 Y -18.285 Z -39.633
Grid size  : X 14.8 Y 14.8 Z 12.6
Grid space : 0.375
Exhaustiveness: 32
CPU: 32
Verbosity: 1

Computing Vina grid ... done.
Performing docking (random seed: 42) ... 
0%   10   20   30   40   50   60   70   80   90   100%
|----|----|----|----|----|----|----|----|----|----|
***************************************************

mode |   affinity | dist from best mode
     | (kcal/mol) | rmsd l.b.| rmsd u.b.
-----+------------+----------+----------
   1       -6.208          0          0
   2       -5.964      1.031      1.275
   3       -5.679     0.8693      4.164
   4       -5.497      1.586      4.268
   5       -5.081      2.003      2.334
   6       -4.793      2.319      2.668
   7       -4.713      2.429      4.072
   8       -4.599      2.918      4.289
   9       -4.567      2.997      4.055
  10       -4.006      8.452      9.098
