AutoDock Vina v1.2.7-20-g93cdc3d-mod
#################################################################
# If you used AutoDock Vina in your work, please cite:          #
#                                                               #
# J. Eberhardt, D. Santos-Martins, A. F. Tillack, and S. Forli  #
# AutoDock Vina 1.2.0: New Docking Methods, Expanded Force      #
# Field, and Python Bindings, J. Chem. Inf. Model. (2021)       #
# DOI 10.1021/acs.jcim.1c00203                                  #
#                                                               #
# O. Trott, A. J. Olson,                                        #
# AutoDock Vina: improving the speed and accuracy of docking    #
# with a new scoring function, efficient optimization and       #
# multithreading, J. Comp. Chem. (2010)                         #
# DOI 10.1002/jcc.21334                                         #
#                                                               #
# Please see https://github.com/ccsb-scripps/AutoDock-Vina for  #
# more information.                                             #
#################################################################

Scoring function : vina
Rigid receptor: /home/manndo/master_dev/Dockings/Benchmark/7UJF_R3V/_staging/receptors/pdbqt/7UJF_R3V_protein_meeko_retry1.pdbqt
Ligand: /home/manndo/master_dev/Dockings/Benchmark/7UJF_R3V/_staging/ligands/pdbqt/7UJF_R3V_ligand_start_conf.pdbqt
Grid center: X -1.117 Y -15.023 Z -64.002
Grid size  : X 20.3 Y 16.2 Z 21.3
Grid space : 0.375
Exhaustiveness: 32
CPU: 32
Verbosity: 1

Computing Vina grid ... done.
Performing docking (random seed: 42) ... 
0%   10   20   30   40   50   60   70   80   90   100%
|----|----|----|----|----|----|----|----|----|----|
***************************************************

mode |   affinity | dist from best mode
     | (kcal/mol) | rmsd l.b.| rmsd u.b.
-----+------------+----------+----------
   1       -10.06          0          0
   2       -9.733     0.7289      1.189
   3        -9.08      1.555      2.331
   4       -8.599      2.109      4.198
   5       -7.432      2.504      4.625
   6       -6.705      2.139      4.215
   7       -6.224      3.533      11.64
   8       -5.812      4.575      7.888
   9        -5.69      8.757      11.94
  10       -5.445      4.541       7.56
