AutoDock Vina v1.2.7-20-g93cdc3d-mod
#################################################################
# If you used AutoDock Vina in your work, please cite:          #
#                                                               #
# J. Eberhardt, D. Santos-Martins, A. F. Tillack, and S. Forli  #
# AutoDock Vina 1.2.0: New Docking Methods, Expanded Force      #
# Field, and Python Bindings, J. Chem. Inf. Model. (2021)       #
# DOI 10.1021/acs.jcim.1c00203                                  #
#                                                               #
# O. Trott, A. J. Olson,                                        #
# AutoDock Vina: improving the speed and accuracy of docking    #
# with a new scoring function, efficient optimization and       #
# multithreading, J. Comp. Chem. (2010)                         #
# DOI 10.1002/jcc.21334                                         #
#                                                               #
# Please see https://github.com/ccsb-scripps/AutoDock-Vina for  #
# more information.                                             #
#################################################################

Scoring function : vina
Rigid receptor: /home/manndo/master_dev/Dockings/Benchmark/7UMW_NAD/_staging/receptors/pdbqt/7UMW_NAD_protein_mgl_tools.pdbqt
Ligand: /home/manndo/master_dev/Dockings/Benchmark/7UMW_NAD/_staging/ligands/pdbqt/7UMW_NAD_ligand_start_conf.pdbqt
Grid center: X -43.915 Y 49.058 Z -24.434
Grid size  : X 17.1 Y 22.2 Z 26.2
Grid space : 0.375
Exhaustiveness: 32
CPU: 32
Verbosity: 1

Computing Vina grid ... done.
Performing docking (random seed: 42) ... 
0%   10   20   30   40   50   60   70   80   90   100%
|----|----|----|----|----|----|----|----|----|----|
***************************************************

mode |   affinity | dist from best mode
     | (kcal/mol) | rmsd l.b.| rmsd u.b.
-----+------------+----------+----------
   1       -11.31          0          0
   2        -11.1      1.769      10.53
   3       -10.98      2.068      10.61
   4       -10.89      1.802      10.58
   5       -10.66      2.373      10.39
   6        -10.6       2.26      3.001
   7       -10.51       1.83      10.64
   8       -10.47      1.536      2.064
   9       -10.42      3.019      11.51
  10       -10.39      1.998       2.34
