AutoDock Vina v1.2.7-20-g93cdc3d-mod
#################################################################
# If you used AutoDock Vina in your work, please cite:          #
#                                                               #
# J. Eberhardt, D. Santos-Martins, A. F. Tillack, and S. Forli  #
# AutoDock Vina 1.2.0: New Docking Methods, Expanded Force      #
# Field, and Python Bindings, J. Chem. Inf. Model. (2021)       #
# DOI 10.1021/acs.jcim.1c00203                                  #
#                                                               #
# O. Trott, A. J. Olson,                                        #
# AutoDock Vina: improving the speed and accuracy of docking    #
# with a new scoring function, efficient optimization and       #
# multithreading, J. Comp. Chem. (2010)                         #
# DOI 10.1002/jcc.21334                                         #
#                                                               #
# Please see https://github.com/ccsb-scripps/AutoDock-Vina for  #
# more information.                                             #
#################################################################

Scoring function : vina
Rigid receptor: /home/manndo/master_dev/Dockings/Benchmark/7UP3_NZ0/_staging/receptors/pdbqt/7UP3_NZ0_protein_meeko_retry1.pdbqt
Ligand: /home/manndo/master_dev/Dockings/Benchmark/7UP3_NZ0/_staging/ligands/pdbqt/7UP3_NZ0_ligand_start_conf.pdbqt
Grid center: X -4.696 Y 3.736 Z -13.008
Grid size  : X 19.8 Y 14.6 Z 15.9
Grid space : 0.375
Exhaustiveness: 32
CPU: 32
Verbosity: 1

Computing Vina grid ... done.
Performing docking (random seed: 42) ... 
0%   10   20   30   40   50   60   70   80   90   100%
|----|----|----|----|----|----|----|----|----|----|
***************************************************

mode |   affinity | dist from best mode
     | (kcal/mol) | rmsd l.b.| rmsd u.b.
-----+------------+----------+----------
   1       -6.725          0          0
   2       -6.574      3.496      7.491
   3       -6.375      3.677      6.611
   4       -6.372       2.76      3.919
   5       -6.365      3.255      6.798
   6       -6.347      2.779      3.844
   7       -6.212       2.82      5.919
   8       -6.095      3.827      7.034
   9       -6.088      2.161      3.869
  10       -6.082      2.821      3.354
