AutoDock Vina v1.2.7-20-g93cdc3d-mod
#################################################################
# If you used AutoDock Vina in your work, please cite:          #
#                                                               #
# J. Eberhardt, D. Santos-Martins, A. F. Tillack, and S. Forli  #
# AutoDock Vina 1.2.0: New Docking Methods, Expanded Force      #
# Field, and Python Bindings, J. Chem. Inf. Model. (2021)       #
# DOI 10.1021/acs.jcim.1c00203                                  #
#                                                               #
# O. Trott, A. J. Olson,                                        #
# AutoDock Vina: improving the speed and accuracy of docking    #
# with a new scoring function, efficient optimization and       #
# multithreading, J. Comp. Chem. (2010)                         #
# DOI 10.1002/jcc.21334                                         #
#                                                               #
# Please see https://github.com/ccsb-scripps/AutoDock-Vina for  #
# more information.                                             #
#################################################################

Scoring function : vina
Rigid receptor: /home/manndo/master_dev/Dockings/Benchmark/7UY4_SMI/_staging/receptors/pdbqt/7UY4_SMI_protein_meeko_retry1.pdbqt
Ligand: /home/manndo/master_dev/Dockings/Benchmark/7UY4_SMI/_staging/ligands/pdbqt/7UY4_SMI_ligand_start_conf.pdbqt
Grid center: X -1.357 Y -29.314 Z 17.875
Grid size  : X 14.6 Y 17.8 Z 18.5
Grid space : 0.375
Exhaustiveness: 32
CPU: 32
Verbosity: 1

Computing Vina grid ... done.
Performing docking (random seed: 42) ... 
0%   10   20   30   40   50   60   70   80   90   100%
|----|----|----|----|----|----|----|----|----|----|
***************************************************

mode |   affinity | dist from best mode
     | (kcal/mol) | rmsd l.b.| rmsd u.b.
-----+------------+----------+----------
   1       -7.472          0          0
   2       -6.941      2.678      5.805
   3       -6.674      2.521      6.335
   4       -6.488      2.419      6.552
   5       -6.457      2.666      6.984
   6       -6.447      4.564      6.955
   7       -6.419      7.072      9.196
   8       -6.398      4.171      7.128
   9       -6.379      4.417      7.301
  10       -6.213      3.913       5.62
