AutoDock Vina v1.2.7-20-g93cdc3d-mod
#################################################################
# If you used AutoDock Vina in your work, please cite:          #
#                                                               #
# J. Eberhardt, D. Santos-Martins, A. F. Tillack, and S. Forli  #
# AutoDock Vina 1.2.0: New Docking Methods, Expanded Force      #
# Field, and Python Bindings, J. Chem. Inf. Model. (2021)       #
# DOI 10.1021/acs.jcim.1c00203                                  #
#                                                               #
# O. Trott, A. J. Olson,                                        #
# AutoDock Vina: improving the speed and accuracy of docking    #
# with a new scoring function, efficient optimization and       #
# multithreading, J. Comp. Chem. (2010)                         #
# DOI 10.1002/jcc.21334                                         #
#                                                               #
# Please see https://github.com/ccsb-scripps/AutoDock-Vina for  #
# more information.                                             #
#################################################################

Scoring function : vina
Rigid receptor: /home/manndo/master_dev/Dockings/Benchmark/7V3S_5I9/_staging/receptors/pdbqt/7V3S_5I9_protein_meeko_retry1.pdbqt
Ligand: /home/manndo/master_dev/Dockings/Benchmark/7V3S_5I9/_staging/ligands/pdbqt/7V3S_5I9_ligand_start_conf.pdbqt
Grid center: X -9.764 Y -17.973 Z 27.053
Grid size  : X 15.7 Y 25.8 Z 21.5
Grid space : 0.375
Exhaustiveness: 32
CPU: 32
Verbosity: 1

Computing Vina grid ... done.
Performing docking (random seed: 42) ... 
0%   10   20   30   40   50   60   70   80   90   100%
|----|----|----|----|----|----|----|----|----|----|
***************************************************

mode |   affinity | dist from best mode
     | (kcal/mol) | rmsd l.b.| rmsd u.b.
-----+------------+----------+----------
   1        -12.6          0          0
   2       -12.56      1.663      2.146
   3       -11.68      2.382      3.122
   4       -11.52      2.785      12.57
   5       -10.63      2.414      12.18
   6       -10.03      2.909      11.89
   7       -9.878      3.282      5.961
   8       -9.802      2.881      12.17
   9       -9.459      5.012      9.587
  10       -9.321      5.144      10.15
