AutoDock Vina v1.2.7-20-g93cdc3d-mod
#################################################################
# If you used AutoDock Vina in your work, please cite:          #
#                                                               #
# J. Eberhardt, D. Santos-Martins, A. F. Tillack, and S. Forli  #
# AutoDock Vina 1.2.0: New Docking Methods, Expanded Force      #
# Field, and Python Bindings, J. Chem. Inf. Model. (2021)       #
# DOI 10.1021/acs.jcim.1c00203                                  #
#                                                               #
# O. Trott, A. J. Olson,                                        #
# AutoDock Vina: improving the speed and accuracy of docking    #
# with a new scoring function, efficient optimization and       #
# multithreading, J. Comp. Chem. (2010)                         #
# DOI 10.1002/jcc.21334                                         #
#                                                               #
# Please see https://github.com/ccsb-scripps/AutoDock-Vina for  #
# more information.                                             #
#################################################################

Scoring function : vina
Rigid receptor: /home/manndo/master_dev/Dockings/Benchmark/7V3S_5I9/_staging/receptors/pdbqt/7V3S_5I9_protein_mgl_tools.pdbqt
Ligand: /home/manndo/master_dev/Dockings/Benchmark/7V3S_5I9/_staging/ligands/pdbqt/7V3S_5I9_ligand_start_conf.pdbqt
Grid center: X -9.764 Y -17.973 Z 27.053
Grid size  : X 15.7 Y 25.8 Z 21.5
Grid space : 0.375
Exhaustiveness: 32
CPU: 32
Verbosity: 1

Computing Vina grid ... done.
Performing docking (random seed: 42) ... 
0%   10   20   30   40   50   60   70   80   90   100%
|----|----|----|----|----|----|----|----|----|----|
***************************************************

mode |   affinity | dist from best mode
     | (kcal/mol) | rmsd l.b.| rmsd u.b.
-----+------------+----------+----------
   1       -12.62          0          0
   2        -12.6      1.681      2.165
   3       -11.52      2.336      3.111
   4       -11.51       2.76      12.61
   5       -10.61      2.395      12.19
   6       -10.26      2.916      11.89
   7       -10.11       2.11      2.784
   8       -9.886      3.271      5.948
   9       -9.356      4.992      9.556
  10       -9.344      5.204      10.18
