AutoDock Vina v1.2.7-20-g93cdc3d-mod
#################################################################
# If you used AutoDock Vina in your work, please cite:          #
#                                                               #
# J. Eberhardt, D. Santos-Martins, A. F. Tillack, and S. Forli  #
# AutoDock Vina 1.2.0: New Docking Methods, Expanded Force      #
# Field, and Python Bindings, J. Chem. Inf. Model. (2021)       #
# DOI 10.1021/acs.jcim.1c00203                                  #
#                                                               #
# O. Trott, A. J. Olson,                                        #
# AutoDock Vina: improving the speed and accuracy of docking    #
# with a new scoring function, efficient optimization and       #
# multithreading, J. Comp. Chem. (2010)                         #
# DOI 10.1002/jcc.21334                                         #
#                                                               #
# Please see https://github.com/ccsb-scripps/AutoDock-Vina for  #
# more information.                                             #
#################################################################

Scoring function : vina
Rigid receptor: /home/manndo/master_dev/Dockings/Benchmark/7V8Z_5YH/_staging/receptors/pdbqt/7V8Z_5YH_protein_mgl_tools.pdbqt
Ligand: /home/manndo/master_dev/Dockings/Benchmark/7V8Z_5YH/_staging/ligands/pdbqt/7V8Z_5YH_ligand_start_conf.pdbqt
Grid center: X -7.976 Y 28.983 Z -12.217
Grid size  : X 17.5 Y 14.6 Z 19.1
Grid space : 0.375
Exhaustiveness: 32
CPU: 32
Verbosity: 1

Computing Vina grid ... done.
Performing docking (random seed: 42) ... 
0%   10   20   30   40   50   60   70   80   90   100%
|----|----|----|----|----|----|----|----|----|----|
***************************************************

mode |   affinity | dist from best mode
     | (kcal/mol) | rmsd l.b.| rmsd u.b.
-----+------------+----------+----------
   1       -9.926          0          0
   2       -9.899      2.141      2.646
   3       -9.826     0.2198      3.828
   4       -9.648       1.69      4.398
   5       -9.621      2.754       5.09
   6       -9.513      2.759      4.409
   7       -9.175      3.392      7.231
   8       -9.073      3.466      5.403
   9       -8.936      3.179      7.303
  10        -8.93        3.4      5.635
