AutoDock Vina v1.2.7-20-g93cdc3d-mod
#################################################################
# If you used AutoDock Vina in your work, please cite:          #
#                                                               #
# J. Eberhardt, D. Santos-Martins, A. F. Tillack, and S. Forli  #
# AutoDock Vina 1.2.0: New Docking Methods, Expanded Force      #
# Field, and Python Bindings, J. Chem. Inf. Model. (2021)       #
# DOI 10.1021/acs.jcim.1c00203                                  #
#                                                               #
# O. Trott, A. J. Olson,                                        #
# AutoDock Vina: improving the speed and accuracy of docking    #
# with a new scoring function, efficient optimization and       #
# multithreading, J. Comp. Chem. (2010)                         #
# DOI 10.1002/jcc.21334                                         #
#                                                               #
# Please see https://github.com/ccsb-scripps/AutoDock-Vina for  #
# more information.                                             #
#################################################################

Scoring function : vina
Rigid receptor: /home/manndo/master_dev/Dockings/Benchmark/7VB8_STL/_staging/receptors/pdbqt/7VB8_STL_protein_meeko.pdbqt
Ligand: /home/manndo/master_dev/Dockings/Benchmark/7VB8_STL/_staging/ligands/pdbqt/7VB8_STL_ligand_start_conf.pdbqt
Grid center: X 4.931 Y 20.421 Z -31.073
Grid size  : X 17.6 Y 19 Z 14.2
Grid space : 0.375
Exhaustiveness: 32
CPU: 32
Verbosity: 1

Computing Vina grid ... done.
Performing docking (random seed: 42) ... 
0%   10   20   30   40   50   60   70   80   90   100%
|----|----|----|----|----|----|----|----|----|----|
***************************************************

mode |   affinity | dist from best mode
     | (kcal/mol) | rmsd l.b.| rmsd u.b.
-----+------------+----------+----------
   1       -8.544          0          0
   2       -8.459      0.154      2.032
   3       -8.212      4.688      6.013
   4       -8.195      4.696      5.773
   5       -8.029       4.54      7.566
   6       -7.957      4.425      7.772
   7       -7.807      1.206      7.415
   8       -7.699      1.176      7.635
   9       -7.688      2.143      8.133
  10       -7.681      1.535       2.84
