AutoDock Vina v1.2.7-20-g93cdc3d-mod
#################################################################
# If you used AutoDock Vina in your work, please cite:          #
#                                                               #
# J. Eberhardt, D. Santos-Martins, A. F. Tillack, and S. Forli  #
# AutoDock Vina 1.2.0: New Docking Methods, Expanded Force      #
# Field, and Python Bindings, J. Chem. Inf. Model. (2021)       #
# DOI 10.1021/acs.jcim.1c00203                                  #
#                                                               #
# O. Trott, A. J. Olson,                                        #
# AutoDock Vina: improving the speed and accuracy of docking    #
# with a new scoring function, efficient optimization and       #
# multithreading, J. Comp. Chem. (2010)                         #
# DOI 10.1002/jcc.21334                                         #
#                                                               #
# Please see https://github.com/ccsb-scripps/AutoDock-Vina for  #
# more information.                                             #
#################################################################

Scoring function : vina
Rigid receptor: /home/manndo/master_dev/Dockings/Benchmark/7VBU_6I4/_staging/receptors/pdbqt/7VBU_6I4_protein_mgl_tools.pdbqt
Ligand: /home/manndo/master_dev/Dockings/Benchmark/7VBU_6I4/_staging/ligands/pdbqt/7VBU_6I4_ligand_start_conf.pdbqt
Grid center: X 33.306 Y 36.825 Z 62.039
Grid size  : X 14.8 Y 18.1 Z 14
Grid space : 0.375
Exhaustiveness: 32
CPU: 32
Verbosity: 1

Computing Vina grid ... done.
Performing docking (random seed: 42) ... 
0%   10   20   30   40   50   60   70   80   90   100%
|----|----|----|----|----|----|----|----|----|----|
***************************************************

mode |   affinity | dist from best mode
     | (kcal/mol) | rmsd l.b.| rmsd u.b.
-----+------------+----------+----------
   1       -8.657          0          0
   2       -7.755     0.9063      1.075
   3       -7.327      0.965      5.425
   4       -6.808      1.272      2.393
   5       -6.633      1.107      6.034
   6       -6.366      1.952       2.47
   7       -6.363      2.046      6.722
   8       -6.199      1.719       3.32
   9       -5.816      2.764       4.99
  10       -5.783      2.226      3.651
