AutoDock Vina v1.2.7-20-g93cdc3d-mod
#################################################################
# If you used AutoDock Vina in your work, please cite:          #
#                                                               #
# J. Eberhardt, D. Santos-Martins, A. F. Tillack, and S. Forli  #
# AutoDock Vina 1.2.0: New Docking Methods, Expanded Force      #
# Field, and Python Bindings, J. Chem. Inf. Model. (2021)       #
# DOI 10.1021/acs.jcim.1c00203                                  #
#                                                               #
# O. Trott, A. J. Olson,                                        #
# AutoDock Vina: improving the speed and accuracy of docking    #
# with a new scoring function, efficient optimization and       #
# multithreading, J. Comp. Chem. (2010)                         #
# DOI 10.1002/jcc.21334                                         #
#                                                               #
# Please see https://github.com/ccsb-scripps/AutoDock-Vina for  #
# more information.                                             #
#################################################################

Scoring function : vina
Rigid receptor: /home/manndo/master_dev/Dockings/Benchmark/7VQ9_ISY/_staging/receptors/pdbqt/7VQ9_ISY_protein_meeko_retry1.pdbqt
Ligand: /home/manndo/master_dev/Dockings/Benchmark/7VQ9_ISY/_staging/ligands/pdbqt/7VQ9_ISY_ligand_start_conf.pdbqt
Grid center: X 27.805 Y -1.169 Z 28.386
Grid size  : X 13.3 Y 18.4 Z 14.6
Grid space : 0.375
Exhaustiveness: 32
CPU: 32
Verbosity: 1

Computing Vina grid ... done.
Performing docking (random seed: 42) ... 
0%   10   20   30   40   50   60   70   80   90   100%
|----|----|----|----|----|----|----|----|----|----|
***************************************************

mode |   affinity | dist from best mode
     | (kcal/mol) | rmsd l.b.| rmsd u.b.
-----+------------+----------+----------
   1       -6.753          0          0
   2       -6.597      2.912      4.084
   3       -6.568      2.641      3.713
   4       -6.324      4.357       5.49
   5       -6.293      1.302      2.543
   6       -6.246      3.764      4.571
   7       -6.238      3.514      4.357
   8       -6.213      2.557      3.685
   9       -6.174      4.616      6.027
  10        -5.81      4.144      5.505
