AutoDock Vina v1.2.7-20-g93cdc3d-mod
#################################################################
# If you used AutoDock Vina in your work, please cite:          #
#                                                               #
# J. Eberhardt, D. Santos-Martins, A. F. Tillack, and S. Forli  #
# AutoDock Vina 1.2.0: New Docking Methods, Expanded Force      #
# Field, and Python Bindings, J. Chem. Inf. Model. (2021)       #
# DOI 10.1021/acs.jcim.1c00203                                  #
#                                                               #
# O. Trott, A. J. Olson,                                        #
# AutoDock Vina: improving the speed and accuracy of docking    #
# with a new scoring function, efficient optimization and       #
# multithreading, J. Comp. Chem. (2010)                         #
# DOI 10.1002/jcc.21334                                         #
#                                                               #
# Please see https://github.com/ccsb-scripps/AutoDock-Vina for  #
# more information.                                             #
#################################################################

Scoring function : vina
Rigid receptor: /home/manndo/master_dev/Dockings/Benchmark/7W6F_8I6/_staging/receptors/pdbqt/7W6F_8I6_protein_mgl_tools.pdbqt
Ligand: /home/manndo/master_dev/Dockings/Benchmark/7W6F_8I6/_staging/ligands/pdbqt/7W6F_8I6_ligand_start_conf.pdbqt
Grid center: X 9.406 Y 9.479 Z 13.895
Grid size  : X 17.1 Y 20.9 Z 17.3
Grid space : 0.375
Exhaustiveness: 32
CPU: 32
Verbosity: 1

Computing Vina grid ... done.
Performing docking (random seed: 42) ... 
0%   10   20   30   40   50   60   70   80   90   100%
|----|----|----|----|----|----|----|----|----|----|
***************************************************

mode |   affinity | dist from best mode
     | (kcal/mol) | rmsd l.b.| rmsd u.b.
-----+------------+----------+----------
   1       -8.523          0          0
   2       -8.397     0.9423      3.008
   3       -7.806      1.204      3.143
   4       -7.713      4.294      8.825
   5       -7.638      4.537      8.632
   6       -7.577      5.075      9.089
   7       -7.446      4.932      9.401
   8       -7.422      4.963      9.232
   9        -7.14      5.098      9.213
  10       -6.834      6.056      10.02
