AutoDock Vina v1.2.7-20-g93cdc3d-mod
#################################################################
# If you used AutoDock Vina in your work, please cite:          #
#                                                               #
# J. Eberhardt, D. Santos-Martins, A. F. Tillack, and S. Forli  #
# AutoDock Vina 1.2.0: New Docking Methods, Expanded Force      #
# Field, and Python Bindings, J. Chem. Inf. Model. (2021)       #
# DOI 10.1021/acs.jcim.1c00203                                  #
#                                                               #
# O. Trott, A. J. Olson,                                        #
# AutoDock Vina: improving the speed and accuracy of docking    #
# with a new scoring function, efficient optimization and       #
# multithreading, J. Comp. Chem. (2010)                         #
# DOI 10.1002/jcc.21334                                         #
#                                                               #
# Please see https://github.com/ccsb-scripps/AutoDock-Vina for  #
# more information.                                             #
#################################################################

Scoring function : vina
Rigid receptor: /home/manndo/master_dev/Dockings/Benchmark/7WDT_NGS/_staging/receptors/pdbqt/7WDT_NGS_protein_meeko.pdbqt
Ligand: /home/manndo/master_dev/Dockings/Benchmark/7WDT_NGS/_staging/ligands/pdbqt/7WDT_NGS_ligand_start_conf.pdbqt
Grid center: X 23.3 Y -5.53 Z -3.744
Grid size  : X 15.2 Y 17.8 Z 17.3
Grid space : 0.375
Exhaustiveness: 32
CPU: 32
Verbosity: 1

Computing Vina grid ... done.
Performing docking (random seed: 42) ... 
0%   10   20   30   40   50   60   70   80   90   100%
|----|----|----|----|----|----|----|----|----|----|
***************************************************

mode |   affinity | dist from best mode
     | (kcal/mol) | rmsd l.b.| rmsd u.b.
-----+------------+----------+----------
   1       -6.487          0          0
   2       -6.386      3.271      6.367
   3        -6.33      1.356      1.483
   4       -5.953      2.833      5.892
   5       -5.948      1.489      2.195
   6       -5.869      1.932      2.714
   7       -5.802      3.014      5.977
   8       -5.725      4.204      5.758
   9       -5.697      3.496       5.07
  10       -5.671      3.073      4.079
