AutoDock Vina v1.2.7-20-g93cdc3d-mod
#################################################################
# If you used AutoDock Vina in your work, please cite:          #
#                                                               #
# J. Eberhardt, D. Santos-Martins, A. F. Tillack, and S. Forli  #
# AutoDock Vina 1.2.0: New Docking Methods, Expanded Force      #
# Field, and Python Bindings, J. Chem. Inf. Model. (2021)       #
# DOI 10.1021/acs.jcim.1c00203                                  #
#                                                               #
# O. Trott, A. J. Olson,                                        #
# AutoDock Vina: improving the speed and accuracy of docking    #
# with a new scoring function, efficient optimization and       #
# multithreading, J. Comp. Chem. (2010)                         #
# DOI 10.1002/jcc.21334                                         #
#                                                               #
# Please see https://github.com/ccsb-scripps/AutoDock-Vina for  #
# more information.                                             #
#################################################################

Scoring function : vina
Rigid receptor: /home/manndo/master_dev/Dockings/Benchmark/7WJB_BGC/_staging/receptors/pdbqt/7WJB_BGC_protein_mgl_tools.pdbqt
Ligand: /home/manndo/master_dev/Dockings/Benchmark/7WJB_BGC/_staging/ligands/pdbqt/7WJB_BGC_ligand_start_conf.pdbqt
Grid center: X 54.512 Y 20.956 Z 14.456
Grid size  : X 13.2 Y 15.8 Z 14.3
Grid space : 0.375
Exhaustiveness: 32
CPU: 32
Verbosity: 1

Computing Vina grid ... done.
Performing docking (random seed: 42) ... 
0%   10   20   30   40   50   60   70   80   90   100%
|----|----|----|----|----|----|----|----|----|----|
***************************************************

mode |   affinity | dist from best mode
     | (kcal/mol) | rmsd l.b.| rmsd u.b.
-----+------------+----------+----------
   1        -5.02          0          0
   2       -4.844      1.425      3.921
   3       -4.784      1.745      3.063
   4       -4.664      1.214      3.497
   5       -4.622      1.169      1.331
   6       -4.569      1.243      2.674
   7       -4.403      1.813      2.721
   8       -4.306       2.19      3.328
   9       -4.034      1.546      3.198
  10       -3.976      3.066      4.832
