AutoDock Vina v1.2.7-20-g93cdc3d-mod
#################################################################
# If you used AutoDock Vina in your work, please cite:          #
#                                                               #
# J. Eberhardt, D. Santos-Martins, A. F. Tillack, and S. Forli  #
# AutoDock Vina 1.2.0: New Docking Methods, Expanded Force      #
# Field, and Python Bindings, J. Chem. Inf. Model. (2021)       #
# DOI 10.1021/acs.jcim.1c00203                                  #
#                                                               #
# O. Trott, A. J. Olson,                                        #
# AutoDock Vina: improving the speed and accuracy of docking    #
# with a new scoring function, efficient optimization and       #
# multithreading, J. Comp. Chem. (2010)                         #
# DOI 10.1002/jcc.21334                                         #
#                                                               #
# Please see https://github.com/ccsb-scripps/AutoDock-Vina for  #
# more information.                                             #
#################################################################

Scoring function : vina
Rigid receptor: /home/manndo/master_dev/Dockings/Benchmark/7WJB_BGC/_staging/receptors/pdbqt/7WJB_BGC_protein_meeko.pdbqt
Ligand: /home/manndo/master_dev/Dockings/Benchmark/7WJB_BGC/_staging/ligands/pdbqt/7WJB_BGC_ligand_start_conf.pdbqt
Grid center: X 54.512 Y 20.956 Z 14.456
Grid size  : X 13.2 Y 15.8 Z 14.3
Grid space : 0.375
Exhaustiveness: 32
CPU: 32
Verbosity: 1

Computing Vina grid ... done.
Performing docking (random seed: 42) ... 
0%   10   20   30   40   50   60   70   80   90   100%
|----|----|----|----|----|----|----|----|----|----|
***************************************************

mode |   affinity | dist from best mode
     | (kcal/mol) | rmsd l.b.| rmsd u.b.
-----+------------+----------+----------
   1       -5.029          0          0
   2       -4.854      1.415      3.918
   3       -4.775      1.717      3.075
   4       -4.657      1.203      3.496
   5       -4.628      1.152      1.294
   6       -4.576      1.224       2.67
   7       -4.394      1.817      2.711
   8         -4.3      2.205      3.343
   9       -4.066      1.566      3.223
  10       -3.847      3.272       5.09
