AutoDock Vina v1.2.7-20-g93cdc3d-mod
#################################################################
# If you used AutoDock Vina in your work, please cite:          #
#                                                               #
# J. Eberhardt, D. Santos-Martins, A. F. Tillack, and S. Forli  #
# AutoDock Vina 1.2.0: New Docking Methods, Expanded Force      #
# Field, and Python Bindings, J. Chem. Inf. Model. (2021)       #
# DOI 10.1021/acs.jcim.1c00203                                  #
#                                                               #
# O. Trott, A. J. Olson,                                        #
# AutoDock Vina: improving the speed and accuracy of docking    #
# with a new scoring function, efficient optimization and       #
# multithreading, J. Comp. Chem. (2010)                         #
# DOI 10.1002/jcc.21334                                         #
#                                                               #
# Please see https://github.com/ccsb-scripps/AutoDock-Vina for  #
# more information.                                             #
#################################################################

Scoring function : vina
Rigid receptor: /home/manndo/master_dev/Dockings/Benchmark/7WN5_JGL/_staging/receptors/pdbqt/7WN5_JGL_protein_meeko_retry1.pdbqt
Ligand: /home/manndo/master_dev/Dockings/Benchmark/7WN5_JGL/_staging/ligands/pdbqt/7WN5_JGL_ligand_start_conf.pdbqt
Grid center: X -18.751 Y -10.171 Z -12.71
Grid size  : X 18.8 Y 20.8 Z 21
Grid space : 0.375
Exhaustiveness: 32
CPU: 32
Verbosity: 1

Computing Vina grid ... done.
Performing docking (random seed: 42) ... 
0%   10   20   30   40   50   60   70   80   90   100%
|----|----|----|----|----|----|----|----|----|----|
***************************************************

mode |   affinity | dist from best mode
     | (kcal/mol) | rmsd l.b.| rmsd u.b.
-----+------------+----------+----------
   1       -9.372          0          0
   2       -8.745      1.415      3.892
   3       -8.735      3.439      7.015
   4        -8.58      2.762      5.388
   5       -8.329      3.181       6.91
   6       -8.323      2.652      5.294
   7       -8.218      3.291      5.967
   8       -7.976      3.091       6.32
   9       -7.764      3.108      6.024
  10       -7.555      3.742      7.611
