AutoDock Vina v1.2.7-20-g93cdc3d-mod
#################################################################
# If you used AutoDock Vina in your work, please cite:          #
#                                                               #
# J. Eberhardt, D. Santos-Martins, A. F. Tillack, and S. Forli  #
# AutoDock Vina 1.2.0: New Docking Methods, Expanded Force      #
# Field, and Python Bindings, J. Chem. Inf. Model. (2021)       #
# DOI 10.1021/acs.jcim.1c00203                                  #
#                                                               #
# O. Trott, A. J. Olson,                                        #
# AutoDock Vina: improving the speed and accuracy of docking    #
# with a new scoring function, efficient optimization and       #
# multithreading, J. Comp. Chem. (2010)                         #
# DOI 10.1002/jcc.21334                                         #
#                                                               #
# Please see https://github.com/ccsb-scripps/AutoDock-Vina for  #
# more information.                                             #
#################################################################

Scoring function : vina
Rigid receptor: /home/manndo/master_dev/Dockings/Benchmark/7WQQ_5Z6/_staging/receptors/pdbqt/7WQQ_5Z6_protein_meeko.pdbqt
Ligand: /home/manndo/master_dev/Dockings/Benchmark/7WQQ_5Z6/_staging/ligands/pdbqt/7WQQ_5Z6_ligand_start_conf.pdbqt
Grid center: X 28.744 Y -6.255 Z 9.881
Grid size  : X 18.1 Y 16.5 Z 22.8
Grid space : 0.375
Exhaustiveness: 32
CPU: 32
Verbosity: 1

Computing Vina grid ... done.
Performing docking (random seed: 42) ... 
0%   10   20   30   40   50   60   70   80   90   100%
|----|----|----|----|----|----|----|----|----|----|
***************************************************

mode |   affinity | dist from best mode
     | (kcal/mol) | rmsd l.b.| rmsd u.b.
-----+------------+----------+----------
   1       -13.17          0          0
   2       -13.05     0.1527      3.517
   3       -9.278      1.035      3.771
   4       -3.214      1.778      3.846
   5       -3.112      1.724      2.605
   6       -1.793      4.614      8.758
   7       -1.638      4.574      9.081
   8       -1.544      1.829      3.842
   9       -1.531      1.955      3.988
  10        1.161      4.276      8.084
