AutoDock Vina v1.2.7-20-g93cdc3d-mod
#################################################################
# If you used AutoDock Vina in your work, please cite:          #
#                                                               #
# J. Eberhardt, D. Santos-Martins, A. F. Tillack, and S. Forli  #
# AutoDock Vina 1.2.0: New Docking Methods, Expanded Force      #
# Field, and Python Bindings, J. Chem. Inf. Model. (2021)       #
# DOI 10.1021/acs.jcim.1c00203                                  #
#                                                               #
# O. Trott, A. J. Olson,                                        #
# AutoDock Vina: improving the speed and accuracy of docking    #
# with a new scoring function, efficient optimization and       #
# multithreading, J. Comp. Chem. (2010)                         #
# DOI 10.1002/jcc.21334                                         #
#                                                               #
# Please see https://github.com/ccsb-scripps/AutoDock-Vina for  #
# more information.                                             #
#################################################################

Scoring function : vina
Rigid receptor: /home/manndo/master_dev/Dockings/Benchmark/7WUX_6OI/_staging/receptors/pdbqt/7WUX_6OI_protein_mgl_tools.pdbqt
Ligand: /home/manndo/master_dev/Dockings/Benchmark/7WUX_6OI/_staging/ligands/pdbqt/7WUX_6OI_ligand_start_conf.pdbqt
Grid center: X 23.319 Y 18.077 Z -11.91
Grid size  : X 13.7 Y 19.6 Z 14.4
Grid space : 0.375
Exhaustiveness: 32
CPU: 32
Verbosity: 1

Computing Vina grid ... done.
Performing docking (random seed: 42) ... 
0%   10   20   30   40   50   60   70   80   90   100%
|----|----|----|----|----|----|----|----|----|----|
***************************************************

mode |   affinity | dist from best mode
     | (kcal/mol) | rmsd l.b.| rmsd u.b.
-----+------------+----------+----------
   1       -6.544          0          0
   2       -6.436      3.506      3.978
   3       -6.357      3.713      4.398
   4        -6.35      4.147      6.026
   5        -6.33      4.228      5.709
   6       -6.329      3.195      5.866
   7       -6.276      4.098      4.903
   8       -6.252      3.535      5.837
   9       -6.204      3.681       5.35
  10       -6.192      3.697      4.342
