AutoDock Vina v1.2.7-20-g93cdc3d-mod
#################################################################
# If you used AutoDock Vina in your work, please cite:          #
#                                                               #
# J. Eberhardt, D. Santos-Martins, A. F. Tillack, and S. Forli  #
# AutoDock Vina 1.2.0: New Docking Methods, Expanded Force      #
# Field, and Python Bindings, J. Chem. Inf. Model. (2021)       #
# DOI 10.1021/acs.jcim.1c00203                                  #
#                                                               #
# O. Trott, A. J. Olson,                                        #
# AutoDock Vina: improving the speed and accuracy of docking    #
# with a new scoring function, efficient optimization and       #
# multithreading, J. Comp. Chem. (2010)                         #
# DOI 10.1002/jcc.21334                                         #
#                                                               #
# Please see https://github.com/ccsb-scripps/AutoDock-Vina for  #
# more information.                                             #
#################################################################

Scoring function : vina
Rigid receptor: /home/manndo/master_dev/Dockings/Benchmark/7X5N_5M5/_staging/receptors/pdbqt/7X5N_5M5_protein_meeko.pdbqt
Ligand: /home/manndo/master_dev/Dockings/Benchmark/7X5N_5M5/_staging/ligands/pdbqt/7X5N_5M5_ligand_start_conf.pdbqt
Grid center: X 82.523 Y 50.035 Z 53.486
Grid size  : X 16.7 Y 17.6 Z 19.3
Grid space : 0.375
Exhaustiveness: 32
CPU: 32
Verbosity: 1

Computing Vina grid ... done.
Performing docking (random seed: 42) ... 
0%   10   20   30   40   50   60   70   80   90   100%
|----|----|----|----|----|----|----|----|----|----|
***************************************************

mode |   affinity | dist from best mode
     | (kcal/mol) | rmsd l.b.| rmsd u.b.
-----+------------+----------+----------
   1       -11.18          0          0
   2       -10.78      1.648      3.541
   3       -8.116      2.293      3.551
   4       -8.097      2.178      4.082
   5       -6.762      5.415      9.538
   6       -6.621       2.42      4.308
   7       -6.619      2.273      4.022
   8       -6.554       2.33      3.125
   9         -6.5      2.564      4.445
  10       -6.308        2.5      6.962
