AutoDock Vina v1.2.7-20-g93cdc3d-mod
#################################################################
# If you used AutoDock Vina in your work, please cite:          #
#                                                               #
# J. Eberhardt, D. Santos-Martins, A. F. Tillack, and S. Forli  #
# AutoDock Vina 1.2.0: New Docking Methods, Expanded Force      #
# Field, and Python Bindings, J. Chem. Inf. Model. (2021)       #
# DOI 10.1021/acs.jcim.1c00203                                  #
#                                                               #
# O. Trott, A. J. Olson,                                        #
# AutoDock Vina: improving the speed and accuracy of docking    #
# with a new scoring function, efficient optimization and       #
# multithreading, J. Comp. Chem. (2010)                         #
# DOI 10.1002/jcc.21334                                         #
#                                                               #
# Please see https://github.com/ccsb-scripps/AutoDock-Vina for  #
# more information.                                             #
#################################################################

Scoring function : vina
Rigid receptor: /home/manndo/master_dev/Dockings/Benchmark/7XEK_9YX/_staging/receptors/pdbqt/7XEK_9YX_protein_meeko.pdbqt
Ligand: /home/manndo/master_dev/Dockings/Benchmark/7XEK_9YX/_staging/ligands/pdbqt/7XEK_9YX_ligand_start_conf.pdbqt
Grid center: X 35.183 Y -33.764 Z -36.002
Grid size  : X 19.4 Y 15.6 Z 17
Grid space : 0.375
Exhaustiveness: 32
CPU: 32
Verbosity: 1

Computing Vina grid ... done.
Performing docking (random seed: 42) ... 
0%   10   20   30   40   50   60   70   80   90   100%
|----|----|----|----|----|----|----|----|----|----|
***************************************************

mode |   affinity | dist from best mode
     | (kcal/mol) | rmsd l.b.| rmsd u.b.
-----+------------+----------+----------
   1       -7.047          0          0
   2       -6.701      2.001      2.415
   3       -6.586      3.235      7.061
   4       -6.397      2.959      4.767
   5       -6.388      2.593      4.865
   6         -6.3       2.93      4.655
   7       -6.295      1.917      5.096
   8       -6.175      3.116      7.169
   9       -6.127      3.759      7.629
  10       -6.073      3.434      5.118
