AutoDock Vina v1.2.7-20-g93cdc3d-mod
#################################################################
# If you used AutoDock Vina in your work, please cite:          #
#                                                               #
# J. Eberhardt, D. Santos-Martins, A. F. Tillack, and S. Forli  #
# AutoDock Vina 1.2.0: New Docking Methods, Expanded Force      #
# Field, and Python Bindings, J. Chem. Inf. Model. (2021)       #
# DOI 10.1021/acs.jcim.1c00203                                  #
#                                                               #
# O. Trott, A. J. Olson,                                        #
# AutoDock Vina: improving the speed and accuracy of docking    #
# with a new scoring function, efficient optimization and       #
# multithreading, J. Comp. Chem. (2010)                         #
# DOI 10.1002/jcc.21334                                         #
#                                                               #
# Please see https://github.com/ccsb-scripps/AutoDock-Vina for  #
# more information.                                             #
#################################################################

Scoring function : vina
Rigid receptor: /home/manndo/master_dev/Dockings/Benchmark/7XFA_D9J/_staging/receptors/pdbqt/7XFA_D9J_protein_mgl_tools.pdbqt
Ligand: /home/manndo/master_dev/Dockings/Benchmark/7XFA_D9J/_staging/ligands/pdbqt/7XFA_D9J_ligand_start_conf.pdbqt
Grid center: X -16.954 Y -9.226 Z 1.435
Grid size  : X 25.7 Y 17.8 Z 19.4
Grid space : 0.375
Exhaustiveness: 32
CPU: 32
Verbosity: 1

Computing Vina grid ... done.
Performing docking (random seed: 42) ... 
0%   10   20   30   40   50   60   70   80   90   100%
|----|----|----|----|----|----|----|----|----|----|
***************************************************

mode |   affinity | dist from best mode
     | (kcal/mol) | rmsd l.b.| rmsd u.b.
-----+------------+----------+----------
   1       -7.753          0          0
   2       -7.608      3.721      4.834
   3       -7.375      2.712      3.261
   4       -7.084      3.964      5.736
   5        -7.04      5.609      7.596
   6       -6.977      3.413       4.66
   7       -6.974       2.03      2.737
   8        -6.97      5.334      10.13
   9       -6.946      2.431      3.166
  10       -6.878      5.859      7.631
