AutoDock Vina v1.2.7-20-g93cdc3d-mod
#################################################################
# If you used AutoDock Vina in your work, please cite:          #
#                                                               #
# J. Eberhardt, D. Santos-Martins, A. F. Tillack, and S. Forli  #
# AutoDock Vina 1.2.0: New Docking Methods, Expanded Force      #
# Field, and Python Bindings, J. Chem. Inf. Model. (2021)       #
# DOI 10.1021/acs.jcim.1c00203                                  #
#                                                               #
# O. Trott, A. J. Olson,                                        #
# AutoDock Vina: improving the speed and accuracy of docking    #
# with a new scoring function, efficient optimization and       #
# multithreading, J. Comp. Chem. (2010)                         #
# DOI 10.1002/jcc.21334                                         #
#                                                               #
# Please see https://github.com/ccsb-scripps/AutoDock-Vina for  #
# more information.                                             #
#################################################################

Scoring function : vina
Rigid receptor: /home/manndo/master_dev/Dockings/Benchmark/7XI7_4RI/_staging/receptors/pdbqt/7XI7_4RI_protein_mgl_tools.pdbqt
Ligand: /home/manndo/master_dev/Dockings/Benchmark/7XI7_4RI/_staging/ligands/pdbqt/7XI7_4RI_ligand_start_conf.pdbqt
Grid center: X -2.675 Y -16.194 Z 0.93
Grid size  : X 13.8 Y 17.2 Z 17.9
Grid space : 0.375
Exhaustiveness: 32
CPU: 32
Verbosity: 1

Computing Vina grid ... done.
Performing docking (random seed: 42) ... 
0%   10   20   30   40   50   60   70   80   90   100%
|----|----|----|----|----|----|----|----|----|----|
***************************************************

mode |   affinity | dist from best mode
     | (kcal/mol) | rmsd l.b.| rmsd u.b.
-----+------------+----------+----------
   1       -7.933          0          0
   2       -7.343      2.897      5.187
   3        -7.03      1.753      2.792
   4       -7.007      3.754      5.664
   5       -6.997      2.836      5.062
   6       -6.965      2.617      5.005
   7       -6.945      2.237      4.319
   8       -6.934      2.243      3.944
   9       -6.892      1.656      4.055
  10        -6.78      2.698      3.645
