AutoDock Vina v1.2.7-20-g93cdc3d-mod
#################################################################
# If you used AutoDock Vina in your work, please cite:          #
#                                                               #
# J. Eberhardt, D. Santos-Martins, A. F. Tillack, and S. Forli  #
# AutoDock Vina 1.2.0: New Docking Methods, Expanded Force      #
# Field, and Python Bindings, J. Chem. Inf. Model. (2021)       #
# DOI 10.1021/acs.jcim.1c00203                                  #
#                                                               #
# O. Trott, A. J. Olson,                                        #
# AutoDock Vina: improving the speed and accuracy of docking    #
# with a new scoring function, efficient optimization and       #
# multithreading, J. Comp. Chem. (2010)                         #
# DOI 10.1002/jcc.21334                                         #
#                                                               #
# Please see https://github.com/ccsb-scripps/AutoDock-Vina for  #
# more information.                                             #
#################################################################

Scoring function : vina
Rigid receptor: /home/manndo/master_dev/Dockings/Benchmark/7XIJ_EJ3/_staging/receptors/pdbqt/7XIJ_EJ3_protein_mgl_tools.pdbqt
Ligand: /home/manndo/master_dev/Dockings/Benchmark/7XIJ_EJ3/_staging/ligands/pdbqt/7XIJ_EJ3_ligand_start_conf.pdbqt
Grid center: X 32.672 Y -8.913 Z -5.353
Grid size  : X 18.4 Y 21.3 Z 20.9
Grid space : 0.375
Exhaustiveness: 32
CPU: 32
Verbosity: 1

Computing Vina grid ... done.
Performing docking (random seed: 42) ... 
0%   10   20   30   40   50   60   70   80   90   100%
|----|----|----|----|----|----|----|----|----|----|
***************************************************

mode |   affinity | dist from best mode
     | (kcal/mol) | rmsd l.b.| rmsd u.b.
-----+------------+----------+----------
   1       -9.009          0          0
   2       -8.831      1.716      2.197
   3       -8.794      2.527      3.988
   4       -8.755      3.971      8.395
   5       -8.678       3.71      8.738
   6       -8.676      3.964      8.956
   7       -8.622      2.952      9.172
   8       -8.573      1.497      3.732
   9       -8.532      3.996      9.335
  10       -8.493      2.866      9.122
