AutoDock Vina v1.2.7-20-g93cdc3d-mod
#################################################################
# If you used AutoDock Vina in your work, please cite:          #
#                                                               #
# J. Eberhardt, D. Santos-Martins, A. F. Tillack, and S. Forli  #
# AutoDock Vina 1.2.0: New Docking Methods, Expanded Force      #
# Field, and Python Bindings, J. Chem. Inf. Model. (2021)       #
# DOI 10.1021/acs.jcim.1c00203                                  #
#                                                               #
# O. Trott, A. J. Olson,                                        #
# AutoDock Vina: improving the speed and accuracy of docking    #
# with a new scoring function, efficient optimization and       #
# multithreading, J. Comp. Chem. (2010)                         #
# DOI 10.1002/jcc.21334                                         #
#                                                               #
# Please see https://github.com/ccsb-scripps/AutoDock-Vina for  #
# more information.                                             #
#################################################################

Scoring function : vina
Rigid receptor: /home/manndo/master_dev/Dockings/Benchmark/7XJN_NSD/_staging/receptors/pdbqt/7XJN_NSD_protein_mgl_tools.pdbqt
Ligand: /home/manndo/master_dev/Dockings/Benchmark/7XJN_NSD/_staging/ligands/pdbqt/7XJN_NSD_ligand_start_conf.pdbqt
Grid center: X -2.111 Y 7.689 Z 33.196
Grid size  : X 18.5 Y 13.7 Z 11.8
Grid space : 0.375
Exhaustiveness: 32
CPU: 32
Verbosity: 1

Computing Vina grid ... done.
Performing docking (random seed: 42) ... 
0%   10   20   30   40   50   60   70   80   90   100%
|----|----|----|----|----|----|----|----|----|----|
***************************************************

mode |   affinity | dist from best mode
     | (kcal/mol) | rmsd l.b.| rmsd u.b.
-----+------------+----------+----------
   1        -5.52          0          0
   2       -5.507    0.06116       5.65
   3       -5.466      1.132      1.259
   4       -5.456      1.149      5.693
   5       -4.827      1.832      2.011
   6       -3.722      1.922      2.332
   7       -3.568      2.055      5.527
   8       -1.675      1.886      2.874
   9       -1.668      2.205      3.664
  10      -0.6547      1.917      5.044
