AutoDock Vina v1.2.7-20-g93cdc3d-mod
#################################################################
# If you used AutoDock Vina in your work, please cite:          #
#                                                               #
# J. Eberhardt, D. Santos-Martins, A. F. Tillack, and S. Forli  #
# AutoDock Vina 1.2.0: New Docking Methods, Expanded Force      #
# Field, and Python Bindings, J. Chem. Inf. Model. (2021)       #
# DOI 10.1021/acs.jcim.1c00203                                  #
#                                                               #
# O. Trott, A. J. Olson,                                        #
# AutoDock Vina: improving the speed and accuracy of docking    #
# with a new scoring function, efficient optimization and       #
# multithreading, J. Comp. Chem. (2010)                         #
# DOI 10.1002/jcc.21334                                         #
#                                                               #
# Please see https://github.com/ccsb-scripps/AutoDock-Vina for  #
# more information.                                             #
#################################################################

Scoring function : vina
Rigid receptor: /home/manndo/master_dev/Dockings/Benchmark/7Z2O_IAJ/_staging/receptors/pdbqt/7Z2O_IAJ_protein_meeko.pdbqt
Ligand: /home/manndo/master_dev/Dockings/Benchmark/7Z2O_IAJ/_staging/ligands/pdbqt/7Z2O_IAJ_ligand_start_conf.pdbqt
Grid center: X -7.495 Y 15.245 Z 11.271
Grid size  : X 15.9 Y 11.2 Z 14.7
Grid space : 0.375
Exhaustiveness: 32
CPU: 32
Verbosity: 1

Computing Vina grid ... done.
Performing docking (random seed: 42) ... 
0%   10   20   30   40   50   60   70   80   90   100%
|----|----|----|----|----|----|----|----|----|----|
***************************************************

mode |   affinity | dist from best mode
     | (kcal/mol) | rmsd l.b.| rmsd u.b.
-----+------------+----------+----------
   1       -7.159          0          0
   2       -6.937      2.059      3.182
   3       -6.659      1.845      3.015
   4       -6.532      2.155      3.899
   5       -6.031      2.788      4.275
   6       -6.005       2.51       3.94
   7       -6.003      2.783      4.937
   8       -5.944      1.556      2.288
   9       -5.693      5.067       6.23
  10       -5.408      4.407      5.441
