AutoDock Vina v1.2.7-20-g93cdc3d-mod
#################################################################
# If you used AutoDock Vina in your work, please cite:          #
#                                                               #
# J. Eberhardt, D. Santos-Martins, A. F. Tillack, and S. Forli  #
# AutoDock Vina 1.2.0: New Docking Methods, Expanded Force      #
# Field, and Python Bindings, J. Chem. Inf. Model. (2021)       #
# DOI 10.1021/acs.jcim.1c00203                                  #
#                                                               #
# O. Trott, A. J. Olson,                                        #
# AutoDock Vina: improving the speed and accuracy of docking    #
# with a new scoring function, efficient optimization and       #
# multithreading, J. Comp. Chem. (2010)                         #
# DOI 10.1002/jcc.21334                                         #
#                                                               #
# Please see https://github.com/ccsb-scripps/AutoDock-Vina for  #
# more information.                                             #
#################################################################

Scoring function : vina
Rigid receptor: /home/manndo/master_dev/Dockings/Benchmark/7Z7F_IF3/_staging/receptors/pdbqt/7Z7F_IF3_protein_mgl_tools.pdbqt
Ligand: /home/manndo/master_dev/Dockings/Benchmark/7Z7F_IF3/_staging/ligands/pdbqt/7Z7F_IF3_ligand_start_conf.pdbqt
Grid center: X 16.228 Y 27.667 Z 4.678
Grid size  : X 15.2 Y 15.9 Z 13.6
Grid space : 0.375
Exhaustiveness: 32
CPU: 32
Verbosity: 1

Computing Vina grid ... done.
Performing docking (random seed: 42) ... 
0%   10   20   30   40   50   60   70   80   90   100%
|----|----|----|----|----|----|----|----|----|----|
***************************************************

mode |   affinity | dist from best mode
     | (kcal/mol) | rmsd l.b.| rmsd u.b.
-----+------------+----------+----------
   1       -5.746          0          0
   2       -5.063     0.8887      3.566
   3        -4.88     0.9344      3.616
   4       -4.633       1.25      3.794
   5         -4.6      1.376      4.045
   6       -4.315      4.715        7.5
   7       -4.277       5.88      7.749
   8       -4.237      4.659      7.632
   9       -3.988      6.053      8.035
  10       -3.677      5.794      7.431
