AutoDock Vina v1.2.7-20-g93cdc3d-mod
#################################################################
# If you used AutoDock Vina in your work, please cite:          #
#                                                               #
# J. Eberhardt, D. Santos-Martins, A. F. Tillack, and S. Forli  #
# AutoDock Vina 1.2.0: New Docking Methods, Expanded Force      #
# Field, and Python Bindings, J. Chem. Inf. Model. (2021)       #
# DOI 10.1021/acs.jcim.1c00203                                  #
#                                                               #
# O. Trott, A. J. Olson,                                        #
# AutoDock Vina: improving the speed and accuracy of docking    #
# with a new scoring function, efficient optimization and       #
# multithreading, J. Comp. Chem. (2010)                         #
# DOI 10.1002/jcc.21334                                         #
#                                                               #
# Please see https://github.com/ccsb-scripps/AutoDock-Vina for  #
# more information.                                             #
#################################################################

Scoring function : vina
Rigid receptor: /home/manndo/master_dev/Dockings/Benchmark/7ZCC_OGA/_staging/receptors/pdbqt/7ZCC_OGA_protein_meeko_retry1.pdbqt
Ligand: /home/manndo/master_dev/Dockings/Benchmark/7ZCC_OGA/_staging/ligands/pdbqt/7ZCC_OGA_ligand_start_conf.pdbqt
Grid center: X 38.68 Y 16.473 Z 59.569
Grid size  : X 17.1 Y 13.3 Z 11.6
Grid space : 0.375
Exhaustiveness: 32
CPU: 32
Verbosity: 1

Computing Vina grid ... done.
Performing docking (random seed: 42) ... 
0%   10   20   30   40   50   60   70   80   90   100%
|----|----|----|----|----|----|----|----|----|----|
***************************************************

mode |   affinity | dist from best mode
     | (kcal/mol) | rmsd l.b.| rmsd u.b.
-----+------------+----------+----------
   1       -5.597          0          0
   2       -5.561     0.8882      4.744
   3       -5.165      3.395      4.908
   4       -5.132      2.874      4.427
   5       -5.123       1.82       1.96
   6        -4.88        3.3      4.449
   7       -4.853       2.23      5.471
   8       -4.794       1.74      5.014
   9       -4.765      3.943      5.637
  10       -4.679      2.399      4.746
