AutoDock Vina v1.2.7-20-g93cdc3d-mod
#################################################################
# If you used AutoDock Vina in your work, please cite:          #
#                                                               #
# J. Eberhardt, D. Santos-Martins, A. F. Tillack, and S. Forli  #
# AutoDock Vina 1.2.0: New Docking Methods, Expanded Force      #
# Field, and Python Bindings, J. Chem. Inf. Model. (2021)       #
# DOI 10.1021/acs.jcim.1c00203                                  #
#                                                               #
# O. Trott, A. J. Olson,                                        #
# AutoDock Vina: improving the speed and accuracy of docking    #
# with a new scoring function, efficient optimization and       #
# multithreading, J. Comp. Chem. (2010)                         #
# DOI 10.1002/jcc.21334                                         #
#                                                               #
# Please see https://github.com/ccsb-scripps/AutoDock-Vina for  #
# more information.                                             #
#################################################################

Scoring function : vina
Rigid receptor: /home/manndo/master_dev/Dockings/Benchmark/7ZDY_6MJ/_staging/receptors/pdbqt/7ZDY_6MJ_protein_mgl_tools.pdbqt
Ligand: /home/manndo/master_dev/Dockings/Benchmark/7ZDY_6MJ/_staging/ligands/pdbqt/7ZDY_6MJ_ligand_start_conf.pdbqt
Grid center: X 26.812 Y -7.439 Z 42.938
Grid size  : X 13.4 Y 15.4 Z 14.5
Grid space : 0.375
Exhaustiveness: 32
CPU: 32
Verbosity: 1

Computing Vina grid ... done.
Performing docking (random seed: 42) ... 
0%   10   20   30   40   50   60   70   80   90   100%
|----|----|----|----|----|----|----|----|----|----|
***************************************************

mode |   affinity | dist from best mode
     | (kcal/mol) | rmsd l.b.| rmsd u.b.
-----+------------+----------+----------
   1       -5.061          0          0
   2       -4.933      1.319      2.601
   3       -4.547      2.392      3.862
   4       -4.519      2.568      4.338
   5       -4.459      2.823      4.615
   6       -4.439      2.698      4.329
   7       -4.398      2.519      3.747
   8       -4.291      2.161      4.877
   9       -4.237      2.748      3.868
  10        -4.18      2.202      4.565
