AutoDock Vina v1.2.7-20-g93cdc3d-mod
#################################################################
# If you used AutoDock Vina in your work, please cite:          #
#                                                               #
# J. Eberhardt, D. Santos-Martins, A. F. Tillack, and S. Forli  #
# AutoDock Vina 1.2.0: New Docking Methods, Expanded Force      #
# Field, and Python Bindings, J. Chem. Inf. Model. (2021)       #
# DOI 10.1021/acs.jcim.1c00203                                  #
#                                                               #
# O. Trott, A. J. Olson,                                        #
# AutoDock Vina: improving the speed and accuracy of docking    #
# with a new scoring function, efficient optimization and       #
# multithreading, J. Comp. Chem. (2010)                         #
# DOI 10.1002/jcc.21334                                         #
#                                                               #
# Please see https://github.com/ccsb-scripps/AutoDock-Vina for  #
# more information.                                             #
#################################################################

Scoring function : vina
Rigid receptor: /home/manndo/master_dev/Dockings/Benchmark/7ZF0_DHR/_staging/receptors/pdbqt/7ZF0_DHR_protein_mgl_tools.pdbqt
Ligand: /home/manndo/master_dev/Dockings/Benchmark/7ZF0_DHR/_staging/ligands/pdbqt/7ZF0_DHR_ligand_start_conf.pdbqt
Grid center: X 33.29 Y 57.944 Z 48.273
Grid size  : X 12.6 Y 14.9 Z 16.3
Grid space : 0.375
Exhaustiveness: 32
CPU: 32
Verbosity: 1

Computing Vina grid ... done.
Performing docking (random seed: 42) ... 
0%   10   20   30   40   50   60   70   80   90   100%
|----|----|----|----|----|----|----|----|----|----|
***************************************************

mode |   affinity | dist from best mode
     | (kcal/mol) | rmsd l.b.| rmsd u.b.
-----+------------+----------+----------
   1       -6.369          0          0
   2       -5.996      6.634      8.676
   3       -5.982      1.913      2.042
   4       -5.907      1.597      1.838
   5         -5.9      2.501      3.095
   6        -5.89      1.857      2.457
   7       -5.749      7.324      9.009
   8       -5.638      3.447      4.994
   9        -5.63      3.695       4.35
  10       -5.555      2.366      4.773
