AutoDock Vina v1.2.7-20-g93cdc3d-mod
#################################################################
# If you used AutoDock Vina in your work, please cite:          #
#                                                               #
# J. Eberhardt, D. Santos-Martins, A. F. Tillack, and S. Forli  #
# AutoDock Vina 1.2.0: New Docking Methods, Expanded Force      #
# Field, and Python Bindings, J. Chem. Inf. Model. (2021)       #
# DOI 10.1021/acs.jcim.1c00203                                  #
#                                                               #
# O. Trott, A. J. Olson,                                        #
# AutoDock Vina: improving the speed and accuracy of docking    #
# with a new scoring function, efficient optimization and       #
# multithreading, J. Comp. Chem. (2010)                         #
# DOI 10.1002/jcc.21334                                         #
#                                                               #
# Please see https://github.com/ccsb-scripps/AutoDock-Vina for  #
# more information.                                             #
#################################################################

Scoring function : vina
Rigid receptor: /home/manndo/master_dev/Dockings/Benchmark/7ZHP_IQY/_staging/receptors/pdbqt/7ZHP_IQY_protein_meeko.pdbqt
Ligand: /home/manndo/master_dev/Dockings/Benchmark/7ZHP_IQY/_staging/ligands/pdbqt/7ZHP_IQY_ligand_start_conf.pdbqt
Grid center: X 69.455 Y 37.94 Z 2.279
Grid size  : X 18.7 Y 18.8 Z 18.7
Grid space : 0.375
Exhaustiveness: 32
CPU: 32
Verbosity: 1

Computing Vina grid ... done.
Performing docking (random seed: 42) ... 
0%   10   20   30   40   50   60   70   80   90   100%
|----|----|----|----|----|----|----|----|----|----|
***************************************************

mode |   affinity | dist from best mode
     | (kcal/mol) | rmsd l.b.| rmsd u.b.
-----+------------+----------+----------
   1       -7.743          0          0
   2       -7.722      2.063      4.684
   3       -7.327      2.177      4.847
   4       -7.151      4.282      7.967
   5       -7.149      1.302      2.191
   6       -6.999      3.232      6.456
   7       -6.979      3.633      5.889
   8       -6.901      3.671      5.897
   9       -6.813      3.834      6.298
  10       -6.792      4.354      6.794
