AutoDock Vina v1.2.7-20-g93cdc3d-mod
#################################################################
# If you used AutoDock Vina in your work, please cite:          #
#                                                               #
# J. Eberhardt, D. Santos-Martins, A. F. Tillack, and S. Forli  #
# AutoDock Vina 1.2.0: New Docking Methods, Expanded Force      #
# Field, and Python Bindings, J. Chem. Inf. Model. (2021)       #
# DOI 10.1021/acs.jcim.1c00203                                  #
#                                                               #
# O. Trott, A. J. Olson,                                        #
# AutoDock Vina: improving the speed and accuracy of docking    #
# with a new scoring function, efficient optimization and       #
# multithreading, J. Comp. Chem. (2010)                         #
# DOI 10.1002/jcc.21334                                         #
#                                                               #
# Please see https://github.com/ccsb-scripps/AutoDock-Vina for  #
# more information.                                             #
#################################################################

Scoring function : vina
Rigid receptor: /home/manndo/master_dev/Dockings/Benchmark/7ZL5_IWE/_staging/receptors/pdbqt/7ZL5_IWE_protein_meeko.pdbqt
Ligand: /home/manndo/master_dev/Dockings/Benchmark/7ZL5_IWE/_staging/ligands/pdbqt/7ZL5_IWE_ligand_start_conf.pdbqt
Grid center: X -18.726 Y 35.966 Z 43.376
Grid size  : X 18.3 Y 14.2 Z 18.1
Grid space : 0.375
Exhaustiveness: 32
CPU: 32
Verbosity: 1

Computing Vina grid ... done.
Performing docking (random seed: 42) ... 
0%   10   20   30   40   50   60   70   80   90   100%
|----|----|----|----|----|----|----|----|----|----|
***************************************************

mode |   affinity | dist from best mode
     | (kcal/mol) | rmsd l.b.| rmsd u.b.
-----+------------+----------+----------
   1       -8.035          0          0
   2       -7.889      1.723      2.152
   3        -7.88       1.15      1.487
   4       -7.607      2.374      2.847
   5       -7.419       4.42      6.178
   6       -7.127      2.174      2.775
   7       -7.107      4.665      6.591
   8        -7.06      3.611       5.93
   9       -6.899      3.459      5.646
  10       -6.805      3.835        4.9
