AutoDock Vina v1.2.7-20-g93cdc3d-mod
#################################################################
# If you used AutoDock Vina in your work, please cite:          #
#                                                               #
# J. Eberhardt, D. Santos-Martins, A. F. Tillack, and S. Forli  #
# AutoDock Vina 1.2.0: New Docking Methods, Expanded Force      #
# Field, and Python Bindings, J. Chem. Inf. Model. (2021)       #
# DOI 10.1021/acs.jcim.1c00203                                  #
#                                                               #
# O. Trott, A. J. Olson,                                        #
# AutoDock Vina: improving the speed and accuracy of docking    #
# with a new scoring function, efficient optimization and       #
# multithreading, J. Comp. Chem. (2010)                         #
# DOI 10.1002/jcc.21334                                         #
#                                                               #
# Please see https://github.com/ccsb-scripps/AutoDock-Vina for  #
# more information.                                             #
#################################################################

Scoring function : vina
Rigid receptor: /home/manndo/master_dev/Dockings/Benchmark/7ZOC_T8E/_staging/receptors/pdbqt/7ZOC_T8E_protein_meeko_retry1.pdbqt
Ligand: /home/manndo/master_dev/Dockings/Benchmark/7ZOC_T8E/_staging/ligands/pdbqt/7ZOC_T8E_ligand_start_conf.pdbqt
Grid center: X 16.021 Y 10.531 Z 35.537
Grid size  : X 16.6 Y 17.9 Z 15.1
Grid space : 0.375
Exhaustiveness: 32
CPU: 32
Verbosity: 1

Computing Vina grid ... done.
Performing docking (random seed: 42) ... 
0%   10   20   30   40   50   60   70   80   90   100%
|----|----|----|----|----|----|----|----|----|----|
***************************************************

mode |   affinity | dist from best mode
     | (kcal/mol) | rmsd l.b.| rmsd u.b.
-----+------------+----------+----------
   1       -6.806          0          0
   2       -6.712      1.962      2.261
   3        -6.71      1.809      2.332
   4       -6.215      3.039       6.56
   5       -6.214      3.267      4.252
   6       -6.162      3.067      6.632
   7       -5.931      5.839        7.3
   8       -5.889        5.8      6.557
   9       -5.868      1.769      2.347
  10       -5.787      2.814      6.917
