AutoDock Vina v1.2.7-20-g93cdc3d-mod
#################################################################
# If you used AutoDock Vina in your work, please cite:          #
#                                                               #
# J. Eberhardt, D. Santos-Martins, A. F. Tillack, and S. Forli  #
# AutoDock Vina 1.2.0: New Docking Methods, Expanded Force      #
# Field, and Python Bindings, J. Chem. Inf. Model. (2021)       #
# DOI 10.1021/acs.jcim.1c00203                                  #
#                                                               #
# O. Trott, A. J. Olson,                                        #
# AutoDock Vina: improving the speed and accuracy of docking    #
# with a new scoring function, efficient optimization and       #
# multithreading, J. Comp. Chem. (2010)                         #
# DOI 10.1002/jcc.21334                                         #
#                                                               #
# Please see https://github.com/ccsb-scripps/AutoDock-Vina for  #
# more information.                                             #
#################################################################

Scoring function : vina
Rigid receptor: /home/manndo/master_dev/Dockings/Benchmark/7ZTL_BCN/_staging/receptors/pdbqt/7ZTL_BCN_protein_meeko_retry1.pdbqt
Ligand: /home/manndo/master_dev/Dockings/Benchmark/7ZTL_BCN/_staging/ligands/pdbqt/7ZTL_BCN_ligand_start_conf.pdbqt
Grid center: X -37.006 Y 26.66 Z 5.859
Grid size  : X 13.7 Y 13.1 Z 15
Grid space : 0.375
Exhaustiveness: 32
CPU: 32
Verbosity: 1

Computing Vina grid ... done.
Performing docking (random seed: 42) ... 
0%   10   20   30   40   50   60   70   80   90   100%
|----|----|----|----|----|----|----|----|----|----|
***************************************************

mode |   affinity | dist from best mode
     | (kcal/mol) | rmsd l.b.| rmsd u.b.
-----+------------+----------+----------
   1        -4.54          0          0
   2       -4.472      4.759      6.211
   3       -4.464      4.031      6.635
   4        -4.45      2.173      2.589
   5       -4.421     0.8167      3.885
   6       -4.413      2.285      4.274
   7       -4.412      4.605      5.823
   8       -4.409        1.9      2.203
   9       -4.406      4.095       6.33
  10       -4.279      2.054       4.64
