AutoDock Vina v1.2.7-20-g93cdc3d-mod
#################################################################
# If you used AutoDock Vina in your work, please cite:          #
#                                                               #
# J. Eberhardt, D. Santos-Martins, A. F. Tillack, and S. Forli  #
# AutoDock Vina 1.2.0: New Docking Methods, Expanded Force      #
# Field, and Python Bindings, J. Chem. Inf. Model. (2021)       #
# DOI 10.1021/acs.jcim.1c00203                                  #
#                                                               #
# O. Trott, A. J. Olson,                                        #
# AutoDock Vina: improving the speed and accuracy of docking    #
# with a new scoring function, efficient optimization and       #
# multithreading, J. Comp. Chem. (2010)                         #
# DOI 10.1002/jcc.21334                                         #
#                                                               #
# Please see https://github.com/ccsb-scripps/AutoDock-Vina for  #
# more information.                                             #
#################################################################

Scoring function : vina
Rigid receptor: /home/manndo/master_dev/Dockings/Benchmark/7ZU2_DHT/_staging/receptors/pdbqt/7ZU2_DHT_protein_meeko.pdbqt
Ligand: /home/manndo/master_dev/Dockings/Benchmark/7ZU2_DHT/_staging/ligands/pdbqt/7ZU2_DHT_ligand_start_conf.pdbqt
Grid center: X -27.682 Y 2.466 Z -5.281
Grid size  : X 16.4 Y 19.3 Z 12.9
Grid space : 0.375
Exhaustiveness: 32
CPU: 32
Verbosity: 1

Computing Vina grid ... done.
Performing docking (random seed: 42) ... 
0%   10   20   30   40   50   60   70   80   90   100%
|----|----|----|----|----|----|----|----|----|----|
***************************************************

mode |   affinity | dist from best mode
     | (kcal/mol) | rmsd l.b.| rmsd u.b.
-----+------------+----------+----------
   1        -10.9          0          0
   2       -8.837      1.008      6.658
   3       -8.647      1.056      6.342
   4       -8.426      1.218      2.613
   5       -7.056      1.353      6.647
   6       -4.206      1.377       2.01
   7       -3.488      1.742      3.026
   8        6.268      2.728      5.511
   9         9.55      3.003      4.164
