AutoDock Vina v1.2.7-20-g93cdc3d-mod
#################################################################
# If you used AutoDock Vina in your work, please cite:          #
#                                                               #
# J. Eberhardt, D. Santos-Martins, A. F. Tillack, and S. Forli  #
# AutoDock Vina 1.2.0: New Docking Methods, Expanded Force      #
# Field, and Python Bindings, J. Chem. Inf. Model. (2021)       #
# DOI 10.1021/acs.jcim.1c00203                                  #
#                                                               #
# O. Trott, A. J. Olson,                                        #
# AutoDock Vina: improving the speed and accuracy of docking    #
# with a new scoring function, efficient optimization and       #
# multithreading, J. Comp. Chem. (2010)                         #
# DOI 10.1002/jcc.21334                                         #
#                                                               #
# Please see https://github.com/ccsb-scripps/AutoDock-Vina for  #
# more information.                                             #
#################################################################

Scoring function : vina
Rigid receptor: /home/manndo/master_dev/Dockings/Benchmark/7ZXZ_K9R/_staging/receptors/pdbqt/7ZXZ_K9R_protein_meeko.pdbqt
Ligand: /home/manndo/master_dev/Dockings/Benchmark/7ZXZ_K9R/_staging/ligands/pdbqt/7ZXZ_K9R_ligand_start_conf.pdbqt
Grid center: X 46.062 Y -20.947 Z 14.488
Grid size  : X 20.6 Y 16.1 Z 23.8
Grid space : 0.375
Exhaustiveness: 32
CPU: 32
Verbosity: 1

Computing Vina grid ... done.
Performing docking (random seed: 42) ... 
0%   10   20   30   40   50   60   70   80   90   100%
|----|----|----|----|----|----|----|----|----|----|
***************************************************

mode |   affinity | dist from best mode
     | (kcal/mol) | rmsd l.b.| rmsd u.b.
-----+------------+----------+----------
   1       -9.574          0          0
   2       -9.564    0.09166      2.157
   3       -9.519      2.668      3.745
   4       -9.461      2.558      3.445
   5       -9.277      2.081        2.7
   6       -8.997      1.702      2.114
   7       -8.666      2.045      3.385
   8       -8.627      3.778      5.319
   9       -8.621      3.749      5.387
