AutoDock Vina v1.2.7-20-g93cdc3d-mod
#################################################################
# If you used AutoDock Vina in your work, please cite:          #
#                                                               #
# J. Eberhardt, D. Santos-Martins, A. F. Tillack, and S. Forli  #
# AutoDock Vina 1.2.0: New Docking Methods, Expanded Force      #
# Field, and Python Bindings, J. Chem. Inf. Model. (2021)       #
# DOI 10.1021/acs.jcim.1c00203                                  #
#                                                               #
# O. Trott, A. J. Olson,                                        #
# AutoDock Vina: improving the speed and accuracy of docking    #
# with a new scoring function, efficient optimization and       #
# multithreading, J. Comp. Chem. (2010)                         #
# DOI 10.1002/jcc.21334                                         #
#                                                               #
# Please see https://github.com/ccsb-scripps/AutoDock-Vina for  #
# more information.                                             #
#################################################################

Scoring function : vina
Rigid receptor: /home/manndo/master_dev/Dockings/Benchmark/7ZZB_KGX/_staging/receptors/pdbqt/7ZZB_KGX_protein_meeko_retry1.pdbqt
Ligand: /home/manndo/master_dev/Dockings/Benchmark/7ZZB_KGX/_staging/ligands/pdbqt/7ZZB_KGX_ligand_start_conf.pdbqt
Grid center: X 16.974 Y 8.454 Z 11.624
Grid size  : X 22.1 Y 21.2 Z 19.7
Grid space : 0.375
Exhaustiveness: 32
CPU: 32
Verbosity: 1

Computing Vina grid ... done.
Performing docking (random seed: 42) ... 
0%   10   20   30   40   50   60   70   80   90   100%
|----|----|----|----|----|----|----|----|----|----|
***************************************************

mode |   affinity | dist from best mode
     | (kcal/mol) | rmsd l.b.| rmsd u.b.
-----+------------+----------+----------
   1       -8.204          0          0
   2       -8.012      2.787      8.992
   3        -7.96      2.007      3.614
   4       -7.927      2.769      4.231
   5       -7.857      1.453      2.431
   6       -7.819      2.727      4.753
   7       -7.685      3.554      10.18
   8       -7.673      2.315      4.172
   9       -7.561      2.535      5.519
  10       -7.535      2.477      4.679
