AutoDock Vina v1.2.7-20-g93cdc3d-mod
#################################################################
# If you used AutoDock Vina in your work, please cite:          #
#                                                               #
# J. Eberhardt, D. Santos-Martins, A. F. Tillack, and S. Forli  #
# AutoDock Vina 1.2.0: New Docking Methods, Expanded Force      #
# Field, and Python Bindings, J. Chem. Inf. Model. (2021)       #
# DOI 10.1021/acs.jcim.1c00203                                  #
#                                                               #
# O. Trott, A. J. Olson,                                        #
# AutoDock Vina: improving the speed and accuracy of docking    #
# with a new scoring function, efficient optimization and       #
# multithreading, J. Comp. Chem. (2010)                         #
# DOI 10.1002/jcc.21334                                         #
#                                                               #
# Please see https://github.com/ccsb-scripps/AutoDock-Vina for  #
# more information.                                             #
#################################################################

Scoring function : vina
Rigid receptor: /home/manndo/master_dev/Dockings/Benchmark/8A1H_DLZ/_staging/receptors/pdbqt/8A1H_DLZ_protein_mgl_tools.pdbqt
Ligand: /home/manndo/master_dev/Dockings/Benchmark/8A1H_DLZ/_staging/ligands/pdbqt/8A1H_DLZ_ligand_start_conf.pdbqt
Grid center: X -67.347 Y 39.371 Z -7.239
Grid size  : X 17.6 Y 19 Z 15.2
Grid space : 0.375
Exhaustiveness: 32
CPU: 32
Verbosity: 1

Computing Vina grid ... done.
Performing docking (random seed: 42) ... 
0%   10   20   30   40   50   60   70   80   90   100%
|----|----|----|----|----|----|----|----|----|----|
***************************************************

mode |   affinity | dist from best mode
     | (kcal/mol) | rmsd l.b.| rmsd u.b.
-----+------------+----------+----------
   1       -9.952          0          0
   2       -9.347      1.894      3.855
   3       -8.966      2.539      5.515
   4       -7.665      2.052      5.093
   5       -7.436      2.582      6.484
   6       -7.189      1.904      3.646
   7       -7.171      2.467      6.306
   8       -6.833      1.569      2.707
   9       -6.735      2.555      6.069
  10       -6.344      2.391      6.477
