AutoDock Vina v1.2.7-20-g93cdc3d-mod
#################################################################
# If you used AutoDock Vina in your work, please cite:          #
#                                                               #
# J. Eberhardt, D. Santos-Martins, A. F. Tillack, and S. Forli  #
# AutoDock Vina 1.2.0: New Docking Methods, Expanded Force      #
# Field, and Python Bindings, J. Chem. Inf. Model. (2021)       #
# DOI 10.1021/acs.jcim.1c00203                                  #
#                                                               #
# O. Trott, A. J. Olson,                                        #
# AutoDock Vina: improving the speed and accuracy of docking    #
# with a new scoring function, efficient optimization and       #
# multithreading, J. Comp. Chem. (2010)                         #
# DOI 10.1002/jcc.21334                                         #
#                                                               #
# Please see https://github.com/ccsb-scripps/AutoDock-Vina for  #
# more information.                                             #
#################################################################

Scoring function : vina
Rigid receptor: /home/manndo/master_dev/Dockings/Benchmark/8AEM_LVF/_staging/receptors/pdbqt/8AEM_LVF_protein_meeko.pdbqt
Ligand: /home/manndo/master_dev/Dockings/Benchmark/8AEM_LVF/_staging/ligands/pdbqt/8AEM_LVF_ligand_start_conf.pdbqt
Grid center: X -107.616 Y -176.55 Z 311.118
Grid size  : X 15.3 Y 13.2 Z 15.8
Grid space : 0.375
Exhaustiveness: 32
CPU: 32
Verbosity: 1

Computing Vina grid ... done.
Performing docking (random seed: 42) ... 
0%   10   20   30   40   50   60   70   80   90   100%
|----|----|----|----|----|----|----|----|----|----|
***************************************************

mode |   affinity | dist from best mode
     | (kcal/mol) | rmsd l.b.| rmsd u.b.
-----+------------+----------+----------
   1        -7.73          0          0
   2       -6.652      1.228      1.375
   3       -6.535       2.67      4.222
   4       -6.319       2.69       4.42
   5       -6.285      3.061      5.062
   6       -6.188      2.886      3.641
   7       -5.997      1.867      2.759
   8       -5.602      3.111      4.518
   9       -5.189      1.642      2.928
  10       -5.084      2.669      3.701
