AutoDock Vina v1.2.7-20-g93cdc3d-mod
#################################################################
# If you used AutoDock Vina in your work, please cite:          #
#                                                               #
# J. Eberhardt, D. Santos-Martins, A. F. Tillack, and S. Forli  #
# AutoDock Vina 1.2.0: New Docking Methods, Expanded Force      #
# Field, and Python Bindings, J. Chem. Inf. Model. (2021)       #
# DOI 10.1021/acs.jcim.1c00203                                  #
#                                                               #
# O. Trott, A. J. Olson,                                        #
# AutoDock Vina: improving the speed and accuracy of docking    #
# with a new scoring function, efficient optimization and       #
# multithreading, J. Comp. Chem. (2010)                         #
# DOI 10.1002/jcc.21334                                         #
#                                                               #
# Please see https://github.com/ccsb-scripps/AutoDock-Vina for  #
# more information.                                             #
#################################################################

Scoring function : vina
Rigid receptor: /home/manndo/master_dev/Dockings/Benchmark/8AEM_LVF/_staging/receptors/pdbqt/8AEM_LVF_protein_mgl_tools.pdbqt
Ligand: /home/manndo/master_dev/Dockings/Benchmark/8AEM_LVF/_staging/ligands/pdbqt/8AEM_LVF_ligand_start_conf.pdbqt
Grid center: X -107.616 Y -176.55 Z 311.118
Grid size  : X 15.3 Y 13.2 Z 15.8
Grid space : 0.375
Exhaustiveness: 32
CPU: 32
Verbosity: 1

Computing Vina grid ... done.
Performing docking (random seed: 42) ... 
0%   10   20   30   40   50   60   70   80   90   100%
|----|----|----|----|----|----|----|----|----|----|
***************************************************

mode |   affinity | dist from best mode
     | (kcal/mol) | rmsd l.b.| rmsd u.b.
-----+------------+----------+----------
   1       -7.723          0          0
   2       -6.522      2.667       4.24
   3       -6.305      2.707      4.444
   4       -6.245      3.055       5.06
   5       -6.175      2.886      3.634
   6       -6.021      1.874      2.748
   7       -5.389      1.858      2.287
   8       -5.321      3.101      4.523
   9       -5.191      1.669      2.922
  10       -5.052      2.725       3.73
