AutoDock Vina v1.2.7-20-g93cdc3d-mod
#################################################################
# If you used AutoDock Vina in your work, please cite:          #
#                                                               #
# J. Eberhardt, D. Santos-Martins, A. F. Tillack, and S. Forli  #
# AutoDock Vina 1.2.0: New Docking Methods, Expanded Force      #
# Field, and Python Bindings, J. Chem. Inf. Model. (2021)       #
# DOI 10.1021/acs.jcim.1c00203                                  #
#                                                               #
# O. Trott, A. J. Olson,                                        #
# AutoDock Vina: improving the speed and accuracy of docking    #
# with a new scoring function, efficient optimization and       #
# multithreading, J. Comp. Chem. (2010)                         #
# DOI 10.1002/jcc.21334                                         #
#                                                               #
# Please see https://github.com/ccsb-scripps/AutoDock-Vina for  #
# more information.                                             #
#################################################################

Scoring function : vina
Rigid receptor: /home/manndo/master_dev/Dockings/Benchmark/8AEU_M0L/_staging/receptors/pdbqt/8AEU_M0L_protein_meeko.pdbqt
Ligand: /home/manndo/master_dev/Dockings/Benchmark/8AEU_M0L/_staging/ligands/pdbqt/8AEU_M0L_ligand_start_conf.pdbqt
Grid center: X 30.112 Y 5.692 Z 15.168
Grid size  : X 16.6 Y 18.6 Z 23.1
Grid space : 0.375
Exhaustiveness: 32
CPU: 32
Verbosity: 1

Computing Vina grid ... done.
Performing docking (random seed: 42) ... 
0%   10   20   30   40   50   60   70   80   90   100%
|----|----|----|----|----|----|----|----|----|----|
***************************************************

mode |   affinity | dist from best mode
     | (kcal/mol) | rmsd l.b.| rmsd u.b.
-----+------------+----------+----------
   1       -6.466          0          0
   2       -6.428       1.67        2.8
   3       -5.882      1.512      2.102
   4       -5.861      1.242      2.596
   5       -5.569      1.668      2.863
   6       -5.485      1.537      2.176
   7       -5.255      3.244      6.109
   8       -5.244      1.892      5.609
   9       -5.231       4.55       9.08
  10        -5.19      4.002      7.641
