AutoDock Vina v1.2.7-20-g93cdc3d-mod
#################################################################
# If you used AutoDock Vina in your work, please cite:          #
#                                                               #
# J. Eberhardt, D. Santos-Martins, A. F. Tillack, and S. Forli  #
# AutoDock Vina 1.2.0: New Docking Methods, Expanded Force      #
# Field, and Python Bindings, J. Chem. Inf. Model. (2021)       #
# DOI 10.1021/acs.jcim.1c00203                                  #
#                                                               #
# O. Trott, A. J. Olson,                                        #
# AutoDock Vina: improving the speed and accuracy of docking    #
# with a new scoring function, efficient optimization and       #
# multithreading, J. Comp. Chem. (2010)                         #
# DOI 10.1002/jcc.21334                                         #
#                                                               #
# Please see https://github.com/ccsb-scripps/AutoDock-Vina for  #
# more information.                                             #
#################################################################

Scoring function : vina
Rigid receptor: /home/manndo/master_dev/Dockings/Benchmark/8AIE_M7L/_staging/receptors/pdbqt/8AIE_M7L_protein_meeko_retry1.pdbqt
Ligand: /home/manndo/master_dev/Dockings/Benchmark/8AIE_M7L/_staging/ligands/pdbqt/8AIE_M7L_ligand_start_conf.pdbqt
Grid center: X 18.971 Y 3.311 Z 24.643
Grid size  : X 17.4 Y 17.5 Z 18
Grid space : 0.375
Exhaustiveness: 32
CPU: 32
Verbosity: 1

Computing Vina grid ... done.
Performing docking (random seed: 42) ... 
0%   10   20   30   40   50   60   70   80   90   100%
|----|----|----|----|----|----|----|----|----|----|
***************************************************

mode |   affinity | dist from best mode
     | (kcal/mol) | rmsd l.b.| rmsd u.b.
-----+------------+----------+----------
   1       -8.458          0          0
   2       -8.452      1.921      4.809
   3       -8.414      1.452      2.349
   4       -7.997      1.998      4.937
   5       -7.921      2.742       6.48
   6       -7.912      2.652      6.153
   7       -7.795      3.533      5.511
   8       -7.559      2.465       4.54
   9       -7.433       2.29      4.906
  10       -7.429      1.916      5.026
