AutoDock Vina v1.2.7-20-g93cdc3d-mod
#################################################################
# If you used AutoDock Vina in your work, please cite:          #
#                                                               #
# J. Eberhardt, D. Santos-Martins, A. F. Tillack, and S. Forli  #
# AutoDock Vina 1.2.0: New Docking Methods, Expanded Force      #
# Field, and Python Bindings, J. Chem. Inf. Model. (2021)       #
# DOI 10.1021/acs.jcim.1c00203                                  #
#                                                               #
# O. Trott, A. J. Olson,                                        #
# AutoDock Vina: improving the speed and accuracy of docking    #
# with a new scoring function, efficient optimization and       #
# multithreading, J. Comp. Chem. (2010)                         #
# DOI 10.1002/jcc.21334                                         #
#                                                               #
# Please see https://github.com/ccsb-scripps/AutoDock-Vina for  #
# more information.                                             #
#################################################################

Scoring function : vina
Rigid receptor: /home/manndo/master_dev/Dockings/Benchmark/8AIE_M7L/_staging/receptors/pdbqt/8AIE_M7L_protein_mgl_tools.pdbqt
Ligand: /home/manndo/master_dev/Dockings/Benchmark/8AIE_M7L/_staging/ligands/pdbqt/8AIE_M7L_ligand_start_conf.pdbqt
Grid center: X 18.971 Y 3.311 Z 24.643
Grid size  : X 17.4 Y 17.5 Z 18
Grid space : 0.375
Exhaustiveness: 32
CPU: 32
Verbosity: 1

Computing Vina grid ... done.
Performing docking (random seed: 42) ... 
0%   10   20   30   40   50   60   70   80   90   100%
|----|----|----|----|----|----|----|----|----|----|
***************************************************

mode |   affinity | dist from best mode
     | (kcal/mol) | rmsd l.b.| rmsd u.b.
-----+------------+----------+----------
   1       -8.572          0          0
   2       -8.551      1.842      5.138
   3       -8.514      1.395      2.249
   4       -8.121      2.743      6.053
   5       -8.097      2.618      6.025
   6       -7.841      3.164       4.54
   7       -7.704      2.472      4.694
   8       -7.616      2.268      5.195
   9       -7.563      2.089      5.379
  10       -7.559      1.934      5.024
