AutoDock Vina v1.2.7-20-g93cdc3d-mod
#################################################################
# If you used AutoDock Vina in your work, please cite:          #
#                                                               #
# J. Eberhardt, D. Santos-Martins, A. F. Tillack, and S. Forli  #
# AutoDock Vina 1.2.0: New Docking Methods, Expanded Force      #
# Field, and Python Bindings, J. Chem. Inf. Model. (2021)       #
# DOI 10.1021/acs.jcim.1c00203                                  #
#                                                               #
# O. Trott, A. J. Olson,                                        #
# AutoDock Vina: improving the speed and accuracy of docking    #
# with a new scoring function, efficient optimization and       #
# multithreading, J. Comp. Chem. (2010)                         #
# DOI 10.1002/jcc.21334                                         #
#                                                               #
# Please see https://github.com/ccsb-scripps/AutoDock-Vina for  #
# more information.                                             #
#################################################################

Scoring function : vina
Rigid receptor: /home/manndo/master_dev/Dockings/Benchmark/8AP0_PRP/_staging/receptors/pdbqt/8AP0_PRP_protein_meeko.pdbqt
Ligand: /home/manndo/master_dev/Dockings/Benchmark/8AP0_PRP/_staging/ligands/pdbqt/8AP0_PRP_ligand_start_conf.pdbqt
Grid center: X 9.521 Y 19.465 Z 9.117
Grid size  : X 16.2 Y 16.7 Z 17.6
Grid space : 0.375
Exhaustiveness: 32
CPU: 32
Verbosity: 1

Computing Vina grid ... done.
Performing docking (random seed: 42) ... 
0%   10   20   30   40   50   60   70   80   90   100%
|----|----|----|----|----|----|----|----|----|----|
***************************************************

mode |   affinity | dist from best mode
     | (kcal/mol) | rmsd l.b.| rmsd u.b.
-----+------------+----------+----------
   1       -7.681          0          0
   2        -7.59      2.345      7.179
   3       -7.559      3.599      7.353
   4       -7.446      1.734      7.264
   5       -7.364      3.654      6.714
   6        -7.36      2.135      6.692
   7       -7.338      1.864      7.283
   8       -7.291      1.859      7.773
   9       -7.269      2.262      7.735
  10       -7.209       1.98      6.983
