AutoDock Vina v1.2.7-20-g93cdc3d-mod
#################################################################
# If you used AutoDock Vina in your work, please cite:          #
#                                                               #
# J. Eberhardt, D. Santos-Martins, A. F. Tillack, and S. Forli  #
# AutoDock Vina 1.2.0: New Docking Methods, Expanded Force      #
# Field, and Python Bindings, J. Chem. Inf. Model. (2021)       #
# DOI 10.1021/acs.jcim.1c00203                                  #
#                                                               #
# O. Trott, A. J. Olson,                                        #
# AutoDock Vina: improving the speed and accuracy of docking    #
# with a new scoring function, efficient optimization and       #
# multithreading, J. Comp. Chem. (2010)                         #
# DOI 10.1002/jcc.21334                                         #
#                                                               #
# Please see https://github.com/ccsb-scripps/AutoDock-Vina for  #
# more information.                                             #
#################################################################

Scoring function : vina
Rigid receptor: /home/manndo/master_dev/Dockings/Benchmark/8AQL_PLG/_staging/receptors/pdbqt/8AQL_PLG_protein_meeko.pdbqt
Ligand: /home/manndo/master_dev/Dockings/Benchmark/8AQL_PLG/_staging/ligands/pdbqt/8AQL_PLG_ligand_start_conf.pdbqt
Grid center: X 2.034 Y 52.474 Z 8.234
Grid size  : X 16.7 Y 18.4 Z 17.8
Grid space : 0.375
Exhaustiveness: 32
CPU: 32
Verbosity: 1

Computing Vina grid ... done.
Performing docking (random seed: 42) ... 
0%   10   20   30   40   50   60   70   80   90   100%
|----|----|----|----|----|----|----|----|----|----|
***************************************************

mode |   affinity | dist from best mode
     | (kcal/mol) | rmsd l.b.| rmsd u.b.
-----+------------+----------+----------
   1       -7.643          0          0
   2       -7.067      2.457      5.306
   3       -6.722      3.078      6.198
   4       -6.713       1.79      4.917
   5       -6.706      2.725       5.26
   6       -6.663      1.599      4.306
   7       -6.648       5.39      7.669
   8       -6.616       2.64      5.872
   9       -6.587       6.43      8.584
  10       -6.565      6.029      9.152
