AutoDock Vina v1.2.7-20-g93cdc3d-mod
#################################################################
# If you used AutoDock Vina in your work, please cite:          #
#                                                               #
# J. Eberhardt, D. Santos-Martins, A. F. Tillack, and S. Forli  #
# AutoDock Vina 1.2.0: New Docking Methods, Expanded Force      #
# Field, and Python Bindings, J. Chem. Inf. Model. (2021)       #
# DOI 10.1021/acs.jcim.1c00203                                  #
#                                                               #
# O. Trott, A. J. Olson,                                        #
# AutoDock Vina: improving the speed and accuracy of docking    #
# with a new scoring function, efficient optimization and       #
# multithreading, J. Comp. Chem. (2010)                         #
# DOI 10.1002/jcc.21334                                         #
#                                                               #
# Please see https://github.com/ccsb-scripps/AutoDock-Vina for  #
# more information.                                             #
#################################################################

Scoring function : vina
Rigid receptor: /home/manndo/master_dev/Dockings/Benchmark/8AUH_L9I/_staging/receptors/pdbqt/8AUH_L9I_protein_mgl_tools.pdbqt
Ligand: /home/manndo/master_dev/Dockings/Benchmark/8AUH_L9I/_staging/ligands/pdbqt/8AUH_L9I_ligand_start_conf.pdbqt
Grid center: X 18.69 Y 16.516 Z -27.046
Grid size  : X 13.9 Y 15.1 Z 13.7
Grid space : 0.375
Exhaustiveness: 32
CPU: 32
Verbosity: 1

Computing Vina grid ... done.
Performing docking (random seed: 42) ... 
0%   10   20   30   40   50   60   70   80   90   100%
|----|----|----|----|----|----|----|----|----|----|
***************************************************

mode |   affinity | dist from best mode
     | (kcal/mol) | rmsd l.b.| rmsd u.b.
-----+------------+----------+----------
   1        -5.22          0          0
   2       -4.975      2.385      3.107
   3       -4.864      1.979      2.674
   4       -4.856      1.902      2.896
   5       -4.784       1.83      2.414
   6       -4.728      2.111      2.824
   7       -4.648      1.979      3.322
   8       -4.543      2.294       3.37
   9       -4.496      2.086      3.291
  10        -4.45       2.52      3.504
