AutoDock Vina v1.2.7-20-g93cdc3d-mod
#################################################################
# If you used AutoDock Vina in your work, please cite:          #
#                                                               #
# J. Eberhardt, D. Santos-Martins, A. F. Tillack, and S. Forli  #
# AutoDock Vina 1.2.0: New Docking Methods, Expanded Force      #
# Field, and Python Bindings, J. Chem. Inf. Model. (2021)       #
# DOI 10.1021/acs.jcim.1c00203                                  #
#                                                               #
# O. Trott, A. J. Olson,                                        #
# AutoDock Vina: improving the speed and accuracy of docking    #
# with a new scoring function, efficient optimization and       #
# multithreading, J. Comp. Chem. (2010)                         #
# DOI 10.1002/jcc.21334                                         #
#                                                               #
# Please see https://github.com/ccsb-scripps/AutoDock-Vina for  #
# more information.                                             #
#################################################################

Scoring function : vina
Rigid receptor: /home/manndo/master_dev/Dockings/Benchmark/8BOM_QU6/_staging/receptors/pdbqt/8BOM_QU6_protein_mgl_tools.pdbqt
Ligand: /home/manndo/master_dev/Dockings/Benchmark/8BOM_QU6/_staging/ligands/pdbqt/8BOM_QU6_ligand_start_conf.pdbqt
Grid center: X -82.859 Y -18.193 Z 86.88
Grid size  : X 22.6 Y 19.5 Z 20.2
Grid space : 0.375
Exhaustiveness: 32
CPU: 32
Verbosity: 1

Computing Vina grid ... done.
Performing docking (random seed: 42) ... 
0%   10   20   30   40   50   60   70   80   90   100%
|----|----|----|----|----|----|----|----|----|----|
***************************************************

mode |   affinity | dist from best mode
     | (kcal/mol) | rmsd l.b.| rmsd u.b.
-----+------------+----------+----------
   1       -13.19          0          0
   2       -12.35       1.12      3.667
   3       -11.89      1.033       3.89
   4       -11.34       2.87      6.246
   5       -10.92      1.759      3.904
   6       -10.69      3.492      6.353
   7        -10.5       3.15      6.886
   8       -10.48      2.892      6.661
   9       -10.31      3.045       6.43
  10        -10.2      4.929      8.503
