AutoDock Vina v1.2.7-20-g93cdc3d-mod
#################################################################
# If you used AutoDock Vina in your work, please cite:          #
#                                                               #
# J. Eberhardt, D. Santos-Martins, A. F. Tillack, and S. Forli  #
# AutoDock Vina 1.2.0: New Docking Methods, Expanded Force      #
# Field, and Python Bindings, J. Chem. Inf. Model. (2021)       #
# DOI 10.1021/acs.jcim.1c00203                                  #
#                                                               #
# O. Trott, A. J. Olson,                                        #
# AutoDock Vina: improving the speed and accuracy of docking    #
# with a new scoring function, efficient optimization and       #
# multithreading, J. Comp. Chem. (2010)                         #
# DOI 10.1002/jcc.21334                                         #
#                                                               #
# Please see https://github.com/ccsb-scripps/AutoDock-Vina for  #
# more information.                                             #
#################################################################

Scoring function : vina
Rigid receptor: /home/manndo/master_dev/Dockings/Benchmark/8BOM_QU6/_staging/receptors/pdbqt/8BOM_QU6_protein_meeko.pdbqt
Ligand: /home/manndo/master_dev/Dockings/Benchmark/8BOM_QU6/_staging/ligands/pdbqt/8BOM_QU6_ligand_start_conf.pdbqt
Grid center: X -82.859 Y -18.193 Z 86.88
Grid size  : X 22.6 Y 19.5 Z 20.2
Grid space : 0.375
Exhaustiveness: 32
CPU: 32
Verbosity: 1

Computing Vina grid ... done.
Performing docking (random seed: 42) ... 
0%   10   20   30   40   50   60   70   80   90   100%
|----|----|----|----|----|----|----|----|----|----|
***************************************************

mode |   affinity | dist from best mode
     | (kcal/mol) | rmsd l.b.| rmsd u.b.
-----+------------+----------+----------
   1       -13.19          0          0
   2       -12.09      1.088      3.672
   3       -11.79      1.478      4.029
   4       -11.57      1.425      4.245
   5        -11.4      2.866      6.257
   6       -10.74      3.422      6.321
   7       -10.61      3.227      6.897
   8       -10.48      2.893      6.668
   9        -10.3      4.987      8.517
  10       -10.11      4.681      8.698
