AutoDock Vina v1.2.7-20-g93cdc3d-mod
#################################################################
# If you used AutoDock Vina in your work, please cite:          #
#                                                               #
# J. Eberhardt, D. Santos-Martins, A. F. Tillack, and S. Forli  #
# AutoDock Vina 1.2.0: New Docking Methods, Expanded Force      #
# Field, and Python Bindings, J. Chem. Inf. Model. (2021)       #
# DOI 10.1021/acs.jcim.1c00203                                  #
#                                                               #
# O. Trott, A. J. Olson,                                        #
# AutoDock Vina: improving the speed and accuracy of docking    #
# with a new scoring function, efficient optimization and       #
# multithreading, J. Comp. Chem. (2010)                         #
# DOI 10.1002/jcc.21334                                         #
#                                                               #
# Please see https://github.com/ccsb-scripps/AutoDock-Vina for  #
# more information.                                             #
#################################################################

Scoring function : vina
Rigid receptor: /home/manndo/master_dev/Dockings/Benchmark/8BRO_R7E/_staging/receptors/pdbqt/8BRO_R7E_protein_meeko_retry1.pdbqt
Ligand: /home/manndo/master_dev/Dockings/Benchmark/8BRO_R7E/_staging/ligands/pdbqt/8BRO_R7E_ligand_start_conf.pdbqt
Grid center: X 29.656 Y 1.06 Z 12.954
Grid size  : X 17.2 Y 16.6 Z 21.7
Grid space : 0.375
Exhaustiveness: 32
CPU: 32
Verbosity: 1

Computing Vina grid ... done.
Performing docking (random seed: 42) ... 
0%   10   20   30   40   50   60   70   80   90   100%
|----|----|----|----|----|----|----|----|----|----|
***************************************************

mode |   affinity | dist from best mode
     | (kcal/mol) | rmsd l.b.| rmsd u.b.
-----+------------+----------+----------
   1       -5.095          0          0
   2       -5.028      3.454      5.155
   3       -4.916      4.426      7.597
   4       -4.914      1.711      2.242
   5       -4.908       3.44      8.874
   6       -4.887      2.509      4.157
   7       -4.885      3.551      5.186
   8       -4.872      3.246       4.84
   9       -4.814      1.805      2.622
  10       -4.784      2.647       3.68
