AutoDock Vina v1.2.7-20-g93cdc3d-mod
#################################################################
# If you used AutoDock Vina in your work, please cite:          #
#                                                               #
# J. Eberhardt, D. Santos-Martins, A. F. Tillack, and S. Forli  #
# AutoDock Vina 1.2.0: New Docking Methods, Expanded Force      #
# Field, and Python Bindings, J. Chem. Inf. Model. (2021)       #
# DOI 10.1021/acs.jcim.1c00203                                  #
#                                                               #
# O. Trott, A. J. Olson,                                        #
# AutoDock Vina: improving the speed and accuracy of docking    #
# with a new scoring function, efficient optimization and       #
# multithreading, J. Comp. Chem. (2010)                         #
# DOI 10.1002/jcc.21334                                         #
#                                                               #
# Please see https://github.com/ccsb-scripps/AutoDock-Vina for  #
# more information.                                             #
#################################################################

Scoring function : vina
Rigid receptor: /home/manndo/master_dev/Dockings/Benchmark/8C5M_MTA/_staging/receptors/pdbqt/8C5M_MTA_protein_meeko.pdbqt
Ligand: /home/manndo/master_dev/Dockings/Benchmark/8C5M_MTA/_staging/ligands/pdbqt/8C5M_MTA_ligand_start_conf.pdbqt
Grid center: X 82.316 Y -13.973 Z 3.151
Grid size  : X 17.8 Y 17.8 Z 13.7
Grid space : 0.375
Exhaustiveness: 32
CPU: 32
Verbosity: 1

Computing Vina grid ... done.
Performing docking (random seed: 42) ... 
0%   10   20   30   40   50   60   70   80   90   100%
|----|----|----|----|----|----|----|----|----|----|
***************************************************

mode |   affinity | dist from best mode
     | (kcal/mol) | rmsd l.b.| rmsd u.b.
-----+------------+----------+----------
   1       -6.527          0          0
   2       -6.402      2.026      3.114
   3       -6.207      2.943      4.331
   4       -6.129      4.692      7.686
   5       -6.068      3.479      6.378
   6       -6.056      3.475      6.211
   7       -5.977      4.505      6.889
   8       -5.858      2.792      4.471
   9       -5.841      2.276      3.278
  10        8.012      6.169       8.55
