AutoDock Vina v1.2.7-20-g93cdc3d-mod
#################################################################
# If you used AutoDock Vina in your work, please cite:          #
#                                                               #
# J. Eberhardt, D. Santos-Martins, A. F. Tillack, and S. Forli  #
# AutoDock Vina 1.2.0: New Docking Methods, Expanded Force      #
# Field, and Python Bindings, J. Chem. Inf. Model. (2021)       #
# DOI 10.1021/acs.jcim.1c00203                                  #
#                                                               #
# O. Trott, A. J. Olson,                                        #
# AutoDock Vina: improving the speed and accuracy of docking    #
# with a new scoring function, efficient optimization and       #
# multithreading, J. Comp. Chem. (2010)                         #
# DOI 10.1002/jcc.21334                                         #
#                                                               #
# Please see https://github.com/ccsb-scripps/AutoDock-Vina for  #
# more information.                                             #
#################################################################

Scoring function : vina
Rigid receptor: /home/manndo/master_dev/Dockings/Benchmark/8D19_GSH/_staging/receptors/pdbqt/8D19_GSH_protein_meeko.pdbqt
Ligand: /home/manndo/master_dev/Dockings/Benchmark/8D19_GSH/_staging/ligands/pdbqt/8D19_GSH_ligand_start_conf.pdbqt
Grid center: X 25.35 Y 31.325 Z 30.661
Grid size  : X 19.1 Y 18.1 Z 15.1
Grid space : 0.375
Exhaustiveness: 32
CPU: 32
Verbosity: 1

Computing Vina grid ... done.
Performing docking (random seed: 42) ... 
0%   10   20   30   40   50   60   70   80   90   100%
|----|----|----|----|----|----|----|----|----|----|
***************************************************

mode |   affinity | dist from best mode
     | (kcal/mol) | rmsd l.b.| rmsd u.b.
-----+------------+----------+----------
   1       -4.937          0          0
   2       -4.573      2.292      4.375
   3       -4.537      1.791       2.18
   4       -4.479      2.328      4.863
   5       -4.444      2.644      5.334
   6       -4.407      2.271      4.686
   7       -4.394      2.854      6.129
   8       -4.371      3.028      5.813
   9       -4.341      2.113      2.711
