AutoDock Vina v1.2.7-20-g93cdc3d-mod
#################################################################
# If you used AutoDock Vina in your work, please cite:          #
#                                                               #
# J. Eberhardt, D. Santos-Martins, A. F. Tillack, and S. Forli  #
# AutoDock Vina 1.2.0: New Docking Methods, Expanded Force      #
# Field, and Python Bindings, J. Chem. Inf. Model. (2021)       #
# DOI 10.1021/acs.jcim.1c00203                                  #
#                                                               #
# O. Trott, A. J. Olson,                                        #
# AutoDock Vina: improving the speed and accuracy of docking    #
# with a new scoring function, efficient optimization and       #
# multithreading, J. Comp. Chem. (2010)                         #
# DOI 10.1002/jcc.21334                                         #
#                                                               #
# Please see https://github.com/ccsb-scripps/AutoDock-Vina for  #
# more information.                                             #
#################################################################

Scoring function : vina
Rigid receptor: /home/manndo/master_dev/Dockings/Benchmark/8DHG_T78/_staging/receptors/pdbqt/8DHG_T78_protein_meeko.pdbqt
Ligand: /home/manndo/master_dev/Dockings/Benchmark/8DHG_T78/_staging/ligands/pdbqt/8DHG_T78_ligand_start_conf.pdbqt
Grid center: X 27.053 Y -23.684 Z 23.178
Grid size  : X 24.4 Y 16.3 Z 16.4
Grid space : 0.375
Exhaustiveness: 32
CPU: 32
Verbosity: 1

Computing Vina grid ... done.
Performing docking (random seed: 42) ... 
0%   10   20   30   40   50   60   70   80   90   100%
|----|----|----|----|----|----|----|----|----|----|
***************************************************

mode |   affinity | dist from best mode
     | (kcal/mol) | rmsd l.b.| rmsd u.b.
-----+------------+----------+----------
   1       -11.95          0          0
   2       -11.87      1.072      1.648
   3       -8.796      1.438      2.085
   4       -8.028      2.611       4.36
   5       -8.022      3.918      9.837
   6       -7.975      2.638      3.993
   7       -7.958      2.444      4.138
   8       -7.823      3.811      9.833
   9       -7.715      4.047      10.28
  10         -7.7      4.399      10.73
