AutoDock Vina v1.2.7-20-g93cdc3d-mod
#################################################################
# If you used AutoDock Vina in your work, please cite:          #
#                                                               #
# J. Eberhardt, D. Santos-Martins, A. F. Tillack, and S. Forli  #
# AutoDock Vina 1.2.0: New Docking Methods, Expanded Force      #
# Field, and Python Bindings, J. Chem. Inf. Model. (2021)       #
# DOI 10.1021/acs.jcim.1c00203                                  #
#                                                               #
# O. Trott, A. J. Olson,                                        #
# AutoDock Vina: improving the speed and accuracy of docking    #
# with a new scoring function, efficient optimization and       #
# multithreading, J. Comp. Chem. (2010)                         #
# DOI 10.1002/jcc.21334                                         #
#                                                               #
# Please see https://github.com/ccsb-scripps/AutoDock-Vina for  #
# more information.                                             #
#################################################################

Scoring function : vina
Rigid receptor: /home/manndo/master_dev/Dockings/Benchmark/8DP2_UMA/_staging/receptors/pdbqt/8DP2_UMA_protein_mgl_tools.pdbqt
Ligand: /home/manndo/master_dev/Dockings/Benchmark/8DP2_UMA/_staging/ligands/pdbqt/8DP2_UMA_ligand_start_conf.pdbqt
Grid center: X 60.243 Y -1.413 Z 0.849
Grid size  : X 24.5 Y 20.5 Z 20.8
Grid space : 0.375
Exhaustiveness: 32
CPU: 32
Verbosity: 1

Computing Vina grid ... done.
Performing docking (random seed: 42) ... 
0%   10   20   30   40   50   60   70   80   90   100%
|----|----|----|----|----|----|----|----|----|----|
***************************************************

mode |   affinity | dist from best mode
     | (kcal/mol) | rmsd l.b.| rmsd u.b.
-----+------------+----------+----------
   1       -8.694          0          0
   2       -8.641      2.404      4.216
   3        -8.62      2.388      5.031
   4       -8.525      3.235      6.689
   5       -8.433      2.417      4.649
   6       -8.411      3.859      10.57
   7       -8.391      2.455      5.277
   8       -8.307       2.43      9.001
   9       -8.267      2.176      3.333
  10       -8.248       1.89      3.858
