AutoDock Vina v1.2.7-20-g93cdc3d-mod
#################################################################
# If you used AutoDock Vina in your work, please cite:          #
#                                                               #
# J. Eberhardt, D. Santos-Martins, A. F. Tillack, and S. Forli  #
# AutoDock Vina 1.2.0: New Docking Methods, Expanded Force      #
# Field, and Python Bindings, J. Chem. Inf. Model. (2021)       #
# DOI 10.1021/acs.jcim.1c00203                                  #
#                                                               #
# O. Trott, A. J. Olson,                                        #
# AutoDock Vina: improving the speed and accuracy of docking    #
# with a new scoring function, efficient optimization and       #
# multithreading, J. Comp. Chem. (2010)                         #
# DOI 10.1002/jcc.21334                                         #
#                                                               #
# Please see https://github.com/ccsb-scripps/AutoDock-Vina for  #
# more information.                                             #
#################################################################

Scoring function : vina
Rigid receptor: /home/manndo/master_dev/Dockings/Benchmark/8DSC_NCA/_staging/receptors/pdbqt/8DSC_NCA_protein_meeko_retry1.pdbqt
Ligand: /home/manndo/master_dev/Dockings/Benchmark/8DSC_NCA/_staging/ligands/pdbqt/8DSC_NCA_ligand_start_conf.pdbqt
Grid center: X 14.979 Y 9.35 Z 6.107
Grid size  : X 12.7 Y 11.3 Z 14.9
Grid space : 0.375
Exhaustiveness: 32
CPU: 32
Verbosity: 1

Computing Vina grid ... done.
Performing docking (random seed: 42) ... 
0%   10   20   30   40   50   60   70   80   90   100%
|----|----|----|----|----|----|----|----|----|----|
***************************************************

mode |   affinity | dist from best mode
     | (kcal/mol) | rmsd l.b.| rmsd u.b.
-----+------------+----------+----------
   1       -6.671          0          0
   2       -6.443     0.9353      1.603
   3       -6.382      2.412      3.617
   4       -6.313      2.574      3.509
   5       -6.097      2.517      4.065
   6        -5.83      2.209      2.764
   7       -5.716      3.942      4.883
   8       -5.562      2.304      3.039
   9       -5.528      3.114      4.703
  10       -5.205      3.198       5.54
