AutoDock Vina v1.2.7-20-g93cdc3d-mod
#################################################################
# If you used AutoDock Vina in your work, please cite:          #
#                                                               #
# J. Eberhardt, D. Santos-Martins, A. F. Tillack, and S. Forli  #
# AutoDock Vina 1.2.0: New Docking Methods, Expanded Force      #
# Field, and Python Bindings, J. Chem. Inf. Model. (2021)       #
# DOI 10.1021/acs.jcim.1c00203                                  #
#                                                               #
# O. Trott, A. J. Olson,                                        #
# AutoDock Vina: improving the speed and accuracy of docking    #
# with a new scoring function, efficient optimization and       #
# multithreading, J. Comp. Chem. (2010)                         #
# DOI 10.1002/jcc.21334                                         #
#                                                               #
# Please see https://github.com/ccsb-scripps/AutoDock-Vina for  #
# more information.                                             #
#################################################################

Scoring function : vina
Rigid receptor: /home/manndo/master_dev/Dockings/Benchmark/8DSC_NCA/_staging/receptors/pdbqt/8DSC_NCA_protein_mgl_tools.pdbqt
Ligand: /home/manndo/master_dev/Dockings/Benchmark/8DSC_NCA/_staging/ligands/pdbqt/8DSC_NCA_ligand_start_conf.pdbqt
Grid center: X 14.979 Y 9.35 Z 6.107
Grid size  : X 12.7 Y 11.3 Z 14.9
Grid space : 0.375
Exhaustiveness: 32
CPU: 32
Verbosity: 1

Computing Vina grid ... done.
Performing docking (random seed: 42) ... 
0%   10   20   30   40   50   60   70   80   90   100%
|----|----|----|----|----|----|----|----|----|----|
***************************************************

mode |   affinity | dist from best mode
     | (kcal/mol) | rmsd l.b.| rmsd u.b.
-----+------------+----------+----------
   1       -6.685          0          0
   2       -6.442     0.9291      1.602
   3       -6.392      2.445      3.638
   4       -6.289      2.582      3.565
   5       -6.121      2.477      4.018
   6        -5.83      2.205      2.761
   7       -5.704      3.898      4.842
   8       -5.567      2.289      3.022
   9       -5.248      3.079      4.385
  10       -5.204      3.187      5.523
