AutoDock Vina v1.2.7-20-g93cdc3d-mod
#################################################################
# If you used AutoDock Vina in your work, please cite:          #
#                                                               #
# J. Eberhardt, D. Santos-Martins, A. F. Tillack, and S. Forli  #
# AutoDock Vina 1.2.0: New Docking Methods, Expanded Force      #
# Field, and Python Bindings, J. Chem. Inf. Model. (2021)       #
# DOI 10.1021/acs.jcim.1c00203                                  #
#                                                               #
# O. Trott, A. J. Olson,                                        #
# AutoDock Vina: improving the speed and accuracy of docking    #
# with a new scoring function, efficient optimization and       #
# multithreading, J. Comp. Chem. (2010)                         #
# DOI 10.1002/jcc.21334                                         #
#                                                               #
# Please see https://github.com/ccsb-scripps/AutoDock-Vina for  #
# more information.                                             #
#################################################################

Scoring function : vina
Rigid receptor: /home/manndo/master_dev/Dockings/Benchmark/8DW5_FQ7/_staging/receptors/pdbqt/8DW5_FQ7_protein_meeko_retry1.pdbqt
Ligand: /home/manndo/master_dev/Dockings/Benchmark/8DW5_FQ7/_staging/ligands/pdbqt/8DW5_FQ7_ligand_start_conf.pdbqt
Grid center: X 21.368 Y 9.942 Z -0.132
Grid size  : X 13.9 Y 18.9 Z 15.3
Grid space : 0.375
Exhaustiveness: 32
CPU: 32
Verbosity: 1

Computing Vina grid ... done.
Performing docking (random seed: 42) ... 
0%   10   20   30   40   50   60   70   80   90   100%
|----|----|----|----|----|----|----|----|----|----|
***************************************************

mode |   affinity | dist from best mode
     | (kcal/mol) | rmsd l.b.| rmsd u.b.
-----+------------+----------+----------
   1       -5.155          0          0
   2       -5.083     0.3079       2.17
   3       -5.036      1.442      1.809
   4       -5.026       1.39        2.6
   5       -4.952      1.639       3.01
   6       -4.943      1.772      2.259
   7       -4.845      1.747      2.394
   8        -4.83      1.763      2.676
   9       -4.552      2.007      3.409
  10       -4.543      2.037      2.665
