AutoDock Vina v1.2.7-20-g93cdc3d-mod
#################################################################
# If you used AutoDock Vina in your work, please cite:          #
#                                                               #
# J. Eberhardt, D. Santos-Martins, A. F. Tillack, and S. Forli  #
# AutoDock Vina 1.2.0: New Docking Methods, Expanded Force      #
# Field, and Python Bindings, J. Chem. Inf. Model. (2021)       #
# DOI 10.1021/acs.jcim.1c00203                                  #
#                                                               #
# O. Trott, A. J. Olson,                                        #
# AutoDock Vina: improving the speed and accuracy of docking    #
# with a new scoring function, efficient optimization and       #
# multithreading, J. Comp. Chem. (2010)                         #
# DOI 10.1002/jcc.21334                                         #
#                                                               #
# Please see https://github.com/ccsb-scripps/AutoDock-Vina for  #
# more information.                                             #
#################################################################

Scoring function : vina
Rigid receptor: /home/manndo/master_dev/Dockings/Benchmark/8DZT_G4P/_staging/receptors/pdbqt/8DZT_G4P_protein_meeko.pdbqt
Ligand: /home/manndo/master_dev/Dockings/Benchmark/8DZT_G4P/_staging/ligands/pdbqt/8DZT_G4P_ligand_start_conf.pdbqt
Grid center: X 27.306 Y -11.317 Z -12.211
Grid size  : X 19 Y 20.6 Z 20.8
Grid space : 0.375
Exhaustiveness: 32
CPU: 32
Verbosity: 1

Computing Vina grid ... done.
Performing docking (random seed: 42) ... 
0%   10   20   30   40   50   60   70   80   90   100%
|----|----|----|----|----|----|----|----|----|----|
***************************************************

mode |   affinity | dist from best mode
     | (kcal/mol) | rmsd l.b.| rmsd u.b.
-----+------------+----------+----------
   1       -8.178          0          0
   2       -8.035      1.032      1.724
   3       -8.029     0.7716      2.153
   4       -7.178      1.134      2.703
   5       -6.867      2.208      4.992
   6       -6.843      2.726      5.187
   7       -6.741       1.58      4.617
   8       -6.711      2.148      5.299
   9       -6.609      1.882      2.961
