AutoDock Vina v1.2.7-20-g93cdc3d-mod
#################################################################
# If you used AutoDock Vina in your work, please cite:          #
#                                                               #
# J. Eberhardt, D. Santos-Martins, A. F. Tillack, and S. Forli  #
# AutoDock Vina 1.2.0: New Docking Methods, Expanded Force      #
# Field, and Python Bindings, J. Chem. Inf. Model. (2021)       #
# DOI 10.1021/acs.jcim.1c00203                                  #
#                                                               #
# O. Trott, A. J. Olson,                                        #
# AutoDock Vina: improving the speed and accuracy of docking    #
# with a new scoring function, efficient optimization and       #
# multithreading, J. Comp. Chem. (2010)                         #
# DOI 10.1002/jcc.21334                                         #
#                                                               #
# Please see https://github.com/ccsb-scripps/AutoDock-Vina for  #
# more information.                                             #
#################################################################

Scoring function : vina
Rigid receptor: /home/manndo/master_dev/Dockings/Benchmark/8F4J_PHO/_staging/receptors/pdbqt/8F4J_PHO_protein_meeko_retry1.pdbqt
Ligand: /home/manndo/master_dev/Dockings/Benchmark/8F4J_PHO/_staging/ligands/pdbqt/8F4J_PHO_ligand_start_conf.pdbqt
Grid center: X -57.828 Y 61.954 Z 350.669
Grid size  : X 20.3 Y 22.6 Z 29.1
Grid space : 0.375
Exhaustiveness: 32
CPU: 32
Verbosity: 1

Computing Vina grid ... done.
Performing docking (random seed: 42) ... 
0%   10   20   30   40   50   60   70   80   90   100%
|----|----|----|----|----|----|----|----|----|----|
***************************************************

mode |   affinity | dist from best mode
     | (kcal/mol) | rmsd l.b.| rmsd u.b.
-----+------------+----------+----------
   1       -9.088          0          0
   2       -8.967      3.031      9.255
   3       -8.834      3.919      8.171
   4       -8.819      5.203      11.08
   5       -8.649       3.48      9.533
   6       -8.613      3.993      10.03
   7       -8.518      6.344      9.352
   8       -8.488      2.982      8.956
   9       -8.468      5.334      10.27
  10       -8.396      5.782       11.6
