AutoDock Vina v1.2.7-20-g93cdc3d-mod
#################################################################
# If you used AutoDock Vina in your work, please cite:          #
#                                                               #
# J. Eberhardt, D. Santos-Martins, A. F. Tillack, and S. Forli  #
# AutoDock Vina 1.2.0: New Docking Methods, Expanded Force      #
# Field, and Python Bindings, J. Chem. Inf. Model. (2021)       #
# DOI 10.1021/acs.jcim.1c00203                                  #
#                                                               #
# O. Trott, A. J. Olson,                                        #
# AutoDock Vina: improving the speed and accuracy of docking    #
# with a new scoring function, efficient optimization and       #
# multithreading, J. Comp. Chem. (2010)                         #
# DOI 10.1002/jcc.21334                                         #
#                                                               #
# Please see https://github.com/ccsb-scripps/AutoDock-Vina for  #
# more information.                                             #
#################################################################

Scoring function : vina
Rigid receptor: /home/manndo/master_dev/Dockings/Benchmark/8F8E_XJI/_staging/receptors/pdbqt/8F8E_XJI_protein_meeko_retry1.pdbqt
Ligand: /home/manndo/master_dev/Dockings/Benchmark/8F8E_XJI/_staging/ligands/pdbqt/8F8E_XJI_ligand_start_conf.pdbqt
Grid center: X -21.788 Y -21.774 Z -0.338
Grid size  : X 18.4 Y 19.9 Z 18
Grid space : 0.375
Exhaustiveness: 32
CPU: 32
Verbosity: 1

Computing Vina grid ... done.
Performing docking (random seed: 42) ... 
0%   10   20   30   40   50   60   70   80   90   100%
|----|----|----|----|----|----|----|----|----|----|
***************************************************

mode |   affinity | dist from best mode
     | (kcal/mol) | rmsd l.b.| rmsd u.b.
-----+------------+----------+----------
   1       -11.25          0          0
   2       -10.89      1.011      1.341
   3       -9.798       3.43       6.28
   4       -8.949      4.138      7.251
   5       -8.898      3.668      7.239
   6       -8.523      8.748      10.41
   7       -8.476      5.988      8.734
   8       -8.469       4.43      7.845
   9       -8.435      4.814      7.711
  10       -8.307      6.064      8.757
