AutoDock Vina v1.2.7-20-g93cdc3d-mod
#################################################################
# If you used AutoDock Vina in your work, please cite:          #
#                                                               #
# J. Eberhardt, D. Santos-Martins, A. F. Tillack, and S. Forli  #
# AutoDock Vina 1.2.0: New Docking Methods, Expanded Force      #
# Field, and Python Bindings, J. Chem. Inf. Model. (2021)       #
# DOI 10.1021/acs.jcim.1c00203                                  #
#                                                               #
# O. Trott, A. J. Olson,                                        #
# AutoDock Vina: improving the speed and accuracy of docking    #
# with a new scoring function, efficient optimization and       #
# multithreading, J. Comp. Chem. (2010)                         #
# DOI 10.1002/jcc.21334                                         #
#                                                               #
# Please see https://github.com/ccsb-scripps/AutoDock-Vina for  #
# more information.                                             #
#################################################################

Scoring function : vina
Rigid receptor: /home/manndo/master_dev/Dockings/Benchmark/8FAV_4Y5/_staging/receptors/pdbqt/8FAV_4Y5_protein_mgl_tools.pdbqt
Ligand: /home/manndo/master_dev/Dockings/Benchmark/8FAV_4Y5/_staging/ligands/pdbqt/8FAV_4Y5_ligand_start_conf.pdbqt
Grid center: X 1.143 Y 11.595 Z -6.128
Grid size  : X 18.3 Y 18.5 Z 20
Grid space : 0.375
Exhaustiveness: 32
CPU: 32
Verbosity: 1

Computing Vina grid ... done.
Performing docking (random seed: 42) ... 
0%   10   20   30   40   50   60   70   80   90   100%
|----|----|----|----|----|----|----|----|----|----|
***************************************************

mode |   affinity | dist from best mode
     | (kcal/mol) | rmsd l.b.| rmsd u.b.
-----+------------+----------+----------
   1       -15.55          0          0
   2       -15.01      2.025      2.427
   3       -7.141      3.107      7.028
   4       -6.847      2.754      6.663
   5       -6.802      3.018      7.371
   6       -6.017      2.972      7.497
   7       -5.484      2.951      7.375
   8       -4.549       2.64      7.028
   9       -2.912      2.676      3.641
  10       -2.725      2.686      7.718
