AutoDock Vina v1.2.7-20-g93cdc3d-mod
#################################################################
# If you used AutoDock Vina in your work, please cite:          #
#                                                               #
# J. Eberhardt, D. Santos-Martins, A. F. Tillack, and S. Forli  #
# AutoDock Vina 1.2.0: New Docking Methods, Expanded Force      #
# Field, and Python Bindings, J. Chem. Inf. Model. (2021)       #
# DOI 10.1021/acs.jcim.1c00203                                  #
#                                                               #
# O. Trott, A. J. Olson,                                        #
# AutoDock Vina: improving the speed and accuracy of docking    #
# with a new scoring function, efficient optimization and       #
# multithreading, J. Comp. Chem. (2010)                         #
# DOI 10.1002/jcc.21334                                         #
#                                                               #
# Please see https://github.com/ccsb-scripps/AutoDock-Vina for  #
# more information.                                             #
#################################################################

Scoring function : vina
Rigid receptor: /home/manndo/master_dev/Dockings/Benchmark/8FLV_ZB9/_staging/receptors/pdbqt/8FLV_ZB9_protein_meeko_retry1.pdbqt
Ligand: /home/manndo/master_dev/Dockings/Benchmark/8FLV_ZB9/_staging/ligands/pdbqt/8FLV_ZB9_ligand_start_conf.pdbqt
Grid center: X -14.174 Y 7.288 Z -13.552
Grid size  : X 17.7 Y 15.3 Z 22.9
Grid space : 0.375
Exhaustiveness: 32
CPU: 32
Verbosity: 1

Computing Vina grid ... done.
Performing docking (random seed: 42) ... 
0%   10   20   30   40   50   60   70   80   90   100%
|----|----|----|----|----|----|----|----|----|----|
***************************************************

mode |   affinity | dist from best mode
     | (kcal/mol) | rmsd l.b.| rmsd u.b.
-----+------------+----------+----------
   1        -8.76          0          0
   2       -8.711    0.06064      1.693
   3       -8.615     0.8023      1.792
   4        -8.58      0.851      2.449
   5       -8.065      1.573      2.918
   6        -8.02      1.464      2.654
   7       -7.923      1.354      2.098
   8       -7.881      1.322       2.49
   9       -7.869      3.827      8.199
  10       -7.796      3.501      7.509
