AutoDock Vina v1.2.7-20-g93cdc3d-mod
#################################################################
# If you used AutoDock Vina in your work, please cite:          #
#                                                               #
# J. Eberhardt, D. Santos-Martins, A. F. Tillack, and S. Forli  #
# AutoDock Vina 1.2.0: New Docking Methods, Expanded Force      #
# Field, and Python Bindings, J. Chem. Inf. Model. (2021)       #
# DOI 10.1021/acs.jcim.1c00203                                  #
#                                                               #
# O. Trott, A. J. Olson,                                        #
# AutoDock Vina: improving the speed and accuracy of docking    #
# with a new scoring function, efficient optimization and       #
# multithreading, J. Comp. Chem. (2010)                         #
# DOI 10.1002/jcc.21334                                         #
#                                                               #
# Please see https://github.com/ccsb-scripps/AutoDock-Vina for  #
# more information.                                             #
#################################################################

Scoring function : vina
Rigid receptor: /home/manndo/master_dev/Dockings/Benchmark/8G0V_YHT/_staging/receptors/pdbqt/8G0V_YHT_protein_mgl_tools.pdbqt
Ligand: /home/manndo/master_dev/Dockings/Benchmark/8G0V_YHT/_staging/ligands/pdbqt/8G0V_YHT_ligand_start_conf.pdbqt
Grid center: X -13.438 Y 20.272 Z -31.486
Grid size  : X 15.2 Y 19.3 Z 17.7
Grid space : 0.375
Exhaustiveness: 32
CPU: 32
Verbosity: 1

Computing Vina grid ... done.
Performing docking (random seed: 42) ... 
0%   10   20   30   40   50   60   70   80   90   100%
|----|----|----|----|----|----|----|----|----|----|
***************************************************

mode |   affinity | dist from best mode
     | (kcal/mol) | rmsd l.b.| rmsd u.b.
-----+------------+----------+----------
   1       -9.261          0          0
   2       -9.151      4.002      6.853
   3       -8.956      4.443        8.4
   4       -8.781      4.063      6.956
   5        -8.54       4.27      8.219
   6       -8.537      4.064      7.707
   7        -8.53      4.913      8.167
   8       -8.432      4.108      7.776
   9       -8.362      2.381      3.792
  10       -8.243      4.928      8.966
