AutoDock Vina v1.2.7-20-g93cdc3d-mod
#################################################################
# If you used AutoDock Vina in your work, please cite:          #
#                                                               #
# J. Eberhardt, D. Santos-Martins, A. F. Tillack, and S. Forli  #
# AutoDock Vina 1.2.0: New Docking Methods, Expanded Force      #
# Field, and Python Bindings, J. Chem. Inf. Model. (2021)       #
# DOI 10.1021/acs.jcim.1c00203                                  #
#                                                               #
# O. Trott, A. J. Olson,                                        #
# AutoDock Vina: improving the speed and accuracy of docking    #
# with a new scoring function, efficient optimization and       #
# multithreading, J. Comp. Chem. (2010)                         #
# DOI 10.1002/jcc.21334                                         #
#                                                               #
# Please see https://github.com/ccsb-scripps/AutoDock-Vina for  #
# more information.                                             #
#################################################################

Scoring function : vina
Rigid receptor: /home/manndo/master_dev/Dockings/Benchmark/8G43_ZU6/_staging/receptors/pdbqt/8G43_ZU6_protein_mgl_tools.pdbqt
Ligand: /home/manndo/master_dev/Dockings/Benchmark/8G43_ZU6/_staging/ligands/pdbqt/8G43_ZU6_ligand_start_conf.pdbqt
Grid center: X 0.864 Y 3.788 Z 8.433
Grid size  : X 17.3 Y 14.1 Z 18.5
Grid space : 0.375
Exhaustiveness: 32
CPU: 32
Verbosity: 1

Computing Vina grid ... done.
Performing docking (random seed: 42) ... 
0%   10   20   30   40   50   60   70   80   90   100%
|----|----|----|----|----|----|----|----|----|----|
***************************************************

mode |   affinity | dist from best mode
     | (kcal/mol) | rmsd l.b.| rmsd u.b.
-----+------------+----------+----------
   1       -7.714          0          0
   2       -7.001      3.347       4.94
   3       -6.936       2.91      5.429
   4       -6.918      3.323      6.147
   5       -6.783      3.333      5.931
   6       -6.705      2.878      5.574
   7        -6.68       3.26      4.631
   8       -6.524       2.52       4.55
   9       -6.395      1.545      5.354
  10       -6.125      3.655      5.523
