AutoDock Vina v1.2.7-20-g93cdc3d-mod
#################################################################
# If you used AutoDock Vina in your work, please cite:          #
#                                                               #
# J. Eberhardt, D. Santos-Martins, A. F. Tillack, and S. Forli  #
# AutoDock Vina 1.2.0: New Docking Methods, Expanded Force      #
# Field, and Python Bindings, J. Chem. Inf. Model. (2021)       #
# DOI 10.1021/acs.jcim.1c00203                                  #
#                                                               #
# O. Trott, A. J. Olson,                                        #
# AutoDock Vina: improving the speed and accuracy of docking    #
# with a new scoring function, efficient optimization and       #
# multithreading, J. Comp. Chem. (2010)                         #
# DOI 10.1002/jcc.21334                                         #
#                                                               #
# Please see https://github.com/ccsb-scripps/AutoDock-Vina for  #
# more information.                                             #
#################################################################

Scoring function : vina
Rigid receptor: /home/manndo/master_dev/Dockings/Benchmark/8H0M_2EH/_staging/receptors/pdbqt/8H0M_2EH_protein_meeko.pdbqt
Ligand: /home/manndo/master_dev/Dockings/Benchmark/8H0M_2EH/_staging/ligands/pdbqt/8H0M_2EH_ligand_start_conf.pdbqt
Grid center: X 32.799 Y 17.023 Z 15.858
Grid size  : X 16.6 Y 13.6 Z 13
Grid space : 0.375
Exhaustiveness: 32
CPU: 32
Verbosity: 1

Computing Vina grid ... done.
Performing docking (random seed: 42) ... 
0%   10   20   30   40   50   60   70   80   90   100%
|----|----|----|----|----|----|----|----|----|----|
***************************************************

mode |   affinity | dist from best mode
     | (kcal/mol) | rmsd l.b.| rmsd u.b.
-----+------------+----------+----------
   1       -5.081          0          0
   2       -5.024       1.12      4.172
   3       -4.691      1.744      4.014
   4       -4.661      2.686      3.104
   5       -4.533      1.611       4.04
   6       -4.489      1.936      3.829
   7        -4.46      9.272      11.35
   8       -4.448      1.969      4.105
   9       -4.418      1.966      2.928
  10       -4.415      1.895      2.205
