AutoDock Vina v1.2.7-20-g93cdc3d-mod
#################################################################
# If you used AutoDock Vina in your work, please cite:          #
#                                                               #
# J. Eberhardt, D. Santos-Martins, A. F. Tillack, and S. Forli  #
# AutoDock Vina 1.2.0: New Docking Methods, Expanded Force      #
# Field, and Python Bindings, J. Chem. Inf. Model. (2021)       #
# DOI 10.1021/acs.jcim.1c00203                                  #
#                                                               #
# O. Trott, A. J. Olson,                                        #
# AutoDock Vina: improving the speed and accuracy of docking    #
# with a new scoring function, efficient optimization and       #
# multithreading, J. Comp. Chem. (2010)                         #
# DOI 10.1002/jcc.21334                                         #
#                                                               #
# Please see https://github.com/ccsb-scripps/AutoDock-Vina for  #
# more information.                                             #
#################################################################

Scoring function : vina
Rigid receptor: /home/manndo/master_dev/Dockings/Benchmark/8SLG_G5A/_staging/receptors/pdbqt/8SLG_G5A_protein_mgl_tools.pdbqt
Ligand: /home/manndo/master_dev/Dockings/Benchmark/8SLG_G5A/_staging/ligands/pdbqt/8SLG_G5A_ligand_start_conf.pdbqt
Grid center: X -40.05 Y 43.415 Z 25.198
Grid size  : X 16.5 Y 18.6 Z 20
Grid space : 0.375
Exhaustiveness: 32
CPU: 32
Verbosity: 1

Computing Vina grid ... done.
Performing docking (random seed: 42) ... 
0%   10   20   30   40   50   60   70   80   90   100%
|----|----|----|----|----|----|----|----|----|----|
***************************************************

mode |   affinity | dist from best mode
     | (kcal/mol) | rmsd l.b.| rmsd u.b.
-----+------------+----------+----------
   1       -10.82          0          0
   2        -10.1      2.056      2.822
   3       -9.966      1.411      1.596
   4       -9.883      1.698      2.022
   5       -9.738      1.566      2.281
   6       -9.353       2.52      3.231
   7       -9.196      2.496      3.682
   8       -8.805       2.31      3.278
   9       -8.783      3.714      7.885
  10       -8.775      1.612       2.52
