AutoDock Vina v1.2.7-20-g93cdc3d-mod
#################################################################
# If you used AutoDock Vina in your work, please cite:          #
#                                                               #
# J. Eberhardt, D. Santos-Martins, A. F. Tillack, and S. Forli  #
# AutoDock Vina 1.2.0: New Docking Methods, Expanded Force      #
# Field, and Python Bindings, J. Chem. Inf. Model. (2021)       #
# DOI 10.1021/acs.jcim.1c00203                                  #
#                                                               #
# O. Trott, A. J. Olson,                                        #
# AutoDock Vina: improving the speed and accuracy of docking    #
# with a new scoring function, efficient optimization and       #
# multithreading, J. Comp. Chem. (2010)                         #
# DOI 10.1002/jcc.21334                                         #
#                                                               #
# Please see https://github.com/ccsb-scripps/AutoDock-Vina for  #
# more information.                                             #
#################################################################

Scoring function : vina
Rigid receptor: /home/manndo/master_dev/Dockings/Benchmark/8SLG_G5A/_staging/receptors/pdbqt/8SLG_G5A_protein_meeko_retry1.pdbqt
Ligand: /home/manndo/master_dev/Dockings/Benchmark/8SLG_G5A/_staging/ligands/pdbqt/8SLG_G5A_ligand_start_conf.pdbqt
Grid center: X -40.05 Y 43.415 Z 25.198
Grid size  : X 16.5 Y 18.6 Z 20
Grid space : 0.375
Exhaustiveness: 32
CPU: 32
Verbosity: 1

Computing Vina grid ... done.
Performing docking (random seed: 42) ... 
0%   10   20   30   40   50   60   70   80   90   100%
|----|----|----|----|----|----|----|----|----|----|
***************************************************

mode |   affinity | dist from best mode
     | (kcal/mol) | rmsd l.b.| rmsd u.b.
-----+------------+----------+----------
   1       -10.87          0          0
   2       -10.51       1.15      1.181
   3        -10.4      1.369      1.553
   4       -10.21      1.664      2.275
   5       -9.908      1.559        1.9
   6       -9.722      1.553      2.269
   7       -9.506      1.551      2.378
   8       -9.174      2.645      3.351
   9       -8.875      1.526       2.43
  10       -8.874      2.647      8.844
