AutoDock Vina v1.2.7-20-g93cdc3d-mod
#################################################################
# If you used AutoDock Vina in your work, please cite:          #
#                                                               #
# J. Eberhardt, D. Santos-Martins, A. F. Tillack, and S. Forli  #
# AutoDock Vina 1.2.0: New Docking Methods, Expanded Force      #
# Field, and Python Bindings, J. Chem. Inf. Model. (2021)       #
# DOI 10.1021/acs.jcim.1c00203                                  #
#                                                               #
# O. Trott, A. J. Olson,                                        #
# AutoDock Vina: improving the speed and accuracy of docking    #
# with a new scoring function, efficient optimization and       #
# multithreading, J. Comp. Chem. (2010)                         #
# DOI 10.1002/jcc.21334                                         #
#                                                               #
# Please see https://github.com/ccsb-scripps/AutoDock-Vina for  #
# more information.                                             #
#################################################################

Scoring function : vina
Rigid receptor: /home/manndo/master_dev/Dockings/Orai_Benchmark/_staging/receptors/pdbqt/Orai1WT-MDSnap-Fr499.pdbqt
Ligands (batch mode): 28 molecules
Grid center: X -0.843 Y 9.695 Z -7.263
Grid size  : X 97.8 Y 96.9 Z 101.6
Grid space : 0.375
Exhaustiveness: 32
CPU: 32
Verbosity: 1

WARNING: Search space volume is greater than 27000 Angstrom^3 (See FAQ)
Computing Vina grid ... done.
Performing docking (random seed: 42) ... 
0%   10   20   30   40   50   60   70   80   90   100%
|----|----|----|----|----|----|----|----|----|----|
***************************************************

mode |   affinity | dist from best mode
     | (kcal/mol) | rmsd l.b.| rmsd u.b.
-----+------------+----------+----------
   1       -8.819          0          0
   2       -8.449      47.15      49.41
   3       -8.373      61.06       64.6
   4       -8.365      33.19      36.84
   5       -8.357      52.85      55.42
   6       -8.339       59.3      62.25
   7       -8.265      25.85      29.77
   8       -8.264      42.57      47.09
   9       -8.248      26.24      29.66
  10       -8.188       26.3       29.2
Performing docking (random seed: 42) ... 
0%   10   20   30   40   50   60   70   80   90   100%
|----|----|----|----|----|----|----|----|----|----|
***************************************************

mode |   affinity | dist from best mode
     | (kcal/mol) | rmsd l.b.| rmsd u.b.
-----+------------+----------+----------
   1       -5.427          0          0
   2       -5.147      30.17      31.15
   3       -5.017      33.62      34.73
   4       -4.911      17.77       18.5
   5       -4.743      6.238      7.075
   6       -4.718      14.35      15.63
   7       -4.608      8.063      9.387
   8       -4.581      22.35      23.52
   9       -4.578      32.33      33.67
  10       -4.561      28.89       30.4
Performing docking (random seed: 42) ... 
0%   10   20   30   40   50   60   70   80   90   100%
|----|----|----|----|----|----|----|----|----|----|
***************************************************

mode |   affinity | dist from best mode
     | (kcal/mol) | rmsd l.b.| rmsd u.b.
-----+------------+----------+----------
   1       -8.173          0          0
   2       -8.123      1.814      2.639
   3       -8.112      3.215      11.57
   4       -7.839      3.258      11.39
   5       -7.834      46.51      50.46
   6       -7.808      20.42       23.8
   7       -7.755      5.336      13.02
   8        -7.75      45.53      50.01
   9       -7.741      20.89      24.42
  10       -7.696      2.739      11.84
Performing docking (random seed: 42) ... 
0%   10   20   30   40   50   60   70   80   90   100%
|----|----|----|----|----|----|----|----|----|----|
***************************************************

mode |   affinity | dist from best mode
     | (kcal/mol) | rmsd l.b.| rmsd u.b.
-----+------------+----------+----------
   1       -6.089          0          0
   2       -5.302      15.21       16.5
   3       -5.289      19.81       20.7
   4       -5.165      32.42      33.64
   5       -5.159      14.55       15.5
   6       -5.148      41.71      42.51
   7        -5.14      39.64      40.42
   8       -5.076      35.65      36.13
   9       -5.036       35.2      36.02
  10        -5.02      21.35      22.38
Performing docking (random seed: 42) ... 
0%   10   20   30   40   50   60   70   80   90   100%
|----|----|----|----|----|----|----|----|----|----|
***************************************************

mode |   affinity | dist from best mode
     | (kcal/mol) | rmsd l.b.| rmsd u.b.
-----+------------+----------+----------
   1       -7.824          0          0
   2       -7.815     0.1192      2.149
   3       -7.544      20.37      21.84
   4       -7.532      20.32       21.7
   5       -7.396      46.81      48.98
   6       -7.256      46.47      48.36
   7       -7.255      20.82      21.98
   8       -7.249      49.47      51.67
   9       -7.239      20.45      22.33
  10       -7.206      15.44      16.75
Performing docking (random seed: 42) ... 
0%   10   20   30   40   50   60   70   80   90   100%
|----|----|----|----|----|----|----|----|----|----|
***************************************************

mode |   affinity | dist from best mode
     | (kcal/mol) | rmsd l.b.| rmsd u.b.
-----+------------+----------+----------
   1       -8.455          0          0
   2       -8.386      3.752       7.22
   3       -8.223      47.76      50.65
   4       -8.021      41.59      44.94
   5       -7.978      47.68      50.58
   6       -7.953      18.65      20.98
   7       -7.944      4.344      7.931
   8       -7.923      18.09      20.18
   9        -7.77      19.32       21.6
  10       -7.714      18.37      20.82
Performing docking (random seed: 42) ... 
0%   10   20   30   40   50   60   70   80   90   100%
|----|----|----|----|----|----|----|----|----|----|
***************************************************

mode |   affinity | dist from best mode
     | (kcal/mol) | rmsd l.b.| rmsd u.b.
-----+------------+----------+----------
   1       -8.698          0          0
   2       -8.655      46.46      53.12
   3       -8.596      46.35      50.28
   4       -8.536      46.32      51.52
   5       -8.489      4.213       10.8
   6       -8.459      50.78      57.75
   7       -8.328      47.68      51.02
   8       -8.318      47.28      51.73
   9       -8.303       47.2      53.12
  10       -8.227      47.03       52.2
Performing docking (random seed: 42) ... 
0%   10   20   30   40   50   60   70   80   90   100%
|----|----|----|----|----|----|----|----|----|----|
***************************************************

mode |   affinity | dist from best mode
     | (kcal/mol) | rmsd l.b.| rmsd u.b.
-----+------------+----------+----------
   1       -9.384          0          0
   2        -9.35      3.099       7.48
   3       -8.976      8.696      11.98
   4       -8.945      37.13      40.54
   5       -8.877      8.186      11.62
   6       -8.841      35.55      39.52
   7       -8.833      2.913      8.002
   8       -8.755      36.45       40.2
   9       -8.694      36.54      39.68
  10       -8.646      54.26      57.29
Performing docking (random seed: 42) ... 
0%   10   20   30   40   50   60   70   80   90   100%
|----|----|----|----|----|----|----|----|----|----|
***************************************************

mode |   affinity | dist from best mode
     | (kcal/mol) | rmsd l.b.| rmsd u.b.
-----+------------+----------+----------
   1       -8.777          0          0
   2       -8.616      1.517      2.473
   3       -8.584       1.94      2.648
   4       -8.532      27.28      30.66
   5       -8.532      5.772      8.982
   6       -8.417      48.67      51.56
   7       -8.359      54.33      59.92
   8       -8.212      23.72      26.84
   9       -8.177      5.837      9.026
  10       -8.137      27.15      30.41
Performing docking (random seed: 42) ... 
0%   10   20   30   40   50   60   70   80   90   100%
|----|----|----|----|----|----|----|----|----|----|
***************************************************

mode |   affinity | dist from best mode
     | (kcal/mol) | rmsd l.b.| rmsd u.b.
-----+------------+----------+----------
   1       -8.877          0          0
   2       -8.619      29.68      32.56
   3       -8.414      24.82      27.37
   4       -8.371      25.96      28.73
   5       -8.336      3.388      6.235
   6        -8.18      26.77       29.8
   7         -8.1      4.654      7.299
   8       -8.038      48.43      50.71
   9       -8.028      28.38      30.55
  10       -7.902      48.63      51.02
Performing docking (random seed: 42) ... 
0%   10   20   30   40   50   60   70   80   90   100%
|----|----|----|----|----|----|----|----|----|----|
***************************************************

mode |   affinity | dist from best mode
     | (kcal/mol) | rmsd l.b.| rmsd u.b.
-----+------------+----------+----------
   1       -9.074          0          0
   2       -9.057      44.92      46.91
   3       -9.032      9.473       11.7
   4       -8.765      49.56      51.05
   5       -8.758      40.83      43.09
   6       -8.733      39.85      43.28
   7       -8.684      53.55       54.9
   8       -8.647      49.63      50.86
   9       -8.582       42.7      45.44
  10        -8.54      8.717      11.66
Performing docking (random seed: 42) ... 
0%   10   20   30   40   50   60   70   80   90   100%
|----|----|----|----|----|----|----|----|----|----|
***************************************************

mode |   affinity | dist from best mode
     | (kcal/mol) | rmsd l.b.| rmsd u.b.
-----+------------+----------+----------
   1       -9.369          0          0
   2       -9.095      49.69      53.44
   3       -8.959      2.189      3.278
   4       -8.922      28.84      32.11
   5       -8.852       27.3      30.47
   6       -8.799      24.72      29.03
   7       -8.771      27.87      31.08
   8       -8.762      27.23      31.72
   9       -8.747         27      29.79
  10        -8.74      28.93      32.22
Performing docking (random seed: 42) ... 
0%   10   20   30   40   50   60   70   80   90   100%
|----|----|----|----|----|----|----|----|----|----|
***************************************************

mode |   affinity | dist from best mode
     | (kcal/mol) | rmsd l.b.| rmsd u.b.
-----+------------+----------+----------
   1       -10.58          0          0
   2       -10.33      1.117      2.112
   3        -10.3      7.325      11.68
   4       -10.29      41.78      43.82
   5       -10.29      41.49      43.52
   6       -10.27      7.294      11.69
   7       -10.24      4.095      7.236
   8       -10.22      44.94      48.55
   9       -10.19      44.96      48.55
  10       -10.16      7.929      11.66
Performing docking (random seed: 42) ... 
0%   10   20   30   40   50   60   70   80   90   100%
|----|----|----|----|----|----|----|----|----|----|
***************************************************

mode |   affinity | dist from best mode
     | (kcal/mol) | rmsd l.b.| rmsd u.b.
-----+------------+----------+----------
   1       -8.273          0          0
   2        -7.92      3.235      8.242
   3       -7.756      2.461      6.568
   4       -7.636      30.02      34.57
   5       -7.599      29.01      34.66
   6       -7.591      58.03      61.21
   7        -7.42      28.13      33.29
   8       -7.411      27.76      33.72
   9        -7.38      5.437      9.365
  10       -7.352      31.23      36.25
Performing docking (random seed: 42) ... 
0%   10   20   30   40   50   60   70   80   90   100%
|----|----|----|----|----|----|----|----|----|----|
***************************************************

mode |   affinity | dist from best mode
     | (kcal/mol) | rmsd l.b.| rmsd u.b.
-----+------------+----------+----------
   1        -8.62          0          0
   2       -8.335      15.53      17.93
   3       -8.227      57.83      60.75
   4       -8.169      39.57      42.74
   5       -8.102      18.58      20.44
   6       -8.081      52.29      55.27
   7       -8.019      57.25      60.12
   8        -8.01      56.03      58.46
   9       -7.969      42.66      44.81
  10        -7.96      69.75      72.75
Performing docking (random seed: 42) ... 
0%   10   20   30   40   50   60   70   80   90   100%
|----|----|----|----|----|----|----|----|----|----|
***************************************************

mode |   affinity | dist from best mode
     | (kcal/mol) | rmsd l.b.| rmsd u.b.
-----+------------+----------+----------
   1        -9.42          0          0
   2       -9.359      3.415      7.932
   3       -9.303         31       34.3
   4       -9.282      2.054      2.471
   5       -9.115      31.42      35.89
   6       -9.075      18.96      21.19
   7       -9.073      32.87       36.3
   8       -9.057       32.3      35.62
   9        -9.05      26.64      30.09
  10       -8.894      31.45      34.54
Performing docking (random seed: 42) ... 
0%   10   20   30   40   50   60   70   80   90   100%
|----|----|----|----|----|----|----|----|----|----|
***************************************************

mode |   affinity | dist from best mode
     | (kcal/mol) | rmsd l.b.| rmsd u.b.
-----+------------+----------+----------
   1          -10          0          0
   2        -9.77      1.245      2.058
   3       -9.629      25.31      26.49
   4       -9.467       49.7      51.93
   5       -9.454      31.37      33.52
   6       -9.408       65.3      67.91
   7       -9.407      6.331      11.24
   8       -9.326      49.88      52.71
   9       -9.295       25.5       26.7
  10       -9.229      55.65      60.87
Performing docking (random seed: 42) ... 
0%   10   20   30   40   50   60   70   80   90   100%
|----|----|----|----|----|----|----|----|----|----|
***************************************************

mode |   affinity | dist from best mode
     | (kcal/mol) | rmsd l.b.| rmsd u.b.
-----+------------+----------+----------
   1       -8.536          0          0
   2       -8.532      47.68      50.86
   3       -8.423      48.08      50.75
   4       -8.332      48.16      50.87
   5       -8.328      47.86      50.58
   6       -8.291      1.084      2.117
   7       -8.134      1.764      3.253
   8       -8.087      1.013      2.208
   9       -7.945      21.91      23.97
  10       -7.902      48.47       51.5
Performing docking (random seed: 42) ... 
0%   10   20   30   40   50   60   70   80   90   100%
|----|----|----|----|----|----|----|----|----|----|
***************************************************

mode |   affinity | dist from best mode
     | (kcal/mol) | rmsd l.b.| rmsd u.b.
-----+------------+----------+----------
   1       -7.308          0          0
   2       -7.207      24.22       25.9
   3       -7.138      26.26      27.97
   4       -7.095      23.38      26.03
   5       -6.988      18.57       19.6
   6       -6.843       41.6      42.98
   7       -6.778      24.82      26.14
   8       -6.668      17.94      19.62
   9       -6.622       18.8      20.38
  10       -6.579      34.57      35.81
Performing docking (random seed: 42) ... 
0%   10   20   30   40   50   60   70   80   90   100%
|----|----|----|----|----|----|----|----|----|----|
***************************************************

mode |   affinity | dist from best mode
     | (kcal/mol) | rmsd l.b.| rmsd u.b.
-----+------------+----------+----------
   1       -9.225          0          0
   2       -8.404      3.884      6.287
   3       -8.201      2.907      5.056
   4       -8.117      43.24      45.31
   5       -8.054      43.17      45.53
   6       -7.678      42.95      45.24
   7       -7.465      43.23      45.27
   8       -7.381      5.529      7.745
   9       -7.332      28.41       30.4
  10       -7.309      20.77      22.34
Performing docking (random seed: 42) ... 
0%   10   20   30   40   50   60   70   80   90   100%
|----|----|----|----|----|----|----|----|----|----|
***************************************************

mode |   affinity | dist from best mode
     | (kcal/mol) | rmsd l.b.| rmsd u.b.
-----+------------+----------+----------
   1        -8.97          0          0
   2        -8.91       2.34      2.576
   3       -8.108      19.91      22.11
   4       -8.071      43.59      45.68
   5       -8.066      44.95      46.35
   6        -7.86      52.09      55.73
   7       -7.724      42.97      44.84
   8       -7.718      15.07      16.41
   9       -7.682      4.734       6.97
  10       -7.599      2.702      4.251
Performing docking (random seed: 42) ... 
0%   10   20   30   40   50   60   70   80   90   100%
|----|----|----|----|----|----|----|----|----|----|
***************************************************

mode |   affinity | dist from best mode
     | (kcal/mol) | rmsd l.b.| rmsd u.b.
-----+------------+----------+----------
   1       -7.003          0          0
   2       -6.844      24.59      25.95
   3       -6.843      25.86      27.09
   4       -6.781      44.56      47.39
   5       -6.777      24.92      26.35
   6        -6.73      24.12      25.44
   7       -6.694      20.39      22.92
   8       -6.681      53.61      55.82
   9       -6.619      24.38      25.83
  10       -6.576      2.047      5.057
Performing docking (random seed: 42) ... 
0%   10   20   30   40   50   60   70   80   90   100%
|----|----|----|----|----|----|----|----|----|----|
***************************************************

mode |   affinity | dist from best mode
     | (kcal/mol) | rmsd l.b.| rmsd u.b.
-----+------------+----------+----------
   1       -5.545          0          0
   2       -5.448      47.17      48.32
   3       -5.381      2.237      3.561
   4        -5.38      2.282      2.416
   5       -5.372      1.677      1.954
   6       -5.359      9.984      11.06
   7       -5.321       14.2      15.83
   8       -5.298      2.701      3.983
   9       -5.262      2.243      4.144
  10       -5.245      1.747      4.865
Performing docking (random seed: 42) ... 
0%   10   20   30   40   50   60   70   80   90   100%
|----|----|----|----|----|----|----|----|----|----|
***************************************************

mode |   affinity | dist from best mode
     | (kcal/mol) | rmsd l.b.| rmsd u.b.
-----+------------+----------+----------
   1       -8.715          0          0
   2       -8.695      18.56      22.79
   3       -8.615      26.81      29.25
   4         -8.6      1.743      4.044
   5       -8.595      26.73      28.52
   6       -8.461      18.71      23.03
   7        -8.45      26.57      29.65
   8       -8.391      26.33      29.74
   9       -8.299      19.13      23.23
  10       -8.293      26.71      29.14
Performing docking (random seed: 42) ... 
0%   10   20   30   40   50   60   70   80   90   100%
|----|----|----|----|----|----|----|----|----|----|
***************************************************

mode |   affinity | dist from best mode
     | (kcal/mol) | rmsd l.b.| rmsd u.b.
-----+------------+----------+----------
   1        -5.06          0          0
   2       -5.038      1.878      2.642
   3       -5.023      2.258      3.167
   4       -4.965       2.09      4.381
   5        -4.89      2.662      4.855
   6       -4.831      1.334      3.799
   7       -4.826       3.62      5.609
   8       -4.821      2.122      4.007
   9       -4.784      42.35      43.28
  10       -4.558      23.84      25.15
Performing docking (random seed: 42) ... 
0%   10   20   30   40   50   60   70   80   90   100%
|----|----|----|----|----|----|----|----|----|----|
***************************************************

mode |   affinity | dist from best mode
     | (kcal/mol) | rmsd l.b.| rmsd u.b.
-----+------------+----------+----------
   1       -7.567          0          0
   2        -7.55       26.2      28.48
   3       -7.219      55.22      57.38
   4       -7.201      41.37       43.5
   5       -7.091      43.52      46.31
   6       -6.992      26.21      27.99
   7       -6.986      50.01      51.65
   8       -6.982      47.45      49.84
   9       -6.954      49.04      50.78
  10       -6.916      55.17       58.7
Performing docking (random seed: 42) ... 
0%   10   20   30   40   50   60   70   80   90   100%
|----|----|----|----|----|----|----|----|----|----|
***************************************************

mode |   affinity | dist from best mode
     | (kcal/mol) | rmsd l.b.| rmsd u.b.
-----+------------+----------+----------
   1       -9.095          0          0
   2       -8.997      24.94      26.88
   3       -8.684      3.884      7.685
   4       -8.475      2.528       3.78
   5        -8.43      49.87       51.8
   6       -8.384      26.67      28.14
   7       -8.203      29.26      31.55
   8       -8.045      43.85      45.32
   9       -8.038      5.359      9.197
  10       -7.915      43.39       45.1
Performing docking (random seed: 42) ... 
0%   10   20   30   40   50   60   70   80   90   100%
|----|----|----|----|----|----|----|----|----|----|
***************************************************

mode |   affinity | dist from best mode
     | (kcal/mol) | rmsd l.b.| rmsd u.b.
-----+------------+----------+----------
   1       -7.879          0          0
   2       -7.681      2.764      4.978
   3        -7.68      2.729      5.785
   4        -7.52      44.88      46.85
   5       -7.515      23.21      25.39
   6       -7.491      45.69      47.42
   7       -7.456      45.56      47.74
   8       -7.437      46.21      47.96
   9       -7.431      46.63      48.49
  10       -7.075      15.98      17.82
