AutoDock Vina v1.2.7-20-g93cdc3d-mod
#################################################################
# If you used AutoDock Vina in your work, please cite:          #
#                                                               #
# J. Eberhardt, D. Santos-Martins, A. F. Tillack, and S. Forli  #
# AutoDock Vina 1.2.0: New Docking Methods, Expanded Force      #
# Field, and Python Bindings, J. Chem. Inf. Model. (2021)       #
# DOI 10.1021/acs.jcim.1c00203                                  #
#                                                               #
# O. Trott, A. J. Olson,                                        #
# AutoDock Vina: improving the speed and accuracy of docking    #
# with a new scoring function, efficient optimization and       #
# multithreading, J. Comp. Chem. (2010)                         #
# DOI 10.1002/jcc.21334                                         #
#                                                               #
# Please see https://github.com/ccsb-scripps/AutoDock-Vina for  #
# more information.                                             #
#################################################################

Scoring function : vina
Rigid receptor: /home/manndo/master_dev/Dockings/Orai_Benchmark/_staging/receptors/pdbqt/Orai1WT-MDSnap-Fr300.pdbqt
Ligands (batch mode): 28 molecules
Grid center: X 0.16 Y 10.158 Z -5.732
Grid size  : X 97 Y 97 Z 102
Grid space : 0.375
Exhaustiveness: 32
CPU: 32
Verbosity: 1

WARNING: Search space volume is greater than 27000 Angstrom^3 (See FAQ)
Computing Vina grid ... done.
Performing docking (random seed: 42) ... 
0%   10   20   30   40   50   60   70   80   90   100%
|----|----|----|----|----|----|----|----|----|----|
***************************************************

mode |   affinity | dist from best mode
     | (kcal/mol) | rmsd l.b.| rmsd u.b.
-----+------------+----------+----------
   1       -8.824          0          0
   2       -8.766      38.45      42.66
   3        -8.43      37.96      42.17
   4        -8.36       56.9      59.42
   5       -8.028      24.21      26.65
   6        -7.92      24.76      27.21
   7       -7.841      10.32       14.8
   8       -7.751      57.61      60.17
   9       -7.728      24.24      26.12
  10       -7.653      24.54      26.49
Performing docking (random seed: 42) ... 
0%   10   20   30   40   50   60   70   80   90   100%
|----|----|----|----|----|----|----|----|----|----|
***************************************************

mode |   affinity | dist from best mode
     | (kcal/mol) | rmsd l.b.| rmsd u.b.
-----+------------+----------+----------
   1       -5.072          0          0
   2       -4.979      21.61      22.29
   3       -4.828      23.26      24.18
   4       -4.787      22.62      24.08
   5       -4.693      11.68       12.3
   6       -4.691      1.954      2.647
   7       -4.674      31.96      32.88
   8       -4.618      37.73      38.27
   9       -4.562      36.31      37.45
  10       -4.552      24.22      25.13
Performing docking (random seed: 42) ... 
0%   10   20   30   40   50   60   70   80   90   100%
|----|----|----|----|----|----|----|----|----|----|
***************************************************

mode |   affinity | dist from best mode
     | (kcal/mol) | rmsd l.b.| rmsd u.b.
-----+------------+----------+----------
   1       -9.045          0          0
   2       -8.917      1.369      2.087
   3        -8.79      18.57      22.43
   4       -8.704      2.414      4.098
   5       -8.538      15.11      19.62
   6       -8.528      14.53      18.73
   7       -8.439      16.14      18.77
   8       -8.401      46.39      51.37
   9       -8.387      2.333      4.667
  10       -8.378      15.48      20.12
Performing docking (random seed: 42) ... 
0%   10   20   30   40   50   60   70   80   90   100%
|----|----|----|----|----|----|----|----|----|----|
***************************************************

mode |   affinity | dist from best mode
     | (kcal/mol) | rmsd l.b.| rmsd u.b.
-----+------------+----------+----------
   1       -5.632          0          0
   2       -5.472      33.21      34.05
   3       -5.459      12.64      13.72
   4       -5.436      26.31      27.02
   5       -5.344      32.12      33.43
   6       -5.343      29.84       30.3
   7       -5.315      45.39      47.03
   8       -5.288      22.33      22.58
   9       -5.281      37.17      37.67
  10       -5.229      19.36      20.55
Performing docking (random seed: 42) ... 
0%   10   20   30   40   50   60   70   80   90   100%
|----|----|----|----|----|----|----|----|----|----|
***************************************************

mode |   affinity | dist from best mode
     | (kcal/mol) | rmsd l.b.| rmsd u.b.
-----+------------+----------+----------
   1       -7.816          0          0
   2       -7.811     0.2252      2.158
   3        -7.11      4.683      7.748
   4       -7.075      4.614      7.428
   5       -7.031      3.742      6.097
   6        -7.03      3.722      6.104
   7       -6.907      43.46      45.26
   8       -6.879      26.41      27.79
   9       -6.847       43.5      45.32
  10        -6.79      44.68      46.89
Performing docking (random seed: 42) ... 
0%   10   20   30   40   50   60   70   80   90   100%
|----|----|----|----|----|----|----|----|----|----|
***************************************************

mode |   affinity | dist from best mode
     | (kcal/mol) | rmsd l.b.| rmsd u.b.
-----+------------+----------+----------
   1        -8.46          0          0
   2       -8.255      2.384      3.539
   3       -8.182      1.829        2.7
   4       -8.113      1.525      4.245
   5       -8.051      2.153      3.454
   6       -7.711      48.49      51.44
   7       -7.623      22.63      25.08
   8       -7.536      1.723      2.439
   9       -7.335      42.79      45.99
  10       -7.316      42.63      45.44
Performing docking (random seed: 42) ... 
0%   10   20   30   40   50   60   70   80   90   100%
|----|----|----|----|----|----|----|----|----|----|
***************************************************

mode |   affinity | dist from best mode
     | (kcal/mol) | rmsd l.b.| rmsd u.b.
-----+------------+----------+----------
   1       -8.659          0          0
   2       -8.556      50.61      58.52
   3       -8.535      50.89      59.09
   4       -8.397      6.045      11.14
   5       -8.331      46.52      52.47
   6       -8.308      5.511      11.51
   7       -8.211      27.31      32.27
   8       -8.194       26.9      31.43
   9       -8.182      4.342      6.753
  10       -8.126      46.42      50.62
Performing docking (random seed: 42) ... 
0%   10   20   30   40   50   60   70   80   90   100%
|----|----|----|----|----|----|----|----|----|----|
***************************************************

mode |   affinity | dist from best mode
     | (kcal/mol) | rmsd l.b.| rmsd u.b.
-----+------------+----------+----------
   1       -10.21          0          0
   2       -10.04        3.6      6.361
   3       -9.991      57.74      62.21
   4       -9.867      51.97      55.13
   5       -9.789      28.27      31.14
   6       -9.786       2.95      7.554
   7       -9.701       54.2         58
   8       -9.612      27.67      30.68
   9        -9.44      51.39      54.55
  10        -9.42      3.744      5.972
Performing docking (random seed: 42) ... 
0%   10   20   30   40   50   60   70   80   90   100%
|----|----|----|----|----|----|----|----|----|----|
***************************************************

mode |   affinity | dist from best mode
     | (kcal/mol) | rmsd l.b.| rmsd u.b.
-----+------------+----------+----------
   1       -9.606          0          0
   2       -9.538      21.39      24.76
   3        -9.32      1.538      2.039
   4       -9.185      5.013      14.87
   5       -9.162      30.71      35.58
   6       -9.088      21.72      26.11
   7       -9.016      22.43      26.92
   8        -8.92      3.821       12.1
   9       -8.739      27.09      35.69
  10       -8.723      21.86       28.1
Performing docking (random seed: 42) ... 
0%   10   20   30   40   50   60   70   80   90   100%
|----|----|----|----|----|----|----|----|----|----|
***************************************************

mode |   affinity | dist from best mode
     | (kcal/mol) | rmsd l.b.| rmsd u.b.
-----+------------+----------+----------
   1       -8.949          0          0
   2       -8.626      14.32      17.71
   3       -8.621      13.62       16.5
   4       -8.569      31.94         35
   5       -8.516      33.18      35.92
   6       -8.433      14.15      16.39
   7       -8.295      34.98      37.93
   8       -8.281      31.66      34.34
   9        -8.25      34.61      37.34
  10       -8.234      31.71      34.73
Performing docking (random seed: 42) ... 
0%   10   20   30   40   50   60   70   80   90   100%
|----|----|----|----|----|----|----|----|----|----|
***************************************************

mode |   affinity | dist from best mode
     | (kcal/mol) | rmsd l.b.| rmsd u.b.
-----+------------+----------+----------
   1        -9.84          0          0
   2       -9.214      41.99      43.91
   3       -9.172      11.54      12.53
   4       -8.806      12.32      13.34
   5       -8.783      40.54       43.2
   6       -8.743      43.83       46.3
   7       -8.739      52.68      55.17
   8       -8.476      24.42      26.93
   9       -8.388      10.84      12.22
  10       -8.255      57.63      60.47
Performing docking (random seed: 42) ... 
0%   10   20   30   40   50   60   70   80   90   100%
|----|----|----|----|----|----|----|----|----|----|
***************************************************

mode |   affinity | dist from best mode
     | (kcal/mol) | rmsd l.b.| rmsd u.b.
-----+------------+----------+----------
   1       -8.688          0          0
   2        -8.61      50.32      55.71
   3        -8.47      50.23       56.1
   4       -8.433      6.113      10.91
   5       -8.373       50.1      55.92
   6       -8.293      50.17      55.82
   7       -8.205      6.231      11.15
   8       -8.159      6.227      10.94
   9       -8.153         61      65.36
  10       -8.122      24.14      27.09
Performing docking (random seed: 42) ... 
0%   10   20   30   40   50   60   70   80   90   100%
|----|----|----|----|----|----|----|----|----|----|
***************************************************

mode |   affinity | dist from best mode
     | (kcal/mol) | rmsd l.b.| rmsd u.b.
-----+------------+----------+----------
   1       -10.94          0          0
   2       -10.92     0.2926      1.475
   3       -10.91      46.12      48.89
   4        -10.9      46.25      49.01
   5        -10.5       5.54      8.917
   6        -10.5      5.414      9.097
   7       -10.21      27.73      30.73
   8        -10.1      46.03      48.59
   9       -10.08      46.24      48.81
  10        -9.94      12.79      14.99
Performing docking (random seed: 42) ... 
0%   10   20   30   40   50   60   70   80   90   100%
|----|----|----|----|----|----|----|----|----|----|
***************************************************

mode |   affinity | dist from best mode
     | (kcal/mol) | rmsd l.b.| rmsd u.b.
-----+------------+----------+----------
   1       -8.165          0          0
   2       -8.091      3.665      8.211
   3        -8.05      2.925      4.918
   4       -8.014      26.87      32.47
   5       -7.994      3.482      6.821
   6       -7.966      4.857      10.31
   7       -7.957      3.577      7.715
   8       -7.853       1.61      2.636
   9       -7.836      3.558      8.303
  10       -7.719      3.029      7.347
Performing docking (random seed: 42) ... 
0%   10   20   30   40   50   60   70   80   90   100%
|----|----|----|----|----|----|----|----|----|----|
***************************************************

mode |   affinity | dist from best mode
     | (kcal/mol) | rmsd l.b.| rmsd u.b.
-----+------------+----------+----------
   1       -8.608          0          0
   2       -8.325      39.53      40.77
   3       -8.298      24.32      26.65
   4       -8.175      20.86      23.03
   5       -8.127      38.76      41.25
   6       -8.104      23.03      25.59
   7       -8.011        3.4       5.38
   8           -8      34.22       37.5
   9       -7.923      33.64      36.18
  10       -7.899       38.9      41.18
Performing docking (random seed: 42) ... 
0%   10   20   30   40   50   60   70   80   90   100%
|----|----|----|----|----|----|----|----|----|----|
***************************************************

mode |   affinity | dist from best mode
     | (kcal/mol) | rmsd l.b.| rmsd u.b.
-----+------------+----------+----------
   1       -9.751          0          0
   2       -9.696      61.01      63.27
   3       -9.553      50.43      52.78
   4       -9.473      58.28         60
   5       -9.404      49.91      52.28
   6        -9.23      49.85      52.25
   7       -9.138      56.31      58.26
   8       -9.093      51.43      53.85
   9       -9.026      33.62      35.27
  10       -8.981      58.36      60.07
Performing docking (random seed: 42) ... 
0%   10   20   30   40   50   60   70   80   90   100%
|----|----|----|----|----|----|----|----|----|----|
***************************************************

mode |   affinity | dist from best mode
     | (kcal/mol) | rmsd l.b.| rmsd u.b.
-----+------------+----------+----------
   1       -10.29          0          0
   2       -9.546      23.71      28.94
   3       -9.441      1.611      2.133
   4       -9.208      23.71      28.87
   5       -8.893       27.7      30.46
   6        -8.85      2.567      3.609
   7       -8.796      24.39      26.95
   8       -8.777      3.365      9.953
   9       -8.736      27.72      29.84
  10        -8.53      25.73      32.51
Performing docking (random seed: 42) ... 
0%   10   20   30   40   50   60   70   80   90   100%
|----|----|----|----|----|----|----|----|----|----|
***************************************************

mode |   affinity | dist from best mode
     | (kcal/mol) | rmsd l.b.| rmsd u.b.
-----+------------+----------+----------
   1       -8.894          0          0
   2       -8.397      30.77      35.58
   3       -8.357      30.93      35.51
   4       -8.236       23.6      26.47
   5       -8.185      17.66      21.07
   6       -8.183      3.767      7.959
   7       -8.175      30.52      35.26
   8       -7.991      31.98      36.19
   9       -7.941      1.567      2.211
  10       -7.906      2.262      3.309
Performing docking (random seed: 42) ... 
0%   10   20   30   40   50   60   70   80   90   100%
|----|----|----|----|----|----|----|----|----|----|
***************************************************

mode |   affinity | dist from best mode
     | (kcal/mol) | rmsd l.b.| rmsd u.b.
-----+------------+----------+----------
   1       -7.707          0          0
   2       -7.319      14.23      17.49
   3       -7.246      14.18      17.52
   4       -7.218      34.03      35.86
   5       -7.183      32.38      33.94
   6        -7.14      31.91      34.04
   7       -7.131      33.75      35.36
   8        -7.08      33.56      35.33
   9       -7.034      34.62       36.5
  10       -7.009      11.34      13.92
Performing docking (random seed: 42) ... 
0%   10   20   30   40   50   60   70   80   90   100%
|----|----|----|----|----|----|----|----|----|----|
***************************************************

mode |   affinity | dist from best mode
     | (kcal/mol) | rmsd l.b.| rmsd u.b.
-----+------------+----------+----------
   1       -7.604          0          0
   2       -7.474      2.589      4.606
   3       -7.035      2.768      4.237
   4       -7.034      2.819       4.78
   5           -7      2.791      4.612
   6       -6.984      45.65      48.01
   7       -6.979      17.12      18.92
   8       -6.879      3.003      4.676
   9       -6.818      1.845      2.678
  10       -6.751      16.98      18.92
Performing docking (random seed: 42) ... 
0%   10   20   30   40   50   60   70   80   90   100%
|----|----|----|----|----|----|----|----|----|----|
***************************************************

mode |   affinity | dist from best mode
     | (kcal/mol) | rmsd l.b.| rmsd u.b.
-----+------------+----------+----------
   1       -8.041          0          0
   2       -7.582      4.277      7.941
   3       -7.563      4.579       7.97
   4       -7.552      1.831      2.291
   5       -7.448      45.04      46.97
   6       -7.348      13.92      16.14
   7       -7.312      1.723      2.415
   8       -7.232      3.632      4.917
   9       -7.215      45.39      47.38
  10       -7.111      4.329       8.31
Performing docking (random seed: 42) ... 
0%   10   20   30   40   50   60   70   80   90   100%
|----|----|----|----|----|----|----|----|----|----|
***************************************************

mode |   affinity | dist from best mode
     | (kcal/mol) | rmsd l.b.| rmsd u.b.
-----+------------+----------+----------
   1       -7.228          0          0
   2       -7.133      46.57      49.11
   3       -6.893      46.78      49.31
   4       -6.845      2.424      5.226
   5       -6.842      46.73      49.63
   6       -6.823      46.77      50.25
   7       -6.814      2.253       5.13
   8       -6.799       1.94      2.717
   9       -6.762      47.95      51.44
  10       -6.661       3.11      5.129
Performing docking (random seed: 42) ... 
0%   10   20   30   40   50   60   70   80   90   100%
|----|----|----|----|----|----|----|----|----|----|
***************************************************

mode |   affinity | dist from best mode
     | (kcal/mol) | rmsd l.b.| rmsd u.b.
-----+------------+----------+----------
   1       -5.826          0          0
   2        -5.59      54.31      56.15
   3       -5.535      37.16      38.59
   4       -5.528      36.13      38.06
   5       -5.523      28.53      29.79
   6        -5.37      27.35      28.68
   7       -5.367      27.83      28.49
   8       -5.319      24.98      26.73
   9       -5.273       1.23      4.568
  10       -5.147      27.45      28.32
Performing docking (random seed: 42) ... 
0%   10   20   30   40   50   60   70   80   90   100%
|----|----|----|----|----|----|----|----|----|----|
***************************************************

mode |   affinity | dist from best mode
     | (kcal/mol) | rmsd l.b.| rmsd u.b.
-----+------------+----------+----------
   1       -8.151          0          0
   2       -8.022      2.247      4.403
   3       -7.969      57.76      61.85
   4       -7.853      46.05      49.61
   5       -7.781      59.61      63.84
   6       -7.778      46.04      49.53
   7       -7.695      18.62      21.63
   8       -7.647      45.74      50.12
   9       -7.579      18.27      21.15
  10       -7.499      46.02      50.46
Performing docking (random seed: 42) ... 
0%   10   20   30   40   50   60   70   80   90   100%
|----|----|----|----|----|----|----|----|----|----|
***************************************************

mode |   affinity | dist from best mode
     | (kcal/mol) | rmsd l.b.| rmsd u.b.
-----+------------+----------+----------
   1       -5.015          0          0
   2       -4.961      17.13      18.42
   3       -4.869      1.905      2.721
   4         -4.8      23.65      25.13
   5       -4.769      25.11      26.68
   6       -4.762      22.41      23.15
   7       -4.697      39.63      40.78
   8       -4.674         17      18.42
   9         -4.6      36.14      37.93
  10       -4.545      35.61      36.85
Performing docking (random seed: 42) ... 
0%   10   20   30   40   50   60   70   80   90   100%
|----|----|----|----|----|----|----|----|----|----|
***************************************************

mode |   affinity | dist from best mode
     | (kcal/mol) | rmsd l.b.| rmsd u.b.
-----+------------+----------+----------
   1        -7.44          0          0
   2       -7.203      3.247      7.562
   3       -7.035      40.99      42.21
   4       -7.011      38.46       39.5
   5       -6.761       67.6      68.62
   6       -6.667       61.3      63.06
   7       -6.643      2.086      2.248
   8        -6.63      62.96       65.1
   9         -6.6      62.47      64.75
  10       -6.542      28.02      31.03
Performing docking (random seed: 42) ... 
0%   10   20   30   40   50   60   70   80   90   100%
|----|----|----|----|----|----|----|----|----|----|
***************************************************

mode |   affinity | dist from best mode
     | (kcal/mol) | rmsd l.b.| rmsd u.b.
-----+------------+----------+----------
   1       -8.862          0          0
   2       -8.716      3.331      7.155
   3       -8.464      10.08      12.41
   4       -8.367      1.944      2.808
   5       -8.329      47.31      49.34
   6       -8.304      26.28      27.82
   7       -8.235      2.713      3.679
   8       -8.144      3.641      4.609
   9       -8.119      3.911      7.004
  10       -8.032       30.7      34.66
Performing docking (random seed: 42) ... 
0%   10   20   30   40   50   60   70   80   90   100%
|----|----|----|----|----|----|----|----|----|----|
***************************************************

mode |   affinity | dist from best mode
     | (kcal/mol) | rmsd l.b.| rmsd u.b.
-----+------------+----------+----------
   1       -8.319          0          0
   2       -8.081      2.168      2.592
   3       -8.009      32.28      35.16
   4       -7.983      43.99      46.75
   5       -7.864      44.49      47.27
   6       -7.798       48.3      51.63
   7       -7.795      4.197      8.409
   8       -7.717      4.344       8.51
   9       -7.704      45.92       48.6
  10       -7.623      14.24      16.27
