AutoDock Vina v1.2.7-20-g93cdc3d-mod
#################################################################
# If you used AutoDock Vina in your work, please cite:          #
#                                                               #
# J. Eberhardt, D. Santos-Martins, A. F. Tillack, and S. Forli  #
# AutoDock Vina 1.2.0: New Docking Methods, Expanded Force      #
# Field, and Python Bindings, J. Chem. Inf. Model. (2021)       #
# DOI 10.1021/acs.jcim.1c00203                                  #
#                                                               #
# O. Trott, A. J. Olson,                                        #
# AutoDock Vina: improving the speed and accuracy of docking    #
# with a new scoring function, efficient optimization and       #
# multithreading, J. Comp. Chem. (2010)                         #
# DOI 10.1002/jcc.21334                                         #
#                                                               #
# Please see https://github.com/ccsb-scripps/AutoDock-Vina for  #
# more information.                                             #
#################################################################

Scoring function : vina
Rigid receptor: /home/manndo/master_dev/Dockings/Orai_Benchmark/_staging/receptors/pdbqt/Orai1WT-START-Fr0_retry1.pdbqt
Ligands (batch mode): 28 molecules
Grid center: X 3.879 Y 7.05 Z 1.235
Grid size  : X 98.3 Y 91.8 Z 92.6
Grid space : 0.375
Exhaustiveness: 32
CPU: 32
Verbosity: 1

WARNING: Search space volume is greater than 27000 Angstrom^3 (See FAQ)
Computing Vina grid ... done.
Performing docking (random seed: 42) ... 
0%   10   20   30   40   50   60   70   80   90   100%
|----|----|----|----|----|----|----|----|----|----|
***************************************************

mode |   affinity | dist from best mode
     | (kcal/mol) | rmsd l.b.| rmsd u.b.
-----+------------+----------+----------
   1       -9.771          0          0
   2       -9.083      4.308      8.525
   3       -8.839      4.514      7.668
   4       -8.687      3.266      3.875
   5       -8.669      25.19       28.2
   6       -8.433      4.735      7.978
   7       -8.417      24.33      27.11
   8       -8.411      32.17       34.5
   9        -8.31      4.225      7.609
  10       -8.267      41.78      43.59
Performing docking (random seed: 42) ... 
0%   10   20   30   40   50   60   70   80   90   100%
|----|----|----|----|----|----|----|----|----|----|
***************************************************

mode |   affinity | dist from best mode
     | (kcal/mol) | rmsd l.b.| rmsd u.b.
-----+------------+----------+----------
   1        -5.25          0          0
   2       -5.239      26.27      27.01
   3       -5.235      10.13      10.78
   4       -5.205      22.12       22.8
   5       -5.166      20.96      21.95
   6        -5.15      20.92      22.01
   7       -5.099      1.832      3.126
   8       -5.085      27.22      27.83
   9       -5.072      20.93      21.92
  10       -5.069      21.21      22.19
Performing docking (random seed: 42) ... 
0%   10   20   30   40   50   60   70   80   90   100%
|----|----|----|----|----|----|----|----|----|----|
***************************************************

mode |   affinity | dist from best mode
     | (kcal/mol) | rmsd l.b.| rmsd u.b.
-----+------------+----------+----------
   1       -8.703          0          0
   2       -8.541       2.75       4.76
   3       -8.535      2.385      4.927
   4       -8.439      3.075      10.64
   5       -8.235      25.22      28.51
   6        -8.12      24.88      27.01
   7        -8.08      8.985      13.22
   8       -8.045      2.621      5.177
   9       -8.036      49.83      52.82
  10       -8.024       8.54      12.88
Performing docking (random seed: 42) ... 
0%   10   20   30   40   50   60   70   80   90   100%
|----|----|----|----|----|----|----|----|----|----|
***************************************************

mode |   affinity | dist from best mode
     | (kcal/mol) | rmsd l.b.| rmsd u.b.
-----+------------+----------+----------
   1       -5.803          0          0
   2       -5.325      21.08      21.94
   3       -5.287      28.04       28.9
   4       -5.277      40.43      41.37
   5       -5.183      24.52      25.32
   6       -5.151      35.12      35.88
   7        -5.15      16.23      17.23
   8        -5.14       36.5      37.29
   9       -5.132      24.75      25.62
  10        -5.13      26.58      27.26
Performing docking (random seed: 42) ... 
0%   10   20   30   40   50   60   70   80   90   100%
|----|----|----|----|----|----|----|----|----|----|
***************************************************

mode |   affinity | dist from best mode
     | (kcal/mol) | rmsd l.b.| rmsd u.b.
-----+------------+----------+----------
   1       -7.995          0          0
   2       -7.994       36.9      38.53
   3       -7.947     0.3146      2.168
   4       -7.931      4.718      5.502
   5       -7.874      5.384       6.14
   6       -7.843       36.7      38.53
   7       -7.809      5.407      6.321
   8       -7.797      5.948      6.779
   9       -7.747      5.192      6.304
  10       -7.711      4.573      6.404
Performing docking (random seed: 42) ... 
0%   10   20   30   40   50   60   70   80   90   100%
|----|----|----|----|----|----|----|----|----|----|
***************************************************

mode |   affinity | dist from best mode
     | (kcal/mol) | rmsd l.b.| rmsd u.b.
-----+------------+----------+----------
   1       -8.219          0          0
   2       -8.144       33.2      35.53
   3       -8.052      32.99      35.71
   4       -8.014      33.04      35.79
   5        -8.01      2.314      3.509
   6       -7.903      29.47      32.45
   7       -7.818      31.12       33.1
   8       -7.809      3.223       4.68
   9         -7.8      30.96      34.37
  10       -7.754      31.78      34.83
Performing docking (random seed: 42) ... 
0%   10   20   30   40   50   60   70   80   90   100%
|----|----|----|----|----|----|----|----|----|----|
***************************************************

mode |   affinity | dist from best mode
     | (kcal/mol) | rmsd l.b.| rmsd u.b.
-----+------------+----------+----------
   1       -9.765          0          0
   2       -9.562      40.26      44.09
   3       -9.524      2.935      5.763
   4       -9.457      43.48      46.16
   5       -9.311      42.55      45.38
   6       -9.219      1.836      3.136
   7       -9.201      40.22      42.85
   8       -9.119      42.58      45.35
   9        -8.91       4.06      9.872
  10       -8.904      39.74      44.84
Performing docking (random seed: 42) ... 
0%   10   20   30   40   50   60   70   80   90   100%
|----|----|----|----|----|----|----|----|----|----|
***************************************************

mode |   affinity | dist from best mode
     | (kcal/mol) | rmsd l.b.| rmsd u.b.
-----+------------+----------+----------
   1       -13.42          0          0
   2       -13.42      2.995       5.27
   3       -13.35      3.147      6.045
   4       -11.13      3.533      6.198
   5        -10.7       30.7      33.47
   6       -10.68      30.86      34.37
   7       -10.26       29.3      32.11
   8       -10.22      29.76      33.37
   9       -10.22      30.46      32.89
  10       -10.21       31.8      34.27
Performing docking (random seed: 42) ... 
0%   10   20   30   40   50   60   70   80   90   100%
|----|----|----|----|----|----|----|----|----|----|
***************************************************

mode |   affinity | dist from best mode
     | (kcal/mol) | rmsd l.b.| rmsd u.b.
-----+------------+----------+----------
   1       -10.45          0          0
   2       -10.38      2.164      3.108
   3       -10.18          3      5.873
   4       -10.17       4.64      9.341
   5       -10.14      3.905       7.91
   6       -10.11      2.503      4.361
   7        -10.1      2.869      6.123
   8       -10.05      4.317      8.487
   9       -9.968      2.758      6.744
  10       -9.842      2.925      5.651
Performing docking (random seed: 42) ... 
0%   10   20   30   40   50   60   70   80   90   100%
|----|----|----|----|----|----|----|----|----|----|
***************************************************

mode |   affinity | dist from best mode
     | (kcal/mol) | rmsd l.b.| rmsd u.b.
-----+------------+----------+----------
   1       -9.651          0          0
   2        -9.64      1.915      2.827
   3       -9.592      3.712      6.322
   4       -9.291      3.874      6.517
   5       -9.223      3.236      5.478
   6       -9.153      21.33      23.46
   7       -9.121      21.01      23.34
   8       -9.013      21.16      23.51
   9       -9.006      24.53      26.26
  10       -8.995      21.47      23.48
Performing docking (random seed: 42) ... 
0%   10   20   30   40   50   60   70   80   90   100%
|----|----|----|----|----|----|----|----|----|----|
***************************************************

mode |   affinity | dist from best mode
     | (kcal/mol) | rmsd l.b.| rmsd u.b.
-----+------------+----------+----------
   1       -10.77          0          0
   2       -10.77      3.865      5.237
   3       -10.77      3.934      5.349
   4       -10.75      2.282      3.116
   5       -10.71      4.413      6.113
   6       -10.12      2.823      4.267
   7       -10.07      4.998      8.268
   8       -10.04      4.727      7.258
   9       -9.955      32.09      34.82
  10       -9.847      30.01      33.28
Performing docking (random seed: 42) ... 
0%   10   20   30   40   50   60   70   80   90   100%
|----|----|----|----|----|----|----|----|----|----|
***************************************************

mode |   affinity | dist from best mode
     | (kcal/mol) | rmsd l.b.| rmsd u.b.
-----+------------+----------+----------
   1       -10.16          0          0
   2       -10.08      2.018      2.712
   3       -9.522      1.927      2.895
   4       -9.485      2.015      3.534
   5       -9.299      2.653      3.779
   6       -9.196      3.736      11.03
   7       -9.059      4.047      11.68
   8        -8.92       3.63      11.26
   9       -8.797      3.541      11.44
  10       -8.712      34.62      40.72
Performing docking (random seed: 42) ... 
0%   10   20   30   40   50   60   70   80   90   100%
|----|----|----|----|----|----|----|----|----|----|
***************************************************

mode |   affinity | dist from best mode
     | (kcal/mol) | rmsd l.b.| rmsd u.b.
-----+------------+----------+----------
   1       -10.56          0          0
   2       -10.53      2.078      2.572
   3        -10.5      2.334      4.717
   4       -10.47     0.2651      2.056
   5       -10.47       2.62      4.561
   6       -10.44      2.379      4.529
   7       -10.44      2.059       2.69
   8       -10.38      1.638      2.248
   9        -10.3      2.376       3.91
  10        -10.2      2.181      2.579
Performing docking (random seed: 42) ... 
0%   10   20   30   40   50   60   70   80   90   100%
|----|----|----|----|----|----|----|----|----|----|
***************************************************

mode |   affinity | dist from best mode
     | (kcal/mol) | rmsd l.b.| rmsd u.b.
-----+------------+----------+----------
   1        -8.11          0          0
   2       -8.008      47.94      53.25
   3       -7.991      3.012      8.486
   4       -7.902      33.04      38.39
   5       -7.873      48.14      53.18
   6        -7.82      3.926      9.521
   7       -7.812       32.9      38.04
   8       -7.763      1.403      4.175
   9       -7.761      47.45      52.52
  10       -7.569      49.16      53.98
Performing docking (random seed: 42) ... 
0%   10   20   30   40   50   60   70   80   90   100%
|----|----|----|----|----|----|----|----|----|----|
***************************************************

mode |   affinity | dist from best mode
     | (kcal/mol) | rmsd l.b.| rmsd u.b.
-----+------------+----------+----------
   1        -10.3          0          0
   2       -10.24      3.124      6.308
   3       -10.16      2.872      3.487
   4       -10.11      2.355      2.716
   5        -10.1      2.975      3.719
   6       -9.929      2.866      5.273
   7       -9.898      2.182      2.388
   8       -9.879      2.803      4.845
   9       -9.777      4.484      5.848
  10       -9.753      2.804      3.841
Performing docking (random seed: 42) ... 
0%   10   20   30   40   50   60   70   80   90   100%
|----|----|----|----|----|----|----|----|----|----|
***************************************************

mode |   affinity | dist from best mode
     | (kcal/mol) | rmsd l.b.| rmsd u.b.
-----+------------+----------+----------
   1       -11.24          0          0
   2       -11.17      3.829      8.287
   3       -11.16      3.257       4.91
   4       -11.13      2.267       2.84
   5       -11.05      2.394      3.045
   6       -10.99      1.644      2.195
   7       -10.96      4.069      8.157
   8       -10.95      1.956      2.503
   9        -10.9      2.703       3.31
  10       -10.56      3.479      7.347
Performing docking (random seed: 42) ... 
0%   10   20   30   40   50   60   70   80   90   100%
|----|----|----|----|----|----|----|----|----|----|
***************************************************

mode |   affinity | dist from best mode
     | (kcal/mol) | rmsd l.b.| rmsd u.b.
-----+------------+----------+----------
   1       -10.47          0          0
   2       -10.46      2.469      3.034
   3       -10.32      32.54      38.29
   4       -10.28       33.4      39.45
   5        -10.2      34.11      39.73
   6       -10.15      3.401      4.405
   7       -10.05      3.225      4.529
   8        -9.56      31.49      36.44
   9       -9.373       24.1       31.1
  10       -9.181      2.911      4.283
Performing docking (random seed: 42) ... 
0%   10   20   30   40   50   60   70   80   90   100%
|----|----|----|----|----|----|----|----|----|----|
***************************************************

mode |   affinity | dist from best mode
     | (kcal/mol) | rmsd l.b.| rmsd u.b.
-----+------------+----------+----------
   1       -9.616          0          0
   2       -9.567      3.546       6.23
   3       -9.549        3.1      6.123
   4       -9.469      3.716      6.027
   5       -9.421      2.962      5.445
   6       -9.392      3.249        5.6
   7       -9.363      3.515      5.665
   8       -9.347      2.784      5.514
   9       -9.337      3.209      5.394
  10       -9.225      3.709      5.804
Performing docking (random seed: 42) ... 
0%   10   20   30   40   50   60   70   80   90   100%
|----|----|----|----|----|----|----|----|----|----|
***************************************************

mode |   affinity | dist from best mode
     | (kcal/mol) | rmsd l.b.| rmsd u.b.
-----+------------+----------+----------
   1       -8.179          0          0
   2        -7.81      2.392       3.19
   3       -7.675      23.71      24.71
   4       -7.629       22.1      23.84
   5       -7.609      22.17      23.82
   6       -7.601      22.27      23.67
   7       -7.594      22.19       23.7
   8       -7.562      22.05       23.8
   9       -7.523      25.79      27.76
  10       -7.504      23.57      24.93
Performing docking (random seed: 42) ... 
0%   10   20   30   40   50   60   70   80   90   100%
|----|----|----|----|----|----|----|----|----|----|
***************************************************

mode |   affinity | dist from best mode
     | (kcal/mol) | rmsd l.b.| rmsd u.b.
-----+------------+----------+----------
   1       -9.683          0          0
   2       -9.195      1.497      2.135
   3       -9.033      1.933       2.73
   4       -8.682        2.1      3.698
   5       -8.616      18.94      21.63
   6       -8.569      19.46      22.17
   7       -8.542      2.408      3.665
   8       -8.487        2.6      4.326
   9       -8.305      19.13      21.82
  10       -8.264      18.98      21.64
Performing docking (random seed: 42) ... 
0%   10   20   30   40   50   60   70   80   90   100%
|----|----|----|----|----|----|----|----|----|----|
***************************************************

mode |   affinity | dist from best mode
     | (kcal/mol) | rmsd l.b.| rmsd u.b.
-----+------------+----------+----------
   1       -9.693          0          0
   2       -8.521      4.519      8.019
   3       -8.391      25.05      27.18
   4       -8.384      3.533      5.168
   5       -8.264      25.43      28.14
   6       -8.206      23.84      25.79
   7       -8.183      23.57      26.05
   8       -8.166      23.68      25.36
   9       -8.159      26.43       28.3
  10       -8.033      24.59       27.1
Performing docking (random seed: 42) ... 
0%   10   20   30   40   50   60   70   80   90   100%
|----|----|----|----|----|----|----|----|----|----|
***************************************************

mode |   affinity | dist from best mode
     | (kcal/mol) | rmsd l.b.| rmsd u.b.
-----+------------+----------+----------
   1       -8.673          0          0
   2       -8.371      1.463      1.925
   3       -7.997      20.59      21.79
   4       -7.971      20.83      21.71
   5       -7.921      16.81      17.74
   6       -7.862      20.91      21.71
   7        -7.84      19.99      21.32
   8       -7.812      18.09      19.38
   9       -7.808      18.47      19.64
  10       -7.762      18.13      19.12
Performing docking (random seed: 42) ... 
0%   10   20   30   40   50   60   70   80   90   100%
|----|----|----|----|----|----|----|----|----|----|
***************************************************

mode |   affinity | dist from best mode
     | (kcal/mol) | rmsd l.b.| rmsd u.b.
-----+------------+----------+----------
   1       -6.189          0          0
   2       -5.923      1.518      3.971
   3       -5.863      2.579      3.035
   4       -5.776      1.748      4.289
   5        -5.71      2.244      4.167
   6         -5.7      2.773      4.705
   7       -5.681      1.878      2.238
   8       -5.616      3.217      3.775
   9       -5.532      2.816      3.482
  10       -5.431      1.752       4.85
Performing docking (random seed: 42) ... 
0%   10   20   30   40   50   60   70   80   90   100%
|----|----|----|----|----|----|----|----|----|----|
***************************************************

mode |   affinity | dist from best mode
     | (kcal/mol) | rmsd l.b.| rmsd u.b.
-----+------------+----------+----------
   1       -8.583          0          0
   2       -8.571      30.09      33.03
   3       -8.558      29.78      32.89
   4       -8.495      30.43      32.36
   5       -8.436      32.56      35.82
   6       -8.431      34.78      36.66
   7        -8.43      30.25      33.35
   8       -8.392      43.38      45.94
   9       -8.371      30.35      33.43
  10        -8.32      34.95      37.11
Performing docking (random seed: 42) ... 
0%   10   20   30   40   50   60   70   80   90   100%
|----|----|----|----|----|----|----|----|----|----|
***************************************************

mode |   affinity | dist from best mode
     | (kcal/mol) | rmsd l.b.| rmsd u.b.
-----+------------+----------+----------
   1       -5.026          0          0
   2        -4.92      42.36      43.24
   3       -4.907      23.02      24.12
   4       -4.868      48.19      49.69
   5       -4.867      46.74      47.91
   6       -4.852         21      22.27
   7       -4.811      49.77         51
   8       -4.794      1.456      4.196
   9       -4.789      37.95      39.02
  10       -4.781       20.5      21.74
Performing docking (random seed: 42) ... 
0%   10   20   30   40   50   60   70   80   90   100%
|----|----|----|----|----|----|----|----|----|----|
***************************************************

mode |   affinity | dist from best mode
     | (kcal/mol) | rmsd l.b.| rmsd u.b.
-----+------------+----------+----------
   1       -8.609          0          0
   2        -8.51      2.314      2.942
   3       -8.492      3.739      5.326
   4       -8.426      19.22      24.28
   5       -8.284      2.514      4.903
   6       -8.283      3.231       4.75
   7       -8.279      4.112      5.495
   8       -8.188      3.654      4.078
   9       -8.162      3.586      4.585
  10       -8.138      4.962      8.475
Performing docking (random seed: 42) ... 
0%   10   20   30   40   50   60   70   80   90   100%
|----|----|----|----|----|----|----|----|----|----|
***************************************************

mode |   affinity | dist from best mode
     | (kcal/mol) | rmsd l.b.| rmsd u.b.
-----+------------+----------+----------
   1       -9.774          0          0
   2       -9.763      2.333      2.699
   3       -9.725      3.917      4.702
   4       -9.708      3.906        4.7
   5       -9.597         29      32.41
   6       -9.592         17      20.09
   7       -9.552      29.14      32.76
   8       -9.543      28.54      30.24
   9       -9.409      1.969      2.293
  10       -9.394      2.348       3.31
Performing docking (random seed: 42) ... 
0%   10   20   30   40   50   60   70   80   90   100%
|----|----|----|----|----|----|----|----|----|----|
***************************************************

mode |   affinity | dist from best mode
     | (kcal/mol) | rmsd l.b.| rmsd u.b.
-----+------------+----------+----------
   1       -9.456          0          0
   2       -8.818      1.276      2.279
   3       -8.546      24.97      26.45
   4       -8.328      22.54      25.16
   5       -8.322       2.52      8.171
   6       -8.283      16.08      18.29
   7       -8.267      15.69      18.08
   8       -7.986      24.16      26.16
   9       -7.974      25.93      28.14
  10       -7.964       23.8      26.15
