AutoDock Vina v1.2.7-20-g93cdc3d-mod
#################################################################
# If you used AutoDock Vina in your work, please cite:          #
#                                                               #
# J. Eberhardt, D. Santos-Martins, A. F. Tillack, and S. Forli  #
# AutoDock Vina 1.2.0: New Docking Methods, Expanded Force      #
# Field, and Python Bindings, J. Chem. Inf. Model. (2021)       #
# DOI 10.1021/acs.jcim.1c00203                                  #
#                                                               #
# O. Trott, A. J. Olson,                                        #
# AutoDock Vina: improving the speed and accuracy of docking    #
# with a new scoring function, efficient optimization and       #
# multithreading, J. Comp. Chem. (2010)                         #
# DOI 10.1002/jcc.21334                                         #
#                                                               #
# Please see https://github.com/ccsb-scripps/AutoDock-Vina for  #
# more information.                                             #
#################################################################

Scoring function : vina
Rigid receptor: /home/manndo/master_dev/Data/Receptors/pdbqt/Orai1WT-MDSnap-Fr499_mgl_tools.pdbqt
Ligands (batch mode): 3 molecules
Grid center: X -0.843 Y 9.695 Z -7.263
Grid size  : X 97.8 Y 96.9 Z 101.6
Grid space : 0.375
Exhaustiveness: 32
CPU: 32
Verbosity: 1

WARNING: Search space volume is greater than 27000 Angstrom^3 (See FAQ)
Computing Vina grid ... done.
Performing docking (random seed: 42) ... 
0%   10   20   30   40   50   60   70   80   90   100%
|----|----|----|----|----|----|----|----|----|----|
***************************************************

mode |   affinity | dist from best mode
     | (kcal/mol) | rmsd l.b.| rmsd u.b.
-----+------------+----------+----------
   1       -7.608          0          0
   2       -7.485      1.875      3.949
   3       -7.159     0.9601      4.786
   4       -6.957      26.56      28.43
   5       -6.874      26.55         28
   6       -6.802      27.69      29.34
   7        -6.74      2.261      3.058
   8       -6.667      27.63      29.55
   9       -6.665      31.91      33.28
  10       -6.497      25.74      28.85
Performing docking (random seed: 42) ... 
0%   10   20   30   40   50   60   70   80   90   100%
|----|----|----|----|----|----|----|----|----|----|
***************************************************

mode |   affinity | dist from best mode
     | (kcal/mol) | rmsd l.b.| rmsd u.b.
-----+------------+----------+----------
   1       -9.136          0          0
   2       -9.038      3.511      9.718
   3       -8.368      3.925      10.28
   4       -8.361      1.794      3.216
   5       -8.297       46.1      49.34
   6       -8.279      1.884      2.423
   7       -8.103      50.05      53.59
   8       -8.071      32.72      36.01
   9       -7.988       50.3      53.71
  10       -7.908      30.01      31.56
Performing docking (random seed: 42) ... 
0%   10   20   30   40   50   60   70   80   90   100%
|----|----|----|----|----|----|----|----|----|----|
***************************************************

mode |   affinity | dist from best mode
     | (kcal/mol) | rmsd l.b.| rmsd u.b.
-----+------------+----------+----------
   1       -10.21          0          0
   2       -9.799      12.99      16.88
   3       -9.794      13.39      15.25
   4       -9.756       12.9      16.83
   5       -9.676      48.19       50.6
   6       -9.643      2.914      4.137
   7       -9.443       48.3      50.74
   8       -9.407       3.94       5.51
   9       -9.366         48      50.44
  10       -9.224      33.37      36.43
