AutoDock Vina v1.2.7-20-g93cdc3d-mod
#################################################################
# If you used AutoDock Vina in your work, please cite:          #
#                                                               #
# J. Eberhardt, D. Santos-Martins, A. F. Tillack, and S. Forli  #
# AutoDock Vina 1.2.0: New Docking Methods, Expanded Force      #
# Field, and Python Bindings, J. Chem. Inf. Model. (2021)       #
# DOI 10.1021/acs.jcim.1c00203                                  #
#                                                               #
# O. Trott, A. J. Olson,                                        #
# AutoDock Vina: improving the speed and accuracy of docking    #
# with a new scoring function, efficient optimization and       #
# multithreading, J. Comp. Chem. (2010)                         #
# DOI 10.1002/jcc.21334                                         #
#                                                               #
# Please see https://github.com/ccsb-scripps/AutoDock-Vina for  #
# more information.                                             #
#################################################################

Scoring function : vina
Rigid receptor: /home/manndo/master_dev/Data/Receptors/pdbqt/Orai1WT-START-Fr0_mgl_tools.pdbqt
Ligands (batch mode): 3 molecules
Grid center: X 3.879 Y 7.05 Z 1.235
Grid size  : X 98.3 Y 91.8 Z 92.6
Grid space : 0.375
Exhaustiveness: 32
CPU: 32
Verbosity: 1

WARNING: Search space volume is greater than 27000 Angstrom^3 (See FAQ)
Computing Vina grid ... done.
Performing docking (random seed: 42) ... 
0%   10   20   30   40   50   60   70   80   90   100%
|----|----|----|----|----|----|----|----|----|----|
***************************************************

mode |   affinity | dist from best mode
     | (kcal/mol) | rmsd l.b.| rmsd u.b.
-----+------------+----------+----------
   1       -7.362          0          0
   2       -6.887      34.94      37.86
   3       -6.887      1.131      1.922
   4       -6.724      41.87      44.42
   5        -6.66      49.11       51.4
   6        -6.64      36.11      38.61
   7        -6.59      49.16      51.61
   8       -6.568      34.57      37.27
   9       -6.563      1.709      5.342
  10       -6.439      49.49      51.94
Performing docking (random seed: 42) ... 
0%   10   20   30   40   50   60   70   80   90   100%
|----|----|----|----|----|----|----|----|----|----|
***************************************************

mode |   affinity | dist from best mode
     | (kcal/mol) | rmsd l.b.| rmsd u.b.
-----+------------+----------+----------
   1       -8.385          0          0
   2       -8.368      34.04      38.17
   3       -8.295      43.31      44.29
   4       -8.161      24.63      25.65
   5       -8.085      34.19      37.92
   6        -8.06      3.307      4.916
   7       -8.028      34.55       38.6
   8        -7.84      33.15      36.41
   9       -7.754         25      27.48
  10       -7.644      25.38      27.98
Performing docking (random seed: 42) ... 
0%   10   20   30   40   50   60   70   80   90   100%
|----|----|----|----|----|----|----|----|----|----|
***************************************************

mode |   affinity | dist from best mode
     | (kcal/mol) | rmsd l.b.| rmsd u.b.
-----+------------+----------+----------
   1       -10.26          0          0
   2       -10.17      1.673      2.051
   3       -9.933      3.029      8.428
   4        -9.63      2.758      3.651
   5       -9.611      2.782      8.609
   6       -9.245      30.92       33.7
   7       -9.233         30      34.27
   8       -9.167       30.6      33.17
   9        -9.02      30.24      34.54
  10       -8.826      26.33      31.64
