AutoDock Vina v1.2.7-20-g93cdc3d-mod
#################################################################
# If you used AutoDock Vina in your work, please cite:          #
#                                                               #
# J. Eberhardt, D. Santos-Martins, A. F. Tillack, and S. Forli  #
# AutoDock Vina 1.2.0: New Docking Methods, Expanded Force      #
# Field, and Python Bindings, J. Chem. Inf. Model. (2021)       #
# DOI 10.1021/acs.jcim.1c00203                                  #
#                                                               #
# O. Trott, A. J. Olson,                                        #
# AutoDock Vina: improving the speed and accuracy of docking    #
# with a new scoring function, efficient optimization and       #
# multithreading, J. Comp. Chem. (2010)                         #
# DOI 10.1002/jcc.21334                                         #
#                                                               #
# Please see https://github.com/ccsb-scripps/AutoDock-Vina for  #
# more information.                                             #
#################################################################

Scoring function : vina
Rigid receptor: /home/manndo/master_dev/Data/Receptors/pdbqt/Orai1WT-MDSnap-Fr300_mgl_tools.pdbqt
Ligands (batch mode): 3 molecules
Grid center: X 0.16 Y 10.158 Z -5.732
Grid size  : X 97 Y 97 Z 102
Grid space : 0.375
Exhaustiveness: 32
CPU: 32
Verbosity: 1

WARNING: Search space volume is greater than 27000 Angstrom^3 (See FAQ)
Computing Vina grid ... done.
Performing docking (random seed: 42) ... 
0%   10   20   30   40   50   60   70   80   90   100%
|----|----|----|----|----|----|----|----|----|----|
***************************************************

mode |   affinity | dist from best mode
     | (kcal/mol) | rmsd l.b.| rmsd u.b.
-----+------------+----------+----------
   1       -7.353          0          0
   2        -6.69      11.04      13.09
   3       -6.655      11.09      12.79
   4       -6.641      23.22      25.69
   5       -6.598      39.99      43.09
   6        -6.56      32.47      35.61
   7       -6.492      19.54      21.95
   8       -6.488      17.25      18.72
   9       -6.481      31.19      34.04
  10       -6.392      34.15      37.32
Performing docking (random seed: 42) ... 
0%   10   20   30   40   50   60   70   80   90   100%
|----|----|----|----|----|----|----|----|----|----|
***************************************************

mode |   affinity | dist from best mode
     | (kcal/mol) | rmsd l.b.| rmsd u.b.
-----+------------+----------+----------
   1       -8.587          0          0
   2       -8.567      24.86       29.8
   3       -8.486      2.015      2.614
   4       -8.459      26.24      30.08
   5       -8.393      2.094      2.826
   6       -8.351      27.86       30.7
   7       -8.328      48.99      50.74
   8       -8.275       1.96      2.781
   9       -8.182      30.63       33.4
  10       -8.168      49.13       51.2
Performing docking (random seed: 42) ... 
0%   10   20   30   40   50   60   70   80   90   100%
|----|----|----|----|----|----|----|----|----|----|
***************************************************

mode |   affinity | dist from best mode
     | (kcal/mol) | rmsd l.b.| rmsd u.b.
-----+------------+----------+----------
   1       -9.815          0          0
   2       -9.592       3.31       4.76
   3       -9.508      17.14      19.39
   4       -9.485      2.593      8.481
   5       -9.142      30.78       34.3
   6       -9.112      19.23      20.71
   7       -9.061      18.99      20.63
   8       -9.052      30.82      34.38
   9        -8.94      4.112      8.611
  10        -8.89      4.228      8.668
