AutoDock Vina v1.2.7-20-g93cdc3d-mod
#################################################################
# If you used AutoDock Vina in your work, please cite:          #
#                                                               #
# J. Eberhardt, D. Santos-Martins, A. F. Tillack, and S. Forli  #
# AutoDock Vina 1.2.0: New Docking Methods, Expanded Force      #
# Field, and Python Bindings, J. Chem. Inf. Model. (2021)       #
# DOI 10.1021/acs.jcim.1c00203                                  #
#                                                               #
# O. Trott, A. J. Olson,                                        #
# AutoDock Vina: improving the speed and accuracy of docking    #
# with a new scoring function, efficient optimization and       #
# multithreading, J. Comp. Chem. (2010)                         #
# DOI 10.1002/jcc.21334                                         #
#                                                               #
# Please see https://github.com/ccsb-scripps/AutoDock-Vina for  #
# more information.                                             #
#################################################################

Scoring function : vina
Rigid receptor: /home/manndo/master_dev/docking_ready_mgltools/Orai1WT-MDSnap-Fr300_cleaned.pdbqt
Ligand: /home/manndo/master_dev/docking_read_obabel/2abp-nh2-OPT.pdbqt
Grid center: X 0.243 Y 9.688 Z -5.805
Grid size  : X 100.3 Y 100.9 Z 106.7
Grid space : 0.375
Exhaustiveness: 32
CPU: 0
Verbosity: 1

WARNING: Search space volume is greater than 27000 Angstrom^3 (See FAQ)
Computing Vina grid ... done.
Performing docking (random seed: -1917686327) ... 
0%   10   20   30   40   50   60   70   80   90   100%
|----|----|----|----|----|----|----|----|----|----|
***************************************************

mode |   affinity | dist from best mode
     | (kcal/mol) | rmsd l.b.| rmsd u.b.
-----+------------+----------+----------
   1       -6.839          0          0
   2       -6.442      0.517      4.679
   3       -6.324      21.93      23.72
   4       -6.324      42.51      44.36
   5       -6.302      43.66      45.45
   6        -6.23      50.49      53.06
   7       -6.199      49.58      51.99
   8       -6.189      49.55         52
   9       -6.147      1.973      5.414
  10       -6.022      33.85      36.21
  11       -6.011      33.24      35.81
  12       -5.997      34.32      35.98
  13       -5.944      43.16      45.12
  14       -5.942      26.99      28.44
  15       -5.829      26.86      28.28
  16       -5.811      42.69      44.99
  17       -5.783      27.29      29.22
  18       -5.726      43.27      44.47
  19        -5.65      43.87      45.63
  20       -5.641      26.97      28.28
  21       -5.594      56.69      59.85
  22       -5.577      43.55       44.8
  23       -5.571       44.9       46.7
  24       -5.569      39.01      40.49
  25       -5.565      26.84      28.06
  26       -5.526      56.15      57.77
  27       -5.501      27.21      28.41
  28       -5.464      44.85      46.82
  29       -5.438       59.1      61.09
  30       -5.431      39.02      41.79
