AutoDock Vina v1.2.7-20-g93cdc3d-mod
#################################################################
# If you used AutoDock Vina in your work, please cite:          #
#                                                               #
# J. Eberhardt, D. Santos-Martins, A. F. Tillack, and S. Forli  #
# AutoDock Vina 1.2.0: New Docking Methods, Expanded Force      #
# Field, and Python Bindings, J. Chem. Inf. Model. (2021)       #
# DOI 10.1021/acs.jcim.1c00203                                  #
#                                                               #
# O. Trott, A. J. Olson,                                        #
# AutoDock Vina: improving the speed and accuracy of docking    #
# with a new scoring function, efficient optimization and       #
# multithreading, J. Comp. Chem. (2010)                         #
# DOI 10.1002/jcc.21334                                         #
#                                                               #
# Please see https://github.com/ccsb-scripps/AutoDock-Vina for  #
# more information.                                             #
#################################################################

Scoring function : vina
Rigid receptor: /home/manndo/master_dev/docking_ready_mgltools/Orai1WT-MDSnap-Fr400_cleaned.pdbqt
Ligand: /home/manndo/master_dev/docking_read_obabel/gsk7975a-deprot-OPT.pdbqt
Grid center: X -0.387 Y 9.898 Z -6.482
Grid size  : X 101.6 Y 100.6 Z 106.7
Grid space : 0.375
Exhaustiveness: 32
CPU: 0
Verbosity: 1

WARNING: Search space volume is greater than 27000 Angstrom^3 (See FAQ)
Computing Vina grid ... done.
Performing docking (random seed: 1133932652) ... 
0%   10   20   30   40   50   60   70   80   90   100%
|----|----|----|----|----|----|----|----|----|----|
***************************************************

mode |   affinity | dist from best mode
     | (kcal/mol) | rmsd l.b.| rmsd u.b.
-----+------------+----------+----------
   1        -9.56          0          0
   2       -9.515      27.77      29.03
   3        -9.33       20.1      26.38
   4       -9.275      25.56      28.94
   5       -9.246      16.36      20.79
   6       -9.233      13.56      15.46
   7        -9.11      23.07      24.53
   8       -9.105      13.29      15.26
   9       -9.045      42.06      44.03
  10       -9.003      17.22      20.67
  11       -8.911      27.08      30.15
  12       -8.905      28.85      30.77
  13       -8.905      25.62      27.02
  14       -8.847      8.404      12.18
  15       -8.817      14.81       17.4
  16       -8.793      42.07      48.17
  17       -8.792      37.51      43.09
  18       -8.781      16.53      20.29
  19       -8.763       17.2      20.65
  20       -8.743      26.43      27.45
  21       -8.737       28.9      30.85
  22       -8.721      42.04      47.86
  23       -8.692      28.34      30.25
  24        -8.69      14.05      15.62
  25       -8.688      27.93      29.11
  26       -8.659      44.01      47.69
  27       -8.645      16.19      19.21
  28       -8.635      26.97      28.11
  29       -8.619      22.75      24.21
  30       -8.533      42.04      47.67
