AutoDock Vina v1.2.7-20-g93cdc3d-mod
#################################################################
# If you used AutoDock Vina in your work, please cite:          #
#                                                               #
# J. Eberhardt, D. Santos-Martins, A. F. Tillack, and S. Forli  #
# AutoDock Vina 1.2.0: New Docking Methods, Expanded Force      #
# Field, and Python Bindings, J. Chem. Inf. Model. (2021)       #
# DOI 10.1021/acs.jcim.1c00203                                  #
#                                                               #
# O. Trott, A. J. Olson,                                        #
# AutoDock Vina: improving the speed and accuracy of docking    #
# with a new scoring function, efficient optimization and       #
# multithreading, J. Comp. Chem. (2010)                         #
# DOI 10.1002/jcc.21334                                         #
#                                                               #
# Please see https://github.com/ccsb-scripps/AutoDock-Vina for  #
# more information.                                             #
#################################################################

Scoring function : vina
Rigid receptor: /home/manndo/master_dev/docking_ready_mgltools/Orai1WT-MDSnap-Fr400_cleaned.pdbqt
Ligand: /home/manndo/master_dev/docking_read_obabel/2abp-nh2-OPT.pdbqt
Grid center: X -0.387 Y 9.898 Z -6.482
Grid size  : X 101.6 Y 100.6 Z 106.7
Grid space : 0.375
Exhaustiveness: 32
CPU: 0
Verbosity: 1

WARNING: Search space volume is greater than 27000 Angstrom^3 (See FAQ)
Computing Vina grid ... done.
Performing docking (random seed: -1410861070) ... 
0%   10   20   30   40   50   60   70   80   90   100%
|----|----|----|----|----|----|----|----|----|----|
***************************************************

mode |   affinity | dist from best mode
     | (kcal/mol) | rmsd l.b.| rmsd u.b.
-----+------------+----------+----------
   1       -6.661          0          0
   2       -6.477      22.66      25.08
   3       -6.467     0.7171      4.821
   4       -6.436      19.08      21.14
   5       -6.401      28.17      30.37
   6       -6.343      19.16      21.08
   7        -6.34      30.87      32.49
   8       -6.316         28      29.92
   9       -6.246      34.62      36.72
  10       -6.218      26.97      29.05
  11       -6.201      2.947      4.229
  12       -6.171      30.71      32.07
  13       -6.134      34.82      36.97
  14       -6.085      27.06      29.11
  15       -6.051      30.74      32.76
  16       -6.018      27.24      29.13
  17       -5.988      35.17      37.02
  18       -5.961      24.51       26.9
  19       -5.952      3.357      4.566
  20       -5.934      3.386      6.102
  21       -5.906      31.27      32.74
  22       -5.883      26.93      28.69
  23        -5.87      3.327      4.848
  24       -5.848      30.65      32.98
  25        -5.84      2.825      5.742
  26       -5.834      24.91      27.08
  27        -5.82      3.499      6.131
  28        -5.75      3.956      6.211
  29       -5.718      31.25      33.12
  30       -5.697      35.39      37.02
