AutoDock Vina v1.2.7-20-g93cdc3d-mod
#################################################################
# If you used AutoDock Vina in your work, please cite:          #
#                                                               #
# J. Eberhardt, D. Santos-Martins, A. F. Tillack, and S. Forli  #
# AutoDock Vina 1.2.0: New Docking Methods, Expanded Force      #
# Field, and Python Bindings, J. Chem. Inf. Model. (2021)       #
# DOI 10.1021/acs.jcim.1c00203                                  #
#                                                               #
# O. Trott, A. J. Olson,                                        #
# AutoDock Vina: improving the speed and accuracy of docking    #
# with a new scoring function, efficient optimization and       #
# multithreading, J. Comp. Chem. (2010)                         #
# DOI 10.1002/jcc.21334                                         #
#                                                               #
# Please see https://github.com/ccsb-scripps/AutoDock-Vina for  #
# more information.                                             #
#################################################################

Scoring function : vina
Rigid receptor: /home/manndo/master_dev/docking_ready_mgltools/Orai1WT-START-Fr0.pdbqt
Ligand: /home/manndo/master_dev/docking_read_obabel/2abp-nh2-OPT.pdbqt
Grid center: X 3.87 Y 6.608 Z 1.255
Grid size  : X 103.2 Y 97.2 Z 97
Grid space : 0.375
Exhaustiveness: 32
CPU: 0
Verbosity: 1

WARNING: Search space volume is greater than 27000 Angstrom^3 (See FAQ)
Computing Vina grid ... done.
Performing docking (random seed: 228828251) ... 
0%   10   20   30   40   50   60   70   80   90   100%
|----|----|----|----|----|----|----|----|----|----|
***************************************************

mode |   affinity | dist from best mode
     | (kcal/mol) | rmsd l.b.| rmsd u.b.
-----+------------+----------+----------
   1        -7.39          0          0
   2       -7.291      44.15      45.88
   3       -7.287      44.05      45.85
   4        -7.11      44.18      45.84
   5       -7.064      1.928       2.66
   6       -7.048      36.13      38.95
   7       -7.039      37.12      39.69
   8       -7.019      43.98      45.78
   9       -6.958      31.77      34.41
  10       -6.907      34.22      36.87
  11       -6.903      35.51      38.04
  12       -6.872       34.3      35.99
  13       -6.812      34.32      35.72
  14        -6.79       34.1      36.54
  15       -6.749      34.89      37.17
  16       -6.748      32.94      35.47
  17       -6.707      46.17       47.5
  18       -6.705      59.69      62.13
  19       -6.702      59.66      62.14
  20       -6.681      33.89      36.43
  21       -6.654      36.64      39.08
  22       -6.643      55.29      56.95
  23       -6.575      34.14      36.66
  24       -6.568      55.42      57.57
  25       -6.552       55.4      57.56
  26       -6.546      36.57      38.02
  27        -6.54      34.74      37.18
  28       -6.501      32.23      34.81
  29       -6.468      58.52      61.01
  30       -6.353      34.76      36.82
