AutoDock Vina v1.2.7-20-g93cdc3d-mod
#################################################################
# If you used AutoDock Vina in your work, please cite:          #
#                                                               #
# J. Eberhardt, D. Santos-Martins, A. F. Tillack, and S. Forli  #
# AutoDock Vina 1.2.0: New Docking Methods, Expanded Force      #
# Field, and Python Bindings, J. Chem. Inf. Model. (2021)       #
# DOI 10.1021/acs.jcim.1c00203                                  #
#                                                               #
# O. Trott, A. J. Olson,                                        #
# AutoDock Vina: improving the speed and accuracy of docking    #
# with a new scoring function, efficient optimization and       #
# multithreading, J. Comp. Chem. (2010)                         #
# DOI 10.1002/jcc.21334                                         #
#                                                               #
# Please see https://github.com/ccsb-scripps/AutoDock-Vina for  #
# more information.                                             #
#################################################################

Scoring function : vina
Rigid receptor: /home/manndo/master_dev/docking_ready_mgltools/Orai1WT-MDSnap-Fr300.pdbqt
Ligand: /home/manndo/master_dev/docking_read_obabel/Synta-66-OPT-Singlet.pdbqt
Grid center: X 0.243 Y 9.688 Z -5.805
Grid size  : X 100.3 Y 100.9 Z 106.7
Grid space : 0.375
Exhaustiveness: 32
CPU: 0
Verbosity: 1

WARNING: Search space volume is greater than 27000 Angstrom^3 (See FAQ)
Computing Vina grid ... done.
Performing docking (random seed: -246380898) ... 
0%   10   20   30   40   50   60   70   80   90   100%
|----|----|----|----|----|----|----|----|----|----|
***************************************************

mode |   affinity | dist from best mode
     | (kcal/mol) | rmsd l.b.| rmsd u.b.
-----+------------+----------+----------
   1       -8.808          0          0
   2       -8.752      2.246      3.198
   3       -8.714      24.25      29.04
   4       -8.692       24.2      28.96
   5       -8.659      46.99      48.76
   6       -8.641      25.59      29.21
   7       -8.605      2.977      4.669
   8       -8.431      27.78      31.35
   9       -8.361      19.42      22.83
  10       -8.335      47.22      49.29
  11       -8.301      19.52      22.82
  12       -8.209      49.33       52.2
  13       -8.066      47.89      50.36
  14       -8.044      17.71      20.93
  15       -8.037         38      40.63
  16       -7.945      47.07      49.53
  17       -7.941      41.22      43.34
  18       -7.895      8.474      13.33
  19       -7.876      8.959      13.77
  20       -7.849      46.41      48.02
  21       -7.841      7.893      11.14
  22       -7.732      42.73      47.34
  23       -7.723      43.23      48.25
  24        -7.72      37.13      39.85
  25       -7.699      41.77      47.11
  26       -7.693      47.88      51.11
  27       -7.687       8.17      12.74
  28       -7.665      45.23      50.03
  29       -7.619      37.09      40.41
  30        -7.61      26.13       28.7
