AutoDock Vina v1.2.7-20-g93cdc3d-mod
#################################################################
# If you used AutoDock Vina in your work, please cite:          #
#                                                               #
# J. Eberhardt, D. Santos-Martins, A. F. Tillack, and S. Forli  #
# AutoDock Vina 1.2.0: New Docking Methods, Expanded Force      #
# Field, and Python Bindings, J. Chem. Inf. Model. (2021)       #
# DOI 10.1021/acs.jcim.1c00203                                  #
#                                                               #
# O. Trott, A. J. Olson,                                        #
# AutoDock Vina: improving the speed and accuracy of docking    #
# with a new scoring function, efficient optimization and       #
# multithreading, J. Comp. Chem. (2010)                         #
# DOI 10.1002/jcc.21334                                         #
#                                                               #
# Please see https://github.com/ccsb-scripps/AutoDock-Vina for  #
# more information.                                             #
#################################################################

Scoring function : vina
Rigid receptor: /home/manndo/master_dev/docking_ready_mgltools/Orai1WT-MDSnap-Fr499_cleaned.pdbqt
Ligand: /home/manndo/master_dev/docking_read_obabel/2abp-nh2-OPT.pdbqt
Grid center: X -0.909 Y 9.322 Z -7.541
Grid size  : X 101.6 Y 101.1 Z 106.2
Grid space : 0.375
Exhaustiveness: 32
CPU: 0
Verbosity: 1

WARNING: Search space volume is greater than 27000 Angstrom^3 (See FAQ)
Computing Vina grid ... done.
Performing docking (random seed: 1375622479) ... 
0%   10   20   30   40   50   60   70   80   90   100%
|----|----|----|----|----|----|----|----|----|----|
***************************************************

mode |   affinity | dist from best mode
     | (kcal/mol) | rmsd l.b.| rmsd u.b.
-----+------------+----------+----------
   1       -6.443          0          0
   2       -6.335      49.81      51.28
   3        -6.17      43.98      45.59
   4       -6.118      25.45      27.56
   5       -6.104      46.57         48
   6       -6.101      26.73      27.62
   7       -5.949      26.86      27.96
   8       -5.937      49.55      50.98
   9       -5.909      46.44      47.77
  10       -5.898      46.33      47.66
  11       -5.888      44.67      46.83
  12        -5.85      52.17       54.6
  13       -5.845      43.74      45.68
  14       -5.832      44.46      46.48
  15       -5.801       51.5      53.89
  16       -5.789      26.93      27.86
  17       -5.778      52.17      54.45
  18       -5.748      23.09      26.53
  19       -5.733      51.12      52.42
  20       -5.719      20.25      22.21
  21       -5.684       62.3       64.9
  22       -5.669      43.92      45.48
  23       -5.667      43.09       45.7
  24       -5.659       41.1      43.46
  25       -5.655      43.94      46.21
  26       -5.629      20.27      22.22
  27       -5.597      44.15      46.42
  28       -5.589      27.36      28.68
  29       -5.515      44.42      45.74
  30       -5.493      24.96      26.95
