AutoDock Vina v1.2.7-20-g93cdc3d-mod
#################################################################
# If you used AutoDock Vina in your work, please cite:          #
#                                                               #
# J. Eberhardt, D. Santos-Martins, A. F. Tillack, and S. Forli  #
# AutoDock Vina 1.2.0: New Docking Methods, Expanded Force      #
# Field, and Python Bindings, J. Chem. Inf. Model. (2021)       #
# DOI 10.1021/acs.jcim.1c00203                                  #
#                                                               #
# O. Trott, A. J. Olson,                                        #
# AutoDock Vina: improving the speed and accuracy of docking    #
# with a new scoring function, efficient optimization and       #
# multithreading, J. Comp. Chem. (2010)                         #
# DOI 10.1002/jcc.21334                                         #
#                                                               #
# Please see https://github.com/ccsb-scripps/AutoDock-Vina for  #
# more information.                                             #
#################################################################

Scoring function : vina
Rigid receptor: /home/manndo/master_dev/docking_ready_mgltools/Orai1WT-MDSnap-Fr499_cleaned.pdbqt
Ligand: /home/manndo/master_dev/docking_read_obabel/gsk7975a-prot-OPT.pdbqt
Grid center: X -0.909 Y 9.322 Z -7.541
Grid size  : X 101.6 Y 101.1 Z 106.2
Grid space : 0.375
Exhaustiveness: 32
CPU: 0
Verbosity: 1

WARNING: Search space volume is greater than 27000 Angstrom^3 (See FAQ)
Computing Vina grid ... done.
Performing docking (random seed: 1029821080) ... 
0%   10   20   30   40   50   60   70   80   90   100%
|----|----|----|----|----|----|----|----|----|----|
***************************************************

mode |   affinity | dist from best mode
     | (kcal/mol) | rmsd l.b.| rmsd u.b.
-----+------------+----------+----------
   1       -9.974          0          0
   2       -9.815      47.06      49.32
   3       -9.609      47.44       49.7
   4       -9.549      3.502      4.754
   5       -9.543      47.14      49.35
   6        -9.49      3.075      4.006
   7       -9.457      23.65      25.97
   8       -9.431      2.699      3.499
   9       -9.373      3.149      4.833
  10       -9.358      3.854      5.428
  11       -9.317       2.16      8.769
  12       -9.197      33.62      36.85
  13       -9.137      2.269      9.136
  14       -9.039      3.899      5.619
  15       -8.991      33.32      37.22
  16       -8.952      33.24      36.55
  17        -8.95      31.02      32.47
  18       -8.949      43.61      46.96
  19       -8.927      47.15       49.4
  20       -8.806      35.23      37.46
  21         -8.8      43.44       45.1
  22       -8.765      48.17      50.22
  23       -8.738      24.08      26.32
  24       -8.699       44.9       46.8
  25       -8.694      39.13      42.13
  26       -8.691      3.863      5.827
  27       -8.676      59.86      62.08
  28       -8.664      2.143      9.105
  29       -8.638      30.95       32.5
  30       -8.618       33.7      36.86
