AutoDock Vina v1.2.7-20-g93cdc3d-mod
#################################################################
# If you used AutoDock Vina in your work, please cite:          #
#                                                               #
# J. Eberhardt, D. Santos-Martins, A. F. Tillack, and S. Forli  #
# AutoDock Vina 1.2.0: New Docking Methods, Expanded Force      #
# Field, and Python Bindings, J. Chem. Inf. Model. (2021)       #
# DOI 10.1021/acs.jcim.1c00203                                  #
#                                                               #
# O. Trott, A. J. Olson,                                        #
# AutoDock Vina: improving the speed and accuracy of docking    #
# with a new scoring function, efficient optimization and       #
# multithreading, J. Comp. Chem. (2010)                         #
# DOI 10.1002/jcc.21334                                         #
#                                                               #
# Please see https://github.com/ccsb-scripps/AutoDock-Vina for  #
# more information.                                             #
#################################################################

Scoring function : vina
Rigid receptor: /home/manndo/master_dev/docking_ready_mgltools/Orai1WT-START-Fr0_cleaned.pdbqt
Ligand: /home/manndo/master_dev/docking_read_obabel/gsk7975a-prot-OPT.pdbqt
Grid center: X 3.87 Y 6.608 Z 1.255
Grid size  : X 103.2 Y 97.2 Z 97
Grid space : 0.375
Exhaustiveness: 32
CPU: 0
Verbosity: 1

WARNING: Search space volume is greater than 27000 Angstrom^3 (See FAQ)
Computing Vina grid ... done.
Performing docking (random seed: -1060204242) ... 
0%   10   20   30   40   50   60   70   80   90   100%
|----|----|----|----|----|----|----|----|----|----|
***************************************************

mode |   affinity | dist from best mode
     | (kcal/mol) | rmsd l.b.| rmsd u.b.
-----+------------+----------+----------
   1       -10.73          0          0
   2       -10.63      41.72      44.12
   3       -10.34      41.73      44.05
   4       -9.875       41.3      43.88
   5       -9.864      42.27      44.76
   6       -9.804      1.361      2.319
   7       -9.799       2.84      3.612
   8       -9.735      2.581      8.339
   9        -9.61      2.449      8.299
  10       -9.607      41.53         44
  11       -9.531      41.99      44.35
  12       -9.473      2.683      8.469
  13       -9.422       41.5      43.81
  14       -9.419      43.41      45.96
  15       -9.281       2.51      3.237
  16       -9.148      1.873       2.12
  17        -8.94      2.935      4.157
  18       -8.924      2.489      3.544
  19       -8.877      43.21      45.79
  20       -8.816      49.74      52.82
  21       -8.781      13.45      16.33
  22       -8.575      41.39       45.5
  23       -8.536      42.11      43.82
  24       -8.523       37.9      41.16
  25       -8.492      42.73      45.31
  26       -8.477      36.49      39.14
  27       -8.437      13.88      16.66
  28       -8.433      41.84      45.54
  29       -8.414       37.5      40.68
  30       -8.383      11.75      12.86
