AutoDock Vina v1.2.7-20-g93cdc3d-mod
#################################################################
# If you used AutoDock Vina in your work, please cite:          #
#                                                               #
# J. Eberhardt, D. Santos-Martins, A. F. Tillack, and S. Forli  #
# AutoDock Vina 1.2.0: New Docking Methods, Expanded Force      #
# Field, and Python Bindings, J. Chem. Inf. Model. (2021)       #
# DOI 10.1021/acs.jcim.1c00203                                  #
#                                                               #
# O. Trott, A. J. Olson,                                        #
# AutoDock Vina: improving the speed and accuracy of docking    #
# with a new scoring function, efficient optimization and       #
# multithreading, J. Comp. Chem. (2010)                         #
# DOI 10.1002/jcc.21334                                         #
#                                                               #
# Please see https://github.com/ccsb-scripps/AutoDock-Vina for  #
# more information.                                             #
#################################################################

Scoring function : vina
Rigid receptor: /home/manndo/master_dev/docking_ready_mgltools/Orai1WT-MDSnap-Fr400.pdbqt
Ligand: /home/manndo/master_dev/docking_read_obabel/2abp-nh2-OPT.pdbqt
Grid center: X -0.387 Y 9.898 Z -6.482
Grid size  : X 101.6 Y 100.6 Z 106.7
Grid space : 0.375
Exhaustiveness: 32
CPU: 0
Verbosity: 1

WARNING: Search space volume is greater than 27000 Angstrom^3 (See FAQ)
Computing Vina grid ... done.
Performing docking (random seed: -235128193) ... 
0%   10   20   30   40   50   60   70   80   90   100%
|----|----|----|----|----|----|----|----|----|----|
***************************************************

mode |   affinity | dist from best mode
     | (kcal/mol) | rmsd l.b.| rmsd u.b.
-----+------------+----------+----------
   1       -6.708          0          0
   2         -6.6      4.944      7.124
   3       -6.573      34.24      35.88
   4       -6.536      34.26       36.2
   5       -6.478      4.887       8.25
   6       -6.475      32.62      33.65
   7        -6.47      27.07       29.1
   8       -6.451      1.617       2.02
   9       -6.381      26.93      28.82
  10       -6.367       26.7      29.67
  11       -6.356      5.533      7.621
  12       -6.346      26.88      28.96
  13       -6.333      27.64      29.32
  14       -6.332      11.46      13.28
  15       -6.255      26.74      28.61
  16       -6.208      7.389      9.338
  17       -6.157       34.7      36.65
  18       -6.144      30.98      32.39
  19       -6.123      28.13      30.76
  20       -6.119      32.55      33.59
  21       -6.072      30.82      32.22
  22       -6.006      10.94      13.77
  23           -6      30.63      31.85
  24       -5.927       18.7      20.28
  25       -5.897       19.8      21.48
  26       -5.857      26.69       28.8
  27       -5.848      24.88      26.36
  28       -5.846      18.78      20.81
  29       -5.825      28.74       31.1
  30       -5.753      38.55      40.25
