AutoDock Vina v1.2.7-20-g93cdc3d-mod
#################################################################
# If you used AutoDock Vina in your work, please cite:          #
#                                                               #
# J. Eberhardt, D. Santos-Martins, A. F. Tillack, and S. Forli  #
# AutoDock Vina 1.2.0: New Docking Methods, Expanded Force      #
# Field, and Python Bindings, J. Chem. Inf. Model. (2021)       #
# DOI 10.1021/acs.jcim.1c00203                                  #
#                                                               #
# O. Trott, A. J. Olson,                                        #
# AutoDock Vina: improving the speed and accuracy of docking    #
# with a new scoring function, efficient optimization and       #
# multithreading, J. Comp. Chem. (2010)                         #
# DOI 10.1002/jcc.21334                                         #
#                                                               #
# Please see https://github.com/ccsb-scripps/AutoDock-Vina for  #
# more information.                                             #
#################################################################

Scoring function : vina
Rigid receptor: /home/manndo/master_dev/docking_ready_mgltools/Orai1WT-MDSnap-Fr300.pdbqt
Ligand: /home/manndo/master_dev/docking_read_obabel/2abp-nh2-OPT.pdbqt
Grid center: X 0.243 Y 9.688 Z -5.805
Grid size  : X 100.3 Y 100.9 Z 106.7
Grid space : 0.375
Exhaustiveness: 32
CPU: 0
Verbosity: 1

WARNING: Search space volume is greater than 27000 Angstrom^3 (See FAQ)
Computing Vina grid ... done.
Performing docking (random seed: 865617948) ... 
0%   10   20   30   40   50   60   70   80   90   100%
|----|----|----|----|----|----|----|----|----|----|
***************************************************

mode |   affinity | dist from best mode
     | (kcal/mol) | rmsd l.b.| rmsd u.b.
-----+------------+----------+----------
   1        -6.76          0          0
   2       -6.723         69      70.48
   3       -6.678      69.02      70.56
   4       -6.655      32.47      33.89
   5       -6.622      32.86      35.01
   6       -6.616      41.44      43.45
   7       -6.584      57.05      58.61
   8       -6.465      57.84      59.38
   9       -6.455      33.01      35.24
  10       -6.428      41.58      43.57
  11       -6.381      40.98      42.96
  12        -6.38      59.31      60.81
  13       -6.362      59.33      60.86
  14       -6.329      19.26      20.34
  15       -6.267      58.17      59.71
  16       -6.238      19.93      21.05
  17       -6.181      37.67      39.68
  18       -6.171      45.65      47.31
  19        -6.15      37.71      39.79
  20       -6.051      38.02      40.02
  21       -6.037      57.69      59.06
  22       -6.028      25.27      26.44
  23       -5.997      2.583       4.18
  24       -5.996      28.63      30.51
  25        -5.98      2.438      5.454
  26       -5.964      2.361      5.614
  27       -5.876       19.8      21.21
  28       -5.864      45.84      47.16
  29       -5.854      45.99       48.4
  30       -5.765      70.17      71.52
