AutoDock Vina v1.2.7-20-g93cdc3d-mod
#################################################################
# If you used AutoDock Vina in your work, please cite:          #
#                                                               #
# J. Eberhardt, D. Santos-Martins, A. F. Tillack, and S. Forli  #
# AutoDock Vina 1.2.0: New Docking Methods, Expanded Force      #
# Field, and Python Bindings, J. Chem. Inf. Model. (2021)       #
# DOI 10.1021/acs.jcim.1c00203                                  #
#                                                               #
# O. Trott, A. J. Olson,                                        #
# AutoDock Vina: improving the speed and accuracy of docking    #
# with a new scoring function, efficient optimization and       #
# multithreading, J. Comp. Chem. (2010)                         #
# DOI 10.1002/jcc.21334                                         #
#                                                               #
# Please see https://github.com/ccsb-scripps/AutoDock-Vina for  #
# more information.                                             #
#################################################################

Scoring function : vina
Rigid receptor: /home/manndo/master_dev/docking_read_obabel/Orai1WT-MDSnap-Fr400_cleaned_cleaned.pdbqt
Ligand: /home/manndo/master_dev/docking_read_obabel/2abp-nh2-OPT.pdbqt
Grid center: X 9.142 Y -11.475 Z -3.081
Grid size  : X 82.6 Y 57.8 Z 99.9
Grid space : 0.375
Exhaustiveness: 32
CPU: 0
Verbosity: 1

WARNING: Search space volume is greater than 27000 Angstrom^3 (See FAQ)
Computing Vina grid ... done.
Performing docking (random seed: -1341566004) ... 
0%   10   20   30   40   50   60   70   80   90   100%
|----|----|----|----|----|----|----|----|----|----|
***************************************************

mode |   affinity | dist from best mode
     | (kcal/mol) | rmsd l.b.| rmsd u.b.
-----+------------+----------+----------
   1       -6.864          0          0
   2       -6.314      2.055      4.137
   3       -6.172       1.99       3.89
   4       -5.972      3.518      5.194
   5       -5.833      3.686      6.611
   6       -5.789      3.677      5.306
   7       -5.752       4.29       7.06
   8       -5.724      3.669      6.333
   9        -5.69      27.84      30.08
  10       -5.604      2.147      2.894
  11       -5.587      4.386      6.104
  12        -5.53      24.42      26.71
  13       -5.518      27.51      29.99
  14       -5.481      25.61      27.86
  15        -5.45      25.48      27.96
  16       -5.425      13.89      16.57
  17       -5.378      13.72       16.1
  18        -5.36      25.05      27.16
  19       -5.357      24.81      26.62
  20         -5.3      25.99      29.08
  21        -5.24      18.63      20.73
  22       -5.233      14.04      16.72
  23       -5.207       4.16      5.853
  24       -5.203      17.61      19.84
  25         -5.2      18.67      20.29
  26       -5.187       13.7      15.15
  27       -5.167      13.87      15.19
  28        -5.14      40.91      42.03
  29       -5.127      13.43      15.13
  30       -5.101      14.06      16.18
