AutoDock Vina v1.2.7-20-g93cdc3d-mod
#################################################################
# If you used AutoDock Vina in your work, please cite:          #
#                                                               #
# J. Eberhardt, D. Santos-Martins, A. F. Tillack, and S. Forli  #
# AutoDock Vina 1.2.0: New Docking Methods, Expanded Force      #
# Field, and Python Bindings, J. Chem. Inf. Model. (2021)       #
# DOI 10.1021/acs.jcim.1c00203                                  #
#                                                               #
# O. Trott, A. J. Olson,                                        #
# AutoDock Vina: improving the speed and accuracy of docking    #
# with a new scoring function, efficient optimization and       #
# multithreading, J. Comp. Chem. (2010)                         #
# DOI 10.1002/jcc.21334                                         #
#                                                               #
# Please see https://github.com/ccsb-scripps/AutoDock-Vina for  #
# more information.                                             #
#################################################################

Scoring function : vina
Rigid receptor: /home/manndo/master_dev/docking_ready_mgltools/Orai1WT-MDSnap-Fr499_cleaned.pdbqt
Ligand: /home/manndo/master_dev/docking_read_obabel/Synta-66-OPT-Singlet.pdbqt
Grid center: X -0.909 Y 9.322 Z -7.541
Grid size  : X 101.6 Y 101.1 Z 106.2
Grid space : 0.375
Exhaustiveness: 32
CPU: 0
Verbosity: 1

WARNING: Search space volume is greater than 27000 Angstrom^3 (See FAQ)
Computing Vina grid ... done.
Performing docking (random seed: -437067859) ... 
0%   10   20   30   40   50   60   70   80   90   100%
|----|----|----|----|----|----|----|----|----|----|
***************************************************

mode |   affinity | dist from best mode
     | (kcal/mol) | rmsd l.b.| rmsd u.b.
-----+------------+----------+----------
   1       -9.184          0          0
   2       -9.102      3.241      9.435
   3       -8.826      3.305       9.72
   4       -8.442       3.33      5.325
   5       -8.055      2.719      4.767
   6       -7.871      32.64      35.95
   7       -7.834      58.67      60.79
   8       -7.791      50.08      53.69
   9       -7.784      36.12      38.91
  10        -7.75      28.48      30.95
  11        -7.72      52.48      54.79
  12       -7.701      23.72      26.24
  13       -7.672      32.52      35.95
  14       -7.667       27.4      30.08
  15       -7.667      28.96      31.44
  16       -7.569       54.4      56.85
  17       -7.569      29.56      31.72
  18       -7.554      26.24      29.52
  19       -7.526      48.13      52.32
  20       -7.522      32.19      37.52
  21       -7.498      24.02      26.47
  22       -7.394       36.1      38.02
  23       -7.386      29.57      31.53
  24       -7.381      55.16      57.71
  25       -7.368      30.08      32.15
  26        -7.35      36.83      39.67
  27        -7.33      30.44      31.96
  28       -7.317      25.73      28.76
  29       -7.313      29.24      33.89
  30       -7.301      34.44      37.49
