AutoDock Vina v1.2.7-20-g93cdc3d-mod
#################################################################
# If you used AutoDock Vina in your work, please cite:          #
#                                                               #
# J. Eberhardt, D. Santos-Martins, A. F. Tillack, and S. Forli  #
# AutoDock Vina 1.2.0: New Docking Methods, Expanded Force      #
# Field, and Python Bindings, J. Chem. Inf. Model. (2021)       #
# DOI 10.1021/acs.jcim.1c00203                                  #
#                                                               #
# O. Trott, A. J. Olson,                                        #
# AutoDock Vina: improving the speed and accuracy of docking    #
# with a new scoring function, efficient optimization and       #
# multithreading, J. Comp. Chem. (2010)                         #
# DOI 10.1002/jcc.21334                                         #
#                                                               #
# Please see https://github.com/ccsb-scripps/AutoDock-Vina for  #
# more information.                                             #
#################################################################

Scoring function : vina
Rigid receptor: /home/manndo/master_dev/docking_ready_mgltools/Orai1WT-START-Fr0.pdbqt
Ligand: /home/manndo/master_dev/docking_read_obabel/gsk7975a-deprot-OPT.pdbqt
Grid center: X 3.87 Y 6.608 Z 1.255
Grid size  : X 103.2 Y 97.2 Z 97
Grid space : 0.375
Exhaustiveness: 32
CPU: 0
Verbosity: 1

WARNING: Search space volume is greater than 27000 Angstrom^3 (See FAQ)
Computing Vina grid ... done.
Performing docking (random seed: -851679240) ... 
0%   10   20   30   40   50   60   70   80   90   100%
|----|----|----|----|----|----|----|----|----|----|
***************************************************

mode |   affinity | dist from best mode
     | (kcal/mol) | rmsd l.b.| rmsd u.b.
-----+------------+----------+----------
   1       -10.56          0          0
   2       -10.49      41.65      44.04
   3       -10.38      23.46      26.51
   4       -10.25      41.46      43.84
   5       -10.24      42.97      45.57
   6       -9.973      23.69      25.43
   7       -9.946      42.45      45.15
   8       -9.916      41.22      43.59
   9        -9.91      2.696       8.16
  10       -9.892      2.447      3.371
  11       -9.835      42.25      44.72
  12       -9.725      2.955          4
  13       -9.719      43.09      44.99
  14       -9.593      42.95      44.71
  15       -9.581      41.71      43.65
  16       -9.557      1.767      2.117
  17        -9.48      24.09      26.19
  18       -9.471      41.85      43.53
  19       -9.286      41.98      43.94
  20       -9.178      43.11      45.74
  21       -9.156       2.94      8.116
  22       -9.131       2.04      2.997
  23       -9.062      37.65      41.03
  24       -9.053      49.41      52.48
  25       -9.037      3.052      8.138
  26       -9.017      13.43      16.34
  27       -9.009      42.37      45.13
  28       -8.976      24.57      26.98
  29       -8.856       43.2      45.83
  30        -8.77      3.076      8.259
