AutoDock Vina v1.2.7-20-g93cdc3d-mod
#################################################################
# If you used AutoDock Vina in your work, please cite:          #
#                                                               #
# J. Eberhardt, D. Santos-Martins, A. F. Tillack, and S. Forli  #
# AutoDock Vina 1.2.0: New Docking Methods, Expanded Force      #
# Field, and Python Bindings, J. Chem. Inf. Model. (2021)       #
# DOI 10.1021/acs.jcim.1c00203                                  #
#                                                               #
# O. Trott, A. J. Olson,                                        #
# AutoDock Vina: improving the speed and accuracy of docking    #
# with a new scoring function, efficient optimization and       #
# multithreading, J. Comp. Chem. (2010)                         #
# DOI 10.1002/jcc.21334                                         #
#                                                               #
# Please see https://github.com/ccsb-scripps/AutoDock-Vina for  #
# more information.                                             #
#################################################################

Scoring function : vina
Rigid receptor: /home/manndo/master_dev/docking_ready_mgltools/Orai1WT-MDSnap-Fr400_cleaned.pdbqt
Ligand: /home/manndo/master_dev/docking_read_obabel/Synta-66-OPT-Singlet.pdbqt
Grid center: X -0.387 Y 9.898 Z -6.482
Grid size  : X 101.6 Y 100.6 Z 106.7
Grid space : 0.375
Exhaustiveness: 32
CPU: 0
Verbosity: 1

WARNING: Search space volume is greater than 27000 Angstrom^3 (See FAQ)
Computing Vina grid ... done.
Performing docking (random seed: 1287490526) ... 
0%   10   20   30   40   50   60   70   80   90   100%
|----|----|----|----|----|----|----|----|----|----|
***************************************************

mode |   affinity | dist from best mode
     | (kcal/mol) | rmsd l.b.| rmsd u.b.
-----+------------+----------+----------
   1       -9.139          0          0
   2       -9.026      46.95      49.18
   3       -8.947      3.306      9.312
   4       -8.935      47.27      49.41
   5       -8.704      31.43      36.03
   6       -8.685      31.05      35.76
   7        -8.61      3.407       9.35
   8       -8.563      27.97       30.1
   9       -8.478      30.57      32.32
  10        -8.36      30.62       32.5
  11       -8.349      26.77      29.53
  12       -8.347       27.6      29.83
  13       -8.323      26.55       31.4
  14       -8.311      28.44       30.3
  15       -8.232      28.57      32.53
  16       -8.163      22.05      26.46
  17        -8.16      23.33      24.64
  18       -8.136      27.75      30.73
  19       -8.107      50.19      52.16
  20        -8.03      60.72      62.44
  21       -7.999      28.93      31.45
  22       -7.988      23.32      24.62
  23       -7.975      3.057      5.415
  24       -7.962      36.87      39.61
  25       -7.934      28.51      32.64
  26       -7.915      53.42      55.54
  27       -7.886      4.193      5.746
  28       -7.799      52.51      54.48
  29       -7.796      22.11      26.55
  30       -7.782      32.81      37.09
