AutoDock Vina v1.2.7-20-g93cdc3d-mod
#################################################################
# If you used AutoDock Vina in your work, please cite:          #
#                                                               #
# J. Eberhardt, D. Santos-Martins, A. F. Tillack, and S. Forli  #
# AutoDock Vina 1.2.0: New Docking Methods, Expanded Force      #
# Field, and Python Bindings, J. Chem. Inf. Model. (2021)       #
# DOI 10.1021/acs.jcim.1c00203                                  #
#                                                               #
# O. Trott, A. J. Olson,                                        #
# AutoDock Vina: improving the speed and accuracy of docking    #
# with a new scoring function, efficient optimization and       #
# multithreading, J. Comp. Chem. (2010)                         #
# DOI 10.1002/jcc.21334                                         #
#                                                               #
# Please see https://github.com/ccsb-scripps/AutoDock-Vina for  #
# more information.                                             #
#################################################################

Scoring function : vina
Rigid receptor: /home/manndo/master_dev/docking_ready_mgltools/Orai1WT-MDSnap-Fr499.pdbqt
Ligand: /home/manndo/master_dev/docking_read_obabel/Synta-66-OPT-Singlet.pdbqt
Grid center: X -0.909 Y 9.322 Z -7.541
Grid size  : X 101.6 Y 101.1 Z 106.2
Grid space : 0.375
Exhaustiveness: 32
CPU: 0
Verbosity: 1

WARNING: Search space volume is greater than 27000 Angstrom^3 (See FAQ)
Computing Vina grid ... done.
Performing docking (random seed: 1003412947) ... 
0%   10   20   30   40   50   60   70   80   90   100%
|----|----|----|----|----|----|----|----|----|----|
***************************************************

mode |   affinity | dist from best mode
     | (kcal/mol) | rmsd l.b.| rmsd u.b.
-----+------------+----------+----------
   1       -9.043          0          0
   2       -8.714      3.637      9.885
   3       -8.563       46.3      48.26
   4       -8.523      3.712      10.39
   5       -8.429      1.095      2.492
   6       -8.041      2.482      3.686
   7       -8.011      49.92      52.24
   8           -8      31.51      34.99
   9       -7.942      49.87      52.13
  10       -7.855      28.19      29.09
  11       -7.846      4.165      11.32
  12       -7.776      36.18      41.34
  13       -7.749      53.47      57.22
  14       -7.714      44.12      45.57
  15       -7.702      53.75      59.73
  16       -7.657      60.05      63.34
  17       -7.657      43.02       44.5
  18       -7.645      60.82      63.52
  19       -7.636      27.69      30.22
  20       -7.634      25.95      29.36
  21       -7.584      17.45      18.58
  22       -7.565      60.36      63.22
  23       -7.523      5.828      8.186
  24       -7.511      27.54      30.01
  25       -7.508      44.52      46.49
  26       -7.433      54.43       60.4
  27       -7.419      49.87      52.23
  28       -7.414      4.953      9.387
  29       -7.381      50.25      52.62
  30       -7.332      28.66      30.47
