AutoDock Vina v1.2.7-20-g93cdc3d-mod
#################################################################
# If you used AutoDock Vina in your work, please cite:          #
#                                                               #
# J. Eberhardt, D. Santos-Martins, A. F. Tillack, and S. Forli  #
# AutoDock Vina 1.2.0: New Docking Methods, Expanded Force      #
# Field, and Python Bindings, J. Chem. Inf. Model. (2021)       #
# DOI 10.1021/acs.jcim.1c00203                                  #
#                                                               #
# O. Trott, A. J. Olson,                                        #
# AutoDock Vina: improving the speed and accuracy of docking    #
# with a new scoring function, efficient optimization and       #
# multithreading, J. Comp. Chem. (2010)                         #
# DOI 10.1002/jcc.21334                                         #
#                                                               #
# Please see https://github.com/ccsb-scripps/AutoDock-Vina for  #
# more information.                                             #
#################################################################

Scoring function : vina
Rigid receptor: /home/manndo/master_dev/docking_ready_mgltools/Orai1WT-MDSnap-Fr300.pdbqt
Ligand: /home/manndo/master_dev/docking_read_obabel/gsk7975a-deprot-OPT.pdbqt
Grid center: X 0.243 Y 9.688 Z -5.805
Grid size  : X 100.3 Y 100.9 Z 106.7
Grid space : 0.375
Exhaustiveness: 32
CPU: 0
Verbosity: 1

WARNING: Search space volume is greater than 27000 Angstrom^3 (See FAQ)
Computing Vina grid ... done.
Performing docking (random seed: 1679109206) ... 
0%   10   20   30   40   50   60   70   80   90   100%
|----|----|----|----|----|----|----|----|----|----|
***************************************************

mode |   affinity | dist from best mode
     | (kcal/mol) | rmsd l.b.| rmsd u.b.
-----+------------+----------+----------
   1       -9.829          0          0
   2       -9.644      56.23      59.17
   3       -9.602       3.31      4.724
   4         -9.5      17.17      19.45
   5       -9.382      2.636      8.529
   6       -9.203      30.86      34.34
   7       -9.133         19      20.53
   8       -9.072      22.64      26.39
   9       -9.048      30.91      34.47
  10        -8.91      4.017      8.608
  11       -8.897      4.052      8.601
  12       -8.873      4.382      8.748
  13       -8.835      28.38      31.86
  14       -8.724      28.84       32.2
  15       -8.695      49.27      52.55
  16        -8.67      28.74      32.92
  17       -8.637      31.16      34.69
  18       -8.594      3.094      8.916
  19       -8.584      32.68      35.55
  20       -8.552       29.9      34.18
  21       -8.519      4.515       8.87
  22       -8.519      22.83      26.56
  23       -8.509       33.4      37.61
  24       -8.487      23.34      26.27
  25       -8.482      22.51      25.47
  26        -8.46      28.61      32.01
  27       -8.398      49.71      52.61
  28       -8.354      45.97      49.55
  29       -8.351      25.75      28.47
  30       -8.305      12.44      13.45
