AutoDock Vina v1.2.7-20-g93cdc3d-mod
#################################################################
# If you used AutoDock Vina in your work, please cite:          #
#                                                               #
# J. Eberhardt, D. Santos-Martins, A. F. Tillack, and S. Forli  #
# AutoDock Vina 1.2.0: New Docking Methods, Expanded Force      #
# Field, and Python Bindings, J. Chem. Inf. Model. (2021)       #
# DOI 10.1021/acs.jcim.1c00203                                  #
#                                                               #
# O. Trott, A. J. Olson,                                        #
# AutoDock Vina: improving the speed and accuracy of docking    #
# with a new scoring function, efficient optimization and       #
# multithreading, J. Comp. Chem. (2010)                         #
# DOI 10.1002/jcc.21334                                         #
#                                                               #
# Please see https://github.com/ccsb-scripps/AutoDock-Vina for  #
# more information.                                             #
#################################################################

Scoring function : vina
Rigid receptor: /home/manndo/master_dev/docking_ready_mgltools/Orai1WT-START-Fr0_cleaned.pdbqt
Ligand: /home/manndo/master_dev/docking_read_obabel/gsk7975a-deprot-OPT.pdbqt
Grid center: X 3.87 Y 6.608 Z 1.255
Grid size  : X 103.2 Y 97.2 Z 97
Grid space : 0.375
Exhaustiveness: 32
CPU: 0
Verbosity: 1

WARNING: Search space volume is greater than 27000 Angstrom^3 (See FAQ)
Computing Vina grid ... done.
Performing docking (random seed: -2061145013) ... 
0%   10   20   30   40   50   60   70   80   90   100%
|----|----|----|----|----|----|----|----|----|----|
***************************************************

mode |   affinity | dist from best mode
     | (kcal/mol) | rmsd l.b.| rmsd u.b.
-----+------------+----------+----------
   1       -10.58          0          0
   2       -10.57      35.22      38.38
   3       -10.55      3.741      4.862
   4       -10.53        3.5      4.026
   5       -10.48      2.209      2.707
   6       -10.48      31.86      37.09
   7       -10.43      3.644      4.211
   8       -10.39       2.19      2.597
   9       -10.37      32.02      37.25
  10       -10.17       33.3      37.78
  11       -10.13      2.682      3.577
  12       -10.08      33.23      37.39
  13       -10.04      36.86      39.43
  14       -9.994      32.73       37.2
  15       -9.987      35.84      39.08
  16       -9.962      34.65      37.82
  17       -9.914      32.83      36.78
  18       -9.714       34.3      37.87
  19       -9.604      1.909      2.618
  20       -9.591      32.65       37.1
  21       -9.556      5.141      7.589
  22       -9.392      31.88      36.08
  23       -9.345      5.434      7.615
  24       -9.295      35.51      38.16
  25       -9.234       34.2      37.79
  26       -9.221      35.78      38.47
  27       -9.128      32.69      36.82
  28       -9.046      33.25      37.08
  29       -9.015      33.96      37.65
  30       -8.957      35.01      38.42
