# 1 stage(s); 88 canonical outputs and 25 canonical trees checked; no emitted output touches any of them

== bench_metal_stratum ==
/home/manndo/anaconda3/envs/vina/bin/python Scripts/Analysis/metal_stratum.py \
    --benchmark-dir 'Data/PoseBuster Benchmark Set' \
    --ids-file posebusters_results/benchmark_matched_equibind/dock/pose_comparison_report_nearest/analysed_cohort_ids.txt \
    --per-pose-csv posebusters_results/benchmark_matched_equibind/dock/pose_comparison_report_nearest/per_pose_metrics.csv \
    --out-dir posebusters_results/metal_stratum_nearest \
    --arms autodock_mgltools_exh128_gnina diffdock_smina equibind_unguided_gnina \
    --cutoffs 4 5 6 \
    --overwrite
per-pose table reference convention: nearest
ids: 303 (posebusters_results/benchmark_matched_equibind/dock/pose_comparison_report_nearest/analysed_cohort_ids.txt)
  geometry 50/303
  geometry 100/303
  geometry 150/303
  geometry 200/303
  geometry 250/303
  geometry 300/303
  geometry 303/303
metal-adjacent counts: {'4A': 73, '5A': 78, '6A': 81}
copy-dependent complexes at primary cutoff: ['7JHQ_VAJ', '7TB0_UD1']

[instance] recovery at 5A
stratum                               metal_adjacent  metal_free
arm                            depth                            
autodock_mgltools_exh128_gnina 1                26.0        85.0
                               15               49.0       149.0
                               30               49.0       150.0
diffdock_smina                 1                14.0        89.0
                               15               33.0       134.0
                               30               33.0       136.0
equibind_unguided_gnina        1                16.0        39.0
                               15               19.0        61.0
                               30               19.0        61.0
 depth        stratum                            arm                   arm_b   k_a   k_b    diff_pp  n_a_only  n_b_only    p_mcnemar
     1     metal_free autodock_mgltools_exh128_gnina          diffdock_smina  85.0  89.0   1.777778      40.0      44.0 7.436442e-01
     1 metal_adjacent autodock_mgltools_exh128_gnina          diffdock_smina  26.0  14.0 -15.384615      20.0       8.0 3.569814e-02
     1     metal_free autodock_mgltools_exh128_gnina equibind_unguided_gnina  85.0  39.0 -20.444444      60.0      14.0 6.221761e-08
     1 metal_adjacent autodock_mgltools_exh128_gnina equibind_unguided_gnina  26.0  16.0 -12.820513      16.0       6.0 5.247879e-02
     1     metal_free                 diffdock_smina equibind_unguided_gnina  89.0  39.0 -22.222222      57.0       7.0 7.638141e-11
     1 metal_adjacent                 diffdock_smina equibind_unguided_gnina  14.0  16.0   2.564103       9.0      11.0 8.238029e-01
    15     metal_free autodock_mgltools_exh128_gnina          diffdock_smina 149.0 134.0  -6.666667      53.0      38.0 1.417934e-01
    15 metal_adjacent autodock_mgltools_exh128_gnina          diffdock_smina  49.0  33.0 -20.512821      29.0      13.0 1.952047e-02
    15     metal_free autodock_mgltools_exh128_gnina equibind_unguided_gnina 149.0  61.0 -39.111111     100.0      12.0 1.927582e-18
    15 metal_adjacent autodock_mgltools_exh128_gnina equibind_unguided_gnina  49.0  19.0 -38.461538      32.0       2.0 6.938353e-08
    15     metal_free                 diffdock_smina equibind_unguided_gnina 134.0  61.0 -32.444444      84.0      11.0 4.518446e-15
    15 metal_adjacent                 diffdock_smina equibind_unguided_gnina  33.0  19.0 -17.948718      21.0       7.0 1.254095e-02
    30     metal_free autodock_mgltools_exh128_gnina          diffdock_smina 150.0 136.0  -6.222222      52.0      38.0 1.702424e-01
    30 metal_adjacent autodock_mgltools_exh128_gnina          diffdock_smina  49.0  33.0 -20.512821      29.0      13.0 1.952047e-02
    30     metal_free autodock_mgltools_exh128_gnina equibind_unguided_gnina 150.0  61.0 -39.555556     101.0      12.0 1.076917e-18
    30 metal_adjacent autodock_mgltools_exh128_gnina equibind_unguided_gnina  49.0  19.0 -38.461538      32.0       2.0 6.938353e-08
    30     metal_free                 diffdock_smina equibind_unguided_gnina 136.0  61.0 -33.333333      86.0      11.0 1.434244e-15
    30 metal_adjacent                 diffdock_smina equibind_unguided_gnina  33.0  19.0 -17.948718      21.0       7.0 1.254095e-02

[nearest] recovery at 5A
stratum                               metal_adjacent  metal_free
arm                            depth                            
autodock_mgltools_exh128_gnina 1                34.0       115.0
                               15               53.0       160.0
                               30               53.0       161.0
diffdock_smina                 1                21.0       111.0
                               15               38.0       141.0
                               30               38.0       145.0
equibind_unguided_gnina        1                16.0        41.0
                               15               20.0        63.0
                               30               20.0        63.0
 depth        stratum                            arm                   arm_b   k_a   k_b    diff_pp  n_a_only  n_b_only    p_mcnemar
     1     metal_free autodock_mgltools_exh128_gnina          diffdock_smina 115.0 111.0  -1.777778      49.0      45.0 7.571891e-01
     1 metal_adjacent autodock_mgltools_exh128_gnina          diffdock_smina  34.0  21.0 -16.666667      24.0      11.0 4.095959e-02
     1     metal_free autodock_mgltools_exh128_gnina equibind_unguided_gnina 115.0  41.0 -32.888889      88.0      14.0 2.775388e-14
     1 metal_adjacent autodock_mgltools_exh128_gnina equibind_unguided_gnina  34.0  16.0 -23.076923      24.0       6.0 1.430906e-03
     1     metal_free                 diffdock_smina equibind_unguided_gnina 111.0  41.0 -31.111111      78.0       8.0 1.523583e-15
     1 metal_adjacent                 diffdock_smina equibind_unguided_gnina  21.0  16.0  -6.410256      16.0      11.0 4.420683e-01
    15     metal_free autodock_mgltools_exh128_gnina          diffdock_smina 160.0 141.0  -8.444444      54.0      35.0 5.577833e-02
    15 metal_adjacent autodock_mgltools_exh128_gnina          diffdock_smina  53.0  38.0 -19.230769      28.0      13.0 2.753316e-02
    15     metal_free autodock_mgltools_exh128_gnina equibind_unguided_gnina 160.0  63.0 -43.111111     109.0      12.0 9.869699e-21
    15 metal_adjacent autodock_mgltools_exh128_gnina equibind_unguided_gnina  53.0  20.0 -42.307692      35.0       2.0 1.024455e-08
    15     metal_free                 diffdock_smina equibind_unguided_gnina 141.0  63.0 -34.666667      89.0      11.0 2.540853e-16
    15 metal_adjacent                 diffdock_smina equibind_unguided_gnina  38.0  20.0 -23.076923      26.0       8.0 2.935056e-03
    30     metal_free autodock_mgltools_exh128_gnina          diffdock_smina 161.0 145.0  -7.111111      51.0      35.0 1.052254e-01
    30 metal_adjacent autodock_mgltools_exh128_gnina          diffdock_smina  53.0  38.0 -19.230769      28.0      13.0 2.753316e-02
    30     metal_free autodock_mgltools_exh128_gnina equibind_unguided_gnina 161.0  63.0 -43.555556     110.0      12.0 5.467316e-21
    30 metal_adjacent autodock_mgltools_exh128_gnina equibind_unguided_gnina  53.0  20.0 -42.307692      35.0       2.0 1.024455e-08
    30     metal_free                 diffdock_smina equibind_unguided_gnina 145.0  63.0 -36.444444      93.0      11.0 2.486625e-17
    30 metal_adjacent                 diffdock_smina equibind_unguided_gnina  38.0  20.0 -23.076923      26.0       8.0 2.935056e-03

wrote posebusters_results/metal_stratum_nearest/{metal_stratum.csv, metal_stratum_summary.json, metal_stratum_contrasts.csv}
== bench_metal_stratum exit 0 after 6.2 s
