/home/manndo/anaconda3/envs/diffdock/lib/python3.9/site-packages/Bio/pairwise2.py:278: BiopythonDeprecationWarning: Bio.pairwise2 has been deprecated, and we intend to remove it in a future release of Biopython. As an alternative, please consider using Bio.Align.PairwiseAligner as a replacement, and contact the Biopython developers if you still need the Bio.pairwise2 module.
  warnings.warn(
/home/manndo/docking_tools/DiffDock/inference.py:202: FutureWarning: You are using `torch.load` with `weights_only=False` (the current default value), which uses the default pickle module implicitly. It is possible to construct malicious pickle data which will execute arbitrary code during unpickling (See https://github.com/pytorch/pytorch/blob/main/SECURITY.md#untrusted-models for more details). In a future release, the default value for `weights_only` will be flipped to `True`. This limits the functions that could be executed during unpickling. Arbitrary objects will no longer be allowed to be loaded via this mode unless they are explicitly allowlisted by the user via `torch.serialization.add_safe_globals`. We recommend you start setting `weights_only=True` for any use case where you don't have full control of the loaded file. Please open an issue on GitHub for any issues related to this experimental feature.
  state_dict = torch.load(f'{args.model_dir}/{args.ckpt}', map_location=torch.device('cpu'))
/home/manndo/docking_tools/DiffDock/inference.py:210: FutureWarning: You are using `torch.load` with `weights_only=False` (the current default value), which uses the default pickle module implicitly. It is possible to construct malicious pickle data which will execute arbitrary code during unpickling (See https://github.com/pytorch/pytorch/blob/main/SECURITY.md#untrusted-models for more details). In a future release, the default value for `weights_only` will be flipped to `True`. This limits the functions that could be executed during unpickling. Arbitrary objects will no longer be allowed to be loaded via this mode unless they are explicitly allowlisted by the user via `torch.serialization.add_safe_globals`. We recommend you start setting `weights_only=True` for any use case where you don't have full control of the loaded file. Please open an issue on GitHub for any issues related to this experimental feature.
  state_dict = torch.load(f'{args.confidence_model_dir}/{args.confidence_ckpt}', map_location=torch.device('cpu'))

0it [00:00, ?it/s]/home/manndo/docking_tools/DiffDock/datasets/parse_chi.py:91: RuntimeWarning: invalid value encountered in cast
  Y = indices.astype(int)

1it [02:22, 142.79s/it][2026-Apr-30 03:22:39 CEST] WARNING -Complex ['7W6F_8I6_start_conf__Orai1WT-MDSnap-Fr499'] Batch 1 Inference Iteration 1: 3 / 10 samples failed
[2026-Apr-30 03:22:50 CEST] WARNING -Complex ['7W6F_8I6_start_conf__Orai1WT-MDSnap-Fr499'] Batch 1 Inference Iteration 2: 4 / 10 samples failed
[2026-Apr-30 03:22:52 CEST] WARNING -Complex ['7W6F_8I6_start_conf__Orai1WT-MDSnap-Fr499'] Batch 1 Inference Iteration 3: 8 / 10 samples failed
[2026-Apr-30 03:22:54 CEST] WARNING -Complex ['7W6F_8I6_start_conf__Orai1WT-MDSnap-Fr499'] Batch 1 Inference Iteration 4: 8 / 10 samples failed
[2026-Apr-30 03:22:55 CEST] WARNING -Complex ['7W6F_8I6_start_conf__Orai1WT-MDSnap-Fr499'] Batch 1 Inference Iteration 5: 8 / 10 samples failed
[2026-Apr-30 03:22:56 CEST] WARNING -Complex ['7W6F_8I6_start_conf__Orai1WT-MDSnap-Fr499'] Batch 1 Inference Iteration 6: 8 / 10 samples failed
[2026-Apr-30 03:22:57 CEST] WARNING -Complex ['7W6F_8I6_start_conf__Orai1WT-MDSnap-Fr499'] Batch 1 Inference Iteration 7: 8 / 10 samples failed
[2026-Apr-30 03:22:58 CEST] WARNING -Complex ['7W6F_8I6_start_conf__Orai1WT-MDSnap-Fr499'] Batch 1 Inference Iteration 8: 8 / 10 samples failed
[2026-Apr-30 03:22:58 CEST] WARNING -Complex ['7W6F_8I6_start_conf__Orai1WT-MDSnap-Fr499'] Batch 1 Inference Iteration 9: 8 / 10 samples failed
[2026-Apr-30 03:22:59 CEST] WARNING -Complex ['7W6F_8I6_start_conf__Orai1WT-MDSnap-Fr499'] Batch 1 Inference Iteration 10: 8 / 10 samples failed
[2026-Apr-30 03:23:00 CEST] WARNING -Complex ['7W6F_8I6_start_conf__Orai1WT-MDSnap-Fr499'] Batch 1 Inference Iteration 11: 8 / 10 samples failed
[2026-Apr-30 03:23:00 CEST] WARNING -Complex ['7W6F_8I6_start_conf__Orai1WT-MDSnap-Fr499'] Batch 1 Inference Iteration 12: 8 / 10 samples failed
[2026-Apr-30 03:23:01 CEST] WARNING -Complex ['7W6F_8I6_start_conf__Orai1WT-MDSnap-Fr499'] Batch 1 Inference Iteration 13: 8 / 10 samples failed
[2026-Apr-30 03:23:01 CEST] WARNING -Complex ['7W6F_8I6_start_conf__Orai1WT-MDSnap-Fr499'] Batch 1 Inference Iteration 14: 8 / 10 samples failed
[2026-Apr-30 03:23:01 CEST] WARNING -Complex ['7W6F_8I6_start_conf__Orai1WT-MDSnap-Fr499'] Batch 1 Inference Iteration 15: 8 / 10 samples failed
[2026-Apr-30 03:23:02 CEST] WARNING -Complex ['7W6F_8I6_start_conf__Orai1WT-MDSnap-Fr499'] Batch 1 Inference Iteration 16: 8 / 10 samples failed
[2026-Apr-30 03:23:02 CEST] WARNING -Complex ['7W6F_8I6_start_conf__Orai1WT-MDSnap-Fr499'] Batch 1 Inference Iteration 17: 8 / 10 samples failed
[2026-Apr-30 03:23:03 CEST] WARNING -Complex ['7W6F_8I6_start_conf__Orai1WT-MDSnap-Fr499'] Batch 1 Inference Iteration 18: 8 / 10 samples failed

2it [04:12, 123.36s/it]
3it [10:19, 234.56s/it]
4it [13:53, 226.28s/it]
5it [15:44, 184.86s/it][2026-Apr-30 03:35:28 CEST] WARNING -Complex ['7WKL_CAQ_start_conf__Orai1WT-MDSnap-Fr499'] Batch 1 Inference Iteration 1: 1 / 10 samples failed
[2026-Apr-30 03:35:46 CEST] WARNING -Complex ['7WKL_CAQ_start_conf__Orai1WT-MDSnap-Fr499'] Batch 1 Inference Iteration 2: 1 / 10 samples failed
[2026-Apr-30 03:35:50 CEST] WARNING -Complex ['7WKL_CAQ_start_conf__Orai1WT-MDSnap-Fr499'] Batch 1 Inference Iteration 3: 1 / 10 samples failed
[2026-Apr-30 03:35:53 CEST] WARNING -Complex ['7WKL_CAQ_start_conf__Orai1WT-MDSnap-Fr499'] Batch 1 Inference Iteration 4: 1 / 10 samples failed
[2026-Apr-30 03:35:56 CEST] WARNING -Complex ['7WKL_CAQ_start_conf__Orai1WT-MDSnap-Fr499'] Batch 1 Inference Iteration 5: 1 / 10 samples failed
[2026-Apr-30 03:35:58 CEST] WARNING -Complex ['7WKL_CAQ_start_conf__Orai1WT-MDSnap-Fr499'] Batch 1 Inference Iteration 6: 1 / 10 samples failed
[2026-Apr-30 03:35:59 CEST] WARNING -Complex ['7WKL_CAQ_start_conf__Orai1WT-MDSnap-Fr499'] Batch 1 Inference Iteration 7: 1 / 10 samples failed
[2026-Apr-30 03:36:01 CEST] WARNING -Complex ['7WKL_CAQ_start_conf__Orai1WT-MDSnap-Fr499'] Batch 1 Inference Iteration 8: 1 / 10 samples failed
[2026-Apr-30 03:36:02 CEST] WARNING -Complex ['7WKL_CAQ_start_conf__Orai1WT-MDSnap-Fr499'] Batch 1 Inference Iteration 9: 1 / 10 samples failed
[2026-Apr-30 03:36:03 CEST] WARNING -Complex ['7WKL_CAQ_start_conf__Orai1WT-MDSnap-Fr499'] Batch 1 Inference Iteration 10: 1 / 10 samples failed
[2026-Apr-30 03:36:04 CEST] WARNING -Complex ['7WKL_CAQ_start_conf__Orai1WT-MDSnap-Fr499'] Batch 1 Inference Iteration 11: 1 / 10 samples failed
[2026-Apr-30 03:36:05 CEST] WARNING -Complex ['7WKL_CAQ_start_conf__Orai1WT-MDSnap-Fr499'] Batch 1 Inference Iteration 12: 1 / 10 samples failed
[2026-Apr-30 03:36:05 CEST] WARNING -Complex ['7WKL_CAQ_start_conf__Orai1WT-MDSnap-Fr499'] Batch 1 Inference Iteration 13: 1 / 10 samples failed
[2026-Apr-30 03:36:06 CEST] WARNING -Complex ['7WKL_CAQ_start_conf__Orai1WT-MDSnap-Fr499'] Batch 1 Inference Iteration 14: 1 / 10 samples failed
[2026-Apr-30 03:36:07 CEST] WARNING -Complex ['7WKL_CAQ_start_conf__Orai1WT-MDSnap-Fr499'] Batch 1 Inference Iteration 15: 1 / 10 samples failed
[2026-Apr-30 03:36:07 CEST] WARNING -Complex ['7WKL_CAQ_start_conf__Orai1WT-MDSnap-Fr499'] Batch 1 Inference Iteration 16: 2 / 10 samples failed
[2026-Apr-30 03:36:08 CEST] WARNING -Complex ['7WKL_CAQ_start_conf__Orai1WT-MDSnap-Fr499'] Batch 1 Inference Iteration 17: 2 / 10 samples failed
[2026-Apr-30 03:36:09 CEST] WARNING -Complex ['7WKL_CAQ_start_conf__Orai1WT-MDSnap-Fr499'] Batch 1 Inference Iteration 18: 1 / 10 samples failed

6it [17:17, 153.62s/it]--- Logging error ---
Traceback (most recent call last):
  File "/home/manndo/docking_tools/DiffDock/inference.py", line 260, in main
    data_list, confidence = sampling(data_list=data_list, model=model,
  File "/home/manndo/docking_tools/DiffDock/utils/sampling.py", line 116, in sampling
    tr_score, rot_score, tor_score = model(mod_complex_graph_batch)[:3]
  File "/home/manndo/anaconda3/envs/diffdock/lib/python3.9/site-packages/torch/nn/modules/module.py", line 1553, in _wrapped_call_impl
    return self._call_impl(*args, **kwargs)
  File "/home/manndo/anaconda3/envs/diffdock/lib/python3.9/site-packages/torch/nn/modules/module.py", line 1562, in _call_impl
    return forward_call(*args, **kwargs)
  File "/home/manndo/docking_tools/DiffDock/models/cg_model.py", line 345, in forward
    node_attr = self.conv_layers[l](node_attr, edge_index, edge_attr_, edge_sh, edge_weight=edge_weight)
  File "/home/manndo/anaconda3/envs/diffdock/lib/python3.9/site-packages/torch/nn/modules/module.py", line 1553, in _wrapped_call_impl
    return self._call_impl(*args, **kwargs)
  File "/home/manndo/anaconda3/envs/diffdock/lib/python3.9/site-packages/torch/nn/modules/module.py", line 1562, in _call_impl
    return forward_call(*args, **kwargs)
  File "/home/manndo/docking_tools/DiffDock/models/tensor_layers.py", line 321, in forward
    out = tp_scatter_multigroup(self.tp, self.fc, node_attr, edge_index, edge_attr, edge_sh,
  File "/home/manndo/docking_tools/DiffDock/models/tensor_layers.py", line 221, in tp_scatter_multigroup
    div_factors += torch.bincount(cur_edge_src, minlength=out_nodes)
RuntimeError: CUDA error: out of memory
CUDA kernel errors might be asynchronously reported at some other API call, so the stacktrace below might be incorrect.
For debugging consider passing CUDA_LAUNCH_BLOCKING=1
Compile with `TORCH_USE_CUDA_DSA` to enable device-side assertions.


During handling of the above exception, another exception occurred:

Traceback (most recent call last):
  File "/home/manndo/anaconda3/envs/diffdock/lib/python3.9/logging/__init__.py", line 1083, in emit
    msg = self.format(record)
  File "/home/manndo/anaconda3/envs/diffdock/lib/python3.9/logging/__init__.py", line 927, in format
    return fmt.format(record)
  File "/home/manndo/anaconda3/envs/diffdock/lib/python3.9/logging/__init__.py", line 663, in format
    record.message = record.getMessage()
  File "/home/manndo/anaconda3/envs/diffdock/lib/python3.9/logging/__init__.py", line 367, in getMessage
    msg = msg % self.args
TypeError: not all arguments converted during string formatting
Call stack:
  File "/home/manndo/anaconda3/envs/diffdock/lib/python3.9/runpy.py", line 197, in _run_module_as_main
    return _run_code(code, main_globals, None,
  File "/home/manndo/anaconda3/envs/diffdock/lib/python3.9/runpy.py", line 87, in _run_code
    exec(code, run_globals)
  File "/home/manndo/docking_tools/DiffDock/inference.py", line 318, in <module>
    main(_args)
  File "/home/manndo/docking_tools/DiffDock/inference.py", line 302, in main
    logger.warning("Failed on", orig_complex_graph["name"], e)
Message: 'Failed on'
Arguments: (['7WL4_JFU_start_conf__Orai1WT-MDSnap-Fr499'], RuntimeError('CUDA error: out of memory\nCUDA kernel errors might be asynchronously reported at some other API call, so the stacktrace below might be incorrect.\nFor debugging consider passing CUDA_LAUNCH_BLOCKING=1\nCompile with `TORCH_USE_CUDA_DSA` to enable device-side assertions.\n'))

7it [19:22, 144.31s/it]--- Logging error ---
Traceback (most recent call last):
  File "/home/manndo/docking_tools/DiffDock/inference.py", line 260, in main
    data_list, confidence = sampling(data_list=data_list, model=model,
  File "/home/manndo/docking_tools/DiffDock/utils/sampling.py", line 83, in sampling
    mask_rotate = torch.from_numpy(data_list[0]['ligand'].mask_rotate[0]).to(device)
RuntimeError: CUDA error: out of memory
CUDA kernel errors might be asynchronously reported at some other API call, so the stacktrace below might be incorrect.
For debugging consider passing CUDA_LAUNCH_BLOCKING=1
Compile with `TORCH_USE_CUDA_DSA` to enable device-side assertions.


During handling of the above exception, another exception occurred:

Traceback (most recent call last):
  File "/home/manndo/anaconda3/envs/diffdock/lib/python3.9/logging/__init__.py", line 1083, in emit
    msg = self.format(record)
  File "/home/manndo/anaconda3/envs/diffdock/lib/python3.9/logging/__init__.py", line 927, in format
    return fmt.format(record)
  File "/home/manndo/anaconda3/envs/diffdock/lib/python3.9/logging/__init__.py", line 663, in format
    record.message = record.getMessage()
  File "/home/manndo/anaconda3/envs/diffdock/lib/python3.9/logging/__init__.py", line 367, in getMessage
    msg = msg % self.args
TypeError: not all arguments converted during string formatting
Call stack:
  File "/home/manndo/anaconda3/envs/diffdock/lib/python3.9/runpy.py", line 197, in _run_module_as_main
    return _run_code(code, main_globals, None,
  File "/home/manndo/anaconda3/envs/diffdock/lib/python3.9/runpy.py", line 87, in _run_code
    exec(code, run_globals)
  File "/home/manndo/docking_tools/DiffDock/inference.py", line 318, in <module>
    main(_args)
  File "/home/manndo/docking_tools/DiffDock/inference.py", line 302, in main
    logger.warning("Failed on", orig_complex_graph["name"], e)
Message: 'Failed on'
Arguments: (['7WN5_JGL_start_conf__Orai1WT-MDSnap-Fr499'], RuntimeError('CUDA error: out of memory\nCUDA kernel errors might be asynchronously reported at some other API call, so the stacktrace below might be incorrect.\nFor debugging consider passing CUDA_LAUNCH_BLOCKING=1\nCompile with `TORCH_USE_CUDA_DSA` to enable device-side assertions.\n'))

8it [19:23, 98.74s/it] --- Logging error ---
Traceback (most recent call last):
  File "/home/manndo/docking_tools/DiffDock/inference.py", line 260, in main
    data_list, confidence = sampling(data_list=data_list, model=model,
  File "/home/manndo/docking_tools/DiffDock/utils/sampling.py", line 83, in sampling
    mask_rotate = torch.from_numpy(data_list[0]['ligand'].mask_rotate[0]).to(device)
RuntimeError: CUDA error: out of memory
CUDA kernel errors might be asynchronously reported at some other API call, so the stacktrace below might be incorrect.
For debugging consider passing CUDA_LAUNCH_BLOCKING=1
Compile with `TORCH_USE_CUDA_DSA` to enable device-side assertions.


During handling of the above exception, another exception occurred:

Traceback (most recent call last):
  File "/home/manndo/anaconda3/envs/diffdock/lib/python3.9/logging/__init__.py", line 1083, in emit
    msg = self.format(record)
  File "/home/manndo/anaconda3/envs/diffdock/lib/python3.9/logging/__init__.py", line 927, in format
    return fmt.format(record)
  File "/home/manndo/anaconda3/envs/diffdock/lib/python3.9/logging/__init__.py", line 663, in format
    record.message = record.getMessage()
  File "/home/manndo/anaconda3/envs/diffdock/lib/python3.9/logging/__init__.py", line 367, in getMessage
    msg = msg % self.args
TypeError: not all arguments converted during string formatting
Call stack:
  File "/home/manndo/anaconda3/envs/diffdock/lib/python3.9/runpy.py", line 197, in _run_module_as_main
    return _run_code(code, main_globals, None,
  File "/home/manndo/anaconda3/envs/diffdock/lib/python3.9/runpy.py", line 87, in _run_code
    exec(code, run_globals)
  File "/home/manndo/docking_tools/DiffDock/inference.py", line 318, in <module>
    main(_args)
  File "/home/manndo/docking_tools/DiffDock/inference.py", line 302, in main
    logger.warning("Failed on", orig_complex_graph["name"], e)
Message: 'Failed on'
Arguments: (['7WPW_F15_start_conf__Orai1WT-MDSnap-Fr499'], RuntimeError('CUDA error: out of memory\nCUDA kernel errors might be asynchronously reported at some other API call, so the stacktrace below might be incorrect.\nFor debugging consider passing CUDA_LAUNCH_BLOCKING=1\nCompile with `TORCH_USE_CUDA_DSA` to enable device-side assertions.\n'))

9it [19:24, 68.24s/it]--- Logging error ---
Traceback (most recent call last):
  File "/home/manndo/docking_tools/DiffDock/inference.py", line 260, in main
    data_list, confidence = sampling(data_list=data_list, model=model,
  File "/home/manndo/docking_tools/DiffDock/utils/sampling.py", line 83, in sampling
    mask_rotate = torch.from_numpy(data_list[0]['ligand'].mask_rotate[0]).to(device)
RuntimeError: CUDA error: out of memory
CUDA kernel errors might be asynchronously reported at some other API call, so the stacktrace below might be incorrect.
For debugging consider passing CUDA_LAUNCH_BLOCKING=1
Compile with `TORCH_USE_CUDA_DSA` to enable device-side assertions.


During handling of the above exception, another exception occurred:

Traceback (most recent call last):
  File "/home/manndo/anaconda3/envs/diffdock/lib/python3.9/logging/__init__.py", line 1083, in emit
    msg = self.format(record)
  File "/home/manndo/anaconda3/envs/diffdock/lib/python3.9/logging/__init__.py", line 927, in format
    return fmt.format(record)
  File "/home/manndo/anaconda3/envs/diffdock/lib/python3.9/logging/__init__.py", line 663, in format
    record.message = record.getMessage()
  File "/home/manndo/anaconda3/envs/diffdock/lib/python3.9/logging/__init__.py", line 367, in getMessage
    msg = msg % self.args
TypeError: not all arguments converted during string formatting
Call stack:
  File "/home/manndo/anaconda3/envs/diffdock/lib/python3.9/runpy.py", line 197, in _run_module_as_main
    return _run_code(code, main_globals, None,
  File "/home/manndo/anaconda3/envs/diffdock/lib/python3.9/runpy.py", line 87, in _run_code
    exec(code, run_globals)
  File "/home/manndo/docking_tools/DiffDock/inference.py", line 318, in <module>
    main(_args)
  File "/home/manndo/docking_tools/DiffDock/inference.py", line 302, in main
    logger.warning("Failed on", orig_complex_graph["name"], e)
Message: 'Failed on'
Arguments: (['7WQQ_5Z6_start_conf__Orai1WT-MDSnap-Fr499'], RuntimeError('CUDA error: out of memory\nCUDA kernel errors might be asynchronously reported at some other API call, so the stacktrace below might be incorrect.\nFor debugging consider passing CUDA_LAUNCH_BLOCKING=1\nCompile with `TORCH_USE_CUDA_DSA` to enable device-side assertions.\n'))

10it [19:25, 47.48s/it]--- Logging error ---
Traceback (most recent call last):
  File "/home/manndo/docking_tools/DiffDock/inference.py", line 260, in main
    data_list, confidence = sampling(data_list=data_list, model=model,
  File "/home/manndo/docking_tools/DiffDock/utils/sampling.py", line 83, in sampling
    mask_rotate = torch.from_numpy(data_list[0]['ligand'].mask_rotate[0]).to(device)
RuntimeError: CUDA error: out of memory
CUDA kernel errors might be asynchronously reported at some other API call, so the stacktrace below might be incorrect.
For debugging consider passing CUDA_LAUNCH_BLOCKING=1
Compile with `TORCH_USE_CUDA_DSA` to enable device-side assertions.


During handling of the above exception, another exception occurred:

Traceback (most recent call last):
  File "/home/manndo/anaconda3/envs/diffdock/lib/python3.9/logging/__init__.py", line 1083, in emit
    msg = self.format(record)
  File "/home/manndo/anaconda3/envs/diffdock/lib/python3.9/logging/__init__.py", line 927, in format
    return fmt.format(record)
  File "/home/manndo/anaconda3/envs/diffdock/lib/python3.9/logging/__init__.py", line 663, in format
    record.message = record.getMessage()
  File "/home/manndo/anaconda3/envs/diffdock/lib/python3.9/logging/__init__.py", line 367, in getMessage
    msg = msg % self.args
TypeError: not all arguments converted during string formatting
Call stack:
  File "/home/manndo/anaconda3/envs/diffdock/lib/python3.9/runpy.py", line 197, in _run_module_as_main
    return _run_code(code, main_globals, None,
  File "/home/manndo/anaconda3/envs/diffdock/lib/python3.9/runpy.py", line 87, in _run_code
    exec(code, run_globals)
  File "/home/manndo/docking_tools/DiffDock/inference.py", line 318, in <module>
    main(_args)
  File "/home/manndo/docking_tools/DiffDock/inference.py", line 302, in main
    logger.warning("Failed on", orig_complex_graph["name"], e)
Message: 'Failed on'
Arguments: (['7WUX_6OI_start_conf__Orai1WT-MDSnap-Fr499'], RuntimeError('CUDA error: out of memory\nCUDA kernel errors might be asynchronously reported at some other API call, so the stacktrace below might be incorrect.\nFor debugging consider passing CUDA_LAUNCH_BLOCKING=1\nCompile with `TORCH_USE_CUDA_DSA` to enable device-side assertions.\n'))

11it [19:26, 33.22s/it]--- Logging error ---
Traceback (most recent call last):
  File "/home/manndo/docking_tools/DiffDock/inference.py", line 260, in main
    data_list, confidence = sampling(data_list=data_list, model=model,
  File "/home/manndo/docking_tools/DiffDock/utils/sampling.py", line 83, in sampling
    mask_rotate = torch.from_numpy(data_list[0]['ligand'].mask_rotate[0]).to(device)
RuntimeError: CUDA error: out of memory
CUDA kernel errors might be asynchronously reported at some other API call, so the stacktrace below might be incorrect.
For debugging consider passing CUDA_LAUNCH_BLOCKING=1
Compile with `TORCH_USE_CUDA_DSA` to enable device-side assertions.


During handling of the above exception, another exception occurred:

Traceback (most recent call last):
  File "/home/manndo/anaconda3/envs/diffdock/lib/python3.9/logging/__init__.py", line 1083, in emit
    msg = self.format(record)
  File "/home/manndo/anaconda3/envs/diffdock/lib/python3.9/logging/__init__.py", line 927, in format
    return fmt.format(record)
  File "/home/manndo/anaconda3/envs/diffdock/lib/python3.9/logging/__init__.py", line 663, in format
    record.message = record.getMessage()
  File "/home/manndo/anaconda3/envs/diffdock/lib/python3.9/logging/__init__.py", line 367, in getMessage
    msg = msg % self.args
TypeError: not all arguments converted during string formatting
Call stack:
  File "/home/manndo/anaconda3/envs/diffdock/lib/python3.9/runpy.py", line 197, in _run_module_as_main
    return _run_code(code, main_globals, None,
  File "/home/manndo/anaconda3/envs/diffdock/lib/python3.9/runpy.py", line 87, in _run_code
    exec(code, run_globals)
  File "/home/manndo/docking_tools/DiffDock/inference.py", line 318, in <module>
    main(_args)
  File "/home/manndo/docking_tools/DiffDock/inference.py", line 302, in main
    logger.warning("Failed on", orig_complex_graph["name"], e)
Message: 'Failed on'
Arguments: (['7WUY_76N_start_conf__Orai1WT-MDSnap-Fr499'], RuntimeError('CUDA error: out of memory\nCUDA kernel errors might be asynchronously reported at some other API call, so the stacktrace below might be incorrect.\nFor debugging consider passing CUDA_LAUNCH_BLOCKING=1\nCompile with `TORCH_USE_CUDA_DSA` to enable device-side assertions.\n'))

12it [19:27, 23.38s/it]--- Logging error ---
Traceback (most recent call last):
  File "/home/manndo/docking_tools/DiffDock/inference.py", line 260, in main
    data_list, confidence = sampling(data_list=data_list, model=model,
  File "/home/manndo/docking_tools/DiffDock/utils/sampling.py", line 83, in sampling
    mask_rotate = torch.from_numpy(data_list[0]['ligand'].mask_rotate[0]).to(device)
RuntimeError: CUDA error: out of memory
CUDA kernel errors might be asynchronously reported at some other API call, so the stacktrace below might be incorrect.
For debugging consider passing CUDA_LAUNCH_BLOCKING=1
Compile with `TORCH_USE_CUDA_DSA` to enable device-side assertions.


During handling of the above exception, another exception occurred:

Traceback (most recent call last):
  File "/home/manndo/anaconda3/envs/diffdock/lib/python3.9/logging/__init__.py", line 1083, in emit
    msg = self.format(record)
  File "/home/manndo/anaconda3/envs/diffdock/lib/python3.9/logging/__init__.py", line 927, in format
    return fmt.format(record)
  File "/home/manndo/anaconda3/envs/diffdock/lib/python3.9/logging/__init__.py", line 663, in format
    record.message = record.getMessage()
  File "/home/manndo/anaconda3/envs/diffdock/lib/python3.9/logging/__init__.py", line 367, in getMessage
    msg = msg % self.args
TypeError: not all arguments converted during string formatting
Call stack:
  File "/home/manndo/anaconda3/envs/diffdock/lib/python3.9/runpy.py", line 197, in _run_module_as_main
    return _run_code(code, main_globals, None,
  File "/home/manndo/anaconda3/envs/diffdock/lib/python3.9/runpy.py", line 87, in _run_code
    exec(code, run_globals)
  File "/home/manndo/docking_tools/DiffDock/inference.py", line 318, in <module>
    main(_args)
  File "/home/manndo/docking_tools/DiffDock/inference.py", line 302, in main
    logger.warning("Failed on", orig_complex_graph["name"], e)
Message: 'Failed on'
Arguments: (['7WY1_D0L_start_conf__Orai1WT-MDSnap-Fr499'], RuntimeError('CUDA error: out of memory\nCUDA kernel errors might be asynchronously reported at some other API call, so the stacktrace below might be incorrect.\nFor debugging consider passing CUDA_LAUNCH_BLOCKING=1\nCompile with `TORCH_USE_CUDA_DSA` to enable device-side assertions.\n'))

13it [19:28, 16.56s/it]--- Logging error ---
Traceback (most recent call last):
  File "/home/manndo/docking_tools/DiffDock/inference.py", line 260, in main
    data_list, confidence = sampling(data_list=data_list, model=model,
  File "/home/manndo/docking_tools/DiffDock/utils/sampling.py", line 83, in sampling
    mask_rotate = torch.from_numpy(data_list[0]['ligand'].mask_rotate[0]).to(device)
RuntimeError: CUDA error: out of memory
CUDA kernel errors might be asynchronously reported at some other API call, so the stacktrace below might be incorrect.
For debugging consider passing CUDA_LAUNCH_BLOCKING=1
Compile with `TORCH_USE_CUDA_DSA` to enable device-side assertions.


During handling of the above exception, another exception occurred:

Traceback (most recent call last):
  File "/home/manndo/anaconda3/envs/diffdock/lib/python3.9/logging/__init__.py", line 1083, in emit
    msg = self.format(record)
  File "/home/manndo/anaconda3/envs/diffdock/lib/python3.9/logging/__init__.py", line 927, in format
    return fmt.format(record)
  File "/home/manndo/anaconda3/envs/diffdock/lib/python3.9/logging/__init__.py", line 663, in format
    record.message = record.getMessage()
  File "/home/manndo/anaconda3/envs/diffdock/lib/python3.9/logging/__init__.py", line 367, in getMessage
    msg = msg % self.args
TypeError: not all arguments converted during string formatting
Call stack:
  File "/home/manndo/anaconda3/envs/diffdock/lib/python3.9/runpy.py", line 197, in _run_module_as_main
    return _run_code(code, main_globals, None,
  File "/home/manndo/anaconda3/envs/diffdock/lib/python3.9/runpy.py", line 87, in _run_code
    exec(code, run_globals)
  File "/home/manndo/docking_tools/DiffDock/inference.py", line 318, in <module>
    main(_args)
  File "/home/manndo/docking_tools/DiffDock/inference.py", line 302, in main
    logger.warning("Failed on", orig_complex_graph["name"], e)
Message: 'Failed on'
Arguments: (['7X5N_5M5_start_conf__Orai1WT-MDSnap-Fr499'], RuntimeError('CUDA error: out of memory\nCUDA kernel errors might be asynchronously reported at some other API call, so the stacktrace below might be incorrect.\nFor debugging consider passing CUDA_LAUNCH_BLOCKING=1\nCompile with `TORCH_USE_CUDA_DSA` to enable device-side assertions.\n'))

14it [19:29, 11.83s/it]--- Logging error ---
Traceback (most recent call last):
  File "/home/manndo/docking_tools/DiffDock/inference.py", line 260, in main
    data_list, confidence = sampling(data_list=data_list, model=model,
  File "/home/manndo/docking_tools/DiffDock/utils/sampling.py", line 83, in sampling
    mask_rotate = torch.from_numpy(data_list[0]['ligand'].mask_rotate[0]).to(device)
RuntimeError: CUDA error: out of memory
CUDA kernel errors might be asynchronously reported at some other API call, so the stacktrace below might be incorrect.
For debugging consider passing CUDA_LAUNCH_BLOCKING=1
Compile with `TORCH_USE_CUDA_DSA` to enable device-side assertions.


During handling of the above exception, another exception occurred:

Traceback (most recent call last):
  File "/home/manndo/anaconda3/envs/diffdock/lib/python3.9/logging/__init__.py", line 1083, in emit
    msg = self.format(record)
  File "/home/manndo/anaconda3/envs/diffdock/lib/python3.9/logging/__init__.py", line 927, in format
    return fmt.format(record)
  File "/home/manndo/anaconda3/envs/diffdock/lib/python3.9/logging/__init__.py", line 663, in format
    record.message = record.getMessage()
  File "/home/manndo/anaconda3/envs/diffdock/lib/python3.9/logging/__init__.py", line 367, in getMessage
    msg = msg % self.args
TypeError: not all arguments converted during string formatting
Call stack:
  File "/home/manndo/anaconda3/envs/diffdock/lib/python3.9/runpy.py", line 197, in _run_module_as_main
    return _run_code(code, main_globals, None,
  File "/home/manndo/anaconda3/envs/diffdock/lib/python3.9/runpy.py", line 87, in _run_code
    exec(code, run_globals)
  File "/home/manndo/docking_tools/DiffDock/inference.py", line 318, in <module>
    main(_args)
  File "/home/manndo/docking_tools/DiffDock/inference.py", line 302, in main
    logger.warning("Failed on", orig_complex_graph["name"], e)
Message: 'Failed on'
Arguments: (['7X9K_8OG_start_conf__Orai1WT-MDSnap-Fr499'], RuntimeError('CUDA error: out of memory\nCUDA kernel errors might be asynchronously reported at some other API call, so the stacktrace below might be incorrect.\nFor debugging consider passing CUDA_LAUNCH_BLOCKING=1\nCompile with `TORCH_USE_CUDA_DSA` to enable device-side assertions.\n'))

15it [19:30,  8.54s/it]
15it [19:30, 78.02s/it]
[2026-Apr-30 03:38:25 CEST] WARNING -
    Failed for 9 / 15 complexes.
    Skipped 0 / 15 complexes.

