/home/manndo/anaconda3/envs/equibind/lib/python3.8/site-packages/dgl/backend/pytorch/sparse.py:104: FutureWarning: `torch.cuda.amp.custom_fwd(args...)` is deprecated. Please use `torch.amp.custom_fwd(args..., device_type='cuda')` instead.
  @custom_fwd(cast_inputs=th.float16)
/home/manndo/anaconda3/envs/equibind/lib/python3.8/site-packages/dgl/backend/pytorch/sparse.py:128: FutureWarning: `torch.cuda.amp.custom_bwd(args...)` is deprecated. Please use `torch.amp.custom_bwd(args..., device_type='cuda')` instead.
  def backward(ctx, dZ):
/home/manndo/anaconda3/envs/equibind/lib/python3.8/site-packages/dgl/backend/pytorch/sparse.py:177: FutureWarning: `torch.cuda.amp.custom_fwd(args...)` is deprecated. Please use `torch.amp.custom_fwd(args..., device_type='cuda')` instead.
  @custom_fwd(cast_inputs=th.float16)
/home/manndo/anaconda3/envs/equibind/lib/python3.8/site-packages/dgl/backend/pytorch/sparse.py:207: FutureWarning: `torch.cuda.amp.custom_bwd(args...)` is deprecated. Please use `torch.amp.custom_bwd(args..., device_type='cuda')` instead.
  def backward(ctx, *dZ):
/home/manndo/anaconda3/envs/equibind/lib/python3.8/site-packages/dgl/backend/pytorch/sparse.py:287: FutureWarning: `torch.cuda.amp.custom_fwd(args...)` is deprecated. Please use `torch.amp.custom_fwd(args..., device_type='cuda')` instead.
  @custom_fwd(cast_inputs=th.float16)
/home/manndo/anaconda3/envs/equibind/lib/python3.8/site-packages/dgl/backend/pytorch/sparse.py:304: FutureWarning: `torch.cuda.amp.custom_bwd(args...)` is deprecated. Please use `torch.amp.custom_bwd(args..., device_type='cuda')` instead.
  def backward(ctx, dZ):
/home/manndo/anaconda3/envs/equibind/lib/python3.8/site-packages/dgl/backend/pytorch/sparse.py:352: FutureWarning: `torch.cuda.amp.custom_fwd(args...)` is deprecated. Please use `torch.amp.custom_fwd(args..., device_type='cuda')` instead.
  @custom_fwd(cast_inputs=th.float16)
/home/manndo/anaconda3/envs/equibind/lib/python3.8/site-packages/dgl/backend/pytorch/sparse.py:371: FutureWarning: `torch.cuda.amp.custom_bwd(args...)` is deprecated. Please use `torch.amp.custom_bwd(args..., device_type='cuda')` instead.
  def backward(ctx, *dZ):
/home/manndo/anaconda3/envs/equibind/lib/python3.8/site-packages/dgl/backend/pytorch/sparse.py:431: FutureWarning: `torch.cuda.amp.custom_fwd(args...)` is deprecated. Please use `torch.amp.custom_fwd(args..., device_type='cuda')` instead.
  @custom_fwd(cast_inputs=th.float16)
/home/manndo/anaconda3/envs/equibind/lib/python3.8/site-packages/dgl/backend/pytorch/sparse.py:467: FutureWarning: `torch.cuda.amp.custom_bwd(args...)` is deprecated. Please use `torch.amp.custom_bwd(args..., device_type='cuda')` instead.
  def backward(ctx, grad_out):
/home/manndo/anaconda3/envs/equibind/lib/python3.8/site-packages/dgl/backend/pytorch/sparse.py:498: FutureWarning: `torch.cuda.amp.custom_fwd(args...)` is deprecated. Please use `torch.amp.custom_fwd(args..., device_type='cuda')` instead.
  @custom_fwd(cast_inputs=th.float16)
/home/manndo/anaconda3/envs/equibind/lib/python3.8/site-packages/dgl/backend/pytorch/sparse.py:535: FutureWarning: `torch.cuda.amp.custom_bwd(args...)` is deprecated. Please use `torch.amp.custom_bwd(args..., device_type='cuda')` instead.
  def backward(ctx, *grad_out):
/home/manndo/anaconda3/envs/equibind/lib/python3.8/site-packages/dgl/backend/pytorch/sparse.py:566: FutureWarning: `torch.cuda.amp.custom_fwd(args...)` is deprecated. Please use `torch.amp.custom_fwd(args..., device_type='cuda')` instead.
  @custom_fwd(cast_inputs=th.float16)
/home/manndo/anaconda3/envs/equibind/lib/python3.8/site-packages/dgl/backend/pytorch/sparse.py:575: FutureWarning: `torch.cuda.amp.custom_bwd(args...)` is deprecated. Please use `torch.amp.custom_bwd(args..., device_type='cuda')` instead.
  def backward(ctx, dy):
/home/manndo/anaconda3/envs/equibind/lib/python3.8/site-packages/dgl/backend/pytorch/sparse.py:595: FutureWarning: `torch.cuda.amp.custom_fwd(args...)` is deprecated. Please use `torch.amp.custom_fwd(args..., device_type='cuda')` instead.
  @custom_fwd(cast_inputs=th.float16)
/home/manndo/anaconda3/envs/equibind/lib/python3.8/site-packages/dgl/backend/pytorch/sparse.py:603: FutureWarning: `torch.cuda.amp.custom_bwd(args...)` is deprecated. Please use `torch.amp.custom_bwd(args..., device_type='cuda')` instead.
  def backward(ctx, dy):
/home/manndo/anaconda3/envs/equibind/lib/python3.8/site-packages/dgl/backend/pytorch/sparse.py:666: FutureWarning: `torch.cuda.amp.custom_fwd(args...)` is deprecated. Please use `torch.amp.custom_fwd(args..., device_type='cuda')` instead.
  @custom_fwd(cast_inputs=th.float16)
/home/manndo/anaconda3/envs/equibind/lib/python3.8/site-packages/dgl/backend/pytorch/sparse.py:692: FutureWarning: `torch.cuda.amp.custom_fwd(args...)` is deprecated. Please use `torch.amp.custom_fwd(args..., device_type='cuda')` instead.
  @custom_fwd(cast_inputs=th.float16)
GPU detected: NVIDIA GeForce RTX 4070 Laptop GPU
================================================================================
EquiBind Batch Docking Configuration
================================================================================
  Workspace:        /home/manndo/master_dev
  Ligand dir:       /home/manndo/master_dev/Dockings/Benchmark_Equibind/_staging/5SAK_ZRY/ligands
  Receptor dir:     /home/manndo/master_dev/Dockings/Benchmark_Equibind/_staging/5SAK_ZRY/receptors
  EquiBind dir:     /home/manndo/tools/EquiBind
  EquiBind device:  cuda
  Output:           /home/manndo/master_dev/Dockings/Benchmark_Equibind/5SAK_ZRY
  Pocket results:   fpocket=/home/manndo/master_dev/pocket_results/fpocket_results
                    p2rank=/home/manndo/master_dev/pocket_results/p2rank_results
  Top pockets:      3 per method
  Poses/pocket:     5
  Unguided poses:   5
  Workers:          26
  GPU batch size:   8
  UFF minimize:     True
  Skip existing:    True
  Force pocket:     True
  Protein cropping: True (radius=8.0Å + buffer=3.0Å)
================================================================================
================================================================================
GPU SUPPORT VALIDATION
================================================================================

PyTorch CUDA Status:
  PyTorch version: 2.4.1+cu124
  CUDA available: True
  CUDA version: 12.4
  Number of GPUs: 1
  GPU Name: NVIDIA GeForce RTX 4070 Laptop GPU
  GPU Memory: 8.59 GB
  ✓ GPU tensor operations working

NVIDIA GPU Information (nvidia-smi):
Fri May  1 22:35:30 2026       
+-----------------------------------------------------------------------------------------+
| NVIDIA-SMI 580.105.07             Driver Version: 581.80         CUDA Version: 13.0     |
+-----------------------------------------+------------------------+----------------------+
| GPU  Name                 Persistence-M | Bus-Id          Disp.A | Volatile Uncorr. ECC |
| Fan  Temp   Perf          Pwr:Usage/Cap |           Memory-Usage | GPU-Util  Compute M. |
|                                         |                        |               MIG M. |
|=========================================+========================+======================|
|   0  NVIDIA GeForce RTX 4070 ...    On  |   00000000:01:00.0 Off |                  N/A |
| N/A   49C    P0             13W /   90W |     161MiB /   8188MiB |      3%      Default |
|                                         |                        |                  N/A |
+-----------------------------------------+------------------------+----------------------+

+-----------------------------------------------------------------------------------------+
| Processes:                                                                              |
|  GPU   GI   CI              PID   Type   Process name                        GPU Memory |
|        ID   ID                                                               Usage      |
|=========================================================================================|
|    0   N/A  N/A         1058588      C   /python3.8                            N/A      |
+-----------------------------------------------------------------------------------------+


================================================================================
✓ GPU ACCELERATION AVAILABLE
  Recommended setting: equibind_device = 'cuda'
  Current setting: equibind_device = 'cuda'
================================================================================
================================================================================
EquiBind Batch Docking Configuration
================================================================================
  Workspace:        /home/manndo/master_dev
  Ligand dir:       /home/manndo/master_dev/Dockings/Benchmark_Equibind/_staging/5SAK_ZRY/ligands
  Receptor dir:     /home/manndo/master_dev/Dockings/Benchmark_Equibind/_staging/5SAK_ZRY/receptors
  EquiBind dir:     /home/manndo/tools/EquiBind
  EquiBind device:  cuda
  Output:           /home/manndo/master_dev/Dockings/Benchmark_Equibind/5SAK_ZRY
  Pocket results:   fpocket=/home/manndo/master_dev/pocket_results/fpocket_results
                    p2rank=/home/manndo/master_dev/pocket_results/p2rank_results
  Top pockets:      3 per method
  Poses/pocket:     5
  Unguided poses:   5
  Workers:          26
  GPU batch size:   8
  UFF minimize:     True
  Skip existing:    True
  Force pocket:     True
  Protein cropping: True (radius=8.0Å + buffer=3.0Å)
================================================================================
/home/manndo/master_dev/Scripts/Docking/equibind_pipeline/equibind_model.py:84: FutureWarning: You are using `torch.load` with `weights_only=False` (the current default value), which uses the default pickle module implicitly. It is possible to construct malicious pickle data which will execute arbitrary code during unpickling (See https://github.com/pytorch/pytorch/blob/main/SECURITY.md#untrusted-models for more details). In a future release, the default value for `weights_only` will be flipped to `True`. This limits the functions that could be executed during unpickling. Arbitrary objects will no longer be allowed to be loaded via this mode unless they are explicitly allowlisted by the user via `torch.serialization.add_safe_globals`. We recommend you start setting `weights_only=True` for any use case where you don't have full control of the loaded file. Please open an issue on GitHub for any issues related to this experimental feature.
  checkpoint = torch.load(str(ckpt_path), map_location=dev)
[2026-05-01 22:35:30.440036] [ Using Seed :  1  ]
    · EquiBind model loaded from /home/manndo/tools/EquiBind/runs/flexible_self_docking/best_checkpoint.pt
    ·   Device: cuda:0  |  Load time: 0.19s

──────────────────────────────────────────────────────────────────────
  GLOBALLY DECOUPLED 3-PHASE EQUIBIND PIPELINE
──────────────────────────────────────────────────────────────────────
  EquiBind device: cuda:0
  GPU batch size: 8
  Proteins: 1
  Ligands: 1
  Total combos: 1  (≈ 35 poses/combo)
  Workers: 26

    · 5SAK_ZRY_protein: 3 fpocket + 3 p2rank pockets

Pre-computing ligand properties...
  1 ligands analysed
Pre-computing protein properties...
  1 proteins analysed
Docking log: /home/manndo/master_dev/Dockings/Benchmark_Equibind/5SAK_ZRY/docking_log.csv (0 existing entries)

──────────────────────────────────────────────────────────────────────
  PHASE 1: CPU PREPARATION — ALL COMBOS
──────────────────────────────────────────────────────────────────────
    · Building receptor graph for 5SAK_ZRY_protein_protein.pdb
    · Preparing cropped proteins for 6 pockets (6 workers)
    · Cropped protein for fpocket_raw_p001: 47 residues, 640 atoms (radius=11.0Å)
    · Cropped protein for p2rank_raw_p002: 39 residues, 601 atoms (radius=11.0Å)
    · Cropped protein for fpocket_raw_p002: 61 residues, 866 atoms (radius=11.0Å)
    · Cropped protein for p2rank_raw_p001: 49 residues, 642 atoms (radius=11.0Å)
    · Cropped protein for p2rank_raw_p003: 51 residues, 757 atoms (radius=11.0Å)
    · Cropped protein for fpocket_raw_p003: 56 residues, 878 atoms (radius=11.0Å)
    · Generating conformers for 1 ligands (26 workers)
    · Ligand 5SAK_ZRY_ligand_start_conf: 10 conformers
    · Building DockJobs for 1 combos (26 workers)

────────────────────────────────────────────────────────────────────────────────
  PHASE 1 COMPLETE in 1.8s (0.0 min)
  Jobs prepared:    35
  Cached results:   0
  Unique proteins:  7
  Unique ligands:   1
  Receptor graphs:  7
────────────────────────────────────────────────────────────────────────────────

──────────────────────────────────────────────────────────────────────
  PHASE 2: GPU INFERENCE — 35 TOTAL JOBS
──────────────────────────────────────────────────────────────────────
    ·   5SAK_ZRY_protein_protein_crop_fpocket_raw_p001.pdb: 5 jobs → 1 batches
[2026-05-01 22:35:33.797420] [ Using Seed :  123  ]
/home/manndo/anaconda3/envs/equibind/lib/python3.8/site-packages/dgl/backend/pytorch/tensor.py:352: UserWarning: TypedStorage is deprecated. It will be removed in the future and UntypedStorage will be the only storage class. This should only matter to you if you are using storages directly.  To access UntypedStorage directly, use tensor.untyped_storage() instead of tensor.storage()
  assert input.numel() == input.storage().size(), "Cannot convert view " \
[2026-05-01 22:35:34.623479] [ Using Seed :  3141  ]
[2026-05-01 22:35:34.674775] [ Using Seed :  5926  ]
[2026-05-01 22:35:34.723268] [ Using Seed :  789  ]
[2026-05-01 22:35:34.778393] [ Using Seed :  2022  ]
    ·   5SAK_ZRY_protein_protein_crop_fpocket_raw_p002.pdb: 5 jobs → 1 batches
[2026-05-01 22:35:34.831847] [ Using Seed :  123  ]
[2026-05-01 22:35:34.887469] [ Using Seed :  3141  ]
[2026-05-01 22:35:34.941700] [ Using Seed :  5926  ]
[2026-05-01 22:35:34.996288] [ Using Seed :  789  ]
[2026-05-01 22:35:35.050700] [ Using Seed :  2022  ]
    ·   5SAK_ZRY_protein_protein_crop_fpocket_raw_p003.pdb: 5 jobs → 1 batches
[2026-05-01 22:35:35.111837] [ Using Seed :  123  ]
[2026-05-01 22:35:35.166836] [ Using Seed :  3141  ]
[2026-05-01 22:35:35.220091] [ Using Seed :  5926  ]
[2026-05-01 22:35:35.276142] [ Using Seed :  789  ]
[2026-05-01 22:35:35.331981] [ Using Seed :  2022  ]
    ·   5SAK_ZRY_protein_protein_crop_p2rank_raw_p001.pdb: 5 jobs → 1 batches
[2026-05-01 22:35:35.389507] [ Using Seed :  123  ]
[2026-05-01 22:35:35.447601] [ Using Seed :  3141  ]
[2026-05-01 22:35:35.505352] [ Using Seed :  5926  ]
[2026-05-01 22:35:35.559965] [ Using Seed :  789  ]
[2026-05-01 22:35:35.615903] [ Using Seed :  2022  ]
    ·   5SAK_ZRY_protein_protein_crop_p2rank_raw_p002.pdb: 5 jobs → 1 batches
[2026-05-01 22:35:35.672769] [ Using Seed :  123  ]
[2026-05-01 22:35:35.729678] [ Using Seed :  3141  ]
[2026-05-01 22:35:35.783694] [ Using Seed :  5926  ]
[2026-05-01 22:35:35.832291] [ Using Seed :  789  ]
[2026-05-01 22:35:35.889851] [ Using Seed :  2022  ]
    ·   5SAK_ZRY_protein_protein_crop_p2rank_raw_p003.pdb: 5 jobs → 1 batches
[2026-05-01 22:35:35.947542] [ Using Seed :  123  ]
[2026-05-01 22:35:36.002696] [ Using Seed :  3141  ]
[2026-05-01 22:35:36.055134] [ Using Seed :  5926  ]
[2026-05-01 22:35:36.108378] [ Using Seed :  789  ]
[2026-05-01 22:35:36.158178] [ Using Seed :  2022  ]
    ·   5SAK_ZRY_protein_protein.pdb: 5 jobs → 1 batches
[2026-05-01 22:35:36.214925] [ Using Seed :  123  ]
[2026-05-01 22:35:36.268937] [ Using Seed :  3141  ]
[2026-05-01 22:35:36.324966] [ Using Seed :  5926  ]
[2026-05-01 22:35:36.380082] [ Using Seed :  789  ]
[2026-05-01 22:35:36.432961] [ Using Seed :  2022  ]

────────────────────────────────────────────────────────────────────────────────
  PHASE 2 COMPLETE in 4.2s (0.1 min)
  Total batches: 7
  Success: 35  |  Failed: 0
  Avg inference: 76.7ms per ligand
────────────────────────────────────────────────────────────────────────────────

──────────────────────────────────────────────────────────────────────
  PHASE 3: CPU POST-PROCESSING — 35 TOTAL JOBS
──────────────────────────────────────────────────────────────────────
    · Post-processing 35 new jobs (0 skipped)
    · UFF: pre-warmed protein cache for 1 unique protein(s)
    · Stage 1 (corrections+SDF): 0.1s — 0 done, 35 need UFF
    · Stage 2: UFF — 35 jobs, 26 process workers
 ⚠️  UFF FF construction failed on combined mol: Can't kekulize mol.  Unkekulized atoms: 32 33 34 35 36 37 38 39 40
 ⚠️  UFF FF construction failed on combined mol: Can't kekulize mol.  Unkekulized atoms: 32 33 34 35 36 37 38 39 40
 ⚠️  UFF FF construction failed on combined mol: Can't kekulize mol.  Unkekulized atoms: 5 6 7 8 9 10 11 12 13
 ⚠️  UFF FF construction failed on combined mol: Can't kekulize mol.  Unkekulized atoms: 5 6 7 8 9 10 11 12 13
 ⚠️  UFF FF construction failed on combined mol: Can't kekulize mol.  Unkekulized atoms: 32 33 34 35 36 37 38 39 40
 ⚠️  UFF FF construction failed on combined mol: Can't kekulize mol.  Unkekulized atoms: 32 33 34 35 36 37 38 39 40
 ⚠️  UFF FF construction failed on combined mol: Can't kekulize mol.  Unkekulized atoms: 64 65 66 67 68 69 70 71 72
 ⚠️  UFF FF construction failed on combined mol: Can't kekulize mol.  Unkekulized atoms: 32 33 34 35 36 37 38 39 40
 ⚠️  UFF FF construction failed on combined mol: Can't kekulize mol.  Unkekulized atoms: 64 65 66 67 68 69 70 71 72
 ⚠️  UFF FF construction failed on combined mol: Can't kekulize mol.  Unkekulized atoms: 71 72 73 74 75 76 77 78 79
 ⚠️  UFF FF construction failed on combined mol: Can't kekulize mol.  Unkekulized atoms: 5 6 7 8 9 10 11 12 13
 ⚠️  UFF FF construction failed on combined mol: Can't kekulize mol.  Unkekulized atoms: 5 6 7 8 9 10 11 12 13
 ⚠️  UFF FF construction failed on combined mol: Can't kekulize mol.  Unkekulized atoms: 71 72 73 74 75 76 77 78 79
    · UFF minimization: E 1784.7 → 1749.9 kcal/mol (ΔE=-34.9), converged, 30 ligand + 355 protein atoms
    · UFF minimization: E 1937.1 → 1902.2 kcal/mol (ΔE=-34.9), converged, 30 ligand + 394 protein atoms
    · UFF minimization: E 2114.5 → 2083.7 kcal/mol (ΔE=-30.8), converged, 30 ligand + 436 protein atoms
    · UFF minimization: E 2031.4 → 1996.6 kcal/mol (ΔE=-34.8), converged, 30 ligand + 412 protein atoms
    · UFF minimization: E 2202.0 → 2171.2 kcal/mol (ΔE=-30.8), converged, 30 ligand + 456 protein atoms
    · UFF minimization: E 2434.9 → 2403.6 kcal/mol (ΔE=-31.3), converged, 30 ligand + 459 protein atoms
    · UFF minimization: E 2484.4 → 2444.1 kcal/mol (ΔE=-40.3), converged, 30 ligand + 465 protein atoms
    · UFF minimization: E 1956.8 → 1920.3 kcal/mol (ΔE=-36.6), converged, 30 ligand + 354 protein atoms
    · UFF minimization: E 1956.8 → 1920.3 kcal/mol (ΔE=-36.6), converged, 30 ligand + 354 protein atoms
    · UFF minimization: E 2083.7 → 2052.7 kcal/mol (ΔE=-31.0), converged, 30 ligand + 447 protein atoms
    · UFF minimization: E 2139.9 → 2108.9 kcal/mol (ΔE=-31.0), converged, 30 ligand + 460 protein atoms
    · UFF minimization: E 1842.5 → 1802.4 kcal/mol (ΔE=-40.1), converged, 30 ligand + 396 protein atoms
    · UFF minimization: E 1842.5 → 1802.4 kcal/mol (ΔE=-40.1), converged, 30 ligand + 396 protein atoms
    · UFF minimization: E 1842.5 → 1802.4 kcal/mol (ΔE=-40.1), converged, 30 ligand + 396 protein atoms
    · UFF minimization: E 1956.8 → 1920.3 kcal/mol (ΔE=-36.6), converged, 30 ligand + 354 protein atoms
    · UFF minimization: E 2732.8 → 2697.3 kcal/mol (ΔE=-35.5), converged, 30 ligand + 536 protein atoms
    · UFF minimization: E 2521.3 → 2490.1 kcal/mol (ΔE=-31.3), converged, 30 ligand + 479 protein atoms
    · UFF minimization: E 3062.3 → 3026.9 kcal/mol (ΔE=-35.5), converged, 30 ligand + 609 protein atoms
    · UFF minimization: E 3098.2 → 3058.8 kcal/mol (ΔE=-39.4), converged, 30 ligand + 625 protein atoms
    · UFF minimization: E 3126.2 → 3087.9 kcal/mol (ΔE=-38.2), converged, 30 ligand + 606 protein atoms
    · UFF minimization: E 3126.2 → 3087.9 kcal/mol (ΔE=-38.2), converged, 30 ligand + 606 protein atoms
    · UFF minimization: E 3126.2 → 3087.9 kcal/mol (ΔE=-38.2), converged, 30 ligand + 606 protein atoms
    · Stage 2 (UFF): 3.5s (9.9 jobs/s)
    · Checkpoint: saved guided_results.json for 1 combos

────────────────────────────────────────────────────────────────────────────────
  PHASE 3 COMPLETE in 3.7s (0.1 min)
  Already done: 0
  Newly processed: 35
  Success: 35  |  Failed: 0
────────────────────────────────────────────────────────────────────────────────

──────────────────────────────────────────────────────────────────────
  STATISTICS: UNGUIDED POSES vs POCKETS
──────────────────────────────────────────────────────────────────────
  Unguided poses: 5
  In fpocket: 5  In p2rank: 5  In either: 5

──────────────────────────────────────────────────────────────────────
  TIMING REPORT
──────────────────────────────────────────────────────────────────────

  GLOBAL PHASE TIMING:
  Phase                     Time (s)     Time (min)        %
  ------------------------- ------------ ------------ ------
  Phase 1: CPU Prep         1.8          0.0           18.1%
  Phase 2: GPU Dock         4.2          0.1           43.8%
  Phase 3: CPU Post         3.7          0.1           38.1%
  TOTAL (phases)            9.7          0.2          100.0%
  Pipeline wall time        9.7          0.2         

  Timing saved to: /home/manndo/master_dev/Dockings/Benchmark_Equibind/5SAK_ZRY/pipeline_timing.csv
  Summary saved to: /home/manndo/master_dev/Dockings/Benchmark_Equibind/5SAK_ZRY/pipeline_summary.json

══════════════════════════════════════════════════════════════════════
  SIGNAL MONITOR SUMMARY
══════════════════════════════════════════════════════════════════════
  EquiBind calls:        0
  Successful returns:    0
  Failed returns:        0
  Poses inside pocket:   0
  Poses rejected/outside:0
    ├ guided rejected:   0
    └ unguided outside:  0
══════════════════════════════════════════════════════════════════════

✓ Pipeline complete.
  Poses (success): 35
  Poses (failed):  0
  Wall time:       9.7s
