/home/manndo/anaconda3/envs/equibind/lib/python3.8/site-packages/dgl/backend/pytorch/sparse.py:104: FutureWarning: `torch.cuda.amp.custom_fwd(args...)` is deprecated. Please use `torch.amp.custom_fwd(args..., device_type='cuda')` instead.
  @custom_fwd(cast_inputs=th.float16)
/home/manndo/anaconda3/envs/equibind/lib/python3.8/site-packages/dgl/backend/pytorch/sparse.py:128: FutureWarning: `torch.cuda.amp.custom_bwd(args...)` is deprecated. Please use `torch.amp.custom_bwd(args..., device_type='cuda')` instead.
  def backward(ctx, dZ):
/home/manndo/anaconda3/envs/equibind/lib/python3.8/site-packages/dgl/backend/pytorch/sparse.py:177: FutureWarning: `torch.cuda.amp.custom_fwd(args...)` is deprecated. Please use `torch.amp.custom_fwd(args..., device_type='cuda')` instead.
  @custom_fwd(cast_inputs=th.float16)
/home/manndo/anaconda3/envs/equibind/lib/python3.8/site-packages/dgl/backend/pytorch/sparse.py:207: FutureWarning: `torch.cuda.amp.custom_bwd(args...)` is deprecated. Please use `torch.amp.custom_bwd(args..., device_type='cuda')` instead.
  def backward(ctx, *dZ):
/home/manndo/anaconda3/envs/equibind/lib/python3.8/site-packages/dgl/backend/pytorch/sparse.py:287: FutureWarning: `torch.cuda.amp.custom_fwd(args...)` is deprecated. Please use `torch.amp.custom_fwd(args..., device_type='cuda')` instead.
  @custom_fwd(cast_inputs=th.float16)
/home/manndo/anaconda3/envs/equibind/lib/python3.8/site-packages/dgl/backend/pytorch/sparse.py:304: FutureWarning: `torch.cuda.amp.custom_bwd(args...)` is deprecated. Please use `torch.amp.custom_bwd(args..., device_type='cuda')` instead.
  def backward(ctx, dZ):
/home/manndo/anaconda3/envs/equibind/lib/python3.8/site-packages/dgl/backend/pytorch/sparse.py:352: FutureWarning: `torch.cuda.amp.custom_fwd(args...)` is deprecated. Please use `torch.amp.custom_fwd(args..., device_type='cuda')` instead.
  @custom_fwd(cast_inputs=th.float16)
/home/manndo/anaconda3/envs/equibind/lib/python3.8/site-packages/dgl/backend/pytorch/sparse.py:371: FutureWarning: `torch.cuda.amp.custom_bwd(args...)` is deprecated. Please use `torch.amp.custom_bwd(args..., device_type='cuda')` instead.
  def backward(ctx, *dZ):
/home/manndo/anaconda3/envs/equibind/lib/python3.8/site-packages/dgl/backend/pytorch/sparse.py:431: FutureWarning: `torch.cuda.amp.custom_fwd(args...)` is deprecated. Please use `torch.amp.custom_fwd(args..., device_type='cuda')` instead.
  @custom_fwd(cast_inputs=th.float16)
/home/manndo/anaconda3/envs/equibind/lib/python3.8/site-packages/dgl/backend/pytorch/sparse.py:467: FutureWarning: `torch.cuda.amp.custom_bwd(args...)` is deprecated. Please use `torch.amp.custom_bwd(args..., device_type='cuda')` instead.
  def backward(ctx, grad_out):
/home/manndo/anaconda3/envs/equibind/lib/python3.8/site-packages/dgl/backend/pytorch/sparse.py:498: FutureWarning: `torch.cuda.amp.custom_fwd(args...)` is deprecated. Please use `torch.amp.custom_fwd(args..., device_type='cuda')` instead.
  @custom_fwd(cast_inputs=th.float16)
/home/manndo/anaconda3/envs/equibind/lib/python3.8/site-packages/dgl/backend/pytorch/sparse.py:535: FutureWarning: `torch.cuda.amp.custom_bwd(args...)` is deprecated. Please use `torch.amp.custom_bwd(args..., device_type='cuda')` instead.
  def backward(ctx, *grad_out):
/home/manndo/anaconda3/envs/equibind/lib/python3.8/site-packages/dgl/backend/pytorch/sparse.py:566: FutureWarning: `torch.cuda.amp.custom_fwd(args...)` is deprecated. Please use `torch.amp.custom_fwd(args..., device_type='cuda')` instead.
  @custom_fwd(cast_inputs=th.float16)
/home/manndo/anaconda3/envs/equibind/lib/python3.8/site-packages/dgl/backend/pytorch/sparse.py:575: FutureWarning: `torch.cuda.amp.custom_bwd(args...)` is deprecated. Please use `torch.amp.custom_bwd(args..., device_type='cuda')` instead.
  def backward(ctx, dy):
/home/manndo/anaconda3/envs/equibind/lib/python3.8/site-packages/dgl/backend/pytorch/sparse.py:595: FutureWarning: `torch.cuda.amp.custom_fwd(args...)` is deprecated. Please use `torch.amp.custom_fwd(args..., device_type='cuda')` instead.
  @custom_fwd(cast_inputs=th.float16)
/home/manndo/anaconda3/envs/equibind/lib/python3.8/site-packages/dgl/backend/pytorch/sparse.py:603: FutureWarning: `torch.cuda.amp.custom_bwd(args...)` is deprecated. Please use `torch.amp.custom_bwd(args..., device_type='cuda')` instead.
  def backward(ctx, dy):
/home/manndo/anaconda3/envs/equibind/lib/python3.8/site-packages/dgl/backend/pytorch/sparse.py:666: FutureWarning: `torch.cuda.amp.custom_fwd(args...)` is deprecated. Please use `torch.amp.custom_fwd(args..., device_type='cuda')` instead.
  @custom_fwd(cast_inputs=th.float16)
/home/manndo/anaconda3/envs/equibind/lib/python3.8/site-packages/dgl/backend/pytorch/sparse.py:692: FutureWarning: `torch.cuda.amp.custom_fwd(args...)` is deprecated. Please use `torch.amp.custom_fwd(args..., device_type='cuda')` instead.
  @custom_fwd(cast_inputs=th.float16)
GPU detected: NVIDIA GeForce RTX 4070 Laptop GPU
================================================================================
EquiBind Batch Docking Configuration
================================================================================
  Workspace:        /home/manndo/master_dev
  Ligand dir:       /home/manndo/master_dev/Dockings/Benchmark_Equibind/_staging/6W59_SZD/ligands
  Receptor dir:     /home/manndo/master_dev/Dockings/Benchmark_Equibind/_staging/6W59_SZD/receptors
  EquiBind dir:     /home/manndo/tools/EquiBind
  EquiBind device:  cuda
  Output:           /home/manndo/master_dev/Dockings/Benchmark_Equibind/6W59_SZD
  Pocket results:   fpocket=/home/manndo/master_dev/pocket_results/fpocket_results
                    p2rank=/home/manndo/master_dev/pocket_results/p2rank_results
  Top pockets:      3 per method
  Poses/pocket:     5
  Unguided poses:   5
  Workers:          26
  GPU batch size:   8
  UFF minimize:     True
  Skip existing:    True
  Force pocket:     True
  Protein cropping: True (radius=8.0Å + buffer=3.0Å)
================================================================================
================================================================================
GPU SUPPORT VALIDATION
================================================================================

PyTorch CUDA Status:
  PyTorch version: 2.4.1+cu124
  CUDA available: True
  CUDA version: 12.4
  Number of GPUs: 1
  GPU Name: NVIDIA GeForce RTX 4070 Laptop GPU
  GPU Memory: 8.59 GB
  ✓ GPU tensor operations working

NVIDIA GPU Information (nvidia-smi):
Fri May  1 22:39:40 2026       
+-----------------------------------------------------------------------------------------+
| NVIDIA-SMI 580.105.07             Driver Version: 581.80         CUDA Version: 13.0     |
+-----------------------------------------+------------------------+----------------------+
| GPU  Name                 Persistence-M | Bus-Id          Disp.A | Volatile Uncorr. ECC |
| Fan  Temp   Perf          Pwr:Usage/Cap |           Memory-Usage | GPU-Util  Compute M. |
|                                         |                        |               MIG M. |
|=========================================+========================+======================|
|   0  NVIDIA GeForce RTX 4070 ...    On  |   00000000:01:00.0 Off |                  N/A |
| N/A   53C    P0             13W /  110W |     161MiB /   8188MiB |      1%      Default |
|                                         |                        |                  N/A |
+-----------------------------------------+------------------------+----------------------+

+-----------------------------------------------------------------------------------------+
| Processes:                                                                              |
|  GPU   GI   CI              PID   Type   Process name                        GPU Memory |
|        ID   ID                                                               Usage      |
|=========================================================================================|
|    0   N/A  N/A         1060398      C   /python3.8                            N/A      |
+-----------------------------------------------------------------------------------------+


================================================================================
✓ GPU ACCELERATION AVAILABLE
  Recommended setting: equibind_device = 'cuda'
  Current setting: equibind_device = 'cuda'
================================================================================
================================================================================
EquiBind Batch Docking Configuration
================================================================================
  Workspace:        /home/manndo/master_dev
  Ligand dir:       /home/manndo/master_dev/Dockings/Benchmark_Equibind/_staging/6W59_SZD/ligands
  Receptor dir:     /home/manndo/master_dev/Dockings/Benchmark_Equibind/_staging/6W59_SZD/receptors
  EquiBind dir:     /home/manndo/tools/EquiBind
  EquiBind device:  cuda
  Output:           /home/manndo/master_dev/Dockings/Benchmark_Equibind/6W59_SZD
  Pocket results:   fpocket=/home/manndo/master_dev/pocket_results/fpocket_results
                    p2rank=/home/manndo/master_dev/pocket_results/p2rank_results
  Top pockets:      3 per method
  Poses/pocket:     5
  Unguided poses:   5
  Workers:          26
  GPU batch size:   8
  UFF minimize:     True
  Skip existing:    True
  Force pocket:     True
  Protein cropping: True (radius=8.0Å + buffer=3.0Å)
================================================================================
/home/manndo/master_dev/Scripts/Docking/equibind_pipeline/equibind_model.py:84: FutureWarning: You are using `torch.load` with `weights_only=False` (the current default value), which uses the default pickle module implicitly. It is possible to construct malicious pickle data which will execute arbitrary code during unpickling (See https://github.com/pytorch/pytorch/blob/main/SECURITY.md#untrusted-models for more details). In a future release, the default value for `weights_only` will be flipped to `True`. This limits the functions that could be executed during unpickling. Arbitrary objects will no longer be allowed to be loaded via this mode unless they are explicitly allowlisted by the user via `torch.serialization.add_safe_globals`. We recommend you start setting `weights_only=True` for any use case where you don't have full control of the loaded file. Please open an issue on GitHub for any issues related to this experimental feature.
  checkpoint = torch.load(str(ckpt_path), map_location=dev)
[2026-05-01 22:39:40.714276] [ Using Seed :  1  ]
    · EquiBind model loaded from /home/manndo/tools/EquiBind/runs/flexible_self_docking/best_checkpoint.pt
    ·   Device: cuda:0  |  Load time: 0.16s

──────────────────────────────────────────────────────────────────────
  GLOBALLY DECOUPLED 3-PHASE EQUIBIND PIPELINE
──────────────────────────────────────────────────────────────────────
  EquiBind device: cuda:0
  GPU batch size: 8
  Proteins: 1
  Ligands: 1
  Total combos: 1  (≈ 35 poses/combo)
  Workers: 26

    · 6W59_SZD_protein: 3 fpocket + 3 p2rank pockets

Pre-computing ligand properties...
  1 ligands analysed
Pre-computing protein properties...
  1 proteins analysed
Docking log: /home/manndo/master_dev/Dockings/Benchmark_Equibind/6W59_SZD/docking_log.csv (0 existing entries)

──────────────────────────────────────────────────────────────────────
  PHASE 1: CPU PREPARATION — ALL COMBOS
──────────────────────────────────────────────────────────────────────
    · Building receptor graph for 6W59_SZD_protein_protein.pdb
    · Preparing cropped proteins for 6 pockets (6 workers)
    · Cropped protein for p2rank_raw_p001: 50 residues, 765 atoms (radius=11.0Å)
    · Cropped protein for fpocket_raw_p001: 55 residues, 882 atoms (radius=11.0Å)
    · Cropped protein for fpocket_raw_p003: 47 residues, 736 atoms (radius=11.0Å)    · Cropped protein for fpocket_raw_p002: 52 residues, 884 atoms (radius=11.0Å)

    · Cropped protein for p2rank_raw_p002: 54 residues, 901 atoms (radius=11.0Å)
    · Cropped protein for p2rank_raw_p003: 48 residues, 672 atoms (radius=11.0Å)
    · Generating conformers for 1 ligands (26 workers)
    · Ligand 6W59_SZD_ligand_start_conf: 10 conformers
    · Building DockJobs for 1 combos (26 workers)

────────────────────────────────────────────────────────────────────────────────
  PHASE 1 COMPLETE in 2.7s (0.0 min)
  Jobs prepared:    35
  Cached results:   0
  Unique proteins:  7
  Unique ligands:   1
  Receptor graphs:  7
────────────────────────────────────────────────────────────────────────────────

──────────────────────────────────────────────────────────────────────
  PHASE 2: GPU INFERENCE — 35 TOTAL JOBS
──────────────────────────────────────────────────────────────────────
    ·   6W59_SZD_protein_protein_crop_fpocket_raw_p001.pdb: 5 jobs → 1 batches
[2026-05-01 22:39:44.661396] [ Using Seed :  456  ]
/home/manndo/anaconda3/envs/equibind/lib/python3.8/site-packages/dgl/backend/pytorch/tensor.py:352: UserWarning: TypedStorage is deprecated. It will be removed in the future and UntypedStorage will be the only storage class. This should only matter to you if you are using storages directly.  To access UntypedStorage directly, use tensor.untyped_storage() instead of tensor.storage()
  assert input.numel() == input.storage().size(), "Cannot convert view " \
[2026-05-01 22:39:45.519015] [ Using Seed :  3141  ]
[2026-05-01 22:39:45.570440] [ Using Seed :  5926  ]
[2026-05-01 22:39:45.626967] [ Using Seed :  2022  ]
[2026-05-01 22:39:45.680674] [ Using Seed :  123  ]
    ·   6W59_SZD_protein_protein_crop_fpocket_raw_p002.pdb: 5 jobs → 1 batches
[2026-05-01 22:39:45.734067] [ Using Seed :  456  ]
[2026-05-01 22:39:45.792027] [ Using Seed :  3141  ]
[2026-05-01 22:39:45.848241] [ Using Seed :  5926  ]
[2026-05-01 22:39:45.899529] [ Using Seed :  2022  ]
[2026-05-01 22:39:45.956842] [ Using Seed :  123  ]
    ·   6W59_SZD_protein_protein_crop_fpocket_raw_p003.pdb: 5 jobs → 1 batches
[2026-05-01 22:39:46.012124] [ Using Seed :  456  ]
[2026-05-01 22:39:46.067321] [ Using Seed :  3141  ]
[2026-05-01 22:39:46.121464] [ Using Seed :  5926  ]
[2026-05-01 22:39:46.174895] [ Using Seed :  2022  ]
[2026-05-01 22:39:46.229426] [ Using Seed :  123  ]
    ·   6W59_SZD_protein_protein_crop_p2rank_raw_p001.pdb: 5 jobs → 1 batches
[2026-05-01 22:39:46.285107] [ Using Seed :  456  ]
[2026-05-01 22:39:46.339074] [ Using Seed :  3141  ]
[2026-05-01 22:39:46.395584] [ Using Seed :  5926  ]
[2026-05-01 22:39:46.450952] [ Using Seed :  2022  ]
[2026-05-01 22:39:46.502083] [ Using Seed :  123  ]
    ·   6W59_SZD_protein_protein_crop_p2rank_raw_p002.pdb: 5 jobs → 1 batches
[2026-05-01 22:39:46.562715] [ Using Seed :  456  ]
[2026-05-01 22:39:46.619770] [ Using Seed :  3141  ]
[2026-05-01 22:39:46.670218] [ Using Seed :  5926  ]
[2026-05-01 22:39:46.722155] [ Using Seed :  2022  ]
[2026-05-01 22:39:46.774885] [ Using Seed :  123  ]
    ·   6W59_SZD_protein_protein_crop_p2rank_raw_p003.pdb: 5 jobs → 1 batches
[2026-05-01 22:39:46.829395] [ Using Seed :  456  ]
[2026-05-01 22:39:46.887148] [ Using Seed :  3141  ]
[2026-05-01 22:39:46.938060] [ Using Seed :  5926  ]
[2026-05-01 22:39:46.990533] [ Using Seed :  2022  ]
[2026-05-01 22:39:47.040789] [ Using Seed :  123  ]
    ·   6W59_SZD_protein_protein.pdb: 5 jobs → 1 batches
[2026-05-01 22:39:47.096772] [ Using Seed :  456  ]
[2026-05-01 22:39:47.152261] [ Using Seed :  3141  ]
[2026-05-01 22:39:47.205709] [ Using Seed :  5926  ]
[2026-05-01 22:39:47.260706] [ Using Seed :  2022  ]
[2026-05-01 22:39:47.311569] [ Using Seed :  123  ]

────────────────────────────────────────────────────────────────────────────────
  PHASE 2 COMPLETE in 3.8s (0.1 min)
  Total batches: 7
  Success: 35  |  Failed: 0
  Avg inference: 77.2ms per ligand
────────────────────────────────────────────────────────────────────────────────

──────────────────────────────────────────────────────────────────────
  PHASE 3: CPU POST-PROCESSING — 35 TOTAL JOBS
──────────────────────────────────────────────────────────────────────
    · Post-processing 35 new jobs (0 skipped)
    · UFF: pre-warmed protein cache for 1 unique protein(s)
    · Stage 1 (corrections+SDF): 0.4s — 0 done, 35 need UFF
    · Stage 2: UFF — 35 jobs, 26 process workers
 ⚠️  UFF FF construction failed on combined mol: Can't kekulize mol.  Unkekulized atoms: 145 146 147 148 149
 ⚠️  UFF FF construction failed on combined mol: Can't kekulize mol.  Unkekulized atoms: 145 146 147 148 149
 ⚠️  UFF FF construction failed on combined mol: Can't kekulize mol.  Unkekulized atoms: 5 6 7 8 9 10 11 12 13
 ⚠️  UFF FF construction failed on combined mol: Can't kekulize mol.  Unkekulized atoms: 119 120 121 122 123
 ⚠️  UFF FF construction failed on combined mol: Can't kekulize mol.  Unkekulized atoms: 70 71 72 73 74
 ⚠️  UFF FF construction failed on combined mol: Can't kekulize mol.  Unkekulized atoms: 180 181 182 183 184
 ⚠️  UFF FF construction failed on combined mol: Can't kekulize mol.  Unkekulized atoms: 5 6 7 8 9
 ⚠️  UFF FF construction failed on combined mol: Can't kekulize mol.  Unkekulized atoms: 145 146 147 148 149
 ⚠️  UFF FF construction failed on combined mol: Can't kekulize mol.  Unkekulized atoms: 5 6 7 8 9
 ⚠️  UFF FF construction failed on combined mol: Can't kekulize mol.  Unkekulized atoms: 24 25 26 27 28
 ⚠️  UFF FF construction failed on combined mol: Can't kekulize mol.  Unkekulized atoms: 119 120 121 122 123
 ⚠️  UFF FF construction failed on combined mol: Can't kekulize mol.  Unkekulized atoms: 5 6 7 8 9 10 11 12 13
 ⚠️  UFF FF construction failed on combined mol: Can't kekulize mol.  Unkekulized atoms: 84 85 86 87 88
 ⚠️  UFF FF construction failed on combined mol: Can't kekulize mol.  Unkekulized atoms: 70 71 72 73 74
    · UFF minimization: E 3160.9 → 3107.6 kcal/mol (ΔE=-53.3), converged, 45 ligand + 614 protein atoms
    · UFF minimization: E 3201.4 → 3134.1 kcal/mol (ΔE=-67.3), converged, 45 ligand + 614 protein atoms
    · UFF minimization: E 3585.4 → 3530.9 kcal/mol (ΔE=-54.6), converged, 45 ligand + 700 protein atoms
    · UFF minimization: E 3396.4 → 3330.7 kcal/mol (ΔE=-65.7), not converged (code 1), 45 ligand + 656 protein atoms
    · UFF minimization: E 3872.2 → 3816.9 kcal/mol (ΔE=-55.2), converged, 45 ligand + 767 protein atoms
    · UFF minimization: E 3646.3 → 3581.0 kcal/mol (ΔE=-65.3), converged, 45 ligand + 708 protein atoms
    · UFF minimization: E 3077.8 → 3026.0 kcal/mol (ΔE=-51.7), converged, 45 ligand + 589 protein atoms
    · UFF minimization: E 2961.8 → 2903.8 kcal/mol (ΔE=-57.9), converged, 45 ligand + 572 protein atoms
    · UFF minimization: E 3486.5 → 3422.5 kcal/mol (ΔE=-64.0), not converged (code 1), 45 ligand + 684 protein atoms
    · UFF minimization: E 3836.1 → 3782.1 kcal/mol (ΔE=-54.0), converged, 45 ligand + 758 protein atoms
    · UFF minimization: E 3694.7 → 3649.5 kcal/mol (ΔE=-45.2), converged, 45 ligand + 741 protein atoms
    · UFF minimization: E 3467.7 → 3427.4 kcal/mol (ΔE=-40.3), converged, 45 ligand + 677 protein atoms
    · UFF minimization: E 3570.2 → 3499.7 kcal/mol (ΔE=-70.5), converged, 45 ligand + 702 protein atoms
    · UFF minimization: E 3792.5 → 3718.2 kcal/mol (ΔE=-74.3), converged, 45 ligand + 702 protein atoms
    · UFF minimization: E 2977.9 → 2920.1 kcal/mol (ΔE=-57.8), not converged (code 1), 45 ligand + 581 protein atoms
    · UFF minimization: E 3338.2 → 3285.0 kcal/mol (ΔE=-53.2), converged, 45 ligand + 641 protein atoms
    · UFF minimization: E 3810.6 → 3743.9 kcal/mol (ΔE=-66.7), converged, 45 ligand + 747 protein atoms
    · UFF minimization: E 3626.4 → 3569.9 kcal/mol (ΔE=-56.5), converged, 45 ligand + 732 protein atoms
    · UFF minimization: E 3675.8 → 3597.4 kcal/mol (ΔE=-78.4), converged, 45 ligand + 732 protein atoms
    · UFF minimization: E 3595.8 → 3531.3 kcal/mol (ΔE=-64.5), not converged (code 1), 45 ligand + 698 protein atoms
    · UFF minimization: E 3567.9 → 3504.5 kcal/mol (ΔE=-63.4), converged, 45 ligand + 708 protein atoms
    · Stage 2 (UFF): 12.1s (2.9 jobs/s)
    · Checkpoint: saved guided_results.json for 1 combos

────────────────────────────────────────────────────────────────────────────────
  PHASE 3 COMPLETE in 12.6s (0.2 min)
  Already done: 0
  Newly processed: 35
  Success: 35  |  Failed: 0
────────────────────────────────────────────────────────────────────────────────

──────────────────────────────────────────────────────────────────────
  STATISTICS: UNGUIDED POSES vs POCKETS
──────────────────────────────────────────────────────────────────────
  Unguided poses: 5
  In fpocket: 0  In p2rank: 5  In either: 5

──────────────────────────────────────────────────────────────────────
  TIMING REPORT
──────────────────────────────────────────────────────────────────────

  GLOBAL PHASE TIMING:
  Phase                     Time (s)     Time (min)        %
  ------------------------- ------------ ------------ ------
  Phase 1: CPU Prep         2.7          0.0           14.3%
  Phase 2: GPU Dock         3.8          0.1           20.0%
  Phase 3: CPU Post         12.6         0.2           65.7%
  TOTAL (phases)            19.2         0.3          100.0%
  Pipeline wall time        19.2         0.3         

  Timing saved to: /home/manndo/master_dev/Dockings/Benchmark_Equibind/6W59_SZD/pipeline_timing.csv
  Summary saved to: /home/manndo/master_dev/Dockings/Benchmark_Equibind/6W59_SZD/pipeline_summary.json

══════════════════════════════════════════════════════════════════════
  SIGNAL MONITOR SUMMARY
══════════════════════════════════════════════════════════════════════
  EquiBind calls:        0
  Successful returns:    0
  Failed returns:        0
  Poses inside pocket:   0
  Poses rejected/outside:0
    ├ guided rejected:   0
    └ unguided outside:  0
══════════════════════════════════════════════════════════════════════

✓ Pipeline complete.
  Poses (success): 35
  Poses (failed):  0
  Wall time:       19.2s
