/home/manndo/anaconda3/envs/equibind/lib/python3.8/site-packages/dgl/backend/pytorch/sparse.py:104: FutureWarning: `torch.cuda.amp.custom_fwd(args...)` is deprecated. Please use `torch.amp.custom_fwd(args..., device_type='cuda')` instead.
  @custom_fwd(cast_inputs=th.float16)
/home/manndo/anaconda3/envs/equibind/lib/python3.8/site-packages/dgl/backend/pytorch/sparse.py:128: FutureWarning: `torch.cuda.amp.custom_bwd(args...)` is deprecated. Please use `torch.amp.custom_bwd(args..., device_type='cuda')` instead.
  def backward(ctx, dZ):
/home/manndo/anaconda3/envs/equibind/lib/python3.8/site-packages/dgl/backend/pytorch/sparse.py:177: FutureWarning: `torch.cuda.amp.custom_fwd(args...)` is deprecated. Please use `torch.amp.custom_fwd(args..., device_type='cuda')` instead.
  @custom_fwd(cast_inputs=th.float16)
/home/manndo/anaconda3/envs/equibind/lib/python3.8/site-packages/dgl/backend/pytorch/sparse.py:207: FutureWarning: `torch.cuda.amp.custom_bwd(args...)` is deprecated. Please use `torch.amp.custom_bwd(args..., device_type='cuda')` instead.
  def backward(ctx, *dZ):
/home/manndo/anaconda3/envs/equibind/lib/python3.8/site-packages/dgl/backend/pytorch/sparse.py:287: FutureWarning: `torch.cuda.amp.custom_fwd(args...)` is deprecated. Please use `torch.amp.custom_fwd(args..., device_type='cuda')` instead.
  @custom_fwd(cast_inputs=th.float16)
/home/manndo/anaconda3/envs/equibind/lib/python3.8/site-packages/dgl/backend/pytorch/sparse.py:304: FutureWarning: `torch.cuda.amp.custom_bwd(args...)` is deprecated. Please use `torch.amp.custom_bwd(args..., device_type='cuda')` instead.
  def backward(ctx, dZ):
/home/manndo/anaconda3/envs/equibind/lib/python3.8/site-packages/dgl/backend/pytorch/sparse.py:352: FutureWarning: `torch.cuda.amp.custom_fwd(args...)` is deprecated. Please use `torch.amp.custom_fwd(args..., device_type='cuda')` instead.
  @custom_fwd(cast_inputs=th.float16)
/home/manndo/anaconda3/envs/equibind/lib/python3.8/site-packages/dgl/backend/pytorch/sparse.py:371: FutureWarning: `torch.cuda.amp.custom_bwd(args...)` is deprecated. Please use `torch.amp.custom_bwd(args..., device_type='cuda')` instead.
  def backward(ctx, *dZ):
/home/manndo/anaconda3/envs/equibind/lib/python3.8/site-packages/dgl/backend/pytorch/sparse.py:431: FutureWarning: `torch.cuda.amp.custom_fwd(args...)` is deprecated. Please use `torch.amp.custom_fwd(args..., device_type='cuda')` instead.
  @custom_fwd(cast_inputs=th.float16)
/home/manndo/anaconda3/envs/equibind/lib/python3.8/site-packages/dgl/backend/pytorch/sparse.py:467: FutureWarning: `torch.cuda.amp.custom_bwd(args...)` is deprecated. Please use `torch.amp.custom_bwd(args..., device_type='cuda')` instead.
  def backward(ctx, grad_out):
/home/manndo/anaconda3/envs/equibind/lib/python3.8/site-packages/dgl/backend/pytorch/sparse.py:498: FutureWarning: `torch.cuda.amp.custom_fwd(args...)` is deprecated. Please use `torch.amp.custom_fwd(args..., device_type='cuda')` instead.
  @custom_fwd(cast_inputs=th.float16)
/home/manndo/anaconda3/envs/equibind/lib/python3.8/site-packages/dgl/backend/pytorch/sparse.py:535: FutureWarning: `torch.cuda.amp.custom_bwd(args...)` is deprecated. Please use `torch.amp.custom_bwd(args..., device_type='cuda')` instead.
  def backward(ctx, *grad_out):
/home/manndo/anaconda3/envs/equibind/lib/python3.8/site-packages/dgl/backend/pytorch/sparse.py:566: FutureWarning: `torch.cuda.amp.custom_fwd(args...)` is deprecated. Please use `torch.amp.custom_fwd(args..., device_type='cuda')` instead.
  @custom_fwd(cast_inputs=th.float16)
/home/manndo/anaconda3/envs/equibind/lib/python3.8/site-packages/dgl/backend/pytorch/sparse.py:575: FutureWarning: `torch.cuda.amp.custom_bwd(args...)` is deprecated. Please use `torch.amp.custom_bwd(args..., device_type='cuda')` instead.
  def backward(ctx, dy):
/home/manndo/anaconda3/envs/equibind/lib/python3.8/site-packages/dgl/backend/pytorch/sparse.py:595: FutureWarning: `torch.cuda.amp.custom_fwd(args...)` is deprecated. Please use `torch.amp.custom_fwd(args..., device_type='cuda')` instead.
  @custom_fwd(cast_inputs=th.float16)
/home/manndo/anaconda3/envs/equibind/lib/python3.8/site-packages/dgl/backend/pytorch/sparse.py:603: FutureWarning: `torch.cuda.amp.custom_bwd(args...)` is deprecated. Please use `torch.amp.custom_bwd(args..., device_type='cuda')` instead.
  def backward(ctx, dy):
/home/manndo/anaconda3/envs/equibind/lib/python3.8/site-packages/dgl/backend/pytorch/sparse.py:666: FutureWarning: `torch.cuda.amp.custom_fwd(args...)` is deprecated. Please use `torch.amp.custom_fwd(args..., device_type='cuda')` instead.
  @custom_fwd(cast_inputs=th.float16)
/home/manndo/anaconda3/envs/equibind/lib/python3.8/site-packages/dgl/backend/pytorch/sparse.py:692: FutureWarning: `torch.cuda.amp.custom_fwd(args...)` is deprecated. Please use `torch.amp.custom_fwd(args..., device_type='cuda')` instead.
  @custom_fwd(cast_inputs=th.float16)
GPU detected: NVIDIA GeForce RTX 4070 Laptop GPU
================================================================================
EquiBind Batch Docking Configuration
================================================================================
  Workspace:        /home/manndo/master_dev
  Ligand dir:       /home/manndo/master_dev/Dockings/Benchmark_Equibind/_staging/6XBO_5MC/ligands
  Receptor dir:     /home/manndo/master_dev/Dockings/Benchmark_Equibind/_staging/6XBO_5MC/receptors
  EquiBind dir:     /home/manndo/tools/EquiBind
  EquiBind device:  cuda
  Output:           /home/manndo/master_dev/Dockings/Benchmark_Equibind/6XBO_5MC
  Pocket results:   fpocket=/home/manndo/master_dev/pocket_results/fpocket_results
                    p2rank=/home/manndo/master_dev/pocket_results/p2rank_results
  Top pockets:      3 per method
  Poses/pocket:     5
  Unguided poses:   5
  Workers:          26
  GPU batch size:   8
  UFF minimize:     True
  Skip existing:    True
  Force pocket:     True
  Protein cropping: True (radius=8.0Å + buffer=3.0Å)
================================================================================
================================================================================
GPU SUPPORT VALIDATION
================================================================================

PyTorch CUDA Status:
  PyTorch version: 2.4.1+cu124
  CUDA available: True
  CUDA version: 12.4
  Number of GPUs: 1
  GPU Name: NVIDIA GeForce RTX 4070 Laptop GPU
  GPU Memory: 8.59 GB
  ✓ GPU tensor operations working

NVIDIA GPU Information (nvidia-smi):
Fri May  1 22:40:48 2026       
+-----------------------------------------------------------------------------------------+
| NVIDIA-SMI 580.105.07             Driver Version: 581.80         CUDA Version: 13.0     |
+-----------------------------------------+------------------------+----------------------+
| GPU  Name                 Persistence-M | Bus-Id          Disp.A | Volatile Uncorr. ECC |
| Fan  Temp   Perf          Pwr:Usage/Cap |           Memory-Usage | GPU-Util  Compute M. |
|                                         |                        |               MIG M. |
|=========================================+========================+======================|
|   0  NVIDIA GeForce RTX 4070 ...    On  |   00000000:01:00.0 Off |                  N/A |
| N/A   52C    P0             13W /  109W |     161MiB /   8188MiB |      2%      Default |
|                                         |                        |                  N/A |
+-----------------------------------------+------------------------+----------------------+

+-----------------------------------------------------------------------------------------+
| Processes:                                                                              |
|  GPU   GI   CI              PID   Type   Process name                        GPU Memory |
|        ID   ID                                                               Usage      |
|=========================================================================================|
|    0   N/A  N/A         1060995      C   /python3.8                            N/A      |
+-----------------------------------------------------------------------------------------+


================================================================================
✓ GPU ACCELERATION AVAILABLE
  Recommended setting: equibind_device = 'cuda'
  Current setting: equibind_device = 'cuda'
================================================================================
================================================================================
EquiBind Batch Docking Configuration
================================================================================
  Workspace:        /home/manndo/master_dev
  Ligand dir:       /home/manndo/master_dev/Dockings/Benchmark_Equibind/_staging/6XBO_5MC/ligands
  Receptor dir:     /home/manndo/master_dev/Dockings/Benchmark_Equibind/_staging/6XBO_5MC/receptors
  EquiBind dir:     /home/manndo/tools/EquiBind
  EquiBind device:  cuda
  Output:           /home/manndo/master_dev/Dockings/Benchmark_Equibind/6XBO_5MC
  Pocket results:   fpocket=/home/manndo/master_dev/pocket_results/fpocket_results
                    p2rank=/home/manndo/master_dev/pocket_results/p2rank_results
  Top pockets:      3 per method
  Poses/pocket:     5
  Unguided poses:   5
  Workers:          26
  GPU batch size:   8
  UFF minimize:     True
  Skip existing:    True
  Force pocket:     True
  Protein cropping: True (radius=8.0Å + buffer=3.0Å)
================================================================================
/home/manndo/master_dev/Scripts/Docking/equibind_pipeline/equibind_model.py:84: FutureWarning: You are using `torch.load` with `weights_only=False` (the current default value), which uses the default pickle module implicitly. It is possible to construct malicious pickle data which will execute arbitrary code during unpickling (See https://github.com/pytorch/pytorch/blob/main/SECURITY.md#untrusted-models for more details). In a future release, the default value for `weights_only` will be flipped to `True`. This limits the functions that could be executed during unpickling. Arbitrary objects will no longer be allowed to be loaded via this mode unless they are explicitly allowlisted by the user via `torch.serialization.add_safe_globals`. We recommend you start setting `weights_only=True` for any use case where you don't have full control of the loaded file. Please open an issue on GitHub for any issues related to this experimental feature.
  checkpoint = torch.load(str(ckpt_path), map_location=dev)
[2026-05-01 22:40:49.277000] [ Using Seed :  1  ]
    · EquiBind model loaded from /home/manndo/tools/EquiBind/runs/flexible_self_docking/best_checkpoint.pt
    ·   Device: cuda:0  |  Load time: 0.17s

──────────────────────────────────────────────────────────────────────
  GLOBALLY DECOUPLED 3-PHASE EQUIBIND PIPELINE
──────────────────────────────────────────────────────────────────────
  EquiBind device: cuda:0
  GPU batch size: 8
  Proteins: 1
  Ligands: 1
  Total combos: 1  (≈ 35 poses/combo)
  Workers: 26

    · 6XBO_5MC_protein: 3 fpocket + 3 p2rank pockets

Pre-computing ligand properties...
  1 ligands analysed
Pre-computing protein properties...
  1 proteins analysed
Docking log: /home/manndo/master_dev/Dockings/Benchmark_Equibind/6XBO_5MC/docking_log.csv (0 existing entries)

──────────────────────────────────────────────────────────────────────
  PHASE 1: CPU PREPARATION — ALL COMBOS
──────────────────────────────────────────────────────────────────────
    · Building receptor graph for 6XBO_5MC_protein_protein.pdb
    · Preparing cropped proteins for 6 pockets (6 workers)
    · Cropped protein for fpocket_raw_p001: 54 residues, 825 atoms (radius=11.0Å)
    · Cropped protein for fpocket_raw_p003: 37 residues, 569 atoms (radius=11.0Å)
    · Cropped protein for fpocket_raw_p002: 51 residues, 784 atoms (radius=11.0Å)
    · Cropped protein for p2rank_raw_p001: 54 residues, 821 atoms (radius=11.0Å)
    · Cropped protein for p2rank_raw_p003: 49 residues, 721 atoms (radius=11.0Å)
    · Cropped protein for p2rank_raw_p002: 36 residues, 582 atoms (radius=11.0Å)
    · Generating conformers for 1 ligands (26 workers)
    · Ligand 6XBO_5MC_ligand_start_conf: 10 conformers
    · Building DockJobs for 1 combos (26 workers)

────────────────────────────────────────────────────────────────────────────────
  PHASE 1 COMPLETE in 1.9s (0.0 min)
  Jobs prepared:    35
  Cached results:   0
  Unique proteins:  7
  Unique ligands:   1
  Receptor graphs:  7
────────────────────────────────────────────────────────────────────────────────

──────────────────────────────────────────────────────────────────────
  PHASE 2: GPU INFERENCE — 35 TOTAL JOBS
──────────────────────────────────────────────────────────────────────
    ·   6XBO_5MC_protein_protein_crop_fpocket_raw_p001.pdb: 5 jobs → 1 batches
[2026-05-01 22:40:52.329650] [ Using Seed :  1001  ]
/home/manndo/anaconda3/envs/equibind/lib/python3.8/site-packages/dgl/backend/pytorch/tensor.py:352: UserWarning: TypedStorage is deprecated. It will be removed in the future and UntypedStorage will be the only storage class. This should only matter to you if you are using storages directly.  To access UntypedStorage directly, use tensor.untyped_storage() instead of tensor.storage()
  assert input.numel() == input.storage().size(), "Cannot convert view " \
[2026-05-01 22:40:53.068978] [ Using Seed :  42  ]
[2026-05-01 22:40:53.125950] [ Using Seed :  456  ]
[2026-05-01 22:40:53.184044] [ Using Seed :  5926  ]
[2026-05-01 22:40:53.240481] [ Using Seed :  2022  ]
    ·   6XBO_5MC_protein_protein_crop_fpocket_raw_p002.pdb: 5 jobs → 1 batches
[2026-05-01 22:40:53.295736] [ Using Seed :  1001  ]
[2026-05-01 22:40:53.352616] [ Using Seed :  42  ]
[2026-05-01 22:40:53.407201] [ Using Seed :  456  ]
[2026-05-01 22:40:53.463310] [ Using Seed :  5926  ]
[2026-05-01 22:40:53.516916] [ Using Seed :  2022  ]
    ·   6XBO_5MC_protein_protein_crop_fpocket_raw_p003.pdb: 5 jobs → 1 batches
[2026-05-01 22:40:53.572049] [ Using Seed :  1001  ]
[2026-05-01 22:40:53.628539] [ Using Seed :  42  ]
[2026-05-01 22:40:53.678542] [ Using Seed :  456  ]
[2026-05-01 22:40:53.732028] [ Using Seed :  5926  ]
[2026-05-01 22:40:53.790209] [ Using Seed :  2022  ]
    ·   6XBO_5MC_protein_protein_crop_p2rank_raw_p001.pdb: 5 jobs → 1 batches
[2026-05-01 22:40:53.843223] [ Using Seed :  1001  ]
[2026-05-01 22:40:53.899547] [ Using Seed :  42  ]
[2026-05-01 22:40:53.956018] [ Using Seed :  456  ]
[2026-05-01 22:40:54.009325] [ Using Seed :  5926  ]
[2026-05-01 22:40:54.060930] [ Using Seed :  2022  ]
    ·   6XBO_5MC_protein_protein_crop_p2rank_raw_p002.pdb: 5 jobs → 1 batches
[2026-05-01 22:40:54.117189] [ Using Seed :  1001  ]
[2026-05-01 22:40:54.172811] [ Using Seed :  42  ]
[2026-05-01 22:40:54.231418] [ Using Seed :  456  ]
[2026-05-01 22:40:54.282971] [ Using Seed :  5926  ]
[2026-05-01 22:40:54.336897] [ Using Seed :  2022  ]
    ·   6XBO_5MC_protein_protein_crop_p2rank_raw_p003.pdb: 5 jobs → 1 batches
[2026-05-01 22:40:54.397199] [ Using Seed :  1001  ]
[2026-05-01 22:40:54.457331] [ Using Seed :  42  ]
[2026-05-01 22:40:54.510720] [ Using Seed :  456  ]
[2026-05-01 22:40:54.559125] [ Using Seed :  5926  ]
[2026-05-01 22:40:54.615753] [ Using Seed :  2022  ]
    ·   6XBO_5MC_protein_protein.pdb: 5 jobs → 1 batches
[2026-05-01 22:40:54.669532] [ Using Seed :  1001  ]
[2026-05-01 22:40:54.725513] [ Using Seed :  42  ]
[2026-05-01 22:40:54.781862] [ Using Seed :  456  ]
[2026-05-01 22:40:54.837672] [ Using Seed :  5926  ]
[2026-05-01 22:40:54.894624] [ Using Seed :  2022  ]

────────────────────────────────────────────────────────────────────────────────
  PHASE 2 COMPLETE in 3.7s (0.1 min)
  Total batches: 7
  Success: 35  |  Failed: 0
  Avg inference: 74.7ms per ligand
────────────────────────────────────────────────────────────────────────────────

──────────────────────────────────────────────────────────────────────
  PHASE 3: CPU POST-PROCESSING — 35 TOTAL JOBS
──────────────────────────────────────────────────────────────────────
    · Post-processing 35 new jobs (0 skipped)
    · UFF: pre-warmed protein cache for 1 unique protein(s)
    · Stage 1 (corrections+SDF): 0.5s — 0 done, 35 need UFF
    · Stage 2: UFF — 35 jobs, 26 process workers
 ⚠️  UFF FF construction failed on combined mol: Can't kekulize mol.  Unkekulized atoms: 24 25 26 27 28 29 30 31 32
 ⚠️  UFF FF construction failed on combined mol: Can't kekulize mol.  Unkekulized atoms: 49 50 51 52 53 54 55 56 57
 ⚠️  UFF FF construction failed on combined mol: Can't kekulize mol.  Unkekulized atoms: 5 6 7 8 9 10 11 12 13
 ⚠️  UFF FF construction failed on combined mol: Can't kekulize mol.  Unkekulized atoms: 24 25 26 27 28 29 30 31 32
 ⚠️  UFF FF construction failed on combined mol: Can't kekulize mol.  Unkekulized atoms: 49 50 51 52 53 54 55 56 57
 ⚠️  UFF FF construction failed on combined mol: Can't kekulize mol.  Unkekulized atoms: 49 50 51 52 53 54 55 56 57
 ⚠️  UFF FF construction failed on combined mol: Can't kekulize mol.  Unkekulized atoms: 5 6 7 8 9 10 11 12 13
 ⚠️  UFF FF construction failed on combined mol: Can't kekulize mol.  Unkekulized atoms: 49 50 51 52 53 54 55 56 57
 ⚠️  UFF FF construction failed on combined mol: Can't kekulize mol.  Unkekulized atoms: 24 25 26 27 28 29 30 31 32
 ⚠️  UFF FF construction failed on combined mol: Can't kekulize mol.  Unkekulized atoms: 24 25 26 27 28 29 30 31 32
 ⚠️  UFF FF construction failed on combined mol: Can't kekulize mol.  Unkekulized atoms: 24 25 26 27 28 29 30 31 32
    · UFF minimization: E 2531.5 → 2386.2 kcal/mol (ΔE=-145.3), not converged (code 1), 38 ligand + 481 protein atoms
    · UFF minimization: E 2684.2 → 2538.9 kcal/mol (ΔE=-145.3), not converged (code 1), 38 ligand + 531 protein atoms
    · UFF minimization: E 2573.4 → 2429.6 kcal/mol (ΔE=-143.7), not converged (code 1), 38 ligand + 491 protein atoms
    · UFF minimization: E 2514.1 → 2371.5 kcal/mol (ΔE=-142.5), not converged (code 1), 38 ligand + 487 protein atoms
    · UFF minimization: E 2766.7 → 2626.5 kcal/mol (ΔE=-140.2), not converged (code 1), 38 ligand + 549 protein atoms
    · UFF minimization: E 3158.6 → 3016.3 kcal/mol (ΔE=-142.3), converged, 38 ligand + 614 protein atoms
    · UFF minimization: E 3124.1 → 2982.2 kcal/mol (ΔE=-141.9), converged, 38 ligand + 604 protein atoms
    · UFF minimization: E 2827.2 → 2686.1 kcal/mol (ΔE=-141.1), not converged (code 1), 38 ligand + 554 protein atoms
    · UFF minimization: E 2874.4 → 2733.2 kcal/mol (ΔE=-141.2), not converged (code 1), 38 ligand + 557 protein atoms
    · UFF minimization: E 2871.4 → 2729.7 kcal/mol (ΔE=-141.7), converged, 38 ligand + 555 protein atoms
    · UFF minimization: E 2987.1 → 2847.2 kcal/mol (ΔE=-139.9), not converged (code 1), 38 ligand + 592 protein atoms
    · UFF minimization: E 3242.9 → 3101.4 kcal/mol (ΔE=-141.5), not converged (code 1), 38 ligand + 626 protein atoms
    · UFF minimization: E 2833.2 → 2693.1 kcal/mol (ΔE=-140.1), not converged (code 1), 38 ligand + 553 protein atoms
    · UFF minimization: E 2898.2 → 2758.0 kcal/mol (ΔE=-140.2), not converged (code 1), 38 ligand + 573 protein atoms
    · UFF minimization: E 3217.4 → 3077.3 kcal/mol (ΔE=-140.1), converged, 38 ligand + 641 protein atoms
    · UFF minimization: E 3063.5 → 2923.6 kcal/mol (ΔE=-139.9), not converged (code 1), 38 ligand + 607 protein atoms
    · UFF minimization: E 2877.2 → 2735.6 kcal/mol (ΔE=-141.6), not converged (code 1), 38 ligand + 578 protein atoms
    · UFF minimization: E 3235.1 → 3095.0 kcal/mol (ΔE=-140.1), not converged (code 1), 38 ligand + 626 protein atoms
    · UFF minimization: E 3227.1 → 3088.4 kcal/mol (ΔE=-138.8), not converged (code 1), 38 ligand + 625 protein atoms
    · UFF minimization: E 3097.7 → 2957.5 kcal/mol (ΔE=-140.2), not converged (code 1), 38 ligand + 620 protein atoms
    · UFF minimization: E 3158.2 → 3018.9 kcal/mol (ΔE=-139.3), not converged (code 1), 38 ligand + 614 protein atoms
    · UFF minimization: E 3069.6 → 2926.2 kcal/mol (ΔE=-143.4), not converged (code 1), 38 ligand + 606 protein atoms
    · UFF minimization: E 3491.6 → 3351.4 kcal/mol (ΔE=-140.2), converged, 38 ligand + 686 protein atoms
    · UFF minimization: E 3451.3 → 3312.0 kcal/mol (ΔE=-139.3), not converged (code 1), 38 ligand + 693 protein atoms
    · Stage 2 (UFF): 10.5s (3.3 jobs/s)
    · Checkpoint: saved guided_results.json for 1 combos

────────────────────────────────────────────────────────────────────────────────
  PHASE 3 COMPLETE in 11.0s (0.2 min)
  Already done: 0
  Newly processed: 35
  Success: 35  |  Failed: 0
────────────────────────────────────────────────────────────────────────────────

──────────────────────────────────────────────────────────────────────
  STATISTICS: UNGUIDED POSES vs POCKETS
──────────────────────────────────────────────────────────────────────
  Unguided poses: 5
  In fpocket: 3  In p2rank: 5  In either: 5

──────────────────────────────────────────────────────────────────────
  TIMING REPORT
──────────────────────────────────────────────────────────────────────

  GLOBAL PHASE TIMING:
  Phase                     Time (s)     Time (min)        %
  ------------------------- ------------ ------------ ------
  Phase 1: CPU Prep         1.9          0.0           11.3%
  Phase 2: GPU Dock         3.7          0.1           22.4%
  Phase 3: CPU Post         11.0         0.2           66.2%
  TOTAL (phases)            16.7         0.3          100.0%
  Pipeline wall time        16.7         0.3         

  Timing saved to: /home/manndo/master_dev/Dockings/Benchmark_Equibind/6XBO_5MC/pipeline_timing.csv
  Summary saved to: /home/manndo/master_dev/Dockings/Benchmark_Equibind/6XBO_5MC/pipeline_summary.json

══════════════════════════════════════════════════════════════════════
  SIGNAL MONITOR SUMMARY
══════════════════════════════════════════════════════════════════════
  EquiBind calls:        0
  Successful returns:    0
  Failed returns:        0
  Poses inside pocket:   0
  Poses rejected/outside:0
    ├ guided rejected:   0
    └ unguided outside:  0
══════════════════════════════════════════════════════════════════════

✓ Pipeline complete.
  Poses (success): 35
  Poses (failed):  0
  Wall time:       16.7s
