/home/manndo/anaconda3/envs/equibind/lib/python3.8/site-packages/dgl/backend/pytorch/sparse.py:104: FutureWarning: `torch.cuda.amp.custom_fwd(args...)` is deprecated. Please use `torch.amp.custom_fwd(args..., device_type='cuda')` instead.
  @custom_fwd(cast_inputs=th.float16)
/home/manndo/anaconda3/envs/equibind/lib/python3.8/site-packages/dgl/backend/pytorch/sparse.py:128: FutureWarning: `torch.cuda.amp.custom_bwd(args...)` is deprecated. Please use `torch.amp.custom_bwd(args..., device_type='cuda')` instead.
  def backward(ctx, dZ):
/home/manndo/anaconda3/envs/equibind/lib/python3.8/site-packages/dgl/backend/pytorch/sparse.py:177: FutureWarning: `torch.cuda.amp.custom_fwd(args...)` is deprecated. Please use `torch.amp.custom_fwd(args..., device_type='cuda')` instead.
  @custom_fwd(cast_inputs=th.float16)
/home/manndo/anaconda3/envs/equibind/lib/python3.8/site-packages/dgl/backend/pytorch/sparse.py:207: FutureWarning: `torch.cuda.amp.custom_bwd(args...)` is deprecated. Please use `torch.amp.custom_bwd(args..., device_type='cuda')` instead.
  def backward(ctx, *dZ):
/home/manndo/anaconda3/envs/equibind/lib/python3.8/site-packages/dgl/backend/pytorch/sparse.py:287: FutureWarning: `torch.cuda.amp.custom_fwd(args...)` is deprecated. Please use `torch.amp.custom_fwd(args..., device_type='cuda')` instead.
  @custom_fwd(cast_inputs=th.float16)
/home/manndo/anaconda3/envs/equibind/lib/python3.8/site-packages/dgl/backend/pytorch/sparse.py:304: FutureWarning: `torch.cuda.amp.custom_bwd(args...)` is deprecated. Please use `torch.amp.custom_bwd(args..., device_type='cuda')` instead.
  def backward(ctx, dZ):
/home/manndo/anaconda3/envs/equibind/lib/python3.8/site-packages/dgl/backend/pytorch/sparse.py:352: FutureWarning: `torch.cuda.amp.custom_fwd(args...)` is deprecated. Please use `torch.amp.custom_fwd(args..., device_type='cuda')` instead.
  @custom_fwd(cast_inputs=th.float16)
/home/manndo/anaconda3/envs/equibind/lib/python3.8/site-packages/dgl/backend/pytorch/sparse.py:371: FutureWarning: `torch.cuda.amp.custom_bwd(args...)` is deprecated. Please use `torch.amp.custom_bwd(args..., device_type='cuda')` instead.
  def backward(ctx, *dZ):
/home/manndo/anaconda3/envs/equibind/lib/python3.8/site-packages/dgl/backend/pytorch/sparse.py:431: FutureWarning: `torch.cuda.amp.custom_fwd(args...)` is deprecated. Please use `torch.amp.custom_fwd(args..., device_type='cuda')` instead.
  @custom_fwd(cast_inputs=th.float16)
/home/manndo/anaconda3/envs/equibind/lib/python3.8/site-packages/dgl/backend/pytorch/sparse.py:467: FutureWarning: `torch.cuda.amp.custom_bwd(args...)` is deprecated. Please use `torch.amp.custom_bwd(args..., device_type='cuda')` instead.
  def backward(ctx, grad_out):
/home/manndo/anaconda3/envs/equibind/lib/python3.8/site-packages/dgl/backend/pytorch/sparse.py:498: FutureWarning: `torch.cuda.amp.custom_fwd(args...)` is deprecated. Please use `torch.amp.custom_fwd(args..., device_type='cuda')` instead.
  @custom_fwd(cast_inputs=th.float16)
/home/manndo/anaconda3/envs/equibind/lib/python3.8/site-packages/dgl/backend/pytorch/sparse.py:535: FutureWarning: `torch.cuda.amp.custom_bwd(args...)` is deprecated. Please use `torch.amp.custom_bwd(args..., device_type='cuda')` instead.
  def backward(ctx, *grad_out):
/home/manndo/anaconda3/envs/equibind/lib/python3.8/site-packages/dgl/backend/pytorch/sparse.py:566: FutureWarning: `torch.cuda.amp.custom_fwd(args...)` is deprecated. Please use `torch.amp.custom_fwd(args..., device_type='cuda')` instead.
  @custom_fwd(cast_inputs=th.float16)
/home/manndo/anaconda3/envs/equibind/lib/python3.8/site-packages/dgl/backend/pytorch/sparse.py:575: FutureWarning: `torch.cuda.amp.custom_bwd(args...)` is deprecated. Please use `torch.amp.custom_bwd(args..., device_type='cuda')` instead.
  def backward(ctx, dy):
/home/manndo/anaconda3/envs/equibind/lib/python3.8/site-packages/dgl/backend/pytorch/sparse.py:595: FutureWarning: `torch.cuda.amp.custom_fwd(args...)` is deprecated. Please use `torch.amp.custom_fwd(args..., device_type='cuda')` instead.
  @custom_fwd(cast_inputs=th.float16)
/home/manndo/anaconda3/envs/equibind/lib/python3.8/site-packages/dgl/backend/pytorch/sparse.py:603: FutureWarning: `torch.cuda.amp.custom_bwd(args...)` is deprecated. Please use `torch.amp.custom_bwd(args..., device_type='cuda')` instead.
  def backward(ctx, dy):
/home/manndo/anaconda3/envs/equibind/lib/python3.8/site-packages/dgl/backend/pytorch/sparse.py:666: FutureWarning: `torch.cuda.amp.custom_fwd(args...)` is deprecated. Please use `torch.amp.custom_fwd(args..., device_type='cuda')` instead.
  @custom_fwd(cast_inputs=th.float16)
/home/manndo/anaconda3/envs/equibind/lib/python3.8/site-packages/dgl/backend/pytorch/sparse.py:692: FutureWarning: `torch.cuda.amp.custom_fwd(args...)` is deprecated. Please use `torch.amp.custom_fwd(args..., device_type='cuda')` instead.
  @custom_fwd(cast_inputs=th.float16)
GPU detected: NVIDIA GeForce RTX 4070 Laptop GPU
================================================================================
EquiBind Batch Docking Configuration
================================================================================
  Workspace:        /home/manndo/master_dev
  Ligand dir:       /home/manndo/master_dev/Dockings/Benchmark_Equibind/_staging/6YMS_OZH/ligands
  Receptor dir:     /home/manndo/master_dev/Dockings/Benchmark_Equibind/_staging/6YMS_OZH/receptors
  EquiBind dir:     /home/manndo/tools/EquiBind
  EquiBind device:  cuda
  Output:           /home/manndo/master_dev/Dockings/Benchmark_Equibind/6YMS_OZH
  Pocket results:   fpocket=/home/manndo/master_dev/pocket_results/fpocket_results
                    p2rank=/home/manndo/master_dev/pocket_results/p2rank_results
  Top pockets:      3 per method
  Poses/pocket:     5
  Unguided poses:   5
  Workers:          26
  GPU batch size:   8
  UFF minimize:     True
  Skip existing:    True
  Force pocket:     True
  Protein cropping: True (radius=8.0Å + buffer=3.0Å)
================================================================================
================================================================================
GPU SUPPORT VALIDATION
================================================================================

PyTorch CUDA Status:
  PyTorch version: 2.4.1+cu124
  CUDA available: True
  CUDA version: 12.4
  Number of GPUs: 1
  GPU Name: NVIDIA GeForce RTX 4070 Laptop GPU
  GPU Memory: 8.59 GB
  ✓ GPU tensor operations working

NVIDIA GPU Information (nvidia-smi):
Fri May  1 22:44:47 2026       
+-----------------------------------------------------------------------------------------+
| NVIDIA-SMI 580.105.07             Driver Version: 581.80         CUDA Version: 13.0     |
+-----------------------------------------+------------------------+----------------------+
| GPU  Name                 Persistence-M | Bus-Id          Disp.A | Volatile Uncorr. ECC |
| Fan  Temp   Perf          Pwr:Usage/Cap |           Memory-Usage | GPU-Util  Compute M. |
|                                         |                        |               MIG M. |
|=========================================+========================+======================|
|   0  NVIDIA GeForce RTX 4070 ...    On  |   00000000:01:00.0 Off |                  N/A |
| N/A   53C    P0             13W /   98W |     161MiB /   8188MiB |      4%      Default |
|                                         |                        |                  N/A |
+-----------------------------------------+------------------------+----------------------+

+-----------------------------------------------------------------------------------------+
| Processes:                                                                              |
|  GPU   GI   CI              PID   Type   Process name                        GPU Memory |
|        ID   ID                                                               Usage      |
|=========================================================================================|
|    0   N/A  N/A         1062573      C   /python3.8                            N/A      |
+-----------------------------------------------------------------------------------------+


================================================================================
✓ GPU ACCELERATION AVAILABLE
  Recommended setting: equibind_device = 'cuda'
  Current setting: equibind_device = 'cuda'
================================================================================
================================================================================
EquiBind Batch Docking Configuration
================================================================================
  Workspace:        /home/manndo/master_dev
  Ligand dir:       /home/manndo/master_dev/Dockings/Benchmark_Equibind/_staging/6YMS_OZH/ligands
  Receptor dir:     /home/manndo/master_dev/Dockings/Benchmark_Equibind/_staging/6YMS_OZH/receptors
  EquiBind dir:     /home/manndo/tools/EquiBind
  EquiBind device:  cuda
  Output:           /home/manndo/master_dev/Dockings/Benchmark_Equibind/6YMS_OZH
  Pocket results:   fpocket=/home/manndo/master_dev/pocket_results/fpocket_results
                    p2rank=/home/manndo/master_dev/pocket_results/p2rank_results
  Top pockets:      3 per method
  Poses/pocket:     5
  Unguided poses:   5
  Workers:          26
  GPU batch size:   8
  UFF minimize:     True
  Skip existing:    True
  Force pocket:     True
  Protein cropping: True (radius=8.0Å + buffer=3.0Å)
================================================================================
/home/manndo/master_dev/Scripts/Docking/equibind_pipeline/equibind_model.py:84: FutureWarning: You are using `torch.load` with `weights_only=False` (the current default value), which uses the default pickle module implicitly. It is possible to construct malicious pickle data which will execute arbitrary code during unpickling (See https://github.com/pytorch/pytorch/blob/main/SECURITY.md#untrusted-models for more details). In a future release, the default value for `weights_only` will be flipped to `True`. This limits the functions that could be executed during unpickling. Arbitrary objects will no longer be allowed to be loaded via this mode unless they are explicitly allowlisted by the user via `torch.serialization.add_safe_globals`. We recommend you start setting `weights_only=True` for any use case where you don't have full control of the loaded file. Please open an issue on GitHub for any issues related to this experimental feature.
  checkpoint = torch.load(str(ckpt_path), map_location=dev)
[2026-05-01 22:44:47.467703] [ Using Seed :  1  ]
    · EquiBind model loaded from /home/manndo/tools/EquiBind/runs/flexible_self_docking/best_checkpoint.pt
    ·   Device: cuda:0  |  Load time: 0.18s

──────────────────────────────────────────────────────────────────────
  GLOBALLY DECOUPLED 3-PHASE EQUIBIND PIPELINE
──────────────────────────────────────────────────────────────────────
  EquiBind device: cuda:0
  GPU batch size: 8
  Proteins: 1
  Ligands: 1
  Total combos: 1  (≈ 35 poses/combo)
  Workers: 26

    · 6YMS_OZH_protein: 3 fpocket + 3 p2rank pockets

Pre-computing ligand properties...
  1 ligands analysed
Pre-computing protein properties...
  1 proteins analysed
Docking log: /home/manndo/master_dev/Dockings/Benchmark_Equibind/6YMS_OZH/docking_log.csv (0 existing entries)

──────────────────────────────────────────────────────────────────────
  PHASE 1: CPU PREPARATION — ALL COMBOS
──────────────────────────────────────────────────────────────────────
    · Building receptor graph for 6YMS_OZH_protein_protein.pdb
    · Preparing cropped proteins for 6 pockets (6 workers)
    · Cropped protein for fpocket_raw_p002: 42 residues, 641 atoms (radius=11.0Å)    · Cropped protein for fpocket_raw_p003: 53 residues, 840 atoms (radius=11.0Å)

    · Cropped protein for p2rank_raw_p003: 36 residues, 537 atoms (radius=11.0Å)
    · Cropped protein for fpocket_raw_p001: 56 residues, 818 atoms (radius=11.0Å)
    · Cropped protein for p2rank_raw_p001: 50 residues, 721 atoms (radius=11.0Å)
    · Cropped protein for p2rank_raw_p002: 49 residues, 670 atoms (radius=11.0Å)
    · Generating conformers for 1 ligands (26 workers)
    · Ligand 6YMS_OZH_ligand_start_conf: 10 conformers
    · Building DockJobs for 1 combos (26 workers)

────────────────────────────────────────────────────────────────────────────────
  PHASE 1 COMPLETE in 2.0s (0.0 min)
  Jobs prepared:    35
  Cached results:   0
  Unique proteins:  7
  Unique ligands:   1
  Receptor graphs:  7
────────────────────────────────────────────────────────────────────────────────

──────────────────────────────────────────────────────────────────────
  PHASE 2: GPU INFERENCE — 35 TOTAL JOBS
──────────────────────────────────────────────────────────────────────
    ·   6YMS_OZH_protein_protein_crop_fpocket_raw_p001.pdb: 5 jobs → 1 batches
[2026-05-01 22:44:50.295665] [ Using Seed :  456  ]
/home/manndo/anaconda3/envs/equibind/lib/python3.8/site-packages/dgl/backend/pytorch/tensor.py:352: UserWarning: TypedStorage is deprecated. It will be removed in the future and UntypedStorage will be the only storage class. This should only matter to you if you are using storages directly.  To access UntypedStorage directly, use tensor.untyped_storage() instead of tensor.storage()
  assert input.numel() == input.storage().size(), "Cannot convert view " \
[2026-05-01 22:44:51.033670] [ Using Seed :  3141  ]
[2026-05-01 22:44:51.088590] [ Using Seed :  1001  ]
[2026-05-01 22:44:51.151633] [ Using Seed :  9999  ]
[2026-05-01 22:44:51.208120] [ Using Seed :  2022  ]
    ·   6YMS_OZH_protein_protein_crop_fpocket_raw_p002.pdb: 5 jobs → 1 batches
[2026-05-01 22:44:51.267156] [ Using Seed :  456  ]
[2026-05-01 22:44:51.324591] [ Using Seed :  3141  ]
[2026-05-01 22:44:51.384186] [ Using Seed :  1001  ]
[2026-05-01 22:44:51.439698] [ Using Seed :  9999  ]
[2026-05-01 22:44:51.492748] [ Using Seed :  2022  ]
    ·   6YMS_OZH_protein_protein_crop_fpocket_raw_p003.pdb: 5 jobs → 1 batches
[2026-05-01 22:44:51.546130] [ Using Seed :  456  ]
[2026-05-01 22:44:51.602331] [ Using Seed :  3141  ]
[2026-05-01 22:44:51.658295] [ Using Seed :  1001  ]
[2026-05-01 22:44:51.717147] [ Using Seed :  9999  ]
[2026-05-01 22:44:51.770609] [ Using Seed :  2022  ]
    ·   6YMS_OZH_protein_protein_crop_p2rank_raw_p001.pdb: 5 jobs → 1 batches
[2026-05-01 22:44:51.825552] [ Using Seed :  456  ]
[2026-05-01 22:44:51.879867] [ Using Seed :  3141  ]
[2026-05-01 22:44:51.936488] [ Using Seed :  1001  ]
[2026-05-01 22:44:51.993551] [ Using Seed :  9999  ]
[2026-05-01 22:44:52.049101] [ Using Seed :  2022  ]
    ·   6YMS_OZH_protein_protein_crop_p2rank_raw_p002.pdb: 5 jobs → 1 batches
[2026-05-01 22:44:52.105022] [ Using Seed :  456  ]
[2026-05-01 22:44:52.161911] [ Using Seed :  3141  ]
[2026-05-01 22:44:52.217534] [ Using Seed :  1001  ]
[2026-05-01 22:44:52.272098] [ Using Seed :  9999  ]
[2026-05-01 22:44:52.327523] [ Using Seed :  2022  ]
    ·   6YMS_OZH_protein_protein_crop_p2rank_raw_p003.pdb: 5 jobs → 1 batches
[2026-05-01 22:44:52.383563] [ Using Seed :  456  ]
[2026-05-01 22:44:52.438408] [ Using Seed :  3141  ]
[2026-05-01 22:44:52.495351] [ Using Seed :  1001  ]
[2026-05-01 22:44:52.550947] [ Using Seed :  9999  ]
[2026-05-01 22:44:52.604969] [ Using Seed :  2022  ]
    ·   6YMS_OZH_protein_protein.pdb: 5 jobs → 1 batches
[2026-05-01 22:44:52.662795] [ Using Seed :  456  ]
[2026-05-01 22:44:52.721772] [ Using Seed :  3141  ]
[2026-05-01 22:44:52.780383] [ Using Seed :  1001  ]
[2026-05-01 22:44:52.835369] [ Using Seed :  9999  ]
[2026-05-01 22:44:52.891387] [ Using Seed :  2022  ]

────────────────────────────────────────────────────────────────────────────────
  PHASE 2 COMPLETE in 3.4s (0.1 min)
  Total batches: 7
  Success: 35  |  Failed: 0
  Avg inference: 75.8ms per ligand
────────────────────────────────────────────────────────────────────────────────

──────────────────────────────────────────────────────────────────────
  PHASE 3: CPU POST-PROCESSING — 35 TOTAL JOBS
──────────────────────────────────────────────────────────────────────
    · Post-processing 35 new jobs (0 skipped)
    · UFF: pre-warmed protein cache for 1 unique protein(s)
    · Stage 1 (corrections+SDF): 1.2s — 0 done, 35 need UFF
    · Stage 2: UFF — 35 jobs, 26 process workers
 ⚠️  UFF FF construction failed on combined mol: Can't kekulize mol.  Unkekulized atoms: 21 22 23 24 25
 ⚠️  UFF FF construction failed on combined mol: Can't kekulize mol.  Unkekulized atoms: 151 152 153 154 155
 ⚠️  UFF FF construction failed on combined mol: Can't kekulize mol.  Unkekulized atoms: 84 85 86 87 88 89 90 91 92
 ⚠️  UFF FF construction failed on combined mol: Can't kekulize mol.  Unkekulized atoms: 91 92 93 94 95 96 97 98 99
 ⚠️  UFF FF construction failed on combined mol: Can't kekulize mol.  Unkekulized atoms: 47 48 49 50 51
 ⚠️  UFF FF construction failed on combined mol: Can't kekulize mol.  Unkekulized atoms: 59 60 61 62 63
 ⚠️  UFF FF construction failed on combined mol: Can't kekulize mol.  Unkekulized atoms: 196 197 198 199 200 201 202 203 204
 ⚠️  UFF FF construction failed on combined mol: Can't kekulize mol.  Unkekulized atoms: 59 60 61 62 63
 ⚠️  UFF FF construction failed on combined mol: Can't kekulize mol.  Unkekulized atoms: 43 44 45 46 47
 ⚠️  UFF FF construction failed on combined mol: Can't kekulize mol.  Unkekulized atoms: 84 85 86 87 88 89 90 91 92
 ⚠️  UFF FF construction failed on combined mol: Can't kekulize mol.  Unkekulized atoms: 185 186 187 188 189 190 191 192 193
 ⚠️  UFF FF construction failed on combined mol: Can't kekulize mol.  Unkekulized atoms: 49 50 51 52 53 54 55 56 57
 ⚠️  UFF FF construction failed on combined mol: Can't kekulize mol.  Unkekulized atoms: 220 221 222 223 224 225 226 227 228
 ⚠️  UFF FF construction failed on combined mol: Can't kekulize mol.  Unkekulized atoms: 189 190 191 192 193
 ⚠️  UFF FF construction failed on combined mol: Can't kekulize mol.  Unkekulized atoms: 43 44 45 46 47
 ⚠️  UFF FF construction failed on combined mol: Can't kekulize mol.  Unkekulized atoms: 78 79 80 81 82
 ⚠️  UFF FF construction failed on combined mol: Can't kekulize mol.  Unkekulized atoms: 59 60 61 62 63
 ⚠️  UFF FF construction failed on combined mol: Can't kekulize mol.  Unkekulized atoms: 86 87 88 89 90
 ⚠️  UFF FF construction failed on combined mol: Can't kekulize mol.  Unkekulized atoms: 5 6 7 8 9
 ⚠️  UFF FF construction failed on combined mol: Can't kekulize mol.  Unkekulized atoms: 21 22 23 24 25
 ⚠️  UFF FF construction failed on combined mol: Can't kekulize mol.  Unkekulized atoms: 5 6 7 8 9
 ⚠️  UFF FF construction failed on combined mol: Can't kekulize mol.  Unkekulized atoms: 5 6 7 8 9
 ⚠️  UFF FF construction failed on combined mol: Can't kekulize mol.  Unkekulized atoms: 21 22 23 24 25
 ⚠️  UFF FF construction failed on combined mol: Can't kekulize mol.  Unkekulized atoms: 5 6 7 8 9
 ⚠️  UFF FF construction failed on combined mol: Can't kekulize mol.  Unkekulized atoms: 5 6 7 8 9
 ⚠️  UFF FF construction failed on combined mol: Can't kekulize mol.  Unkekulized atoms: 5 6 7 8 9
    · UFF minimization: E 2215.1 → 2126.3 kcal/mol (ΔE=-88.7), not converged (code 1), 67 ligand + 404 protein atoms
    · UFF minimization: E 2712.0 → 2630.8 kcal/mol (ΔE=-81.1), not converged (code 1), 67 ligand + 488 protein atoms
    · UFF minimization: E 2852.5 → 2749.4 kcal/mol (ΔE=-103.1), not converged (code 1), 67 ligand + 507 protein atoms
    · UFF minimization: E 2937.7 → 2843.7 kcal/mol (ΔE=-93.9), not converged (code 1), 67 ligand + 517 protein atoms
    · UFF minimization: E 2925.7 → 2825.2 kcal/mol (ΔE=-100.5), not converged (code 1), 67 ligand + 528 protein atoms
    · UFF minimization: E 3149.0 → 3062.2 kcal/mol (ΔE=-86.9), not converged (code 1), 67 ligand + 621 protein atoms
    · UFF minimization: E 3396.4 → 3308.6 kcal/mol (ΔE=-87.8), not converged (code 1), 67 ligand + 669 protein atoms
    · UFF minimization: E 3704.9 → 3596.8 kcal/mol (ΔE=-108.0), not converged (code 1), 67 ligand + 753 protein atoms
    · UFF minimization: E 3992.4 → 3890.4 kcal/mol (ΔE=-102.0), not converged (code 1), 67 ligand + 785 protein atoms
    · Stage 2 (UFF): 5.8s (6.0 jobs/s)
    · Checkpoint: saved guided_results.json for 1 combos

────────────────────────────────────────────────────────────────────────────────
  PHASE 3 COMPLETE in 7.1s (0.1 min)
  Already done: 0
  Newly processed: 35
  Success: 35  |  Failed: 0
────────────────────────────────────────────────────────────────────────────────

──────────────────────────────────────────────────────────────────────
  STATISTICS: UNGUIDED POSES vs POCKETS
──────────────────────────────────────────────────────────────────────
  Unguided poses: 5
  In fpocket: 5  In p2rank: 5  In either: 5

──────────────────────────────────────────────────────────────────────
  TIMING REPORT
──────────────────────────────────────────────────────────────────────

  GLOBAL PHASE TIMING:
  Phase                     Time (s)     Time (min)        %
  ------------------------- ------------ ------------ ------
  Phase 1: CPU Prep         2.0          0.0           15.9%
  Phase 2: GPU Dock         3.4          0.1           27.5%
  Phase 3: CPU Post         7.1          0.1           56.6%
  TOTAL (phases)            12.5         0.2          100.0%
  Pipeline wall time        12.5         0.2         

  Timing saved to: /home/manndo/master_dev/Dockings/Benchmark_Equibind/6YMS_OZH/pipeline_timing.csv
  Summary saved to: /home/manndo/master_dev/Dockings/Benchmark_Equibind/6YMS_OZH/pipeline_summary.json

══════════════════════════════════════════════════════════════════════
  SIGNAL MONITOR SUMMARY
══════════════════════════════════════════════════════════════════════
  EquiBind calls:        0
  Successful returns:    0
  Failed returns:        0
  Poses inside pocket:   0
  Poses rejected/outside:0
    ├ guided rejected:   0
    └ unguided outside:  0
══════════════════════════════════════════════════════════════════════

✓ Pipeline complete.
  Poses (success): 35
  Poses (failed):  0
  Wall time:       12.5s
