/home/manndo/anaconda3/envs/equibind/lib/python3.8/site-packages/dgl/backend/pytorch/sparse.py:104: FutureWarning: `torch.cuda.amp.custom_fwd(args...)` is deprecated. Please use `torch.amp.custom_fwd(args..., device_type='cuda')` instead.
  @custom_fwd(cast_inputs=th.float16)
/home/manndo/anaconda3/envs/equibind/lib/python3.8/site-packages/dgl/backend/pytorch/sparse.py:128: FutureWarning: `torch.cuda.amp.custom_bwd(args...)` is deprecated. Please use `torch.amp.custom_bwd(args..., device_type='cuda')` instead.
  def backward(ctx, dZ):
/home/manndo/anaconda3/envs/equibind/lib/python3.8/site-packages/dgl/backend/pytorch/sparse.py:177: FutureWarning: `torch.cuda.amp.custom_fwd(args...)` is deprecated. Please use `torch.amp.custom_fwd(args..., device_type='cuda')` instead.
  @custom_fwd(cast_inputs=th.float16)
/home/manndo/anaconda3/envs/equibind/lib/python3.8/site-packages/dgl/backend/pytorch/sparse.py:207: FutureWarning: `torch.cuda.amp.custom_bwd(args...)` is deprecated. Please use `torch.amp.custom_bwd(args..., device_type='cuda')` instead.
  def backward(ctx, *dZ):
/home/manndo/anaconda3/envs/equibind/lib/python3.8/site-packages/dgl/backend/pytorch/sparse.py:287: FutureWarning: `torch.cuda.amp.custom_fwd(args...)` is deprecated. Please use `torch.amp.custom_fwd(args..., device_type='cuda')` instead.
  @custom_fwd(cast_inputs=th.float16)
/home/manndo/anaconda3/envs/equibind/lib/python3.8/site-packages/dgl/backend/pytorch/sparse.py:304: FutureWarning: `torch.cuda.amp.custom_bwd(args...)` is deprecated. Please use `torch.amp.custom_bwd(args..., device_type='cuda')` instead.
  def backward(ctx, dZ):
/home/manndo/anaconda3/envs/equibind/lib/python3.8/site-packages/dgl/backend/pytorch/sparse.py:352: FutureWarning: `torch.cuda.amp.custom_fwd(args...)` is deprecated. Please use `torch.amp.custom_fwd(args..., device_type='cuda')` instead.
  @custom_fwd(cast_inputs=th.float16)
/home/manndo/anaconda3/envs/equibind/lib/python3.8/site-packages/dgl/backend/pytorch/sparse.py:371: FutureWarning: `torch.cuda.amp.custom_bwd(args...)` is deprecated. Please use `torch.amp.custom_bwd(args..., device_type='cuda')` instead.
  def backward(ctx, *dZ):
/home/manndo/anaconda3/envs/equibind/lib/python3.8/site-packages/dgl/backend/pytorch/sparse.py:431: FutureWarning: `torch.cuda.amp.custom_fwd(args...)` is deprecated. Please use `torch.amp.custom_fwd(args..., device_type='cuda')` instead.
  @custom_fwd(cast_inputs=th.float16)
/home/manndo/anaconda3/envs/equibind/lib/python3.8/site-packages/dgl/backend/pytorch/sparse.py:467: FutureWarning: `torch.cuda.amp.custom_bwd(args...)` is deprecated. Please use `torch.amp.custom_bwd(args..., device_type='cuda')` instead.
  def backward(ctx, grad_out):
/home/manndo/anaconda3/envs/equibind/lib/python3.8/site-packages/dgl/backend/pytorch/sparse.py:498: FutureWarning: `torch.cuda.amp.custom_fwd(args...)` is deprecated. Please use `torch.amp.custom_fwd(args..., device_type='cuda')` instead.
  @custom_fwd(cast_inputs=th.float16)
/home/manndo/anaconda3/envs/equibind/lib/python3.8/site-packages/dgl/backend/pytorch/sparse.py:535: FutureWarning: `torch.cuda.amp.custom_bwd(args...)` is deprecated. Please use `torch.amp.custom_bwd(args..., device_type='cuda')` instead.
  def backward(ctx, *grad_out):
/home/manndo/anaconda3/envs/equibind/lib/python3.8/site-packages/dgl/backend/pytorch/sparse.py:566: FutureWarning: `torch.cuda.amp.custom_fwd(args...)` is deprecated. Please use `torch.amp.custom_fwd(args..., device_type='cuda')` instead.
  @custom_fwd(cast_inputs=th.float16)
/home/manndo/anaconda3/envs/equibind/lib/python3.8/site-packages/dgl/backend/pytorch/sparse.py:575: FutureWarning: `torch.cuda.amp.custom_bwd(args...)` is deprecated. Please use `torch.amp.custom_bwd(args..., device_type='cuda')` instead.
  def backward(ctx, dy):
/home/manndo/anaconda3/envs/equibind/lib/python3.8/site-packages/dgl/backend/pytorch/sparse.py:595: FutureWarning: `torch.cuda.amp.custom_fwd(args...)` is deprecated. Please use `torch.amp.custom_fwd(args..., device_type='cuda')` instead.
  @custom_fwd(cast_inputs=th.float16)
/home/manndo/anaconda3/envs/equibind/lib/python3.8/site-packages/dgl/backend/pytorch/sparse.py:603: FutureWarning: `torch.cuda.amp.custom_bwd(args...)` is deprecated. Please use `torch.amp.custom_bwd(args..., device_type='cuda')` instead.
  def backward(ctx, dy):
/home/manndo/anaconda3/envs/equibind/lib/python3.8/site-packages/dgl/backend/pytorch/sparse.py:666: FutureWarning: `torch.cuda.amp.custom_fwd(args...)` is deprecated. Please use `torch.amp.custom_fwd(args..., device_type='cuda')` instead.
  @custom_fwd(cast_inputs=th.float16)
/home/manndo/anaconda3/envs/equibind/lib/python3.8/site-packages/dgl/backend/pytorch/sparse.py:692: FutureWarning: `torch.cuda.amp.custom_fwd(args...)` is deprecated. Please use `torch.amp.custom_fwd(args..., device_type='cuda')` instead.
  @custom_fwd(cast_inputs=th.float16)
GPU detected: NVIDIA GeForce RTX 4070 Laptop GPU
================================================================================
EquiBind Batch Docking Configuration
================================================================================
  Workspace:        /home/manndo/master_dev
  Ligand dir:       /home/manndo/master_dev/Dockings/Benchmark_Equibind/_staging/6Z1C_7EY/ligands
  Receptor dir:     /home/manndo/master_dev/Dockings/Benchmark_Equibind/_staging/6Z1C_7EY/receptors
  EquiBind dir:     /home/manndo/tools/EquiBind
  EquiBind device:  cuda
  Output:           /home/manndo/master_dev/Dockings/Benchmark_Equibind/6Z1C_7EY
  Pocket results:   fpocket=/home/manndo/master_dev/pocket_results/fpocket_results
                    p2rank=/home/manndo/master_dev/pocket_results/p2rank_results
  Top pockets:      3 per method
  Poses/pocket:     5
  Unguided poses:   5
  Workers:          26
  GPU batch size:   8
  UFF minimize:     True
  Skip existing:    True
  Force pocket:     True
  Protein cropping: True (radius=8.0Å + buffer=3.0Å)
================================================================================
================================================================================
GPU SUPPORT VALIDATION
================================================================================

PyTorch CUDA Status:
  PyTorch version: 2.4.1+cu124
  CUDA available: True
  CUDA version: 12.4
  Number of GPUs: 1
  GPU Name: NVIDIA GeForce RTX 4070 Laptop GPU
  GPU Memory: 8.59 GB
  ✓ GPU tensor operations working

NVIDIA GPU Information (nvidia-smi):
Fri May  1 22:48:01 2026       
+-----------------------------------------------------------------------------------------+
| NVIDIA-SMI 580.105.07             Driver Version: 581.80         CUDA Version: 13.0     |
+-----------------------------------------+------------------------+----------------------+
| GPU  Name                 Persistence-M | Bus-Id          Disp.A | Volatile Uncorr. ECC |
| Fan  Temp   Perf          Pwr:Usage/Cap |           Memory-Usage | GPU-Util  Compute M. |
|                                         |                        |               MIG M. |
|=========================================+========================+======================|
|   0  NVIDIA GeForce RTX 4070 ...    On  |   00000000:01:00.0 Off |                  N/A |
| N/A   54C    P0             13W /   91W |     161MiB /   8188MiB |      2%      Default |
|                                         |                        |                  N/A |
+-----------------------------------------+------------------------+----------------------+

+-----------------------------------------------------------------------------------------+
| Processes:                                                                              |
|  GPU   GI   CI              PID   Type   Process name                        GPU Memory |
|        ID   ID                                                               Usage      |
|=========================================================================================|
|    0   N/A  N/A         1064123      C   /python3.8                            N/A      |
+-----------------------------------------------------------------------------------------+


================================================================================
✓ GPU ACCELERATION AVAILABLE
  Recommended setting: equibind_device = 'cuda'
  Current setting: equibind_device = 'cuda'
================================================================================
================================================================================
EquiBind Batch Docking Configuration
================================================================================
  Workspace:        /home/manndo/master_dev
  Ligand dir:       /home/manndo/master_dev/Dockings/Benchmark_Equibind/_staging/6Z1C_7EY/ligands
  Receptor dir:     /home/manndo/master_dev/Dockings/Benchmark_Equibind/_staging/6Z1C_7EY/receptors
  EquiBind dir:     /home/manndo/tools/EquiBind
  EquiBind device:  cuda
  Output:           /home/manndo/master_dev/Dockings/Benchmark_Equibind/6Z1C_7EY
  Pocket results:   fpocket=/home/manndo/master_dev/pocket_results/fpocket_results
                    p2rank=/home/manndo/master_dev/pocket_results/p2rank_results
  Top pockets:      3 per method
  Poses/pocket:     5
  Unguided poses:   5
  Workers:          26
  GPU batch size:   8
  UFF minimize:     True
  Skip existing:    True
  Force pocket:     True
  Protein cropping: True (radius=8.0Å + buffer=3.0Å)
================================================================================
/home/manndo/master_dev/Scripts/Docking/equibind_pipeline/equibind_model.py:84: FutureWarning: You are using `torch.load` with `weights_only=False` (the current default value), which uses the default pickle module implicitly. It is possible to construct malicious pickle data which will execute arbitrary code during unpickling (See https://github.com/pytorch/pytorch/blob/main/SECURITY.md#untrusted-models for more details). In a future release, the default value for `weights_only` will be flipped to `True`. This limits the functions that could be executed during unpickling. Arbitrary objects will no longer be allowed to be loaded via this mode unless they are explicitly allowlisted by the user via `torch.serialization.add_safe_globals`. We recommend you start setting `weights_only=True` for any use case where you don't have full control of the loaded file. Please open an issue on GitHub for any issues related to this experimental feature.
  checkpoint = torch.load(str(ckpt_path), map_location=dev)
[2026-05-01 22:48:02.065158] [ Using Seed :  1  ]
    · EquiBind model loaded from /home/manndo/tools/EquiBind/runs/flexible_self_docking/best_checkpoint.pt
    ·   Device: cuda:0  |  Load time: 0.18s

──────────────────────────────────────────────────────────────────────
  GLOBALLY DECOUPLED 3-PHASE EQUIBIND PIPELINE
──────────────────────────────────────────────────────────────────────
  EquiBind device: cuda:0
  GPU batch size: 8
  Proteins: 1
  Ligands: 1
  Total combos: 1  (≈ 35 poses/combo)
  Workers: 26

    · 6Z1C_7EY_protein: 3 fpocket + 2 p2rank pockets

Pre-computing ligand properties...
  1 ligands analysed
Pre-computing protein properties...
  1 proteins analysed
Docking log: /home/manndo/master_dev/Dockings/Benchmark_Equibind/6Z1C_7EY/docking_log.csv (0 existing entries)

──────────────────────────────────────────────────────────────────────
  PHASE 1: CPU PREPARATION — ALL COMBOS
──────────────────────────────────────────────────────────────────────
    · Building receptor graph for 6Z1C_7EY_protein_protein.pdb
    · Preparing cropped proteins for 5 pockets (5 workers)
    · Cropped protein for fpocket_raw_p001: 37 residues, 625 atoms (radius=11.0Å)
    · Cropped protein for fpocket_raw_p002: 43 residues, 738 atoms (radius=11.0Å)
    · Cropped protein for fpocket_raw_p003: 51 residues, 824 atoms (radius=11.0Å)
    · Cropped protein for p2rank_raw_p002: 43 residues, 633 atoms (radius=11.0Å)
    · Cropped protein for p2rank_raw_p001: 48 residues, 785 atoms (radius=11.0Å)
    · Generating conformers for 1 ligands (26 workers)
    · Ligand 6Z1C_7EY_ligand_start_conf: 10 conformers
    · Building DockJobs for 1 combos (26 workers)

────────────────────────────────────────────────────────────────────────────────
  PHASE 1 COMPLETE in 1.9s (0.0 min)
  Jobs prepared:    30
  Cached results:   0
  Unique proteins:  6
  Unique ligands:   1
  Receptor graphs:  6
────────────────────────────────────────────────────────────────────────────────

──────────────────────────────────────────────────────────────────────
  PHASE 2: GPU INFERENCE — 30 TOTAL JOBS
──────────────────────────────────────────────────────────────────────
    ·   6Z1C_7EY_protein_protein_crop_fpocket_raw_p001.pdb: 5 jobs → 1 batches
[2026-05-01 22:48:05.093844] [ Using Seed :  3141  ]
/home/manndo/anaconda3/envs/equibind/lib/python3.8/site-packages/dgl/backend/pytorch/tensor.py:352: UserWarning: TypedStorage is deprecated. It will be removed in the future and UntypedStorage will be the only storage class. This should only matter to you if you are using storages directly.  To access UntypedStorage directly, use tensor.untyped_storage() instead of tensor.storage()
  assert input.numel() == input.storage().size(), "Cannot convert view " \
[2026-05-01 22:48:06.173443] [ Using Seed :  1001  ]
[2026-05-01 22:48:06.280936] [ Using Seed :  2022  ]
[2026-05-01 22:48:06.363073] [ Using Seed :  123  ]
[2026-05-01 22:48:06.447488] [ Using Seed :  5926  ]
    ·   6Z1C_7EY_protein_protein_crop_fpocket_raw_p002.pdb: 5 jobs → 1 batches
[2026-05-01 22:48:06.535024] [ Using Seed :  3141  ]
[2026-05-01 22:48:06.617680] [ Using Seed :  1001  ]
[2026-05-01 22:48:06.691609] [ Using Seed :  2022  ]
[2026-05-01 22:48:06.765664] [ Using Seed :  123  ]
[2026-05-01 22:48:06.849294] [ Using Seed :  5926  ]
    ·   6Z1C_7EY_protein_protein_crop_fpocket_raw_p003.pdb: 5 jobs → 1 batches
[2026-05-01 22:48:06.923979] [ Using Seed :  3141  ]
[2026-05-01 22:48:06.999560] [ Using Seed :  1001  ]
[2026-05-01 22:48:07.067486] [ Using Seed :  2022  ]
[2026-05-01 22:48:07.141448] [ Using Seed :  123  ]
[2026-05-01 22:48:07.222070] [ Using Seed :  5926  ]
    ·   6Z1C_7EY_protein_protein_crop_p2rank_raw_p001.pdb: 5 jobs → 1 batches
[2026-05-01 22:48:07.317707] [ Using Seed :  3141  ]
[2026-05-01 22:48:07.408710] [ Using Seed :  1001  ]
[2026-05-01 22:48:07.502768] [ Using Seed :  2022  ]
[2026-05-01 22:48:07.595416] [ Using Seed :  123  ]
[2026-05-01 22:48:07.683905] [ Using Seed :  5926  ]
    ·   6Z1C_7EY_protein_protein_crop_p2rank_raw_p002.pdb: 5 jobs → 1 batches
[2026-05-01 22:48:07.775726] [ Using Seed :  3141  ]
[2026-05-01 22:48:07.868563] [ Using Seed :  1001  ]
[2026-05-01 22:48:07.948842] [ Using Seed :  2022  ]
[2026-05-01 22:48:08.024510] [ Using Seed :  123  ]
[2026-05-01 22:48:08.104189] [ Using Seed :  5926  ]
    ·   6Z1C_7EY_protein_protein.pdb: 5 jobs → 1 batches
[2026-05-01 22:48:08.179718] [ Using Seed :  3141  ]
[2026-05-01 22:48:08.274612] [ Using Seed :  1001  ]
[2026-05-01 22:48:08.346652] [ Using Seed :  2022  ]
[2026-05-01 22:48:08.423304] [ Using Seed :  123  ]
[2026-05-01 22:48:08.508802] [ Using Seed :  5926  ]

────────────────────────────────────────────────────────────────────────────────
  PHASE 2 COMPLETE in 4.5s (0.1 min)
  Total batches: 6
  Success: 30  |  Failed: 0
  Avg inference: 116.0ms per ligand
────────────────────────────────────────────────────────────────────────────────

──────────────────────────────────────────────────────────────────────
  PHASE 3: CPU POST-PROCESSING — 30 TOTAL JOBS
──────────────────────────────────────────────────────────────────────
    · Post-processing 30 new jobs (0 skipped)
    · UFF: pre-warmed protein cache for 1 unique protein(s)
    · Stage 1 (corrections+SDF): 0.3s — 0 done, 30 need UFF
    · Stage 2: UFF — 30 jobs, 26 process workers
 ⚠️  UFF FF construction failed on combined mol: Can't kekulize mol.  Unkekulized atoms: 79 80 81 82 83 84 85 86 87
 ⚠️  UFF FF construction failed on combined mol: Can't kekulize mol.  Unkekulized atoms: 36 37 38 39 40 41 42 43 44
 ⚠️  UFF FF construction failed on combined mol: Can't kekulize mol.  Unkekulized atoms: 145 146 147 148 149
 ⚠️  UFF FF construction failed on combined mol: Can't kekulize mol.  Unkekulized atoms: 79 80 81 82 83 84 85 86 87
 ⚠️  UFF FF construction failed on combined mol: Can't kekulize mol.  Unkekulized atoms: 41 42 43 44 45
 ⚠️  UFF FF construction failed on combined mol: Can't kekulize mol.  Unkekulized atoms: 79 80 81 82 83 84 85 86 87
 ⚠️  UFF FF construction failed on combined mol: Can't kekulize mol.  Unkekulized atoms: 145 146 147 148 149
 ⚠️  UFF FF construction failed on combined mol: Can't kekulize mol.  Unkekulized atoms: 79 80 81 82 83 84 85 86 87
 ⚠️  UFF FF construction failed on combined mol: Can't kekulize mol.  Unkekulized atoms: 79 80 81 82 83 84 85 86 87
 ⚠️  UFF FF construction failed on combined mol: Can't kekulize mol.  Unkekulized atoms: 145 146 147 148 149
 ⚠️  UFF FF construction failed on combined mol: Can't kekulize mol.  Unkekulized atoms: 109 110 111 112 113
 ⚠️  UFF FF construction failed on combined mol: Can't kekulize mol.  Unkekulized atoms: 36 37 38 39 40 41 42 43 44
 ⚠️  UFF FF construction failed on combined mol: Can't kekulize mol.  Unkekulized atoms: 79 80 81 82 83 84 85 86 87
 ⚠️  UFF FF construction failed on combined mol: Can't kekulize mol.  Unkekulized atoms: 79 80 81 82 83 84 85 86 87
 ⚠️  UFF FF construction failed on combined mol: Can't kekulize mol.  Unkekulized atoms: 79 80 81 82 83 84 85 86 87
    · UFF minimization: E 1686.3 → 1630.0 kcal/mol (ΔE=-56.3), converged, 36 ligand + 308 protein atoms
    · UFF minimization: E 1974.2 → 1915.7 kcal/mol (ΔE=-58.5), converged, 36 ligand + 356 protein atoms
    · UFF minimization: E 407788762044.4 → 1913.6 kcal/mol (ΔE=-407788760130.8), not converged (code 1), 36 ligand + 357 protein atoms
    · UFF minimization: E 2047.1 → 1998.1 kcal/mol (ΔE=-49.0), not converged (code 1), 36 ligand + 377 protein atoms
    · UFF minimization: E 2112.4 → 2054.5 kcal/mol (ΔE=-57.9), converged, 36 ligand + 415 protein atoms
    · UFF minimization: E 2100.6 → 2044.9 kcal/mol (ΔE=-55.7), converged, 36 ligand + 401 protein atoms
    · UFF minimization: E 2428.4 → 2374.4 kcal/mol (ΔE=-54.0), converged, 36 ligand + 471 protein atoms
    · UFF minimization: E 2531.0 → 2473.6 kcal/mol (ΔE=-57.4), converged, 36 ligand + 508 protein atoms
    · UFF minimization: E 2603.3 → 2546.2 kcal/mol (ΔE=-57.1), converged, 36 ligand + 494 protein atoms
    · UFF minimization: E 2569.1 → 2512.0 kcal/mol (ΔE=-57.0), converged, 36 ligand + 495 protein atoms
    · UFF minimization: E 2786.8 → 2740.8 kcal/mol (ΔE=-46.0), converged, 36 ligand + 562 protein atoms
    · UFF minimization: E 3084.0 → 3024.8 kcal/mol (ΔE=-59.2), converged, 36 ligand + 592 protein atoms
    · UFF minimization: E 3330.4 → 3277.9 kcal/mol (ΔE=-52.5), converged, 36 ligand + 676 protein atoms
    · UFF minimization: E 3475.7 → 3419.0 kcal/mol (ΔE=-56.7), converged, 36 ligand + 697 protein atoms
    · UFF minimization: E 3459.4 → 3400.9 kcal/mol (ΔE=-58.5), converged, 36 ligand + 670 protein atoms
    · Stage 2 (UFF): 5.4s (5.6 jobs/s)
    · Checkpoint: saved guided_results.json for 1 combos

────────────────────────────────────────────────────────────────────────────────
  PHASE 3 COMPLETE in 5.7s (0.1 min)
  Already done: 0
  Newly processed: 30
  Success: 30  |  Failed: 0
────────────────────────────────────────────────────────────────────────────────

──────────────────────────────────────────────────────────────────────
  STATISTICS: UNGUIDED POSES vs POCKETS
──────────────────────────────────────────────────────────────────────
  Unguided poses: 5
  In fpocket: 0  In p2rank: 5  In either: 5

──────────────────────────────────────────────────────────────────────
  TIMING REPORT
──────────────────────────────────────────────────────────────────────

  GLOBAL PHASE TIMING:
  Phase                     Time (s)     Time (min)        %
  ------------------------- ------------ ------------ ------
  Phase 1: CPU Prep         1.9          0.0           15.7%
  Phase 2: GPU Dock         4.5          0.1           37.2%
  Phase 3: CPU Post         5.7          0.1           47.1%
  TOTAL (phases)            12.2         0.2          100.0%
  Pipeline wall time        12.2         0.2         

  Timing saved to: /home/manndo/master_dev/Dockings/Benchmark_Equibind/6Z1C_7EY/pipeline_timing.csv
  Summary saved to: /home/manndo/master_dev/Dockings/Benchmark_Equibind/6Z1C_7EY/pipeline_summary.json

══════════════════════════════════════════════════════════════════════
  SIGNAL MONITOR SUMMARY
══════════════════════════════════════════════════════════════════════
  EquiBind calls:        0
  Successful returns:    0
  Failed returns:        0
  Poses inside pocket:   0
  Poses rejected/outside:0
    ├ guided rejected:   0
    └ unguided outside:  0
══════════════════════════════════════════════════════════════════════

✓ Pipeline complete.
  Poses (success): 30
  Poses (failed):  0
  Wall time:       12.2s
