/home/manndo/anaconda3/envs/equibind/lib/python3.8/site-packages/dgl/backend/pytorch/sparse.py:104: FutureWarning: `torch.cuda.amp.custom_fwd(args...)` is deprecated. Please use `torch.amp.custom_fwd(args..., device_type='cuda')` instead.
  @custom_fwd(cast_inputs=th.float16)
/home/manndo/anaconda3/envs/equibind/lib/python3.8/site-packages/dgl/backend/pytorch/sparse.py:128: FutureWarning: `torch.cuda.amp.custom_bwd(args...)` is deprecated. Please use `torch.amp.custom_bwd(args..., device_type='cuda')` instead.
  def backward(ctx, dZ):
/home/manndo/anaconda3/envs/equibind/lib/python3.8/site-packages/dgl/backend/pytorch/sparse.py:177: FutureWarning: `torch.cuda.amp.custom_fwd(args...)` is deprecated. Please use `torch.amp.custom_fwd(args..., device_type='cuda')` instead.
  @custom_fwd(cast_inputs=th.float16)
/home/manndo/anaconda3/envs/equibind/lib/python3.8/site-packages/dgl/backend/pytorch/sparse.py:207: FutureWarning: `torch.cuda.amp.custom_bwd(args...)` is deprecated. Please use `torch.amp.custom_bwd(args..., device_type='cuda')` instead.
  def backward(ctx, *dZ):
/home/manndo/anaconda3/envs/equibind/lib/python3.8/site-packages/dgl/backend/pytorch/sparse.py:287: FutureWarning: `torch.cuda.amp.custom_fwd(args...)` is deprecated. Please use `torch.amp.custom_fwd(args..., device_type='cuda')` instead.
  @custom_fwd(cast_inputs=th.float16)
/home/manndo/anaconda3/envs/equibind/lib/python3.8/site-packages/dgl/backend/pytorch/sparse.py:304: FutureWarning: `torch.cuda.amp.custom_bwd(args...)` is deprecated. Please use `torch.amp.custom_bwd(args..., device_type='cuda')` instead.
  def backward(ctx, dZ):
/home/manndo/anaconda3/envs/equibind/lib/python3.8/site-packages/dgl/backend/pytorch/sparse.py:352: FutureWarning: `torch.cuda.amp.custom_fwd(args...)` is deprecated. Please use `torch.amp.custom_fwd(args..., device_type='cuda')` instead.
  @custom_fwd(cast_inputs=th.float16)
/home/manndo/anaconda3/envs/equibind/lib/python3.8/site-packages/dgl/backend/pytorch/sparse.py:371: FutureWarning: `torch.cuda.amp.custom_bwd(args...)` is deprecated. Please use `torch.amp.custom_bwd(args..., device_type='cuda')` instead.
  def backward(ctx, *dZ):
/home/manndo/anaconda3/envs/equibind/lib/python3.8/site-packages/dgl/backend/pytorch/sparse.py:431: FutureWarning: `torch.cuda.amp.custom_fwd(args...)` is deprecated. Please use `torch.amp.custom_fwd(args..., device_type='cuda')` instead.
  @custom_fwd(cast_inputs=th.float16)
/home/manndo/anaconda3/envs/equibind/lib/python3.8/site-packages/dgl/backend/pytorch/sparse.py:467: FutureWarning: `torch.cuda.amp.custom_bwd(args...)` is deprecated. Please use `torch.amp.custom_bwd(args..., device_type='cuda')` instead.
  def backward(ctx, grad_out):
/home/manndo/anaconda3/envs/equibind/lib/python3.8/site-packages/dgl/backend/pytorch/sparse.py:498: FutureWarning: `torch.cuda.amp.custom_fwd(args...)` is deprecated. Please use `torch.amp.custom_fwd(args..., device_type='cuda')` instead.
  @custom_fwd(cast_inputs=th.float16)
/home/manndo/anaconda3/envs/equibind/lib/python3.8/site-packages/dgl/backend/pytorch/sparse.py:535: FutureWarning: `torch.cuda.amp.custom_bwd(args...)` is deprecated. Please use `torch.amp.custom_bwd(args..., device_type='cuda')` instead.
  def backward(ctx, *grad_out):
/home/manndo/anaconda3/envs/equibind/lib/python3.8/site-packages/dgl/backend/pytorch/sparse.py:566: FutureWarning: `torch.cuda.amp.custom_fwd(args...)` is deprecated. Please use `torch.amp.custom_fwd(args..., device_type='cuda')` instead.
  @custom_fwd(cast_inputs=th.float16)
/home/manndo/anaconda3/envs/equibind/lib/python3.8/site-packages/dgl/backend/pytorch/sparse.py:575: FutureWarning: `torch.cuda.amp.custom_bwd(args...)` is deprecated. Please use `torch.amp.custom_bwd(args..., device_type='cuda')` instead.
  def backward(ctx, dy):
/home/manndo/anaconda3/envs/equibind/lib/python3.8/site-packages/dgl/backend/pytorch/sparse.py:595: FutureWarning: `torch.cuda.amp.custom_fwd(args...)` is deprecated. Please use `torch.amp.custom_fwd(args..., device_type='cuda')` instead.
  @custom_fwd(cast_inputs=th.float16)
/home/manndo/anaconda3/envs/equibind/lib/python3.8/site-packages/dgl/backend/pytorch/sparse.py:603: FutureWarning: `torch.cuda.amp.custom_bwd(args...)` is deprecated. Please use `torch.amp.custom_bwd(args..., device_type='cuda')` instead.
  def backward(ctx, dy):
/home/manndo/anaconda3/envs/equibind/lib/python3.8/site-packages/dgl/backend/pytorch/sparse.py:666: FutureWarning: `torch.cuda.amp.custom_fwd(args...)` is deprecated. Please use `torch.amp.custom_fwd(args..., device_type='cuda')` instead.
  @custom_fwd(cast_inputs=th.float16)
/home/manndo/anaconda3/envs/equibind/lib/python3.8/site-packages/dgl/backend/pytorch/sparse.py:692: FutureWarning: `torch.cuda.amp.custom_fwd(args...)` is deprecated. Please use `torch.amp.custom_fwd(args..., device_type='cuda')` instead.
  @custom_fwd(cast_inputs=th.float16)
GPU detected: NVIDIA GeForce RTX 4070 Laptop GPU
================================================================================
EquiBind Batch Docking Configuration
================================================================================
  Workspace:        /home/manndo/master_dev
  Ligand dir:       /home/manndo/master_dev/Dockings/Benchmark_Equibind/_staging/6ZC3_JOR/ligands
  Receptor dir:     /home/manndo/master_dev/Dockings/Benchmark_Equibind/_staging/6ZC3_JOR/receptors
  EquiBind dir:     /home/manndo/tools/EquiBind
  EquiBind device:  cuda
  Output:           /home/manndo/master_dev/Dockings/Benchmark_Equibind/6ZC3_JOR
  Pocket results:   fpocket=/home/manndo/master_dev/pocket_results/fpocket_results
                    p2rank=/home/manndo/master_dev/pocket_results/p2rank_results
  Top pockets:      3 per method
  Poses/pocket:     5
  Unguided poses:   5
  Workers:          26
  GPU batch size:   8
  UFF minimize:     True
  Skip existing:    True
  Force pocket:     True
  Protein cropping: True (radius=8.0Å + buffer=3.0Å)
================================================================================
================================================================================
GPU SUPPORT VALIDATION
================================================================================

PyTorch CUDA Status:
  PyTorch version: 2.4.1+cu124
  CUDA available: True
  CUDA version: 12.4
  Number of GPUs: 1
  GPU Name: NVIDIA GeForce RTX 4070 Laptop GPU
  GPU Memory: 8.59 GB
  ✓ GPU tensor operations working

NVIDIA GPU Information (nvidia-smi):
Fri May  1 22:49:36 2026       
+-----------------------------------------------------------------------------------------+
| NVIDIA-SMI 580.105.07             Driver Version: 581.80         CUDA Version: 13.0     |
+-----------------------------------------+------------------------+----------------------+
| GPU  Name                 Persistence-M | Bus-Id          Disp.A | Volatile Uncorr. ECC |
| Fan  Temp   Perf          Pwr:Usage/Cap |           Memory-Usage | GPU-Util  Compute M. |
|                                         |                        |               MIG M. |
|=========================================+========================+======================|
|   0  NVIDIA GeForce RTX 4070 ...    On  |   00000000:01:00.0 Off |                  N/A |
| N/A   53C    P0             13W /  101W |     161MiB /   8188MiB |      4%      Default |
|                                         |                        |                  N/A |
+-----------------------------------------+------------------------+----------------------+

+-----------------------------------------------------------------------------------------+
| Processes:                                                                              |
|  GPU   GI   CI              PID   Type   Process name                        GPU Memory |
|        ID   ID                                                               Usage      |
|=========================================================================================|
|    0   N/A  N/A         1064886      C   /python3.8                            N/A      |
+-----------------------------------------------------------------------------------------+


================================================================================
✓ GPU ACCELERATION AVAILABLE
  Recommended setting: equibind_device = 'cuda'
  Current setting: equibind_device = 'cuda'
================================================================================
================================================================================
EquiBind Batch Docking Configuration
================================================================================
  Workspace:        /home/manndo/master_dev
  Ligand dir:       /home/manndo/master_dev/Dockings/Benchmark_Equibind/_staging/6ZC3_JOR/ligands
  Receptor dir:     /home/manndo/master_dev/Dockings/Benchmark_Equibind/_staging/6ZC3_JOR/receptors
  EquiBind dir:     /home/manndo/tools/EquiBind
  EquiBind device:  cuda
  Output:           /home/manndo/master_dev/Dockings/Benchmark_Equibind/6ZC3_JOR
  Pocket results:   fpocket=/home/manndo/master_dev/pocket_results/fpocket_results
                    p2rank=/home/manndo/master_dev/pocket_results/p2rank_results
  Top pockets:      3 per method
  Poses/pocket:     5
  Unguided poses:   5
  Workers:          26
  GPU batch size:   8
  UFF minimize:     True
  Skip existing:    True
  Force pocket:     True
  Protein cropping: True (radius=8.0Å + buffer=3.0Å)
================================================================================
/home/manndo/master_dev/Scripts/Docking/equibind_pipeline/equibind_model.py:84: FutureWarning: You are using `torch.load` with `weights_only=False` (the current default value), which uses the default pickle module implicitly. It is possible to construct malicious pickle data which will execute arbitrary code during unpickling (See https://github.com/pytorch/pytorch/blob/main/SECURITY.md#untrusted-models for more details). In a future release, the default value for `weights_only` will be flipped to `True`. This limits the functions that could be executed during unpickling. Arbitrary objects will no longer be allowed to be loaded via this mode unless they are explicitly allowlisted by the user via `torch.serialization.add_safe_globals`. We recommend you start setting `weights_only=True` for any use case where you don't have full control of the loaded file. Please open an issue on GitHub for any issues related to this experimental feature.
  checkpoint = torch.load(str(ckpt_path), map_location=dev)
[2026-05-01 22:49:36.870957] [ Using Seed :  1  ]
    · EquiBind model loaded from /home/manndo/tools/EquiBind/runs/flexible_self_docking/best_checkpoint.pt
    ·   Device: cuda:0  |  Load time: 0.19s

──────────────────────────────────────────────────────────────────────
  GLOBALLY DECOUPLED 3-PHASE EQUIBIND PIPELINE
──────────────────────────────────────────────────────────────────────
  EquiBind device: cuda:0
  GPU batch size: 8
  Proteins: 1
  Ligands: 1
  Total combos: 1  (≈ 35 poses/combo)
  Workers: 26

    · 6ZC3_JOR_protein: 3 fpocket + 1 p2rank pockets

Pre-computing ligand properties...
  1 ligands analysed
Pre-computing protein properties...
  1 proteins analysed
Docking log: /home/manndo/master_dev/Dockings/Benchmark_Equibind/6ZC3_JOR/docking_log.csv (0 existing entries)

──────────────────────────────────────────────────────────────────────
  PHASE 1: CPU PREPARATION — ALL COMBOS
──────────────────────────────────────────────────────────────────────
    · Building receptor graph for 6ZC3_JOR_protein_protein.pdb
    · Preparing cropped proteins for 4 pockets (4 workers)
    · Cropped protein for fpocket_raw_p001: 28 residues, 438 atoms (radius=11.0Å)
    · Cropped protein for fpocket_raw_p002: 55 residues, 861 atoms (radius=11.0Å)
    · Cropped protein for fpocket_raw_p003: 55 residues, 861 atoms (radius=11.0Å)
    · Cropped protein for p2rank_raw_p001: 48 residues, 783 atoms (radius=11.0Å)
    · Generating conformers for 1 ligands (26 workers)
    · Ligand 6ZC3_JOR_ligand_start_conf: 10 conformers
    · Building DockJobs for 1 combos (26 workers)

────────────────────────────────────────────────────────────────────────────────
  PHASE 1 COMPLETE in 1.2s (0.0 min)
  Jobs prepared:    25
  Cached results:   0
  Unique proteins:  5
  Unique ligands:   1
  Receptor graphs:  5
────────────────────────────────────────────────────────────────────────────────

──────────────────────────────────────────────────────────────────────
  PHASE 2: GPU INFERENCE — 25 TOTAL JOBS
──────────────────────────────────────────────────────────────────────
    ·   6ZC3_JOR_protein_protein_crop_fpocket_raw_p001.pdb: 5 jobs → 1 batches
[2026-05-01 22:49:39.081586] [ Using Seed :  2022  ]
/home/manndo/anaconda3/envs/equibind/lib/python3.8/site-packages/dgl/backend/pytorch/tensor.py:352: UserWarning: TypedStorage is deprecated. It will be removed in the future and UntypedStorage will be the only storage class. This should only matter to you if you are using storages directly.  To access UntypedStorage directly, use tensor.untyped_storage() instead of tensor.storage()
  assert input.numel() == input.storage().size(), "Cannot convert view " \
[2026-05-01 22:49:40.021988] [ Using Seed :  456  ]
[2026-05-01 22:49:40.080142] [ Using Seed :  42  ]
[2026-05-01 22:49:40.147126] [ Using Seed :  5926  ]
[2026-05-01 22:49:40.208488] [ Using Seed :  9999  ]
    ·   6ZC3_JOR_protein_protein_crop_fpocket_raw_p002.pdb: 5 jobs → 1 batches
[2026-05-01 22:49:40.271302] [ Using Seed :  2022  ]
[2026-05-01 22:49:40.330786] [ Using Seed :  456  ]
[2026-05-01 22:49:40.389537] [ Using Seed :  42  ]
[2026-05-01 22:49:40.446132] [ Using Seed :  5926  ]
[2026-05-01 22:49:40.506416] [ Using Seed :  9999  ]
    ·   6ZC3_JOR_protein_protein_crop_fpocket_raw_p003.pdb: 5 jobs → 1 batches
[2026-05-01 22:49:40.571203] [ Using Seed :  2022  ]
[2026-05-01 22:49:40.628954] [ Using Seed :  456  ]
[2026-05-01 22:49:40.685800] [ Using Seed :  42  ]
[2026-05-01 22:49:40.748592] [ Using Seed :  5926  ]
[2026-05-01 22:49:40.818031] [ Using Seed :  9999  ]
    ·   6ZC3_JOR_protein_protein_crop_p2rank_raw_p001.pdb: 5 jobs → 1 batches
[2026-05-01 22:49:40.886578] [ Using Seed :  2022  ]
[2026-05-01 22:49:40.950955] [ Using Seed :  456  ]
[2026-05-01 22:49:41.013063] [ Using Seed :  42  ]
[2026-05-01 22:49:41.078274] [ Using Seed :  5926  ]
[2026-05-01 22:49:41.140082] [ Using Seed :  9999  ]
    ·   6ZC3_JOR_protein_protein.pdb: 5 jobs → 1 batches
[2026-05-01 22:49:41.203240] [ Using Seed :  2022  ]
[2026-05-01 22:49:41.264291] [ Using Seed :  456  ]
[2026-05-01 22:49:41.329031] [ Using Seed :  42  ]
[2026-05-01 22:49:41.390214] [ Using Seed :  5926  ]
[2026-05-01 22:49:41.451745] [ Using Seed :  9999  ]

────────────────────────────────────────────────────────────────────────────────
  PHASE 2 COMPLETE in 3.4s (0.1 min)
  Total batches: 5
  Success: 25  |  Failed: 0
  Avg inference: 97.1ms per ligand
────────────────────────────────────────────────────────────────────────────────

──────────────────────────────────────────────────────────────────────
  PHASE 3: CPU POST-PROCESSING — 25 TOTAL JOBS
──────────────────────────────────────────────────────────────────────
    · Post-processing 25 new jobs (0 skipped)
    · UFF: pre-warmed protein cache for 1 unique protein(s)
    · Stage 1 (corrections+SDF): 0.3s — 0 done, 25 need UFF
    · Stage 2: UFF — 25 jobs, 25 process workers
    · UFF minimization: E 1048.7 → 1007.2 kcal/mol (ΔE=-41.5), converged, 23 ligand + 188 protein atoms
    · UFF minimization: E 1281.6 → 1248.5 kcal/mol (ΔE=-33.1), converged, 23 ligand + 224 protein atoms
    · UFF minimization: E 1374.3 → 1332.8 kcal/mol (ΔE=-41.5), converged, 23 ligand + 254 protein atoms
    · UFF minimization: E 1425.2 → 1385.7 kcal/mol (ΔE=-39.4), converged, 23 ligand + 257 protein atoms
    · UFF minimization: E 1586.5 → 1548.6 kcal/mol (ΔE=-37.9), converged, 23 ligand + 287 protein atoms
    · UFF minimization: E 2007.3 → 1966.9 kcal/mol (ΔE=-40.5), converged, 23 ligand + 400 protein atoms
    · UFF minimization: E 2096.6 → 2056.1 kcal/mol (ΔE=-40.5), converged, 23 ligand + 421 protein atoms
    · UFF minimization: E 1966.5 → 1919.6 kcal/mol (ΔE=-47.0), converged, 23 ligand + 395 protein atoms
    · UFF minimization: E 2222.9 → 2183.3 kcal/mol (ΔE=-39.5), converged, 23 ligand + 423 protein atoms
    · UFF minimization: E 2161.8 → 2116.9 kcal/mol (ΔE=-44.9), converged, 23 ligand + 437 protein atoms
    · UFF minimization: E 2155.4 → 2115.4 kcal/mol (ΔE=-40.1), converged, 23 ligand + 420 protein atoms
    · UFF minimization: E 2031.8 → 1987.8 kcal/mol (ΔE=-44.0), converged, 23 ligand + 423 protein atoms
    · UFF minimization: E 2082.9 → 2042.4 kcal/mol (ΔE=-40.5), converged, 23 ligand + 446 protein atoms
    · UFF minimization: E 2233.5 → 2193.2 kcal/mol (ΔE=-40.2), converged, 23 ligand + 413 protein atoms
    · UFF minimization: E 1794.7 → 1758.1 kcal/mol (ΔE=-36.6), converged, 23 ligand + 363 protein atoms
    · UFF minimization: E 2225.9 → 2179.2 kcal/mol (ΔE=-46.7), converged, 23 ligand + 436 protein atoms
    · UFF minimization: E 2107.1 → 2066.6 kcal/mol (ΔE=-40.5), converged, 23 ligand + 452 protein atoms
    · UFF minimization: E 1999.4 → 1953.7 kcal/mol (ΔE=-45.7), converged, 23 ligand + 425 protein atoms
    · UFF minimization: E 2019.1 → 1983.2 kcal/mol (ΔE=-35.9), converged, 23 ligand + 428 protein atoms
    · UFF minimization: E 2372.9 → 2332.6 kcal/mol (ΔE=-40.2), converged, 23 ligand + 461 protein atoms
    · UFF minimization: E 2332.9 → 2283.4 kcal/mol (ΔE=-49.6), converged, 23 ligand + 461 protein atoms
    · UFF minimization: E 2545.0 → 2501.8 kcal/mol (ΔE=-43.2), converged, 23 ligand + 473 protein atoms
    · UFF minimization: E 2373.1 → 2323.6 kcal/mol (ΔE=-49.5), converged, 23 ligand + 474 protein atoms
    · UFF minimization: E 2345.9 → 2311.0 kcal/mol (ΔE=-34.9), converged, 23 ligand + 474 protein atoms
    · UFF minimization: E 2200.4 → 2165.0 kcal/mol (ΔE=-35.5), converged, 23 ligand + 471 protein atoms
    · Stage 2 (UFF): 2.1s (11.7 jobs/s)
    · Checkpoint: saved guided_results.json for 1 combos

────────────────────────────────────────────────────────────────────────────────
  PHASE 3 COMPLETE in 2.5s (0.0 min)
  Already done: 0
  Newly processed: 25
  Success: 25  |  Failed: 0
────────────────────────────────────────────────────────────────────────────────

──────────────────────────────────────────────────────────────────────
  STATISTICS: UNGUIDED POSES vs POCKETS
──────────────────────────────────────────────────────────────────────
  Unguided poses: 5
  In fpocket: 0  In p2rank: 5  In either: 5

──────────────────────────────────────────────────────────────────────
  TIMING REPORT
──────────────────────────────────────────────────────────────────────

  GLOBAL PHASE TIMING:
  Phase                     Time (s)     Time (min)        %
  ------------------------- ------------ ------------ ------
  Phase 1: CPU Prep         1.2          0.0           17.5%
  Phase 2: GPU Dock         3.4          0.1           47.6%
  Phase 3: CPU Post         2.5          0.0           34.9%
  TOTAL (phases)            7.1          0.1          100.0%
  Pipeline wall time        7.1          0.1         

  Timing saved to: /home/manndo/master_dev/Dockings/Benchmark_Equibind/6ZC3_JOR/pipeline_timing.csv
  Summary saved to: /home/manndo/master_dev/Dockings/Benchmark_Equibind/6ZC3_JOR/pipeline_summary.json

══════════════════════════════════════════════════════════════════════
  SIGNAL MONITOR SUMMARY
══════════════════════════════════════════════════════════════════════
  EquiBind calls:        0
  Successful returns:    0
  Failed returns:        0
  Poses inside pocket:   0
  Poses rejected/outside:0
    ├ guided rejected:   0
    └ unguided outside:  0
══════════════════════════════════════════════════════════════════════

✓ Pipeline complete.
  Poses (success): 25
  Poses (failed):  0
  Wall time:       7.1s
