/home/manndo/anaconda3/envs/equibind/lib/python3.8/site-packages/dgl/backend/pytorch/sparse.py:104: FutureWarning: `torch.cuda.amp.custom_fwd(args...)` is deprecated. Please use `torch.amp.custom_fwd(args..., device_type='cuda')` instead.
  @custom_fwd(cast_inputs=th.float16)
/home/manndo/anaconda3/envs/equibind/lib/python3.8/site-packages/dgl/backend/pytorch/sparse.py:128: FutureWarning: `torch.cuda.amp.custom_bwd(args...)` is deprecated. Please use `torch.amp.custom_bwd(args..., device_type='cuda')` instead.
  def backward(ctx, dZ):
/home/manndo/anaconda3/envs/equibind/lib/python3.8/site-packages/dgl/backend/pytorch/sparse.py:177: FutureWarning: `torch.cuda.amp.custom_fwd(args...)` is deprecated. Please use `torch.amp.custom_fwd(args..., device_type='cuda')` instead.
  @custom_fwd(cast_inputs=th.float16)
/home/manndo/anaconda3/envs/equibind/lib/python3.8/site-packages/dgl/backend/pytorch/sparse.py:207: FutureWarning: `torch.cuda.amp.custom_bwd(args...)` is deprecated. Please use `torch.amp.custom_bwd(args..., device_type='cuda')` instead.
  def backward(ctx, *dZ):
/home/manndo/anaconda3/envs/equibind/lib/python3.8/site-packages/dgl/backend/pytorch/sparse.py:287: FutureWarning: `torch.cuda.amp.custom_fwd(args...)` is deprecated. Please use `torch.amp.custom_fwd(args..., device_type='cuda')` instead.
  @custom_fwd(cast_inputs=th.float16)
/home/manndo/anaconda3/envs/equibind/lib/python3.8/site-packages/dgl/backend/pytorch/sparse.py:304: FutureWarning: `torch.cuda.amp.custom_bwd(args...)` is deprecated. Please use `torch.amp.custom_bwd(args..., device_type='cuda')` instead.
  def backward(ctx, dZ):
/home/manndo/anaconda3/envs/equibind/lib/python3.8/site-packages/dgl/backend/pytorch/sparse.py:352: FutureWarning: `torch.cuda.amp.custom_fwd(args...)` is deprecated. Please use `torch.amp.custom_fwd(args..., device_type='cuda')` instead.
  @custom_fwd(cast_inputs=th.float16)
/home/manndo/anaconda3/envs/equibind/lib/python3.8/site-packages/dgl/backend/pytorch/sparse.py:371: FutureWarning: `torch.cuda.amp.custom_bwd(args...)` is deprecated. Please use `torch.amp.custom_bwd(args..., device_type='cuda')` instead.
  def backward(ctx, *dZ):
/home/manndo/anaconda3/envs/equibind/lib/python3.8/site-packages/dgl/backend/pytorch/sparse.py:431: FutureWarning: `torch.cuda.amp.custom_fwd(args...)` is deprecated. Please use `torch.amp.custom_fwd(args..., device_type='cuda')` instead.
  @custom_fwd(cast_inputs=th.float16)
/home/manndo/anaconda3/envs/equibind/lib/python3.8/site-packages/dgl/backend/pytorch/sparse.py:467: FutureWarning: `torch.cuda.amp.custom_bwd(args...)` is deprecated. Please use `torch.amp.custom_bwd(args..., device_type='cuda')` instead.
  def backward(ctx, grad_out):
/home/manndo/anaconda3/envs/equibind/lib/python3.8/site-packages/dgl/backend/pytorch/sparse.py:498: FutureWarning: `torch.cuda.amp.custom_fwd(args...)` is deprecated. Please use `torch.amp.custom_fwd(args..., device_type='cuda')` instead.
  @custom_fwd(cast_inputs=th.float16)
/home/manndo/anaconda3/envs/equibind/lib/python3.8/site-packages/dgl/backend/pytorch/sparse.py:535: FutureWarning: `torch.cuda.amp.custom_bwd(args...)` is deprecated. Please use `torch.amp.custom_bwd(args..., device_type='cuda')` instead.
  def backward(ctx, *grad_out):
/home/manndo/anaconda3/envs/equibind/lib/python3.8/site-packages/dgl/backend/pytorch/sparse.py:566: FutureWarning: `torch.cuda.amp.custom_fwd(args...)` is deprecated. Please use `torch.amp.custom_fwd(args..., device_type='cuda')` instead.
  @custom_fwd(cast_inputs=th.float16)
/home/manndo/anaconda3/envs/equibind/lib/python3.8/site-packages/dgl/backend/pytorch/sparse.py:575: FutureWarning: `torch.cuda.amp.custom_bwd(args...)` is deprecated. Please use `torch.amp.custom_bwd(args..., device_type='cuda')` instead.
  def backward(ctx, dy):
/home/manndo/anaconda3/envs/equibind/lib/python3.8/site-packages/dgl/backend/pytorch/sparse.py:595: FutureWarning: `torch.cuda.amp.custom_fwd(args...)` is deprecated. Please use `torch.amp.custom_fwd(args..., device_type='cuda')` instead.
  @custom_fwd(cast_inputs=th.float16)
/home/manndo/anaconda3/envs/equibind/lib/python3.8/site-packages/dgl/backend/pytorch/sparse.py:603: FutureWarning: `torch.cuda.amp.custom_bwd(args...)` is deprecated. Please use `torch.amp.custom_bwd(args..., device_type='cuda')` instead.
  def backward(ctx, dy):
/home/manndo/anaconda3/envs/equibind/lib/python3.8/site-packages/dgl/backend/pytorch/sparse.py:666: FutureWarning: `torch.cuda.amp.custom_fwd(args...)` is deprecated. Please use `torch.amp.custom_fwd(args..., device_type='cuda')` instead.
  @custom_fwd(cast_inputs=th.float16)
/home/manndo/anaconda3/envs/equibind/lib/python3.8/site-packages/dgl/backend/pytorch/sparse.py:692: FutureWarning: `torch.cuda.amp.custom_fwd(args...)` is deprecated. Please use `torch.amp.custom_fwd(args..., device_type='cuda')` instead.
  @custom_fwd(cast_inputs=th.float16)
GPU detected: NVIDIA GeForce RTX 4070 Laptop GPU
================================================================================
EquiBind Batch Docking Configuration
================================================================================
  Workspace:        /home/manndo/master_dev
  Ligand dir:       /home/manndo/master_dev/Dockings/Benchmark_Equibind/_staging/6ZT2_QPK/ligands
  Receptor dir:     /home/manndo/master_dev/Dockings/Benchmark_Equibind/_staging/6ZT2_QPK/receptors
  EquiBind dir:     /home/manndo/tools/EquiBind
  EquiBind device:  cuda
  Output:           /home/manndo/master_dev/Dockings/Benchmark_Equibind/6ZT2_QPK
  Pocket results:   fpocket=/home/manndo/master_dev/pocket_results/fpocket_results
                    p2rank=/home/manndo/master_dev/pocket_results/p2rank_results
  Top pockets:      3 per method
  Poses/pocket:     5
  Unguided poses:   5
  Workers:          26
  GPU batch size:   8
  UFF minimize:     True
  Skip existing:    True
  Force pocket:     True
  Protein cropping: True (radius=8.0Å + buffer=3.0Å)
================================================================================
================================================================================
GPU SUPPORT VALIDATION
================================================================================

PyTorch CUDA Status:
  PyTorch version: 2.4.1+cu124
  CUDA available: True
  CUDA version: 12.4
  Number of GPUs: 1
  GPU Name: NVIDIA GeForce RTX 4070 Laptop GPU
  GPU Memory: 8.59 GB
  ✓ GPU tensor operations working

NVIDIA GPU Information (nvidia-smi):
Fri May  1 22:50:51 2026       
+-----------------------------------------------------------------------------------------+
| NVIDIA-SMI 580.105.07             Driver Version: 581.80         CUDA Version: 13.0     |
+-----------------------------------------+------------------------+----------------------+
| GPU  Name                 Persistence-M | Bus-Id          Disp.A | Volatile Uncorr. ECC |
| Fan  Temp   Perf          Pwr:Usage/Cap |           Memory-Usage | GPU-Util  Compute M. |
|                                         |                        |               MIG M. |
|=========================================+========================+======================|
|   0  NVIDIA GeForce RTX 4070 ...    On  |   00000000:01:00.0 Off |                  N/A |
| N/A   52C    P0             13W /  118W |     161MiB /   8188MiB |      1%      Default |
|                                         |                        |                  N/A |
+-----------------------------------------+------------------------+----------------------+

+-----------------------------------------------------------------------------------------+
| Processes:                                                                              |
|  GPU   GI   CI              PID   Type   Process name                        GPU Memory |
|        ID   ID                                                               Usage      |
|=========================================================================================|
|    0   N/A  N/A         1065584      C   /python3.8                            N/A      |
+-----------------------------------------------------------------------------------------+


================================================================================
✓ GPU ACCELERATION AVAILABLE
  Recommended setting: equibind_device = 'cuda'
  Current setting: equibind_device = 'cuda'
================================================================================
================================================================================
EquiBind Batch Docking Configuration
================================================================================
  Workspace:        /home/manndo/master_dev
  Ligand dir:       /home/manndo/master_dev/Dockings/Benchmark_Equibind/_staging/6ZT2_QPK/ligands
  Receptor dir:     /home/manndo/master_dev/Dockings/Benchmark_Equibind/_staging/6ZT2_QPK/receptors
  EquiBind dir:     /home/manndo/tools/EquiBind
  EquiBind device:  cuda
  Output:           /home/manndo/master_dev/Dockings/Benchmark_Equibind/6ZT2_QPK
  Pocket results:   fpocket=/home/manndo/master_dev/pocket_results/fpocket_results
                    p2rank=/home/manndo/master_dev/pocket_results/p2rank_results
  Top pockets:      3 per method
  Poses/pocket:     5
  Unguided poses:   5
  Workers:          26
  GPU batch size:   8
  UFF minimize:     True
  Skip existing:    True
  Force pocket:     True
  Protein cropping: True (radius=8.0Å + buffer=3.0Å)
================================================================================
/home/manndo/master_dev/Scripts/Docking/equibind_pipeline/equibind_model.py:84: FutureWarning: You are using `torch.load` with `weights_only=False` (the current default value), which uses the default pickle module implicitly. It is possible to construct malicious pickle data which will execute arbitrary code during unpickling (See https://github.com/pytorch/pytorch/blob/main/SECURITY.md#untrusted-models for more details). In a future release, the default value for `weights_only` will be flipped to `True`. This limits the functions that could be executed during unpickling. Arbitrary objects will no longer be allowed to be loaded via this mode unless they are explicitly allowlisted by the user via `torch.serialization.add_safe_globals`. We recommend you start setting `weights_only=True` for any use case where you don't have full control of the loaded file. Please open an issue on GitHub for any issues related to this experimental feature.
  checkpoint = torch.load(str(ckpt_path), map_location=dev)
[2026-05-01 22:50:51.501421] [ Using Seed :  1  ]
    · EquiBind model loaded from /home/manndo/tools/EquiBind/runs/flexible_self_docking/best_checkpoint.pt
    ·   Device: cuda:0  |  Load time: 0.16s

──────────────────────────────────────────────────────────────────────
  GLOBALLY DECOUPLED 3-PHASE EQUIBIND PIPELINE
──────────────────────────────────────────────────────────────────────
  EquiBind device: cuda:0
  GPU batch size: 8
  Proteins: 1
  Ligands: 1
  Total combos: 1  (≈ 35 poses/combo)
  Workers: 26

    · 6ZT2_QPK_protein: 3 fpocket + 3 p2rank pockets

Pre-computing ligand properties...
  1 ligands analysed
Pre-computing protein properties...
  1 proteins analysed
Docking log: /home/manndo/master_dev/Dockings/Benchmark_Equibind/6ZT2_QPK/docking_log.csv (0 existing entries)

──────────────────────────────────────────────────────────────────────
  PHASE 1: CPU PREPARATION — ALL COMBOS
──────────────────────────────────────────────────────────────────────
    · Building receptor graph for 6ZT2_QPK_protein_protein.pdb
    · Preparing cropped proteins for 6 pockets (6 workers)
    · Cropped protein for fpocket_raw_p001: 59 residues, 921 atoms (radius=11.0Å)
    · Cropped protein for p2rank_raw_p002: 50 residues, 751 atoms (radius=11.0Å)
    · Cropped protein for fpocket_raw_p002: 52 residues, 827 atoms (radius=11.0Å)
    · Cropped protein for p2rank_raw_p001: 51 residues, 787 atoms (radius=11.0Å)
    · Cropped protein for fpocket_raw_p003: 62 residues, 944 atoms (radius=11.0Å)
    · Cropped protein for p2rank_raw_p003: 46 residues, 699 atoms (radius=11.0Å)
    · Generating conformers for 1 ligands (26 workers)
    · Ligand 6ZT2_QPK_ligand_start_conf: 10 conformers
    · Building DockJobs for 1 combos (26 workers)

────────────────────────────────────────────────────────────────────────────────
  PHASE 1 COMPLETE in 1.6s (0.0 min)
  Jobs prepared:    35
  Cached results:   0
  Unique proteins:  7
  Unique ligands:   1
  Receptor graphs:  7
────────────────────────────────────────────────────────────────────────────────

──────────────────────────────────────────────────────────────────────
  PHASE 2: GPU INFERENCE — 35 TOTAL JOBS
──────────────────────────────────────────────────────────────────────
    ·   6ZT2_QPK_protein_protein_crop_fpocket_raw_p001.pdb: 5 jobs → 1 batches
[2026-05-01 22:50:55.036557] [ Using Seed :  42  ]
/home/manndo/anaconda3/envs/equibind/lib/python3.8/site-packages/dgl/backend/pytorch/tensor.py:352: UserWarning: TypedStorage is deprecated. It will be removed in the future and UntypedStorage will be the only storage class. This should only matter to you if you are using storages directly.  To access UntypedStorage directly, use tensor.untyped_storage() instead of tensor.storage()
  assert input.numel() == input.storage().size(), "Cannot convert view " \
[2026-05-01 22:50:55.819317] [ Using Seed :  1001  ]
[2026-05-01 22:50:55.874567] [ Using Seed :  456  ]
[2026-05-01 22:50:55.932892] [ Using Seed :  123  ]
[2026-05-01 22:50:55.983815] [ Using Seed :  789  ]
    ·   6ZT2_QPK_protein_protein_crop_fpocket_raw_p002.pdb: 5 jobs → 1 batches
[2026-05-01 22:50:56.042026] [ Using Seed :  42  ]
[2026-05-01 22:50:56.095577] [ Using Seed :  1001  ]
[2026-05-01 22:50:56.149102] [ Using Seed :  456  ]
[2026-05-01 22:50:56.203811] [ Using Seed :  123  ]
[2026-05-01 22:50:56.255957] [ Using Seed :  789  ]
    ·   6ZT2_QPK_protein_protein_crop_fpocket_raw_p003.pdb: 5 jobs → 1 batches
[2026-05-01 22:50:56.306925] [ Using Seed :  42  ]
[2026-05-01 22:50:56.357434] [ Using Seed :  1001  ]
[2026-05-01 22:50:56.408839] [ Using Seed :  456  ]
[2026-05-01 22:50:56.463070] [ Using Seed :  123  ]
[2026-05-01 22:50:56.519242] [ Using Seed :  789  ]
    ·   6ZT2_QPK_protein_protein_crop_p2rank_raw_p001.pdb: 5 jobs → 1 batches
[2026-05-01 22:50:56.574773] [ Using Seed :  42  ]
[2026-05-01 22:50:56.627046] [ Using Seed :  1001  ]
[2026-05-01 22:50:56.685588] [ Using Seed :  456  ]
[2026-05-01 22:50:56.739915] [ Using Seed :  123  ]
[2026-05-01 22:50:56.792665] [ Using Seed :  789  ]
    ·   6ZT2_QPK_protein_protein_crop_p2rank_raw_p002.pdb: 5 jobs → 1 batches
[2026-05-01 22:50:56.847875] [ Using Seed :  42  ]
[2026-05-01 22:50:56.897562] [ Using Seed :  1001  ]
[2026-05-01 22:50:56.950637] [ Using Seed :  456  ]
[2026-05-01 22:50:57.003573] [ Using Seed :  123  ]
[2026-05-01 22:50:57.059205] [ Using Seed :  789  ]
    ·   6ZT2_QPK_protein_protein_crop_p2rank_raw_p003.pdb: 5 jobs → 1 batches
[2026-05-01 22:50:57.115242] [ Using Seed :  42  ]
[2026-05-01 22:50:57.166985] [ Using Seed :  1001  ]
[2026-05-01 22:50:57.219880] [ Using Seed :  456  ]
[2026-05-01 22:50:57.271976] [ Using Seed :  123  ]
[2026-05-01 22:50:57.329858] [ Using Seed :  789  ]
    ·   6ZT2_QPK_protein_protein.pdb: 5 jobs → 1 batches
[2026-05-01 22:50:57.382950] [ Using Seed :  42  ]
[2026-05-01 22:50:57.435799] [ Using Seed :  1001  ]
[2026-05-01 22:50:57.488890] [ Using Seed :  456  ]
[2026-05-01 22:50:57.543531] [ Using Seed :  123  ]
[2026-05-01 22:50:57.599286] [ Using Seed :  789  ]

────────────────────────────────────────────────────────────────────────────────
  PHASE 2 COMPLETE in 4.5s (0.1 min)
  Total batches: 7
  Success: 35  |  Failed: 0
  Avg inference: 74.7ms per ligand
────────────────────────────────────────────────────────────────────────────────

──────────────────────────────────────────────────────────────────────
  PHASE 3: CPU POST-PROCESSING — 35 TOTAL JOBS
──────────────────────────────────────────────────────────────────────
    · Post-processing 35 new jobs (0 skipped)
    · UFF: pre-warmed protein cache for 1 unique protein(s)
    · Stage 1 (corrections+SDF): 0.1s — 0 done, 35 need UFF
    · Stage 2: UFF — 35 jobs, 26 process workers
 ⚠️  UFF FF construction failed on combined mol: Can't kekulize mol.  Unkekulized atoms: 28 29 30 31 32
 ⚠️  UFF FF construction failed on combined mol: Can't kekulize mol.  Unkekulized atoms: 52 53 54 55 56
 ⚠️  UFF FF construction failed on combined mol: Can't kekulize mol.  Unkekulized atoms: 52 53 54 55 56 ⚠️  UFF FF construction failed on combined mol: Can't kekulize mol.  Unkekulized atoms: 38 39 40 41 42

 ⚠️  UFF FF construction failed on combined mol: Can't kekulize mol.  Unkekulized atoms: 52 53 54 55 56
    · UFF minimization: E 986.0 → 980.5 kcal/mol (ΔE=-5.6), converged, 13 ligand + 186 protein atoms
 ⚠️  UFF FF construction failed on combined mol: Can't kekulize mol.  Unkekulized atoms: 52 53 54 55 56
    · UFF minimization: E 972.5 → 966.9 kcal/mol (ΔE=-5.6), converged, 13 ligand + 189 protein atoms
    · UFF minimization: E 1085.0 → 1079.4 kcal/mol (ΔE=-5.6), converged, 13 ligand + 211 protein atoms
    · UFF minimization: E 942.9 → 937.4 kcal/mol (ΔE=-5.5), converged, 13 ligand + 179 protein atoms
    · UFF minimization: E 1400.2 → 1394.6 kcal/mol (ΔE=-5.6), converged, 13 ligand + 285 protein atoms
    · UFF minimization: E 1727.4 → 1721.9 kcal/mol (ΔE=-5.5), converged, 13 ligand + 340 protein atoms
    · UFF minimization: E 1646.2 → 1640.7 kcal/mol (ΔE=-5.5), converged, 13 ligand + 334 protein atoms
    · UFF minimization: E 1716.8 → 1711.2 kcal/mol (ΔE=-5.6), converged, 13 ligand + 337 protein atoms
    · UFF minimization: E 1647.1 → 1641.5 kcal/mol (ΔE=-5.6), converged, 13 ligand + 336 protein atoms
    · UFF minimization: E 1778.9 → 1773.3 kcal/mol (ΔE=-5.6), converged, 13 ligand + 356 protein atoms
    · UFF minimization: E 1627.2 → 1621.7 kcal/mol (ΔE=-5.5), converged, 13 ligand + 323 protein atoms
    · UFF minimization: E 1845.2 → 1839.6 kcal/mol (ΔE=-5.6), converged, 13 ligand + 362 protein atoms
    · UFF minimization: E 1874.4 → 1868.9 kcal/mol (ΔE=-5.5), converged, 13 ligand + 401 protein atoms
 ⚠️  UFF FF construction failed on combined mol: Can't kekulize mol.  Unkekulized atoms: 21 22 23 24 25
 ⚠️  UFF FF construction failed on combined mol: Can't kekulize mol.  Unkekulized atoms: 28 29 30 31 32
 ⚠️  UFF FF construction failed on combined mol: Can't kekulize mol.  Unkekulized atoms: 28 29 30 31 32
 ⚠️  UFF FF construction failed on combined mol: Can't kekulize mol.  Unkekulized atoms: 28 29 30 31 32
 ⚠️  UFF FF construction failed on combined mol: Can't kekulize mol.  Unkekulized atoms: 28 29 30 31 32
    · UFF minimization: E 1945.0 → 1939.5 kcal/mol (ΔE=-5.5), converged, 13 ligand + 399 protein atoms
    · UFF minimization: E 2079.7 → 2074.1 kcal/mol (ΔE=-5.6), converged, 13 ligand + 422 protein atoms
    · UFF minimization: E 1984.6 → 1979.0 kcal/mol (ΔE=-5.6), converged, 13 ligand + 406 protein atoms
    · UFF minimization: E 1971.7 → 1966.2 kcal/mol (ΔE=-5.5), converged, 13 ligand + 430 protein atoms
    · UFF minimization: E 1186.4 → 1180.9 kcal/mol (ΔE=-5.5), converged, 13 ligand + 259 protein atoms
    · UFF minimization: E 2226.9 → 2221.3 kcal/mol (ΔE=-5.6), converged, 13 ligand + 458 protein atoms
    · UFF minimization: E 1290.4 → 1284.8 kcal/mol (ΔE=-5.6), converged, 13 ligand + 281 protein atoms
    · UFF minimization: E 2145.6 → 2140.0 kcal/mol (ΔE=-5.6), converged, 13 ligand + 454 protein atoms
    · UFF minimization: E 1255.2 → 1249.7 kcal/mol (ΔE=-5.6), converged, 13 ligand + 262 protein atoms
    · UFF minimization: E 2118.5 → 2112.9 kcal/mol (ΔE=-5.6), converged, 13 ligand + 452 protein atoms
    · UFF minimization: E 1410.8 → 1405.3 kcal/mol (ΔE=-5.5), converged, 13 ligand + 301 protein atoms
    · Stage 2 (UFF): 1.0s (35.2 jobs/s)
    · Checkpoint: saved guided_results.json for 1 combos

────────────────────────────────────────────────────────────────────────────────
  PHASE 3 COMPLETE in 1.1s (0.0 min)
  Already done: 0
  Newly processed: 35
  Success: 35  |  Failed: 0
────────────────────────────────────────────────────────────────────────────────

──────────────────────────────────────────────────────────────────────
  STATISTICS: UNGUIDED POSES vs POCKETS
──────────────────────────────────────────────────────────────────────
  Unguided poses: 5
  In fpocket: 0  In p2rank: 5  In either: 5

──────────────────────────────────────────────────────────────────────
  TIMING REPORT
──────────────────────────────────────────────────────────────────────

  GLOBAL PHASE TIMING:
  Phase                     Time (s)     Time (min)        %
  ------------------------- ------------ ------------ ------
  Phase 1: CPU Prep         1.6          0.0           22.3%
  Phase 2: GPU Dock         4.5          0.1           62.4%
  Phase 3: CPU Post         1.1          0.0           15.3%
  TOTAL (phases)            7.2          0.1          100.0%
  Pipeline wall time        7.2          0.1         

  Timing saved to: /home/manndo/master_dev/Dockings/Benchmark_Equibind/6ZT2_QPK/pipeline_timing.csv
  Summary saved to: /home/manndo/master_dev/Dockings/Benchmark_Equibind/6ZT2_QPK/pipeline_summary.json

══════════════════════════════════════════════════════════════════════
  SIGNAL MONITOR SUMMARY
══════════════════════════════════════════════════════════════════════
  EquiBind calls:        0
  Successful returns:    0
  Failed returns:        0
  Poses inside pocket:   0
  Poses rejected/outside:0
    ├ guided rejected:   0
    └ unguided outside:  0
══════════════════════════════════════════════════════════════════════

✓ Pipeline complete.
  Poses (success): 35
  Poses (failed):  0
  Wall time:       7.2s
