/home/manndo/anaconda3/envs/equibind/lib/python3.8/site-packages/dgl/backend/pytorch/sparse.py:104: FutureWarning: `torch.cuda.amp.custom_fwd(args...)` is deprecated. Please use `torch.amp.custom_fwd(args..., device_type='cuda')` instead.
  @custom_fwd(cast_inputs=th.float16)
/home/manndo/anaconda3/envs/equibind/lib/python3.8/site-packages/dgl/backend/pytorch/sparse.py:128: FutureWarning: `torch.cuda.amp.custom_bwd(args...)` is deprecated. Please use `torch.amp.custom_bwd(args..., device_type='cuda')` instead.
  def backward(ctx, dZ):
/home/manndo/anaconda3/envs/equibind/lib/python3.8/site-packages/dgl/backend/pytorch/sparse.py:177: FutureWarning: `torch.cuda.amp.custom_fwd(args...)` is deprecated. Please use `torch.amp.custom_fwd(args..., device_type='cuda')` instead.
  @custom_fwd(cast_inputs=th.float16)
/home/manndo/anaconda3/envs/equibind/lib/python3.8/site-packages/dgl/backend/pytorch/sparse.py:207: FutureWarning: `torch.cuda.amp.custom_bwd(args...)` is deprecated. Please use `torch.amp.custom_bwd(args..., device_type='cuda')` instead.
  def backward(ctx, *dZ):
/home/manndo/anaconda3/envs/equibind/lib/python3.8/site-packages/dgl/backend/pytorch/sparse.py:287: FutureWarning: `torch.cuda.amp.custom_fwd(args...)` is deprecated. Please use `torch.amp.custom_fwd(args..., device_type='cuda')` instead.
  @custom_fwd(cast_inputs=th.float16)
/home/manndo/anaconda3/envs/equibind/lib/python3.8/site-packages/dgl/backend/pytorch/sparse.py:304: FutureWarning: `torch.cuda.amp.custom_bwd(args...)` is deprecated. Please use `torch.amp.custom_bwd(args..., device_type='cuda')` instead.
  def backward(ctx, dZ):
/home/manndo/anaconda3/envs/equibind/lib/python3.8/site-packages/dgl/backend/pytorch/sparse.py:352: FutureWarning: `torch.cuda.amp.custom_fwd(args...)` is deprecated. Please use `torch.amp.custom_fwd(args..., device_type='cuda')` instead.
  @custom_fwd(cast_inputs=th.float16)
/home/manndo/anaconda3/envs/equibind/lib/python3.8/site-packages/dgl/backend/pytorch/sparse.py:371: FutureWarning: `torch.cuda.amp.custom_bwd(args...)` is deprecated. Please use `torch.amp.custom_bwd(args..., device_type='cuda')` instead.
  def backward(ctx, *dZ):
/home/manndo/anaconda3/envs/equibind/lib/python3.8/site-packages/dgl/backend/pytorch/sparse.py:431: FutureWarning: `torch.cuda.amp.custom_fwd(args...)` is deprecated. Please use `torch.amp.custom_fwd(args..., device_type='cuda')` instead.
  @custom_fwd(cast_inputs=th.float16)
/home/manndo/anaconda3/envs/equibind/lib/python3.8/site-packages/dgl/backend/pytorch/sparse.py:467: FutureWarning: `torch.cuda.amp.custom_bwd(args...)` is deprecated. Please use `torch.amp.custom_bwd(args..., device_type='cuda')` instead.
  def backward(ctx, grad_out):
/home/manndo/anaconda3/envs/equibind/lib/python3.8/site-packages/dgl/backend/pytorch/sparse.py:498: FutureWarning: `torch.cuda.amp.custom_fwd(args...)` is deprecated. Please use `torch.amp.custom_fwd(args..., device_type='cuda')` instead.
  @custom_fwd(cast_inputs=th.float16)
/home/manndo/anaconda3/envs/equibind/lib/python3.8/site-packages/dgl/backend/pytorch/sparse.py:535: FutureWarning: `torch.cuda.amp.custom_bwd(args...)` is deprecated. Please use `torch.amp.custom_bwd(args..., device_type='cuda')` instead.
  def backward(ctx, *grad_out):
/home/manndo/anaconda3/envs/equibind/lib/python3.8/site-packages/dgl/backend/pytorch/sparse.py:566: FutureWarning: `torch.cuda.amp.custom_fwd(args...)` is deprecated. Please use `torch.amp.custom_fwd(args..., device_type='cuda')` instead.
  @custom_fwd(cast_inputs=th.float16)
/home/manndo/anaconda3/envs/equibind/lib/python3.8/site-packages/dgl/backend/pytorch/sparse.py:575: FutureWarning: `torch.cuda.amp.custom_bwd(args...)` is deprecated. Please use `torch.amp.custom_bwd(args..., device_type='cuda')` instead.
  def backward(ctx, dy):
/home/manndo/anaconda3/envs/equibind/lib/python3.8/site-packages/dgl/backend/pytorch/sparse.py:595: FutureWarning: `torch.cuda.amp.custom_fwd(args...)` is deprecated. Please use `torch.amp.custom_fwd(args..., device_type='cuda')` instead.
  @custom_fwd(cast_inputs=th.float16)
/home/manndo/anaconda3/envs/equibind/lib/python3.8/site-packages/dgl/backend/pytorch/sparse.py:603: FutureWarning: `torch.cuda.amp.custom_bwd(args...)` is deprecated. Please use `torch.amp.custom_bwd(args..., device_type='cuda')` instead.
  def backward(ctx, dy):
/home/manndo/anaconda3/envs/equibind/lib/python3.8/site-packages/dgl/backend/pytorch/sparse.py:666: FutureWarning: `torch.cuda.amp.custom_fwd(args...)` is deprecated. Please use `torch.amp.custom_fwd(args..., device_type='cuda')` instead.
  @custom_fwd(cast_inputs=th.float16)
/home/manndo/anaconda3/envs/equibind/lib/python3.8/site-packages/dgl/backend/pytorch/sparse.py:692: FutureWarning: `torch.cuda.amp.custom_fwd(args...)` is deprecated. Please use `torch.amp.custom_fwd(args..., device_type='cuda')` instead.
  @custom_fwd(cast_inputs=th.float16)
GPU detected: NVIDIA GeForce RTX 4070 Laptop GPU
================================================================================
EquiBind Batch Docking Configuration
================================================================================
  Workspace:        /home/manndo/master_dev
  Ligand dir:       /home/manndo/master_dev/Dockings/Benchmark_Equibind/_staging/7B0E_C2E/ligands
  Receptor dir:     /home/manndo/master_dev/Dockings/Benchmark_Equibind/_staging/7B0E_C2E/receptors
  EquiBind dir:     /home/manndo/tools/EquiBind
  EquiBind device:  cuda
  Output:           /home/manndo/master_dev/Dockings/Benchmark_Equibind/7B0E_C2E
  Pocket results:   fpocket=/home/manndo/master_dev/pocket_results/fpocket_results
                    p2rank=/home/manndo/master_dev/pocket_results/p2rank_results
  Top pockets:      3 per method
  Poses/pocket:     5
  Unguided poses:   5
  Workers:          26
  GPU batch size:   8
  UFF minimize:     True
  Skip existing:    True
  Force pocket:     True
  Protein cropping: True (radius=8.0Å + buffer=3.0Å)
================================================================================
================================================================================
GPU SUPPORT VALIDATION
================================================================================

PyTorch CUDA Status:
  PyTorch version: 2.4.1+cu124
  CUDA available: True
  CUDA version: 12.4
  Number of GPUs: 1
  GPU Name: NVIDIA GeForce RTX 4070 Laptop GPU
  GPU Memory: 8.59 GB
  ✓ GPU tensor operations working

NVIDIA GPU Information (nvidia-smi):
Fri May  1 22:55:28 2026       
+-----------------------------------------------------------------------------------------+
| NVIDIA-SMI 580.105.07             Driver Version: 581.80         CUDA Version: 13.0     |
+-----------------------------------------+------------------------+----------------------+
| GPU  Name                 Persistence-M | Bus-Id          Disp.A | Volatile Uncorr. ECC |
| Fan  Temp   Perf          Pwr:Usage/Cap |           Memory-Usage | GPU-Util  Compute M. |
|                                         |                        |               MIG M. |
|=========================================+========================+======================|
|   0  NVIDIA GeForce RTX 4070 ...    On  |   00000000:01:00.0 Off |                  N/A |
| N/A   53C    P0             13W /  117W |     161MiB /   8188MiB |      0%      Default |
|                                         |                        |                  N/A |
+-----------------------------------------+------------------------+----------------------+

+-----------------------------------------------------------------------------------------+
| Processes:                                                                              |
|  GPU   GI   CI              PID   Type   Process name                        GPU Memory |
|        ID   ID                                                               Usage      |
|=========================================================================================|
|    0   N/A  N/A         1067665      C   /python3.8                            N/A      |
+-----------------------------------------------------------------------------------------+


================================================================================
✓ GPU ACCELERATION AVAILABLE
  Recommended setting: equibind_device = 'cuda'
  Current setting: equibind_device = 'cuda'
================================================================================
================================================================================
EquiBind Batch Docking Configuration
================================================================================
  Workspace:        /home/manndo/master_dev
  Ligand dir:       /home/manndo/master_dev/Dockings/Benchmark_Equibind/_staging/7B0E_C2E/ligands
  Receptor dir:     /home/manndo/master_dev/Dockings/Benchmark_Equibind/_staging/7B0E_C2E/receptors
  EquiBind dir:     /home/manndo/tools/EquiBind
  EquiBind device:  cuda
  Output:           /home/manndo/master_dev/Dockings/Benchmark_Equibind/7B0E_C2E
  Pocket results:   fpocket=/home/manndo/master_dev/pocket_results/fpocket_results
                    p2rank=/home/manndo/master_dev/pocket_results/p2rank_results
  Top pockets:      3 per method
  Poses/pocket:     5
  Unguided poses:   5
  Workers:          26
  GPU batch size:   8
  UFF minimize:     True
  Skip existing:    True
  Force pocket:     True
  Protein cropping: True (radius=8.0Å + buffer=3.0Å)
================================================================================
/home/manndo/master_dev/Scripts/Docking/equibind_pipeline/equibind_model.py:84: FutureWarning: You are using `torch.load` with `weights_only=False` (the current default value), which uses the default pickle module implicitly. It is possible to construct malicious pickle data which will execute arbitrary code during unpickling (See https://github.com/pytorch/pytorch/blob/main/SECURITY.md#untrusted-models for more details). In a future release, the default value for `weights_only` will be flipped to `True`. This limits the functions that could be executed during unpickling. Arbitrary objects will no longer be allowed to be loaded via this mode unless they are explicitly allowlisted by the user via `torch.serialization.add_safe_globals`. We recommend you start setting `weights_only=True` for any use case where you don't have full control of the loaded file. Please open an issue on GitHub for any issues related to this experimental feature.
  checkpoint = torch.load(str(ckpt_path), map_location=dev)
[2026-05-01 22:55:29.103744] [ Using Seed :  1  ]
    · EquiBind model loaded from /home/manndo/tools/EquiBind/runs/flexible_self_docking/best_checkpoint.pt
    ·   Device: cuda:0  |  Load time: 0.18s

──────────────────────────────────────────────────────────────────────
  GLOBALLY DECOUPLED 3-PHASE EQUIBIND PIPELINE
──────────────────────────────────────────────────────────────────────
  EquiBind device: cuda:0
  GPU batch size: 8
  Proteins: 1
  Ligands: 1
  Total combos: 1  (≈ 35 poses/combo)
  Workers: 26

    · 7B0E_C2E_protein: 3 fpocket + 3 p2rank pockets

Pre-computing ligand properties...
  1 ligands analysed
Pre-computing protein properties...
  1 proteins analysed
Docking log: /home/manndo/master_dev/Dockings/Benchmark_Equibind/7B0E_C2E/docking_log.csv (0 existing entries)

──────────────────────────────────────────────────────────────────────
  PHASE 1: CPU PREPARATION — ALL COMBOS
──────────────────────────────────────────────────────────────────────
    · Building receptor graph for 7B0E_C2E_protein_protein.pdb
    · Preparing cropped proteins for 6 pockets (6 workers)
    · Cropped protein for fpocket_raw_p002: 46 residues, 724 atoms (radius=11.0Å)
    · Cropped protein for fpocket_raw_p003: 47 residues, 671 atoms (radius=11.0Å)
    · Cropped protein for fpocket_raw_p001: 44 residues, 667 atoms (radius=11.0Å)
    · Cropped protein for p2rank_raw_p002: 35 residues, 550 atoms (radius=11.0Å)
    · Cropped protein for p2rank_raw_p001: 45 residues, 701 atoms (radius=11.0Å)
    · Cropped protein for p2rank_raw_p003: 63 residues, 984 atoms (radius=11.0Å)
    · Generating conformers for 1 ligands (26 workers)
    · Ligand 7B0E_C2E_ligand_start_conf: 10 conformers
    · Building DockJobs for 1 combos (26 workers)

────────────────────────────────────────────────────────────────────────────────
  PHASE 1 COMPLETE in 1.9s (0.0 min)
  Jobs prepared:    35
  Cached results:   0
  Unique proteins:  7
  Unique ligands:   1
  Receptor graphs:  7
────────────────────────────────────────────────────────────────────────────────

──────────────────────────────────────────────────────────────────────
  PHASE 2: GPU INFERENCE — 35 TOTAL JOBS
──────────────────────────────────────────────────────────────────────
    ·   7B0E_C2E_protein_protein_crop_fpocket_raw_p001.pdb: 5 jobs → 1 batches
[2026-05-01 22:55:32.827334] [ Using Seed :  9999  ]
/home/manndo/anaconda3/envs/equibind/lib/python3.8/site-packages/dgl/backend/pytorch/tensor.py:352: UserWarning: TypedStorage is deprecated. It will be removed in the future and UntypedStorage will be the only storage class. This should only matter to you if you are using storages directly.  To access UntypedStorage directly, use tensor.untyped_storage() instead of tensor.storage()
  assert input.numel() == input.storage().size(), "Cannot convert view " \
[2026-05-01 22:55:33.634424] [ Using Seed :  5926  ]
[2026-05-01 22:55:33.687016] [ Using Seed :  456  ]
[2026-05-01 22:55:33.737164] [ Using Seed :  789  ]
[2026-05-01 22:55:33.789166] [ Using Seed :  2022  ]
    ·   7B0E_C2E_protein_protein_crop_fpocket_raw_p002.pdb: 5 jobs → 1 batches
[2026-05-01 22:55:33.848222] [ Using Seed :  9999  ]
[2026-05-01 22:55:33.903123] [ Using Seed :  5926  ]
[2026-05-01 22:55:33.960108] [ Using Seed :  456  ]
[2026-05-01 22:55:34.009983] [ Using Seed :  789  ]
[2026-05-01 22:55:34.069676] [ Using Seed :  2022  ]
    ·   7B0E_C2E_protein_protein_crop_fpocket_raw_p003.pdb: 5 jobs → 1 batches
[2026-05-01 22:55:34.130322] [ Using Seed :  9999  ]
[2026-05-01 22:55:34.188077] [ Using Seed :  5926  ]
[2026-05-01 22:55:34.240511] [ Using Seed :  456  ]
[2026-05-01 22:55:34.291297] [ Using Seed :  789  ]
[2026-05-01 22:55:34.341234] [ Using Seed :  2022  ]
    ·   7B0E_C2E_protein_protein_crop_p2rank_raw_p001.pdb: 5 jobs → 1 batches
[2026-05-01 22:55:34.392772] [ Using Seed :  9999  ]
[2026-05-01 22:55:34.445256] [ Using Seed :  5926  ]
[2026-05-01 22:55:34.497813] [ Using Seed :  456  ]
[2026-05-01 22:55:34.551843] [ Using Seed :  789  ]
[2026-05-01 22:55:34.605921] [ Using Seed :  2022  ]
    ·   7B0E_C2E_protein_protein_crop_p2rank_raw_p002.pdb: 5 jobs → 1 batches
[2026-05-01 22:55:34.659833] [ Using Seed :  9999  ]
[2026-05-01 22:55:34.714408] [ Using Seed :  5926  ]
[2026-05-01 22:55:34.769899] [ Using Seed :  456  ]
[2026-05-01 22:55:34.824145] [ Using Seed :  789  ]
[2026-05-01 22:55:34.876241] [ Using Seed :  2022  ]
    ·   7B0E_C2E_protein_protein_crop_p2rank_raw_p003.pdb: 5 jobs → 1 batches
[2026-05-01 22:55:34.929634] [ Using Seed :  9999  ]
[2026-05-01 22:55:34.985335] [ Using Seed :  5926  ]
[2026-05-01 22:55:35.040711] [ Using Seed :  456  ]
[2026-05-01 22:55:35.095615] [ Using Seed :  789  ]
[2026-05-01 22:55:35.149669] [ Using Seed :  2022  ]
    ·   7B0E_C2E_protein_protein.pdb: 5 jobs → 1 batches
[2026-05-01 22:55:35.207952] [ Using Seed :  9999  ]
[2026-05-01 22:55:35.264428] [ Using Seed :  5926  ]
[2026-05-01 22:55:35.316696] [ Using Seed :  456  ]
[2026-05-01 22:55:35.369537] [ Using Seed :  789  ]
[2026-05-01 22:55:35.426737] [ Using Seed :  2022  ]

────────────────────────────────────────────────────────────────────────────────
  PHASE 2 COMPLETE in 4.4s (0.1 min)
  Total batches: 7
  Success: 35  |  Failed: 0
  Avg inference: 75.7ms per ligand
────────────────────────────────────────────────────────────────────────────────

──────────────────────────────────────────────────────────────────────
  PHASE 3: CPU POST-PROCESSING — 35 TOTAL JOBS
──────────────────────────────────────────────────────────────────────
    · Post-processing 35 new jobs (0 skipped)
    · UFF: pre-warmed protein cache for 1 unique protein(s)
    · Stage 1 (corrections+SDF): 0.4s — 0 done, 35 need UFF
    · Stage 2: UFF — 35 jobs, 26 process workers
 ⚠️  UFF FF construction failed on combined mol: Can't kekulize mol.  Unkekulized atoms: 5 6 7 8 9
 ⚠️  UFF FF construction failed on combined mol: Can't kekulize mol.  Unkekulized atoms: 5 6 7 8 9 10 11 12 13
 ⚠️  UFF FF construction failed on combined mol: Can't kekulize mol.  Unkekulized atoms: 5 6 7 8 9
 ⚠️  UFF FF construction failed on combined mol: Can't kekulize mol.  Unkekulized atoms: 62 63 64 65 66
 ⚠️  UFF FF construction failed on combined mol: Can't kekulize mol.  Unkekulized atoms: 45 46 47 48 49
 ⚠️  UFF FF construction failed on combined mol: Can't kekulize mol.  Unkekulized atoms: 5 6 7 8 9
 ⚠️  UFF FF construction failed on combined mol: Can't kekulize mol.  Unkekulized atoms: 5 6 7 8 9
 ⚠️  UFF FF construction failed on combined mol: Can't kekulize mol.  Unkekulized atoms: 62 63 64 65 66
 ⚠️  UFF FF construction failed on combined mol: Can't kekulize mol.  Unkekulized atoms: 218 219 220 221 222
 ⚠️  UFF FF construction failed on combined mol: Can't kekulize mol.  Unkekulized atoms: 204 205 206 207 208
 ⚠️  UFF FF construction failed on combined mol: Can't kekulize mol.  Unkekulized atoms: 5 6 7 8 9 10 11 12 13
 ⚠️  UFF FF construction failed on combined mol: Can't kekulize mol.  Unkekulized atoms: 167 168 169 170 171 172 173 174 175
    · UFF minimization: E 2830.3 → 2627.1 kcal/mol (ΔE=-203.3), not converged (code 1), 70 ligand + 475 protein atoms
    · UFF minimization: E 3083.4 → 2861.1 kcal/mol (ΔE=-222.4), not converged (code 1), 70 ligand + 511 protein atoms
    · UFF minimization: E 2864.7 → 2669.1 kcal/mol (ΔE=-195.6), not converged (code 1), 70 ligand + 478 protein atoms
    · UFF minimization: E 3061.7 → 2861.5 kcal/mol (ΔE=-200.2), not converged (code 1), 70 ligand + 526 protein atoms
    · UFF minimization: E 3029.9 → 2830.8 kcal/mol (ΔE=-199.2), not converged (code 1), 70 ligand + 510 protein atoms
    · UFF minimization: E 3027.6 → 2804.8 kcal/mol (ΔE=-222.8), not converged (code 1), 70 ligand + 499 protein atoms
    · UFF minimization: E 3137.0 → 2921.0 kcal/mol (ΔE=-216.0), not converged (code 1), 70 ligand + 535 protein atoms
    · UFF minimization: E 3088.9 → 2869.3 kcal/mol (ΔE=-219.6), not converged (code 1), 70 ligand + 516 protein atoms
    · UFF minimization: E 3168.9 → 2961.0 kcal/mol (ΔE=-207.9), not converged (code 1), 70 ligand + 542 protein atoms
    · UFF minimization: E 3372.5 → 3159.6 kcal/mol (ΔE=-212.9), not converged (code 1), 70 ligand + 561 protein atoms
    · UFF minimization: E 3632.0 → 3430.0 kcal/mol (ΔE=-202.0), not converged (code 1), 70 ligand + 621 protein atoms
    · UFF minimization: E 3978.1 → 3775.9 kcal/mol (ΔE=-202.2), not converged (code 1), 70 ligand + 688 protein atoms
    · UFF minimization: E 4130.8 → 3932.1 kcal/mol (ΔE=-198.8), not converged (code 1), 70 ligand + 704 protein atoms
    · UFF minimization: E 4144.9 → 3938.6 kcal/mol (ΔE=-206.2), not converged (code 1), 70 ligand + 715 protein atoms
    · UFF minimization: E 4275.0 → 4061.0 kcal/mol (ΔE=-214.0), not converged (code 1), 70 ligand + 766 protein atoms
    · UFF minimization: E 4263.3 → 4070.3 kcal/mol (ΔE=-193.0), not converged (code 1), 70 ligand + 730 protein atoms
    · UFF minimization: E 4563.3 → 4348.9 kcal/mol (ΔE=-214.5), not converged (code 1), 70 ligand + 780 protein atoms
    · UFF minimization: E 4129.9 → 3916.1 kcal/mol (ΔE=-213.8), not converged (code 1), 70 ligand + 746 protein atoms
    · UFF minimization: E 4449.6 → 4234.9 kcal/mol (ΔE=-214.6), not converged (code 1), 70 ligand + 781 protein atoms
    · UFF minimization: E 4580.9 → 4365.0 kcal/mol (ΔE=-215.9), not converged (code 1), 70 ligand + 798 protein atoms
    · UFF minimization: E 4737.0 → 4534.6 kcal/mol (ΔE=-202.3), not converged (code 1), 70 ligand + 840 protein atoms
    · UFF minimization: E 5075.3 → 4866.5 kcal/mol (ΔE=-208.8), not converged (code 1), 70 ligand + 883 protein atoms
    · UFF minimization: E 5141.3 → 4922.7 kcal/mol (ΔE=-218.7), not converged (code 1), 70 ligand + 926 protein atoms
    · Stage 2 (UFF): 12.5s (2.8 jobs/s)
    · Checkpoint: saved guided_results.json for 1 combos

────────────────────────────────────────────────────────────────────────────────
  PHASE 3 COMPLETE in 12.9s (0.2 min)
  Already done: 0
  Newly processed: 35
  Success: 35  |  Failed: 0
────────────────────────────────────────────────────────────────────────────────

──────────────────────────────────────────────────────────────────────
  STATISTICS: UNGUIDED POSES vs POCKETS
──────────────────────────────────────────────────────────────────────
  Unguided poses: 5
  In fpocket: 5  In p2rank: 0  In either: 5

──────────────────────────────────────────────────────────────────────
  TIMING REPORT
──────────────────────────────────────────────────────────────────────

  GLOBAL PHASE TIMING:
  Phase                     Time (s)     Time (min)        %
  ------------------------- ------------ ------------ ------
  Phase 1: CPU Prep         1.9          0.0            9.8%
  Phase 2: GPU Dock         4.4          0.1           23.1%
  Phase 3: CPU Post         12.9         0.2           67.1%
  TOTAL (phases)            19.2         0.3          100.0%
  Pipeline wall time        19.2         0.3         

  Timing saved to: /home/manndo/master_dev/Dockings/Benchmark_Equibind/7B0E_C2E/pipeline_timing.csv
  Summary saved to: /home/manndo/master_dev/Dockings/Benchmark_Equibind/7B0E_C2E/pipeline_summary.json

══════════════════════════════════════════════════════════════════════
  SIGNAL MONITOR SUMMARY
══════════════════════════════════════════════════════════════════════
  EquiBind calls:        0
  Successful returns:    0
  Failed returns:        0
  Poses inside pocket:   0
  Poses rejected/outside:0
    ├ guided rejected:   0
    └ unguided outside:  0
══════════════════════════════════════════════════════════════════════

✓ Pipeline complete.
  Poses (success): 35
  Poses (failed):  0
  Wall time:       19.2s
