/home/manndo/anaconda3/envs/equibind/lib/python3.8/site-packages/dgl/backend/pytorch/sparse.py:104: FutureWarning: `torch.cuda.amp.custom_fwd(args...)` is deprecated. Please use `torch.amp.custom_fwd(args..., device_type='cuda')` instead.
  @custom_fwd(cast_inputs=th.float16)
/home/manndo/anaconda3/envs/equibind/lib/python3.8/site-packages/dgl/backend/pytorch/sparse.py:128: FutureWarning: `torch.cuda.amp.custom_bwd(args...)` is deprecated. Please use `torch.amp.custom_bwd(args..., device_type='cuda')` instead.
  def backward(ctx, dZ):
/home/manndo/anaconda3/envs/equibind/lib/python3.8/site-packages/dgl/backend/pytorch/sparse.py:177: FutureWarning: `torch.cuda.amp.custom_fwd(args...)` is deprecated. Please use `torch.amp.custom_fwd(args..., device_type='cuda')` instead.
  @custom_fwd(cast_inputs=th.float16)
/home/manndo/anaconda3/envs/equibind/lib/python3.8/site-packages/dgl/backend/pytorch/sparse.py:207: FutureWarning: `torch.cuda.amp.custom_bwd(args...)` is deprecated. Please use `torch.amp.custom_bwd(args..., device_type='cuda')` instead.
  def backward(ctx, *dZ):
/home/manndo/anaconda3/envs/equibind/lib/python3.8/site-packages/dgl/backend/pytorch/sparse.py:287: FutureWarning: `torch.cuda.amp.custom_fwd(args...)` is deprecated. Please use `torch.amp.custom_fwd(args..., device_type='cuda')` instead.
  @custom_fwd(cast_inputs=th.float16)
/home/manndo/anaconda3/envs/equibind/lib/python3.8/site-packages/dgl/backend/pytorch/sparse.py:304: FutureWarning: `torch.cuda.amp.custom_bwd(args...)` is deprecated. Please use `torch.amp.custom_bwd(args..., device_type='cuda')` instead.
  def backward(ctx, dZ):
/home/manndo/anaconda3/envs/equibind/lib/python3.8/site-packages/dgl/backend/pytorch/sparse.py:352: FutureWarning: `torch.cuda.amp.custom_fwd(args...)` is deprecated. Please use `torch.amp.custom_fwd(args..., device_type='cuda')` instead.
  @custom_fwd(cast_inputs=th.float16)
/home/manndo/anaconda3/envs/equibind/lib/python3.8/site-packages/dgl/backend/pytorch/sparse.py:371: FutureWarning: `torch.cuda.amp.custom_bwd(args...)` is deprecated. Please use `torch.amp.custom_bwd(args..., device_type='cuda')` instead.
  def backward(ctx, *dZ):
/home/manndo/anaconda3/envs/equibind/lib/python3.8/site-packages/dgl/backend/pytorch/sparse.py:431: FutureWarning: `torch.cuda.amp.custom_fwd(args...)` is deprecated. Please use `torch.amp.custom_fwd(args..., device_type='cuda')` instead.
  @custom_fwd(cast_inputs=th.float16)
/home/manndo/anaconda3/envs/equibind/lib/python3.8/site-packages/dgl/backend/pytorch/sparse.py:467: FutureWarning: `torch.cuda.amp.custom_bwd(args...)` is deprecated. Please use `torch.amp.custom_bwd(args..., device_type='cuda')` instead.
  def backward(ctx, grad_out):
/home/manndo/anaconda3/envs/equibind/lib/python3.8/site-packages/dgl/backend/pytorch/sparse.py:498: FutureWarning: `torch.cuda.amp.custom_fwd(args...)` is deprecated. Please use `torch.amp.custom_fwd(args..., device_type='cuda')` instead.
  @custom_fwd(cast_inputs=th.float16)
/home/manndo/anaconda3/envs/equibind/lib/python3.8/site-packages/dgl/backend/pytorch/sparse.py:535: FutureWarning: `torch.cuda.amp.custom_bwd(args...)` is deprecated. Please use `torch.amp.custom_bwd(args..., device_type='cuda')` instead.
  def backward(ctx, *grad_out):
/home/manndo/anaconda3/envs/equibind/lib/python3.8/site-packages/dgl/backend/pytorch/sparse.py:566: FutureWarning: `torch.cuda.amp.custom_fwd(args...)` is deprecated. Please use `torch.amp.custom_fwd(args..., device_type='cuda')` instead.
  @custom_fwd(cast_inputs=th.float16)
/home/manndo/anaconda3/envs/equibind/lib/python3.8/site-packages/dgl/backend/pytorch/sparse.py:575: FutureWarning: `torch.cuda.amp.custom_bwd(args...)` is deprecated. Please use `torch.amp.custom_bwd(args..., device_type='cuda')` instead.
  def backward(ctx, dy):
/home/manndo/anaconda3/envs/equibind/lib/python3.8/site-packages/dgl/backend/pytorch/sparse.py:595: FutureWarning: `torch.cuda.amp.custom_fwd(args...)` is deprecated. Please use `torch.amp.custom_fwd(args..., device_type='cuda')` instead.
  @custom_fwd(cast_inputs=th.float16)
/home/manndo/anaconda3/envs/equibind/lib/python3.8/site-packages/dgl/backend/pytorch/sparse.py:603: FutureWarning: `torch.cuda.amp.custom_bwd(args...)` is deprecated. Please use `torch.amp.custom_bwd(args..., device_type='cuda')` instead.
  def backward(ctx, dy):
/home/manndo/anaconda3/envs/equibind/lib/python3.8/site-packages/dgl/backend/pytorch/sparse.py:666: FutureWarning: `torch.cuda.amp.custom_fwd(args...)` is deprecated. Please use `torch.amp.custom_fwd(args..., device_type='cuda')` instead.
  @custom_fwd(cast_inputs=th.float16)
/home/manndo/anaconda3/envs/equibind/lib/python3.8/site-packages/dgl/backend/pytorch/sparse.py:692: FutureWarning: `torch.cuda.amp.custom_fwd(args...)` is deprecated. Please use `torch.amp.custom_fwd(args..., device_type='cuda')` instead.
  @custom_fwd(cast_inputs=th.float16)
GPU detected: NVIDIA GeForce RTX 4070 Laptop GPU
================================================================================
EquiBind Batch Docking Configuration
================================================================================
  Workspace:        /home/manndo/master_dev
  Ligand dir:       /home/manndo/master_dev/Dockings/Benchmark_Equibind/_staging/7C8Q_DSG/ligands
  Receptor dir:     /home/manndo/master_dev/Dockings/Benchmark_Equibind/_staging/7C8Q_DSG/receptors
  EquiBind dir:     /home/manndo/tools/EquiBind
  EquiBind device:  cuda
  Output:           /home/manndo/master_dev/Dockings/Benchmark_Equibind/7C8Q_DSG
  Pocket results:   fpocket=/home/manndo/master_dev/pocket_results/fpocket_results
                    p2rank=/home/manndo/master_dev/pocket_results/p2rank_results
  Top pockets:      3 per method
  Poses/pocket:     5
  Unguided poses:   5
  Workers:          26
  GPU batch size:   8
  UFF minimize:     True
  Skip existing:    True
  Force pocket:     True
  Protein cropping: True (radius=8.0Å + buffer=3.0Å)
================================================================================
================================================================================
GPU SUPPORT VALIDATION
================================================================================

PyTorch CUDA Status:
  PyTorch version: 2.4.1+cu124
  CUDA available: True
  CUDA version: 12.4
  Number of GPUs: 1
  GPU Name: NVIDIA GeForce RTX 4070 Laptop GPU
  GPU Memory: 8.59 GB
  ✓ GPU tensor operations working

NVIDIA GPU Information (nvidia-smi):
Fri May  1 23:07:59 2026       
+-----------------------------------------------------------------------------------------+
| NVIDIA-SMI 580.105.07             Driver Version: 581.80         CUDA Version: 13.0     |
+-----------------------------------------+------------------------+----------------------+
| GPU  Name                 Persistence-M | Bus-Id          Disp.A | Volatile Uncorr. ECC |
| Fan  Temp   Perf          Pwr:Usage/Cap |           Memory-Usage | GPU-Util  Compute M. |
|                                         |                        |               MIG M. |
|=========================================+========================+======================|
|   0  NVIDIA GeForce RTX 4070 ...    On  |   00000000:01:00.0 Off |                  N/A |
| N/A   51C    P0             13W /  120W |     161MiB /   8188MiB |      0%      Default |
|                                         |                        |                  N/A |
+-----------------------------------------+------------------------+----------------------+

+-----------------------------------------------------------------------------------------+
| Processes:                                                                              |
|  GPU   GI   CI              PID   Type   Process name                        GPU Memory |
|        ID   ID                                                               Usage      |
|=========================================================================================|
|    0   N/A  N/A         1071495      C   /python3.8                            N/A      |
+-----------------------------------------------------------------------------------------+


================================================================================
✓ GPU ACCELERATION AVAILABLE
  Recommended setting: equibind_device = 'cuda'
  Current setting: equibind_device = 'cuda'
================================================================================
================================================================================
EquiBind Batch Docking Configuration
================================================================================
  Workspace:        /home/manndo/master_dev
  Ligand dir:       /home/manndo/master_dev/Dockings/Benchmark_Equibind/_staging/7C8Q_DSG/ligands
  Receptor dir:     /home/manndo/master_dev/Dockings/Benchmark_Equibind/_staging/7C8Q_DSG/receptors
  EquiBind dir:     /home/manndo/tools/EquiBind
  EquiBind device:  cuda
  Output:           /home/manndo/master_dev/Dockings/Benchmark_Equibind/7C8Q_DSG
  Pocket results:   fpocket=/home/manndo/master_dev/pocket_results/fpocket_results
                    p2rank=/home/manndo/master_dev/pocket_results/p2rank_results
  Top pockets:      3 per method
  Poses/pocket:     5
  Unguided poses:   5
  Workers:          26
  GPU batch size:   8
  UFF minimize:     True
  Skip existing:    True
  Force pocket:     True
  Protein cropping: True (radius=8.0Å + buffer=3.0Å)
================================================================================
/home/manndo/master_dev/Scripts/Docking/equibind_pipeline/equibind_model.py:84: FutureWarning: You are using `torch.load` with `weights_only=False` (the current default value), which uses the default pickle module implicitly. It is possible to construct malicious pickle data which will execute arbitrary code during unpickling (See https://github.com/pytorch/pytorch/blob/main/SECURITY.md#untrusted-models for more details). In a future release, the default value for `weights_only` will be flipped to `True`. This limits the functions that could be executed during unpickling. Arbitrary objects will no longer be allowed to be loaded via this mode unless they are explicitly allowlisted by the user via `torch.serialization.add_safe_globals`. We recommend you start setting `weights_only=True` for any use case where you don't have full control of the loaded file. Please open an issue on GitHub for any issues related to this experimental feature.
  checkpoint = torch.load(str(ckpt_path), map_location=dev)
[2026-05-01 23:08:00.193671] [ Using Seed :  1  ]
    · EquiBind model loaded from /home/manndo/tools/EquiBind/runs/flexible_self_docking/best_checkpoint.pt
    ·   Device: cuda:0  |  Load time: 0.18s

──────────────────────────────────────────────────────────────────────
  GLOBALLY DECOUPLED 3-PHASE EQUIBIND PIPELINE
──────────────────────────────────────────────────────────────────────
  EquiBind device: cuda:0
  GPU batch size: 8
  Proteins: 1
  Ligands: 1
  Total combos: 1  (≈ 35 poses/combo)
  Workers: 26

    · 7C8Q_DSG_protein: 3 fpocket + 3 p2rank pockets

Pre-computing ligand properties...
  1 ligands analysed
Pre-computing protein properties...
  1 proteins analysed
Docking log: /home/manndo/master_dev/Dockings/Benchmark_Equibind/7C8Q_DSG/docking_log.csv (0 existing entries)

──────────────────────────────────────────────────────────────────────
  PHASE 1: CPU PREPARATION — ALL COMBOS
──────────────────────────────────────────────────────────────────────
    · Building receptor graph for 7C8Q_DSG_protein_protein.pdb
    · Preparing cropped proteins for 6 pockets (6 workers)
    · Cropped protein for fpocket_raw_p001: 56 residues, 841 atoms (radius=11.0Å)
    · Cropped protein for fpocket_raw_p003: 64 residues, 858 atoms (radius=11.0Å)
    · Cropped protein for p2rank_raw_p001: 57 residues, 882 atoms (radius=11.0Å)
    · Cropped protein for fpocket_raw_p002: 47 residues, 727 atoms (radius=11.0Å)
    · Cropped protein for p2rank_raw_p003: 67 residues, 935 atoms (radius=11.0Å)
    · Cropped protein for p2rank_raw_p002: 67 residues, 938 atoms (radius=11.0Å)
    · Generating conformers for 1 ligands (26 workers)
    · Ligand 7C8Q_DSG_ligand_start_conf: 10 conformers
    · Building DockJobs for 1 combos (26 workers)

────────────────────────────────────────────────────────────────────────────────
  PHASE 1 COMPLETE in 3.0s (0.0 min)
  Jobs prepared:    35
  Cached results:   0
  Unique proteins:  7
  Unique ligands:   1
  Receptor graphs:  7
────────────────────────────────────────────────────────────────────────────────

──────────────────────────────────────────────────────────────────────
  PHASE 2: GPU INFERENCE — 35 TOTAL JOBS
──────────────────────────────────────────────────────────────────────
    ·   7C8Q_DSG_protein_protein_crop_fpocket_raw_p001.pdb: 5 jobs → 1 batches
[2026-05-01 23:08:04.111897] [ Using Seed :  42  ]
/home/manndo/anaconda3/envs/equibind/lib/python3.8/site-packages/dgl/backend/pytorch/tensor.py:352: UserWarning: TypedStorage is deprecated. It will be removed in the future and UntypedStorage will be the only storage class. This should only matter to you if you are using storages directly.  To access UntypedStorage directly, use tensor.untyped_storage() instead of tensor.storage()
  assert input.numel() == input.storage().size(), "Cannot convert view " \
[2026-05-01 23:08:04.929281] [ Using Seed :  5926  ]
[2026-05-01 23:08:04.981063] [ Using Seed :  456  ]
[2026-05-01 23:08:05.038791] [ Using Seed :  3141  ]
[2026-05-01 23:08:05.091669] [ Using Seed :  2022  ]
    ·   7C8Q_DSG_protein_protein_crop_fpocket_raw_p002.pdb: 5 jobs → 1 batches
[2026-05-01 23:08:05.149972] [ Using Seed :  42  ]
[2026-05-01 23:08:05.205162] [ Using Seed :  5926  ]
[2026-05-01 23:08:05.258985] [ Using Seed :  456  ]
[2026-05-01 23:08:05.309948] [ Using Seed :  3141  ]
[2026-05-01 23:08:05.368453] [ Using Seed :  2022  ]
    ·   7C8Q_DSG_protein_protein_crop_fpocket_raw_p003.pdb: 5 jobs → 1 batches
[2026-05-01 23:08:05.417942] [ Using Seed :  42  ]
[2026-05-01 23:08:05.469353] [ Using Seed :  5926  ]
[2026-05-01 23:08:05.524010] [ Using Seed :  456  ]
[2026-05-01 23:08:05.579616] [ Using Seed :  3141  ]
[2026-05-01 23:08:05.632511] [ Using Seed :  2022  ]
    ·   7C8Q_DSG_protein_protein_crop_p2rank_raw_p001.pdb: 5 jobs → 1 batches
[2026-05-01 23:08:05.688136] [ Using Seed :  42  ]
[2026-05-01 23:08:05.743879] [ Using Seed :  5926  ]
[2026-05-01 23:08:05.796990] [ Using Seed :  456  ]
[2026-05-01 23:08:05.852938] [ Using Seed :  3141  ]
[2026-05-01 23:08:05.911442] [ Using Seed :  2022  ]
    ·   7C8Q_DSG_protein_protein_crop_p2rank_raw_p002.pdb: 5 jobs → 1 batches
[2026-05-01 23:08:05.969504] [ Using Seed :  42  ]
[2026-05-01 23:08:06.025443] [ Using Seed :  5926  ]
[2026-05-01 23:08:06.076600] [ Using Seed :  456  ]
[2026-05-01 23:08:06.132505] [ Using Seed :  3141  ]
[2026-05-01 23:08:06.184682] [ Using Seed :  2022  ]
    ·   7C8Q_DSG_protein_protein_crop_p2rank_raw_p003.pdb: 5 jobs → 1 batches
[2026-05-01 23:08:06.240417] [ Using Seed :  42  ]
[2026-05-01 23:08:06.293668] [ Using Seed :  5926  ]
[2026-05-01 23:08:06.348510] [ Using Seed :  456  ]
[2026-05-01 23:08:06.403478] [ Using Seed :  3141  ]
[2026-05-01 23:08:06.457122] [ Using Seed :  2022  ]
    ·   7C8Q_DSG_protein_protein.pdb: 5 jobs → 1 batches
[2026-05-01 23:08:06.515077] [ Using Seed :  42  ]
[2026-05-01 23:08:06.575651] [ Using Seed :  5926  ]
[2026-05-01 23:08:06.633486] [ Using Seed :  456  ]
[2026-05-01 23:08:06.692888] [ Using Seed :  3141  ]
[2026-05-01 23:08:06.749734] [ Using Seed :  2022  ]

────────────────────────────────────────────────────────────────────────────────
  PHASE 2 COMPLETE in 3.6s (0.1 min)
  Total batches: 7
  Success: 35  |  Failed: 0
  Avg inference: 76.8ms per ligand
────────────────────────────────────────────────────────────────────────────────

──────────────────────────────────────────────────────────────────────
  PHASE 3: CPU POST-PROCESSING — 35 TOTAL JOBS
──────────────────────────────────────────────────────────────────────
    · Post-processing 35 new jobs (0 skipped)
    · UFF: pre-warmed protein cache for 1 unique protein(s)
    · Stage 1 (corrections+SDF): 0.3s — 0 done, 35 need UFF
    · Stage 2: UFF — 35 jobs, 26 process workers
    · UFF minimization: E 1678.8 → 1653.4 kcal/mol (ΔE=-25.4), converged, 17 ligand + 319 protein atoms
 ⚠️  UFF FF construction failed on combined mol: Can't kekulize mol.  Unkekulized atoms: 5 6 7 8 9
 ⚠️  UFF FF construction failed on combined mol: Can't kekulize mol.  Unkekulized atoms: 5 6 7 8 9
    · UFF minimization: E 1602.8 → 1569.8 kcal/mol (ΔE=-33.0), converged, 17 ligand + 298 protein atoms
 ⚠️  UFF FF construction failed on combined mol: Can't kekulize mol.  Unkekulized atoms: 5 6 7 8 9
 ⚠️  UFF FF construction failed on combined mol: Can't kekulize mol.  Unkekulized atoms: 5 6 7 8 9
 ⚠️  UFF FF construction failed on combined mol: Can't kekulize mol.  Unkekulized atoms: 5 6 7 8 9
    · UFF minimization: E 1723.9 → 1695.8 kcal/mol (ΔE=-28.1), converged, 17 ligand + 338 protein atoms
 ⚠️  UFF FF construction failed on combined mol: Can't kekulize mol.  Unkekulized atoms: 5 6 7 8 9
    · UFF minimization: E 1546.0 → 1517.3 kcal/mol (ΔE=-28.7), converged, 17 ligand + 288 protein atoms
    · UFF minimization: E 2532.2 → 2495.1 kcal/mol (ΔE=-37.0), converged, 17 ligand + 466 protein atoms
    · UFF minimization: E 1934.3 → 1899.2 kcal/mol (ΔE=-35.1), converged, 17 ligand + 374 protein atoms
    · UFF minimization: E 2204.3 → 2178.6 kcal/mol (ΔE=-25.7), converged, 17 ligand + 448 protein atoms
    · UFF minimization: E 1696.9 → 1664.6 kcal/mol (ΔE=-32.3), converged, 17 ligand + 327 protein atoms
    · UFF minimization: E 1473.1 → 1435.9 kcal/mol (ΔE=-37.1), converged, 17 ligand + 272 protein atoms
    · UFF minimization: E 2373.1 → 2347.7 kcal/mol (ΔE=-25.4), converged, 17 ligand + 490 protein atoms
    · UFF minimization: E 2284.5 → 2256.1 kcal/mol (ΔE=-28.4), converged, 17 ligand + 444 protein atoms
    · UFF minimization: E 2362.1 → 2330.7 kcal/mol (ΔE=-31.4), converged, 17 ligand + 436 protein atoms
    · UFF minimization: E 2389.4 → 2358.5 kcal/mol (ΔE=-30.9), converged, 17 ligand + 441 protein atoms
    · UFF minimization: E 2453.4 → 2426.1 kcal/mol (ΔE=-27.2), converged, 17 ligand + 455 protein atoms
    · UFF minimization: E 1754.8 → 1723.8 kcal/mol (ΔE=-31.1), converged, 17 ligand + 334 protein atoms
    · UFF minimization: E 2573.4 → 2547.5 kcal/mol (ΔE=-25.9), converged, 17 ligand + 510 protein atoms
    · UFF minimization: E 2351.4 → 2322.3 kcal/mol (ΔE=-29.1), converged, 17 ligand + 484 protein atoms
    · UFF minimization: E 2223.4 → 2190.0 kcal/mol (ΔE=-33.5), converged, 17 ligand + 455 protein atoms
    · UFF minimization: E 2189.8 → 2160.3 kcal/mol (ΔE=-29.5), converged, 17 ligand + 427 protein atoms
    · UFF minimization: E 2121.7 → 2090.3 kcal/mol (ΔE=-31.4), converged, 17 ligand + 430 protein atoms
    · UFF minimization: E 2317.8 → 2284.9 kcal/mol (ΔE=-32.9), converged, 17 ligand + 454 protein atoms
    · UFF minimization: E 2087.7 → 2065.2 kcal/mol (ΔE=-22.5), converged, 17 ligand + 428 protein atoms
    · UFF minimization: E 2266.6 → 2242.8 kcal/mol (ΔE=-23.8), converged, 17 ligand + 443 protein atoms
    · UFF minimization: E 2466.5 → 2443.2 kcal/mol (ΔE=-23.3), converged, 17 ligand + 489 protein atoms
    · UFF minimization: E 2437.3 → 2411.1 kcal/mol (ΔE=-26.3), converged, 17 ligand + 462 protein atoms
    · UFF minimization: E 2511.0 → 2484.8 kcal/mol (ΔE=-26.2), converged, 17 ligand + 497 protein atoms
    · UFF minimization: E 2027.5 → 2000.9 kcal/mol (ΔE=-26.6), converged, 17 ligand + 419 protein atoms
    · UFF minimization: E 2560.2 → 2523.8 kcal/mol (ΔE=-36.5), converged, 17 ligand + 479 protein atoms
    · UFF minimization: E 2688.1 → 2655.5 kcal/mol (ΔE=-32.6), converged, 17 ligand + 507 protein atoms
    · Stage 2 (UFF): 9.0s (3.9 jobs/s)
    · Checkpoint: saved guided_results.json for 1 combos

────────────────────────────────────────────────────────────────────────────────
  PHASE 3 COMPLETE in 9.4s (0.2 min)
  Already done: 0
  Newly processed: 35
  Success: 35  |  Failed: 0
────────────────────────────────────────────────────────────────────────────────

──────────────────────────────────────────────────────────────────────
  STATISTICS: UNGUIDED POSES vs POCKETS
──────────────────────────────────────────────────────────────────────
  Unguided poses: 5
  In fpocket: 5  In p2rank: 5  In either: 5

──────────────────────────────────────────────────────────────────────
  TIMING REPORT
──────────────────────────────────────────────────────────────────────

  GLOBAL PHASE TIMING:
  Phase                     Time (s)     Time (min)        %
  ------------------------- ------------ ------------ ------
  Phase 1: CPU Prep         3.0          0.0           18.5%
  Phase 2: GPU Dock         3.6          0.1           22.4%
  Phase 3: CPU Post         9.4          0.2           59.1%
  TOTAL (phases)            15.9         0.3          100.0%
  Pipeline wall time        15.9         0.3         

  Timing saved to: /home/manndo/master_dev/Dockings/Benchmark_Equibind/7C8Q_DSG/pipeline_timing.csv
  Summary saved to: /home/manndo/master_dev/Dockings/Benchmark_Equibind/7C8Q_DSG/pipeline_summary.json

══════════════════════════════════════════════════════════════════════
  SIGNAL MONITOR SUMMARY
══════════════════════════════════════════════════════════════════════
  EquiBind calls:        0
  Successful returns:    0
  Failed returns:        0
  Poses inside pocket:   0
  Poses rejected/outside:0
    ├ guided rejected:   0
    └ unguided outside:  0
══════════════════════════════════════════════════════════════════════

✓ Pipeline complete.
  Poses (success): 35
  Poses (failed):  0
  Wall time:       15.9s
