/home/manndo/anaconda3/envs/equibind/lib/python3.8/site-packages/dgl/backend/pytorch/sparse.py:104: FutureWarning: `torch.cuda.amp.custom_fwd(args...)` is deprecated. Please use `torch.amp.custom_fwd(args..., device_type='cuda')` instead.
  @custom_fwd(cast_inputs=th.float16)
/home/manndo/anaconda3/envs/equibind/lib/python3.8/site-packages/dgl/backend/pytorch/sparse.py:128: FutureWarning: `torch.cuda.amp.custom_bwd(args...)` is deprecated. Please use `torch.amp.custom_bwd(args..., device_type='cuda')` instead.
  def backward(ctx, dZ):
/home/manndo/anaconda3/envs/equibind/lib/python3.8/site-packages/dgl/backend/pytorch/sparse.py:177: FutureWarning: `torch.cuda.amp.custom_fwd(args...)` is deprecated. Please use `torch.amp.custom_fwd(args..., device_type='cuda')` instead.
  @custom_fwd(cast_inputs=th.float16)
/home/manndo/anaconda3/envs/equibind/lib/python3.8/site-packages/dgl/backend/pytorch/sparse.py:207: FutureWarning: `torch.cuda.amp.custom_bwd(args...)` is deprecated. Please use `torch.amp.custom_bwd(args..., device_type='cuda')` instead.
  def backward(ctx, *dZ):
/home/manndo/anaconda3/envs/equibind/lib/python3.8/site-packages/dgl/backend/pytorch/sparse.py:287: FutureWarning: `torch.cuda.amp.custom_fwd(args...)` is deprecated. Please use `torch.amp.custom_fwd(args..., device_type='cuda')` instead.
  @custom_fwd(cast_inputs=th.float16)
/home/manndo/anaconda3/envs/equibind/lib/python3.8/site-packages/dgl/backend/pytorch/sparse.py:304: FutureWarning: `torch.cuda.amp.custom_bwd(args...)` is deprecated. Please use `torch.amp.custom_bwd(args..., device_type='cuda')` instead.
  def backward(ctx, dZ):
/home/manndo/anaconda3/envs/equibind/lib/python3.8/site-packages/dgl/backend/pytorch/sparse.py:352: FutureWarning: `torch.cuda.amp.custom_fwd(args...)` is deprecated. Please use `torch.amp.custom_fwd(args..., device_type='cuda')` instead.
  @custom_fwd(cast_inputs=th.float16)
/home/manndo/anaconda3/envs/equibind/lib/python3.8/site-packages/dgl/backend/pytorch/sparse.py:371: FutureWarning: `torch.cuda.amp.custom_bwd(args...)` is deprecated. Please use `torch.amp.custom_bwd(args..., device_type='cuda')` instead.
  def backward(ctx, *dZ):
/home/manndo/anaconda3/envs/equibind/lib/python3.8/site-packages/dgl/backend/pytorch/sparse.py:431: FutureWarning: `torch.cuda.amp.custom_fwd(args...)` is deprecated. Please use `torch.amp.custom_fwd(args..., device_type='cuda')` instead.
  @custom_fwd(cast_inputs=th.float16)
/home/manndo/anaconda3/envs/equibind/lib/python3.8/site-packages/dgl/backend/pytorch/sparse.py:467: FutureWarning: `torch.cuda.amp.custom_bwd(args...)` is deprecated. Please use `torch.amp.custom_bwd(args..., device_type='cuda')` instead.
  def backward(ctx, grad_out):
/home/manndo/anaconda3/envs/equibind/lib/python3.8/site-packages/dgl/backend/pytorch/sparse.py:498: FutureWarning: `torch.cuda.amp.custom_fwd(args...)` is deprecated. Please use `torch.amp.custom_fwd(args..., device_type='cuda')` instead.
  @custom_fwd(cast_inputs=th.float16)
/home/manndo/anaconda3/envs/equibind/lib/python3.8/site-packages/dgl/backend/pytorch/sparse.py:535: FutureWarning: `torch.cuda.amp.custom_bwd(args...)` is deprecated. Please use `torch.amp.custom_bwd(args..., device_type='cuda')` instead.
  def backward(ctx, *grad_out):
/home/manndo/anaconda3/envs/equibind/lib/python3.8/site-packages/dgl/backend/pytorch/sparse.py:566: FutureWarning: `torch.cuda.amp.custom_fwd(args...)` is deprecated. Please use `torch.amp.custom_fwd(args..., device_type='cuda')` instead.
  @custom_fwd(cast_inputs=th.float16)
/home/manndo/anaconda3/envs/equibind/lib/python3.8/site-packages/dgl/backend/pytorch/sparse.py:575: FutureWarning: `torch.cuda.amp.custom_bwd(args...)` is deprecated. Please use `torch.amp.custom_bwd(args..., device_type='cuda')` instead.
  def backward(ctx, dy):
/home/manndo/anaconda3/envs/equibind/lib/python3.8/site-packages/dgl/backend/pytorch/sparse.py:595: FutureWarning: `torch.cuda.amp.custom_fwd(args...)` is deprecated. Please use `torch.amp.custom_fwd(args..., device_type='cuda')` instead.
  @custom_fwd(cast_inputs=th.float16)
/home/manndo/anaconda3/envs/equibind/lib/python3.8/site-packages/dgl/backend/pytorch/sparse.py:603: FutureWarning: `torch.cuda.amp.custom_bwd(args...)` is deprecated. Please use `torch.amp.custom_bwd(args..., device_type='cuda')` instead.
  def backward(ctx, dy):
/home/manndo/anaconda3/envs/equibind/lib/python3.8/site-packages/dgl/backend/pytorch/sparse.py:666: FutureWarning: `torch.cuda.amp.custom_fwd(args...)` is deprecated. Please use `torch.amp.custom_fwd(args..., device_type='cuda')` instead.
  @custom_fwd(cast_inputs=th.float16)
/home/manndo/anaconda3/envs/equibind/lib/python3.8/site-packages/dgl/backend/pytorch/sparse.py:692: FutureWarning: `torch.cuda.amp.custom_fwd(args...)` is deprecated. Please use `torch.amp.custom_fwd(args..., device_type='cuda')` instead.
  @custom_fwd(cast_inputs=th.float16)
GPU detected: NVIDIA GeForce RTX 4070 Laptop GPU
================================================================================
EquiBind Batch Docking Configuration
================================================================================
  Workspace:        /home/manndo/master_dev
  Ligand dir:       /home/manndo/master_dev/Dockings/Benchmark_Equibind/_staging/7CUO_PHB/ligands
  Receptor dir:     /home/manndo/master_dev/Dockings/Benchmark_Equibind/_staging/7CUO_PHB/receptors
  EquiBind dir:     /home/manndo/tools/EquiBind
  EquiBind device:  cuda
  Output:           /home/manndo/master_dev/Dockings/Benchmark_Equibind/7CUO_PHB
  Pocket results:   fpocket=/home/manndo/master_dev/pocket_results/fpocket_results
                    p2rank=/home/manndo/master_dev/pocket_results/p2rank_results
  Top pockets:      3 per method
  Poses/pocket:     5
  Unguided poses:   5
  Workers:          26
  GPU batch size:   8
  UFF minimize:     True
  Skip existing:    True
  Force pocket:     True
  Protein cropping: True (radius=8.0Å + buffer=3.0Å)
================================================================================
================================================================================
GPU SUPPORT VALIDATION
================================================================================

PyTorch CUDA Status:
  PyTorch version: 2.4.1+cu124
  CUDA available: True
  CUDA version: 12.4
  Number of GPUs: 1
  GPU Name: NVIDIA GeForce RTX 4070 Laptop GPU
  GPU Memory: 8.59 GB
  ✓ GPU tensor operations working

NVIDIA GPU Information (nvidia-smi):
Fri May  1 23:14:19 2026       
+-----------------------------------------------------------------------------------------+
| NVIDIA-SMI 580.105.07             Driver Version: 581.80         CUDA Version: 13.0     |
+-----------------------------------------+------------------------+----------------------+
| GPU  Name                 Persistence-M | Bus-Id          Disp.A | Volatile Uncorr. ECC |
| Fan  Temp   Perf          Pwr:Usage/Cap |           Memory-Usage | GPU-Util  Compute M. |
|                                         |                        |               MIG M. |
|=========================================+========================+======================|
|   0  NVIDIA GeForce RTX 4070 ...    On  |   00000000:01:00.0 Off |                  N/A |
| N/A   53C    P0             13W /  114W |     161MiB /   8188MiB |      0%      Default |
|                                         |                        |                  N/A |
+-----------------------------------------+------------------------+----------------------+

+-----------------------------------------------------------------------------------------+
| Processes:                                                                              |
|  GPU   GI   CI              PID   Type   Process name                        GPU Memory |
|        ID   ID                                                               Usage      |
|=========================================================================================|
|    0   N/A  N/A         1073291      C   /python3.8                            N/A      |
+-----------------------------------------------------------------------------------------+


================================================================================
✓ GPU ACCELERATION AVAILABLE
  Recommended setting: equibind_device = 'cuda'
  Current setting: equibind_device = 'cuda'
================================================================================
================================================================================
EquiBind Batch Docking Configuration
================================================================================
  Workspace:        /home/manndo/master_dev
  Ligand dir:       /home/manndo/master_dev/Dockings/Benchmark_Equibind/_staging/7CUO_PHB/ligands
  Receptor dir:     /home/manndo/master_dev/Dockings/Benchmark_Equibind/_staging/7CUO_PHB/receptors
  EquiBind dir:     /home/manndo/tools/EquiBind
  EquiBind device:  cuda
  Output:           /home/manndo/master_dev/Dockings/Benchmark_Equibind/7CUO_PHB
  Pocket results:   fpocket=/home/manndo/master_dev/pocket_results/fpocket_results
                    p2rank=/home/manndo/master_dev/pocket_results/p2rank_results
  Top pockets:      3 per method
  Poses/pocket:     5
  Unguided poses:   5
  Workers:          26
  GPU batch size:   8
  UFF minimize:     True
  Skip existing:    True
  Force pocket:     True
  Protein cropping: True (radius=8.0Å + buffer=3.0Å)
================================================================================
/home/manndo/master_dev/Scripts/Docking/equibind_pipeline/equibind_model.py:84: FutureWarning: You are using `torch.load` with `weights_only=False` (the current default value), which uses the default pickle module implicitly. It is possible to construct malicious pickle data which will execute arbitrary code during unpickling (See https://github.com/pytorch/pytorch/blob/main/SECURITY.md#untrusted-models for more details). In a future release, the default value for `weights_only` will be flipped to `True`. This limits the functions that could be executed during unpickling. Arbitrary objects will no longer be allowed to be loaded via this mode unless they are explicitly allowlisted by the user via `torch.serialization.add_safe_globals`. We recommend you start setting `weights_only=True` for any use case where you don't have full control of the loaded file. Please open an issue on GitHub for any issues related to this experimental feature.
  checkpoint = torch.load(str(ckpt_path), map_location=dev)
[2026-05-01 23:14:20.304237] [ Using Seed :  1  ]
    · EquiBind model loaded from /home/manndo/tools/EquiBind/runs/flexible_self_docking/best_checkpoint.pt
    ·   Device: cuda:0  |  Load time: 0.19s

──────────────────────────────────────────────────────────────────────
  GLOBALLY DECOUPLED 3-PHASE EQUIBIND PIPELINE
──────────────────────────────────────────────────────────────────────
  EquiBind device: cuda:0
  GPU batch size: 8
  Proteins: 1
  Ligands: 1
  Total combos: 1  (≈ 35 poses/combo)
  Workers: 26

    · 7CUO_PHB_protein: 3 fpocket + 3 p2rank pockets

Pre-computing ligand properties...
  1 ligands analysed
Pre-computing protein properties...
  1 proteins analysed
Docking log: /home/manndo/master_dev/Dockings/Benchmark_Equibind/7CUO_PHB/docking_log.csv (0 existing entries)

──────────────────────────────────────────────────────────────────────
  PHASE 1: CPU PREPARATION — ALL COMBOS
──────────────────────────────────────────────────────────────────────
    · Building receptor graph for 7CUO_PHB_protein_protein.pdb
    · Preparing cropped proteins for 6 pockets (6 workers)
    · Cropped protein for fpocket_raw_p001: 56 residues, 803 atoms (radius=11.0Å)
    · Cropped protein for fpocket_raw_p002: 39 residues, 609 atoms (radius=11.0Å)
    · Cropped protein for fpocket_raw_p003: 60 residues, 1008 atoms (radius=11.0Å)
    · Cropped protein for p2rank_raw_p001: 63 residues, 912 atoms (radius=11.0Å)
    · Cropped protein for p2rank_raw_p003: 43 residues, 676 atoms (radius=11.0Å)
    · Cropped protein for p2rank_raw_p002: 58 residues, 841 atoms (radius=11.0Å)
    · Generating conformers for 1 ligands (26 workers)
    · Ligand 7CUO_PHB_ligand_start_conf: 10 conformers
    · Building DockJobs for 1 combos (26 workers)

────────────────────────────────────────────────────────────────────────────────
  PHASE 1 COMPLETE in 2.3s (0.0 min)
  Jobs prepared:    35
  Cached results:   0
  Unique proteins:  7
  Unique ligands:   1
  Receptor graphs:  7
────────────────────────────────────────────────────────────────────────────────

──────────────────────────────────────────────────────────────────────
  PHASE 2: GPU INFERENCE — 35 TOTAL JOBS
──────────────────────────────────────────────────────────────────────
    ·   7CUO_PHB_protein_protein_crop_fpocket_raw_p001.pdb: 5 jobs → 1 batches
[2026-05-01 23:14:24.850807] [ Using Seed :  1001  ]
/home/manndo/anaconda3/envs/equibind/lib/python3.8/site-packages/dgl/backend/pytorch/tensor.py:352: UserWarning: TypedStorage is deprecated. It will be removed in the future and UntypedStorage will be the only storage class. This should only matter to you if you are using storages directly.  To access UntypedStorage directly, use tensor.untyped_storage() instead of tensor.storage()
  assert input.numel() == input.storage().size(), "Cannot convert view " \
[2026-05-01 23:14:25.799446] [ Using Seed :  3141  ]
[2026-05-01 23:14:25.855637] [ Using Seed :  42  ]
[2026-05-01 23:14:25.904330] [ Using Seed :  789  ]
[2026-05-01 23:14:25.958844] [ Using Seed :  456  ]
    ·   7CUO_PHB_protein_protein_crop_fpocket_raw_p002.pdb: 5 jobs → 1 batches
[2026-05-01 23:14:26.016851] [ Using Seed :  1001  ]
[2026-05-01 23:14:26.070381] [ Using Seed :  3141  ]
[2026-05-01 23:14:26.119459] [ Using Seed :  42  ]
[2026-05-01 23:14:26.174828] [ Using Seed :  789  ]
[2026-05-01 23:14:26.226103] [ Using Seed :  456  ]
    ·   7CUO_PHB_protein_protein_crop_fpocket_raw_p003.pdb: 5 jobs → 1 batches
[2026-05-01 23:14:26.282836] [ Using Seed :  1001  ]
[2026-05-01 23:14:26.336520] [ Using Seed :  3141  ]
[2026-05-01 23:14:26.394170] [ Using Seed :  42  ]
[2026-05-01 23:14:26.457110] [ Using Seed :  789  ]
[2026-05-01 23:14:26.514064] [ Using Seed :  456  ]
    ·   7CUO_PHB_protein_protein_crop_p2rank_raw_p001.pdb: 5 jobs → 1 batches
[2026-05-01 23:14:26.577504] [ Using Seed :  1001  ]
[2026-05-01 23:14:26.634825] [ Using Seed :  3141  ]
[2026-05-01 23:14:26.690455] [ Using Seed :  42  ]
[2026-05-01 23:14:26.746165] [ Using Seed :  789  ]
[2026-05-01 23:14:26.797620] [ Using Seed :  456  ]
    ·   7CUO_PHB_protein_protein_crop_p2rank_raw_p002.pdb: 5 jobs → 1 batches
[2026-05-01 23:14:26.857846] [ Using Seed :  1001  ]
[2026-05-01 23:14:26.916280] [ Using Seed :  3141  ]
[2026-05-01 23:14:26.976865] [ Using Seed :  42  ]
[2026-05-01 23:14:27.033968] [ Using Seed :  789  ]
[2026-05-01 23:14:27.088369] [ Using Seed :  456  ]
    ·   7CUO_PHB_protein_protein_crop_p2rank_raw_p003.pdb: 5 jobs → 1 batches
[2026-05-01 23:14:27.145399] [ Using Seed :  1001  ]
[2026-05-01 23:14:27.204643] [ Using Seed :  3141  ]
[2026-05-01 23:14:27.263022] [ Using Seed :  42  ]
[2026-05-01 23:14:27.315106] [ Using Seed :  789  ]
[2026-05-01 23:14:27.368847] [ Using Seed :  456  ]
    ·   7CUO_PHB_protein_protein.pdb: 5 jobs → 1 batches
[2026-05-01 23:14:27.427273] [ Using Seed :  1001  ]
[2026-05-01 23:14:27.484027] [ Using Seed :  3141  ]
[2026-05-01 23:14:27.535165] [ Using Seed :  42  ]
[2026-05-01 23:14:27.587881] [ Using Seed :  789  ]
[2026-05-01 23:14:27.641503] [ Using Seed :  456  ]

────────────────────────────────────────────────────────────────────────────────
  PHASE 2 COMPLETE in 5.0s (0.1 min)
  Total batches: 7
  Success: 35  |  Failed: 0
  Avg inference: 81.2ms per ligand
────────────────────────────────────────────────────────────────────────────────

──────────────────────────────────────────────────────────────────────
  PHASE 3: CPU POST-PROCESSING — 35 TOTAL JOBS
──────────────────────────────────────────────────────────────────────
    · Post-processing 35 new jobs (0 skipped)
    · UFF: pre-warmed protein cache for 1 unique protein(s)
    · Stage 1 (corrections+SDF): 0.1s — 0 done, 35 need UFF
    · Stage 2: UFF — 35 jobs, 26 process workers
 ⚠️  UFF FF construction failed on combined mol: Can't kekulize mol.  Unkekulized atoms: 5 6 7 8 9 10 11 12 13
 ⚠️  UFF FF construction failed on combined mol: Can't kekulize mol.  Unkekulized atoms: 5 6 7 8 9 10 11 12 13
 ⚠️  UFF FF construction failed on combined mol: Can't kekulize mol.  Unkekulized atoms: 5 6 7 8 9 10 11 12 13
 ⚠️  UFF FF construction failed on combined mol: Can't kekulize mol.  Unkekulized atoms: 5 6 7 8 9 10 11 12 13
 ⚠️  UFF FF construction failed on combined mol: Can't kekulize mol.  Unkekulized atoms: 5 6 7 8 9 10 11 12 13
    · UFF minimization: E 1837.8 → 1820.0 kcal/mol (ΔE=-17.8), converged, 16 ligand + 342 protein atoms
    · UFF minimization: E 1596.8 → 1579.0 kcal/mol (ΔE=-17.8), converged, 16 ligand + 270 protein atoms
    · UFF minimization: E 1811.7 → 1793.9 kcal/mol (ΔE=-17.8), converged, 16 ligand + 328 protein atoms
    · UFF minimization: E 1761.3 → 1743.8 kcal/mol (ΔE=-17.6), converged, 16 ligand + 341 protein atoms
    · UFF minimization: E 1609.7 → 1591.9 kcal/mol (ΔE=-17.8), converged, 16 ligand + 315 protein atoms
    · UFF minimization: E 1811.2 → 1793.4 kcal/mol (ΔE=-17.8), converged, 16 ligand + 332 protein atoms
    · UFF minimization: E 1757.5 → 1739.6 kcal/mol (ΔE=-17.8), converged, 16 ligand + 328 protein atoms
    · UFF minimization: E 2024.6 → 2006.9 kcal/mol (ΔE=-17.8), converged, 16 ligand + 387 protein atoms
    · UFF minimization: E 1749.3 → 1731.5 kcal/mol (ΔE=-17.8), converged, 16 ligand + 345 protein atoms
    · UFF minimization: E 2079.1 → 2061.3 kcal/mol (ΔE=-17.8), converged, 16 ligand + 372 protein atoms
    · UFF minimization: E 2018.9 → 2001.1 kcal/mol (ΔE=-17.8), converged, 16 ligand + 375 protein atoms
    · UFF minimization: E 2125.6 → 2108.0 kcal/mol (ΔE=-17.6), converged, 16 ligand + 379 protein atoms
    · UFF minimization: E 1649.4 → 1631.6 kcal/mol (ΔE=-17.8), converged, 16 ligand + 318 protein atoms
    · UFF minimization: E 1923.2 → 1905.4 kcal/mol (ΔE=-17.8), converged, 16 ligand + 347 protein atoms
    · UFF minimization: E 2082.4 → 2064.8 kcal/mol (ΔE=-17.6), converged, 16 ligand + 399 protein atoms
    · UFF minimization: E 2003.1 → 1985.5 kcal/mol (ΔE=-17.6), converged, 16 ligand + 368 protein atoms
    · UFF minimization: E 2057.0 → 2039.2 kcal/mol (ΔE=-17.8), converged, 16 ligand + 384 protein atoms
    · UFF minimization: E 1922.4 → 1904.6 kcal/mol (ΔE=-17.8), converged, 16 ligand + 381 protein atoms
    · UFF minimization: E 1982.0 → 1964.1 kcal/mol (ΔE=-17.8), converged, 16 ligand + 364 protein atoms
    · UFF minimization: E 2091.1 → 2073.3 kcal/mol (ΔE=-17.8), converged, 16 ligand + 413 protein atoms
    · UFF minimization: E 2167.6 → 2149.8 kcal/mol (ΔE=-17.8), converged, 16 ligand + 412 protein atoms
    · UFF minimization: E 1858.8 → 1841.0 kcal/mol (ΔE=-17.8), converged, 16 ligand + 316 protein atoms
 ⚠️  UFF FF construction failed on combined mol: Can't kekulize mol.  Unkekulized atoms: 5 6 7 8 9 10 11 12 13
 ⚠️  UFF FF construction failed on combined mol: Can't kekulize mol.  Unkekulized atoms: 5 6 7 8 9 10 11 12 13
    · UFF minimization: E 1582.4 → 1564.8 kcal/mol (ΔE=-17.6), converged, 16 ligand + 273 protein atoms
    · UFF minimization: E 1596.8 → 1579.0 kcal/mol (ΔE=-17.8), converged, 16 ligand + 270 protein atoms
    · UFF minimization: E 1774.3 → 1756.5 kcal/mol (ΔE=-17.8), converged, 16 ligand + 294 protein atoms
 ⚠️  UFF FF construction failed on combined mol: Can't kekulize mol.  Unkekulized atoms: 5 6 7 8 9 10 11 12 13
 ⚠️  UFF FF construction failed on combined mol: Can't kekulize mol.  Unkekulized atoms: 5 6 7 8 9 10 11 12 13
 ⚠️  UFF FF construction failed on combined mol: Can't kekulize mol.  Unkekulized atoms: 5 6 7 8 9 10 11 12 13
    · Stage 2 (UFF): 3.6s (9.8 jobs/s)
    · Checkpoint: saved guided_results.json for 1 combos

────────────────────────────────────────────────────────────────────────────────
  PHASE 3 COMPLETE in 3.8s (0.1 min)
  Already done: 0
  Newly processed: 35
  Success: 35  |  Failed: 0
────────────────────────────────────────────────────────────────────────────────

──────────────────────────────────────────────────────────────────────
  STATISTICS: UNGUIDED POSES vs POCKETS
──────────────────────────────────────────────────────────────────────
  Unguided poses: 5
  In fpocket: 5  In p2rank: 0  In either: 5

──────────────────────────────────────────────────────────────────────
  TIMING REPORT
──────────────────────────────────────────────────────────────────────

  GLOBAL PHASE TIMING:
  Phase                     Time (s)     Time (min)        %
  ------------------------- ------------ ------------ ------
  Phase 1: CPU Prep         2.3          0.0           21.1%
  Phase 2: GPU Dock         5.0          0.1           44.8%
  Phase 3: CPU Post         3.8          0.1           34.1%
  TOTAL (phases)            11.1         0.2          100.0%
  Pipeline wall time        11.1         0.2         

  Timing saved to: /home/manndo/master_dev/Dockings/Benchmark_Equibind/7CUO_PHB/pipeline_timing.csv
  Summary saved to: /home/manndo/master_dev/Dockings/Benchmark_Equibind/7CUO_PHB/pipeline_summary.json

══════════════════════════════════════════════════════════════════════
  SIGNAL MONITOR SUMMARY
══════════════════════════════════════════════════════════════════════
  EquiBind calls:        0
  Successful returns:    0
  Failed returns:        0
  Poses inside pocket:   0
  Poses rejected/outside:0
    ├ guided rejected:   0
    └ unguided outside:  0
══════════════════════════════════════════════════════════════════════

✓ Pipeline complete.
  Poses (success): 35
  Poses (failed):  0
  Wall time:       11.1s
