/home/manndo/anaconda3/envs/equibind/lib/python3.8/site-packages/dgl/backend/pytorch/sparse.py:104: FutureWarning: `torch.cuda.amp.custom_fwd(args...)` is deprecated. Please use `torch.amp.custom_fwd(args..., device_type='cuda')` instead.
  @custom_fwd(cast_inputs=th.float16)
/home/manndo/anaconda3/envs/equibind/lib/python3.8/site-packages/dgl/backend/pytorch/sparse.py:128: FutureWarning: `torch.cuda.amp.custom_bwd(args...)` is deprecated. Please use `torch.amp.custom_bwd(args..., device_type='cuda')` instead.
  def backward(ctx, dZ):
/home/manndo/anaconda3/envs/equibind/lib/python3.8/site-packages/dgl/backend/pytorch/sparse.py:177: FutureWarning: `torch.cuda.amp.custom_fwd(args...)` is deprecated. Please use `torch.amp.custom_fwd(args..., device_type='cuda')` instead.
  @custom_fwd(cast_inputs=th.float16)
/home/manndo/anaconda3/envs/equibind/lib/python3.8/site-packages/dgl/backend/pytorch/sparse.py:207: FutureWarning: `torch.cuda.amp.custom_bwd(args...)` is deprecated. Please use `torch.amp.custom_bwd(args..., device_type='cuda')` instead.
  def backward(ctx, *dZ):
/home/manndo/anaconda3/envs/equibind/lib/python3.8/site-packages/dgl/backend/pytorch/sparse.py:287: FutureWarning: `torch.cuda.amp.custom_fwd(args...)` is deprecated. Please use `torch.amp.custom_fwd(args..., device_type='cuda')` instead.
  @custom_fwd(cast_inputs=th.float16)
/home/manndo/anaconda3/envs/equibind/lib/python3.8/site-packages/dgl/backend/pytorch/sparse.py:304: FutureWarning: `torch.cuda.amp.custom_bwd(args...)` is deprecated. Please use `torch.amp.custom_bwd(args..., device_type='cuda')` instead.
  def backward(ctx, dZ):
/home/manndo/anaconda3/envs/equibind/lib/python3.8/site-packages/dgl/backend/pytorch/sparse.py:352: FutureWarning: `torch.cuda.amp.custom_fwd(args...)` is deprecated. Please use `torch.amp.custom_fwd(args..., device_type='cuda')` instead.
  @custom_fwd(cast_inputs=th.float16)
/home/manndo/anaconda3/envs/equibind/lib/python3.8/site-packages/dgl/backend/pytorch/sparse.py:371: FutureWarning: `torch.cuda.amp.custom_bwd(args...)` is deprecated. Please use `torch.amp.custom_bwd(args..., device_type='cuda')` instead.
  def backward(ctx, *dZ):
/home/manndo/anaconda3/envs/equibind/lib/python3.8/site-packages/dgl/backend/pytorch/sparse.py:431: FutureWarning: `torch.cuda.amp.custom_fwd(args...)` is deprecated. Please use `torch.amp.custom_fwd(args..., device_type='cuda')` instead.
  @custom_fwd(cast_inputs=th.float16)
/home/manndo/anaconda3/envs/equibind/lib/python3.8/site-packages/dgl/backend/pytorch/sparse.py:467: FutureWarning: `torch.cuda.amp.custom_bwd(args...)` is deprecated. Please use `torch.amp.custom_bwd(args..., device_type='cuda')` instead.
  def backward(ctx, grad_out):
/home/manndo/anaconda3/envs/equibind/lib/python3.8/site-packages/dgl/backend/pytorch/sparse.py:498: FutureWarning: `torch.cuda.amp.custom_fwd(args...)` is deprecated. Please use `torch.amp.custom_fwd(args..., device_type='cuda')` instead.
  @custom_fwd(cast_inputs=th.float16)
/home/manndo/anaconda3/envs/equibind/lib/python3.8/site-packages/dgl/backend/pytorch/sparse.py:535: FutureWarning: `torch.cuda.amp.custom_bwd(args...)` is deprecated. Please use `torch.amp.custom_bwd(args..., device_type='cuda')` instead.
  def backward(ctx, *grad_out):
/home/manndo/anaconda3/envs/equibind/lib/python3.8/site-packages/dgl/backend/pytorch/sparse.py:566: FutureWarning: `torch.cuda.amp.custom_fwd(args...)` is deprecated. Please use `torch.amp.custom_fwd(args..., device_type='cuda')` instead.
  @custom_fwd(cast_inputs=th.float16)
/home/manndo/anaconda3/envs/equibind/lib/python3.8/site-packages/dgl/backend/pytorch/sparse.py:575: FutureWarning: `torch.cuda.amp.custom_bwd(args...)` is deprecated. Please use `torch.amp.custom_bwd(args..., device_type='cuda')` instead.
  def backward(ctx, dy):
/home/manndo/anaconda3/envs/equibind/lib/python3.8/site-packages/dgl/backend/pytorch/sparse.py:595: FutureWarning: `torch.cuda.amp.custom_fwd(args...)` is deprecated. Please use `torch.amp.custom_fwd(args..., device_type='cuda')` instead.
  @custom_fwd(cast_inputs=th.float16)
/home/manndo/anaconda3/envs/equibind/lib/python3.8/site-packages/dgl/backend/pytorch/sparse.py:603: FutureWarning: `torch.cuda.amp.custom_bwd(args...)` is deprecated. Please use `torch.amp.custom_bwd(args..., device_type='cuda')` instead.
  def backward(ctx, dy):
/home/manndo/anaconda3/envs/equibind/lib/python3.8/site-packages/dgl/backend/pytorch/sparse.py:666: FutureWarning: `torch.cuda.amp.custom_fwd(args...)` is deprecated. Please use `torch.amp.custom_fwd(args..., device_type='cuda')` instead.
  @custom_fwd(cast_inputs=th.float16)
/home/manndo/anaconda3/envs/equibind/lib/python3.8/site-packages/dgl/backend/pytorch/sparse.py:692: FutureWarning: `torch.cuda.amp.custom_fwd(args...)` is deprecated. Please use `torch.amp.custom_fwd(args..., device_type='cuda')` instead.
  @custom_fwd(cast_inputs=th.float16)
GPU detected: NVIDIA GeForce RTX 4070 Laptop GPU
================================================================================
EquiBind Batch Docking Configuration
================================================================================
  Workspace:        /home/manndo/master_dev
  Ligand dir:       /home/manndo/master_dev/Dockings/Benchmark_Equibind/_staging/7D9L_GSF/ligands
  Receptor dir:     /home/manndo/master_dev/Dockings/Benchmark_Equibind/_staging/7D9L_GSF/receptors
  EquiBind dir:     /home/manndo/tools/EquiBind
  EquiBind device:  cuda
  Output:           /home/manndo/master_dev/Dockings/Benchmark_Equibind/7D9L_GSF
  Pocket results:   fpocket=/home/manndo/master_dev/pocket_results/fpocket_results
                    p2rank=/home/manndo/master_dev/pocket_results/p2rank_results
  Top pockets:      3 per method
  Poses/pocket:     5
  Unguided poses:   5
  Workers:          26
  GPU batch size:   8
  UFF minimize:     True
  Skip existing:    True
  Force pocket:     True
  Protein cropping: True (radius=8.0Å + buffer=3.0Å)
================================================================================
================================================================================
GPU SUPPORT VALIDATION
================================================================================

PyTorch CUDA Status:
  PyTorch version: 2.4.1+cu124
  CUDA available: True
  CUDA version: 12.4
  Number of GPUs: 1
  GPU Name: NVIDIA GeForce RTX 4070 Laptop GPU
  GPU Memory: 8.59 GB
  ✓ GPU tensor operations working

NVIDIA GPU Information (nvidia-smi):
Fri May  1 23:22:53 2026       
+-----------------------------------------------------------------------------------------+
| NVIDIA-SMI 580.105.07             Driver Version: 581.80         CUDA Version: 13.0     |
+-----------------------------------------+------------------------+----------------------+
| GPU  Name                 Persistence-M | Bus-Id          Disp.A | Volatile Uncorr. ECC |
| Fan  Temp   Perf          Pwr:Usage/Cap |           Memory-Usage | GPU-Util  Compute M. |
|                                         |                        |               MIG M. |
|=========================================+========================+======================|
|   0  NVIDIA GeForce RTX 4070 ...    On  |   00000000:01:00.0 Off |                  N/A |
| N/A   52C    P0             13W /  106W |     161MiB /   8188MiB |      2%      Default |
|                                         |                        |                  N/A |
+-----------------------------------------+------------------------+----------------------+

+-----------------------------------------------------------------------------------------+
| Processes:                                                                              |
|  GPU   GI   CI              PID   Type   Process name                        GPU Memory |
|        ID   ID                                                               Usage      |
|=========================================================================================|
|    0   N/A  N/A         1075256      C   /python3.8                            N/A      |
+-----------------------------------------------------------------------------------------+


================================================================================
✓ GPU ACCELERATION AVAILABLE
  Recommended setting: equibind_device = 'cuda'
  Current setting: equibind_device = 'cuda'
================================================================================
================================================================================
EquiBind Batch Docking Configuration
================================================================================
  Workspace:        /home/manndo/master_dev
  Ligand dir:       /home/manndo/master_dev/Dockings/Benchmark_Equibind/_staging/7D9L_GSF/ligands
  Receptor dir:     /home/manndo/master_dev/Dockings/Benchmark_Equibind/_staging/7D9L_GSF/receptors
  EquiBind dir:     /home/manndo/tools/EquiBind
  EquiBind device:  cuda
  Output:           /home/manndo/master_dev/Dockings/Benchmark_Equibind/7D9L_GSF
  Pocket results:   fpocket=/home/manndo/master_dev/pocket_results/fpocket_results
                    p2rank=/home/manndo/master_dev/pocket_results/p2rank_results
  Top pockets:      3 per method
  Poses/pocket:     5
  Unguided poses:   5
  Workers:          26
  GPU batch size:   8
  UFF minimize:     True
  Skip existing:    True
  Force pocket:     True
  Protein cropping: True (radius=8.0Å + buffer=3.0Å)
================================================================================
/home/manndo/master_dev/Scripts/Docking/equibind_pipeline/equibind_model.py:84: FutureWarning: You are using `torch.load` with `weights_only=False` (the current default value), which uses the default pickle module implicitly. It is possible to construct malicious pickle data which will execute arbitrary code during unpickling (See https://github.com/pytorch/pytorch/blob/main/SECURITY.md#untrusted-models for more details). In a future release, the default value for `weights_only` will be flipped to `True`. This limits the functions that could be executed during unpickling. Arbitrary objects will no longer be allowed to be loaded via this mode unless they are explicitly allowlisted by the user via `torch.serialization.add_safe_globals`. We recommend you start setting `weights_only=True` for any use case where you don't have full control of the loaded file. Please open an issue on GitHub for any issues related to this experimental feature.
  checkpoint = torch.load(str(ckpt_path), map_location=dev)
[2026-05-01 23:22:53.462827] [ Using Seed :  1  ]
    · EquiBind model loaded from /home/manndo/tools/EquiBind/runs/flexible_self_docking/best_checkpoint.pt
    ·   Device: cuda:0  |  Load time: 0.20s

──────────────────────────────────────────────────────────────────────
  GLOBALLY DECOUPLED 3-PHASE EQUIBIND PIPELINE
──────────────────────────────────────────────────────────────────────
  EquiBind device: cuda:0
  GPU batch size: 8
  Proteins: 1
  Ligands: 1
  Total combos: 1  (≈ 35 poses/combo)
  Workers: 26

    · 7D9L_GSF_protein: 3 fpocket + 2 p2rank pockets

Pre-computing ligand properties...
  1 ligands analysed
Pre-computing protein properties...
  1 proteins analysed
Docking log: /home/manndo/master_dev/Dockings/Benchmark_Equibind/7D9L_GSF/docking_log.csv (0 existing entries)

──────────────────────────────────────────────────────────────────────
  PHASE 1: CPU PREPARATION — ALL COMBOS
──────────────────────────────────────────────────────────────────────
    · Building receptor graph for 7D9L_GSF_protein_protein.pdb
    · Preparing cropped proteins for 5 pockets (5 workers)
    · Cropped protein for fpocket_raw_p003: 44 residues, 680 atoms (radius=11.0Å)
    · Cropped protein for fpocket_raw_p001: 38 residues, 607 atoms (radius=11.0Å)    · Cropped protein for fpocket_raw_p002: 49 residues, 808 atoms (radius=11.0Å)    · Cropped protein for p2rank_raw_p001: 42 residues, 676 atoms (radius=11.0Å)


    · Cropped protein for p2rank_raw_p002: 40 residues, 636 atoms (radius=11.0Å)
    · Generating conformers for 1 ligands (26 workers)
    · Ligand 7D9L_GSF_ligand_start_conf: 10 conformers
    · Building DockJobs for 1 combos (26 workers)

────────────────────────────────────────────────────────────────────────────────
  PHASE 1 COMPLETE in 1.6s (0.0 min)
  Jobs prepared:    30
  Cached results:   0
  Unique proteins:  6
  Unique ligands:   1
  Receptor graphs:  6
────────────────────────────────────────────────────────────────────────────────

──────────────────────────────────────────────────────────────────────
  PHASE 2: GPU INFERENCE — 30 TOTAL JOBS
──────────────────────────────────────────────────────────────────────
    ·   7D9L_GSF_protein_protein_crop_fpocket_raw_p001.pdb: 5 jobs → 1 batches
[2026-05-01 23:22:56.182487] [ Using Seed :  2022  ]
/home/manndo/anaconda3/envs/equibind/lib/python3.8/site-packages/dgl/backend/pytorch/tensor.py:352: UserWarning: TypedStorage is deprecated. It will be removed in the future and UntypedStorage will be the only storage class. This should only matter to you if you are using storages directly.  To access UntypedStorage directly, use tensor.untyped_storage() instead of tensor.storage()
  assert input.numel() == input.storage().size(), "Cannot convert view " \
[2026-05-01 23:22:57.067962] [ Using Seed :  8675  ]
[2026-05-01 23:22:57.129251] [ Using Seed :  123  ]
[2026-05-01 23:22:57.185419] [ Using Seed :  1001  ]
[2026-05-01 23:22:57.240901] [ Using Seed :  3141  ]
    ·   7D9L_GSF_protein_protein_crop_fpocket_raw_p002.pdb: 5 jobs → 1 batches
[2026-05-01 23:22:57.294613] [ Using Seed :  2022  ]
[2026-05-01 23:22:57.346404] [ Using Seed :  8675  ]
[2026-05-01 23:22:57.399428] [ Using Seed :  123  ]
[2026-05-01 23:22:57.455698] [ Using Seed :  1001  ]
[2026-05-01 23:22:57.511518] [ Using Seed :  3141  ]
    ·   7D9L_GSF_protein_protein_crop_fpocket_raw_p003.pdb: 5 jobs → 1 batches
[2026-05-01 23:22:57.574921] [ Using Seed :  2022  ]
[2026-05-01 23:22:57.633351] [ Using Seed :  8675  ]
[2026-05-01 23:22:57.687130] [ Using Seed :  123  ]
[2026-05-01 23:22:57.745034] [ Using Seed :  1001  ]
[2026-05-01 23:22:57.796109] [ Using Seed :  3141  ]
    ·   7D9L_GSF_protein_protein_crop_p2rank_raw_p001.pdb: 5 jobs → 1 batches
[2026-05-01 23:22:57.856078] [ Using Seed :  2022  ]
[2026-05-01 23:22:57.918653] [ Using Seed :  8675  ]
[2026-05-01 23:22:57.973722] [ Using Seed :  123  ]
[2026-05-01 23:22:58.029948] [ Using Seed :  1001  ]
[2026-05-01 23:22:58.081473] [ Using Seed :  3141  ]
    ·   7D9L_GSF_protein_protein_crop_p2rank_raw_p002.pdb: 5 jobs → 1 batches
[2026-05-01 23:22:58.136982] [ Using Seed :  2022  ]
[2026-05-01 23:22:58.189592] [ Using Seed :  8675  ]
[2026-05-01 23:22:58.241437] [ Using Seed :  123  ]
[2026-05-01 23:22:58.295387] [ Using Seed :  1001  ]
[2026-05-01 23:22:58.347860] [ Using Seed :  3141  ]
    ·   7D9L_GSF_protein_protein.pdb: 5 jobs → 1 batches
[2026-05-01 23:22:58.407780] [ Using Seed :  2022  ]
[2026-05-01 23:22:58.468226] [ Using Seed :  8675  ]
[2026-05-01 23:22:58.526785] [ Using Seed :  123  ]
[2026-05-01 23:22:58.581722] [ Using Seed :  1001  ]
[2026-05-01 23:22:58.635946] [ Using Seed :  3141  ]

────────────────────────────────────────────────────────────────────────────────
  PHASE 2 COMPLETE in 3.6s (0.1 min)
  Total batches: 6
  Success: 30  |  Failed: 0
  Avg inference: 83.6ms per ligand
────────────────────────────────────────────────────────────────────────────────

──────────────────────────────────────────────────────────────────────
  PHASE 3: CPU POST-PROCESSING — 30 TOTAL JOBS
──────────────────────────────────────────────────────────────────────
    · Post-processing 30 new jobs (0 skipped)
    · UFF: pre-warmed protein cache for 1 unique protein(s)
    · Stage 1 (corrections+SDF): 0.7s — 0 done, 30 need UFF
    · Stage 2: UFF — 30 jobs, 26 process workers
 ⚠️  UFF FF construction failed on combined mol: Can't kekulize mol.  Unkekulized atoms: 5 6 7 8 9 10 11 12 13
 ⚠️  UFF FF construction failed on combined mol: Can't kekulize mol.  Unkekulized atoms: 5 6 7 8 9 10 11 12 13
 ⚠️  UFF FF construction failed on combined mol: Can't kekulize mol.  Unkekulized atoms: 5 6 7 8 9 10 11 12 13
 ⚠️  UFF FF construction failed on combined mol: Can't kekulize mol.  Unkekulized atoms: 5 6 7 8 9 10 11 12 13
 ⚠️  UFF FF construction failed on combined mol: Can't kekulize mol.  Unkekulized atoms: 5 6 7 8 9 10 11 12 13
    · UFF minimization: E 1485.5 → 1407.3 kcal/mol (ΔE=-78.2), not converged (code 1), 39 ligand + 277 protein atoms
    · UFF minimization: E 805713037632.3 → 1514.9 kcal/mol (ΔE=-805713036117.3), not converged (code 1), 39 ligand + 308 protein atoms
    · UFF minimization: E 1582.0 → 1511.5 kcal/mol (ΔE=-70.4), not converged (code 1), 39 ligand + 299 protein atoms
    · UFF minimization: E 1595.2 → 1512.2 kcal/mol (ΔE=-82.9), not converged (code 1), 39 ligand + 299 protein atoms
    · UFF minimization: E 1603.4 → 1523.0 kcal/mol (ΔE=-80.4), not converged (code 1), 39 ligand + 306 protein atoms
    · UFF minimization: E 2145.5 → 2076.3 kcal/mol (ΔE=-69.2), converged, 39 ligand + 399 protein atoms
    · UFF minimization: E 2383.5 → 2316.3 kcal/mol (ΔE=-67.2), converged, 39 ligand + 438 protein atoms
    · UFF minimization: E 2369.3 → 2290.3 kcal/mol (ΔE=-79.1), converged, 39 ligand + 450 protein atoms
    · UFF minimization: E 2047.2 → 1977.7 kcal/mol (ΔE=-69.5), converged, 39 ligand + 378 protein atoms
    · UFF minimization: E 2206.1 → 2129.9 kcal/mol (ΔE=-76.2), converged, 39 ligand + 399 protein atoms
    · UFF minimization: E 2567.1 → 2490.1 kcal/mol (ΔE=-77.0), converged, 39 ligand + 489 protein atoms
    · UFF minimization: E 2197.2 → 2135.6 kcal/mol (ΔE=-61.5), not converged (code 1), 39 ligand + 411 protein atoms
    · UFF minimization: E 2732.1 → 2658.5 kcal/mol (ΔE=-73.5), converged, 39 ligand + 512 protein atoms
    · UFF minimization: E 2684.4 → 2616.4 kcal/mol (ΔE=-68.1), converged, 39 ligand + 500 protein atoms
    · UFF minimization: E 3287.1 → 3219.9 kcal/mol (ΔE=-67.2), converged, 39 ligand + 617 protein atoms
    · UFF minimization: E 2625.4 → 2558.1 kcal/mol (ΔE=-67.3), not converged (code 1), 39 ligand + 499 protein atoms
    · UFF minimization: E 3256.2 → 3184.2 kcal/mol (ΔE=-72.0), converged, 39 ligand + 606 protein atoms
    · UFF minimization: E 2948.8 → 2886.6 kcal/mol (ΔE=-62.2), converged, 39 ligand + 554 protein atoms
    · UFF minimization: E 2921.0 → 2855.7 kcal/mol (ΔE=-65.2), not converged (code 1), 39 ligand + 543 protein atoms
    · UFF minimization: E 2897.7 → 2831.5 kcal/mol (ΔE=-66.2), converged, 39 ligand + 553 protein atoms
    · UFF minimization: E 3001.7 → 2922.1 kcal/mol (ΔE=-79.6), converged, 39 ligand + 567 protein atoms
    · UFF minimization: E 3408.0 → 3337.1 kcal/mol (ΔE=-70.9), converged, 39 ligand + 648 protein atoms
    · UFF minimization: E 3523.0 → 3443.6 kcal/mol (ΔE=-79.4), converged, 39 ligand + 651 protein atoms
    · UFF minimization: E 3300.7 → 3225.7 kcal/mol (ΔE=-75.1), converged, 39 ligand + 617 protein atoms
    · UFF minimization: E 3559.0 → 3482.4 kcal/mol (ΔE=-76.6), converged, 39 ligand + 683 protein atoms
    · Stage 2 (UFF): 6.1s (4.9 jobs/s)
    · Checkpoint: saved guided_results.json for 1 combos

────────────────────────────────────────────────────────────────────────────────
  PHASE 3 COMPLETE in 6.8s (0.1 min)
  Already done: 0
  Newly processed: 30
  Success: 30  |  Failed: 0
────────────────────────────────────────────────────────────────────────────────

──────────────────────────────────────────────────────────────────────
  STATISTICS: UNGUIDED POSES vs POCKETS
──────────────────────────────────────────────────────────────────────
  Unguided poses: 5
  In fpocket: 5  In p2rank: 5  In either: 5

──────────────────────────────────────────────────────────────────────
  TIMING REPORT
──────────────────────────────────────────────────────────────────────

  GLOBAL PHASE TIMING:
  Phase                     Time (s)     Time (min)        %
  ------------------------- ------------ ------------ ------
  Phase 1: CPU Prep         1.6          0.0           12.9%
  Phase 2: GPU Dock         3.6          0.1           30.2%
  Phase 3: CPU Post         6.8          0.1           56.9%
  TOTAL (phases)            12.0         0.2          100.0%
  Pipeline wall time        12.0         0.2         

  Timing saved to: /home/manndo/master_dev/Dockings/Benchmark_Equibind/7D9L_GSF/pipeline_timing.csv
  Summary saved to: /home/manndo/master_dev/Dockings/Benchmark_Equibind/7D9L_GSF/pipeline_summary.json

══════════════════════════════════════════════════════════════════════
  SIGNAL MONITOR SUMMARY
══════════════════════════════════════════════════════════════════════
  EquiBind calls:        0
  Successful returns:    0
  Failed returns:        0
  Poses inside pocket:   0
  Poses rejected/outside:0
    ├ guided rejected:   0
    └ unguided outside:  0
══════════════════════════════════════════════════════════════════════

✓ Pipeline complete.
  Poses (success): 30
  Poses (failed):  0
  Wall time:       12.0s
