/home/manndo/anaconda3/envs/equibind/lib/python3.8/site-packages/dgl/backend/pytorch/sparse.py:104: FutureWarning: `torch.cuda.amp.custom_fwd(args...)` is deprecated. Please use `torch.amp.custom_fwd(args..., device_type='cuda')` instead.
  @custom_fwd(cast_inputs=th.float16)
/home/manndo/anaconda3/envs/equibind/lib/python3.8/site-packages/dgl/backend/pytorch/sparse.py:128: FutureWarning: `torch.cuda.amp.custom_bwd(args...)` is deprecated. Please use `torch.amp.custom_bwd(args..., device_type='cuda')` instead.
  def backward(ctx, dZ):
/home/manndo/anaconda3/envs/equibind/lib/python3.8/site-packages/dgl/backend/pytorch/sparse.py:177: FutureWarning: `torch.cuda.amp.custom_fwd(args...)` is deprecated. Please use `torch.amp.custom_fwd(args..., device_type='cuda')` instead.
  @custom_fwd(cast_inputs=th.float16)
/home/manndo/anaconda3/envs/equibind/lib/python3.8/site-packages/dgl/backend/pytorch/sparse.py:207: FutureWarning: `torch.cuda.amp.custom_bwd(args...)` is deprecated. Please use `torch.amp.custom_bwd(args..., device_type='cuda')` instead.
  def backward(ctx, *dZ):
/home/manndo/anaconda3/envs/equibind/lib/python3.8/site-packages/dgl/backend/pytorch/sparse.py:287: FutureWarning: `torch.cuda.amp.custom_fwd(args...)` is deprecated. Please use `torch.amp.custom_fwd(args..., device_type='cuda')` instead.
  @custom_fwd(cast_inputs=th.float16)
/home/manndo/anaconda3/envs/equibind/lib/python3.8/site-packages/dgl/backend/pytorch/sparse.py:304: FutureWarning: `torch.cuda.amp.custom_bwd(args...)` is deprecated. Please use `torch.amp.custom_bwd(args..., device_type='cuda')` instead.
  def backward(ctx, dZ):
/home/manndo/anaconda3/envs/equibind/lib/python3.8/site-packages/dgl/backend/pytorch/sparse.py:352: FutureWarning: `torch.cuda.amp.custom_fwd(args...)` is deprecated. Please use `torch.amp.custom_fwd(args..., device_type='cuda')` instead.
  @custom_fwd(cast_inputs=th.float16)
/home/manndo/anaconda3/envs/equibind/lib/python3.8/site-packages/dgl/backend/pytorch/sparse.py:371: FutureWarning: `torch.cuda.amp.custom_bwd(args...)` is deprecated. Please use `torch.amp.custom_bwd(args..., device_type='cuda')` instead.
  def backward(ctx, *dZ):
/home/manndo/anaconda3/envs/equibind/lib/python3.8/site-packages/dgl/backend/pytorch/sparse.py:431: FutureWarning: `torch.cuda.amp.custom_fwd(args...)` is deprecated. Please use `torch.amp.custom_fwd(args..., device_type='cuda')` instead.
  @custom_fwd(cast_inputs=th.float16)
/home/manndo/anaconda3/envs/equibind/lib/python3.8/site-packages/dgl/backend/pytorch/sparse.py:467: FutureWarning: `torch.cuda.amp.custom_bwd(args...)` is deprecated. Please use `torch.amp.custom_bwd(args..., device_type='cuda')` instead.
  def backward(ctx, grad_out):
/home/manndo/anaconda3/envs/equibind/lib/python3.8/site-packages/dgl/backend/pytorch/sparse.py:498: FutureWarning: `torch.cuda.amp.custom_fwd(args...)` is deprecated. Please use `torch.amp.custom_fwd(args..., device_type='cuda')` instead.
  @custom_fwd(cast_inputs=th.float16)
/home/manndo/anaconda3/envs/equibind/lib/python3.8/site-packages/dgl/backend/pytorch/sparse.py:535: FutureWarning: `torch.cuda.amp.custom_bwd(args...)` is deprecated. Please use `torch.amp.custom_bwd(args..., device_type='cuda')` instead.
  def backward(ctx, *grad_out):
/home/manndo/anaconda3/envs/equibind/lib/python3.8/site-packages/dgl/backend/pytorch/sparse.py:566: FutureWarning: `torch.cuda.amp.custom_fwd(args...)` is deprecated. Please use `torch.amp.custom_fwd(args..., device_type='cuda')` instead.
  @custom_fwd(cast_inputs=th.float16)
/home/manndo/anaconda3/envs/equibind/lib/python3.8/site-packages/dgl/backend/pytorch/sparse.py:575: FutureWarning: `torch.cuda.amp.custom_bwd(args...)` is deprecated. Please use `torch.amp.custom_bwd(args..., device_type='cuda')` instead.
  def backward(ctx, dy):
/home/manndo/anaconda3/envs/equibind/lib/python3.8/site-packages/dgl/backend/pytorch/sparse.py:595: FutureWarning: `torch.cuda.amp.custom_fwd(args...)` is deprecated. Please use `torch.amp.custom_fwd(args..., device_type='cuda')` instead.
  @custom_fwd(cast_inputs=th.float16)
/home/manndo/anaconda3/envs/equibind/lib/python3.8/site-packages/dgl/backend/pytorch/sparse.py:603: FutureWarning: `torch.cuda.amp.custom_bwd(args...)` is deprecated. Please use `torch.amp.custom_bwd(args..., device_type='cuda')` instead.
  def backward(ctx, dy):
/home/manndo/anaconda3/envs/equibind/lib/python3.8/site-packages/dgl/backend/pytorch/sparse.py:666: FutureWarning: `torch.cuda.amp.custom_fwd(args...)` is deprecated. Please use `torch.amp.custom_fwd(args..., device_type='cuda')` instead.
  @custom_fwd(cast_inputs=th.float16)
/home/manndo/anaconda3/envs/equibind/lib/python3.8/site-packages/dgl/backend/pytorch/sparse.py:692: FutureWarning: `torch.cuda.amp.custom_fwd(args...)` is deprecated. Please use `torch.amp.custom_fwd(args..., device_type='cuda')` instead.
  @custom_fwd(cast_inputs=th.float16)
GPU detected: NVIDIA GeForce RTX 4070 Laptop GPU
================================================================================
EquiBind Batch Docking Configuration
================================================================================
  Workspace:        /home/manndo/master_dev
  Ligand dir:       /home/manndo/master_dev/Dockings/Benchmark_Equibind/_staging/7E4L_MDN/ligands
  Receptor dir:     /home/manndo/master_dev/Dockings/Benchmark_Equibind/_staging/7E4L_MDN/receptors
  EquiBind dir:     /home/manndo/tools/EquiBind
  EquiBind device:  cuda
  Output:           /home/manndo/master_dev/Dockings/Benchmark_Equibind/7E4L_MDN
  Pocket results:   fpocket=/home/manndo/master_dev/pocket_results/fpocket_results
                    p2rank=/home/manndo/master_dev/pocket_results/p2rank_results
  Top pockets:      3 per method
  Poses/pocket:     5
  Unguided poses:   5
  Workers:          26
  GPU batch size:   8
  UFF minimize:     True
  Skip existing:    True
  Force pocket:     True
  Protein cropping: True (radius=8.0Å + buffer=3.0Å)
================================================================================
================================================================================
GPU SUPPORT VALIDATION
================================================================================

PyTorch CUDA Status:
  PyTorch version: 2.4.1+cu124
  CUDA available: True
  CUDA version: 12.4
  Number of GPUs: 1
  GPU Name: NVIDIA GeForce RTX 4070 Laptop GPU
  GPU Memory: 8.59 GB
  ✓ GPU tensor operations working

NVIDIA GPU Information (nvidia-smi):
Fri May  1 23:24:50 2026       
+-----------------------------------------------------------------------------------------+
| NVIDIA-SMI 580.105.07             Driver Version: 581.80         CUDA Version: 13.0     |
+-----------------------------------------+------------------------+----------------------+
| GPU  Name                 Persistence-M | Bus-Id          Disp.A | Volatile Uncorr. ECC |
| Fan  Temp   Perf          Pwr:Usage/Cap |           Memory-Usage | GPU-Util  Compute M. |
|                                         |                        |               MIG M. |
|=========================================+========================+======================|
|   0  NVIDIA GeForce RTX 4070 ...    On  |   00000000:01:00.0 Off |                  N/A |
| N/A   50C    P3             12W /   55W |     161MiB /   8188MiB |      1%      Default |
|                                         |                        |                  N/A |
+-----------------------------------------+------------------------+----------------------+

+-----------------------------------------------------------------------------------------+
| Processes:                                                                              |
|  GPU   GI   CI              PID   Type   Process name                        GPU Memory |
|        ID   ID                                                               Usage      |
|=========================================================================================|
|    0   N/A  N/A         1076159      C   /python3.8                            N/A      |
+-----------------------------------------------------------------------------------------+


================================================================================
✓ GPU ACCELERATION AVAILABLE
  Recommended setting: equibind_device = 'cuda'
  Current setting: equibind_device = 'cuda'
================================================================================
================================================================================
EquiBind Batch Docking Configuration
================================================================================
  Workspace:        /home/manndo/master_dev
  Ligand dir:       /home/manndo/master_dev/Dockings/Benchmark_Equibind/_staging/7E4L_MDN/ligands
  Receptor dir:     /home/manndo/master_dev/Dockings/Benchmark_Equibind/_staging/7E4L_MDN/receptors
  EquiBind dir:     /home/manndo/tools/EquiBind
  EquiBind device:  cuda
  Output:           /home/manndo/master_dev/Dockings/Benchmark_Equibind/7E4L_MDN
  Pocket results:   fpocket=/home/manndo/master_dev/pocket_results/fpocket_results
                    p2rank=/home/manndo/master_dev/pocket_results/p2rank_results
  Top pockets:      3 per method
  Poses/pocket:     5
  Unguided poses:   5
  Workers:          26
  GPU batch size:   8
  UFF minimize:     True
  Skip existing:    True
  Force pocket:     True
  Protein cropping: True (radius=8.0Å + buffer=3.0Å)
================================================================================
/home/manndo/master_dev/Scripts/Docking/equibind_pipeline/equibind_model.py:84: FutureWarning: You are using `torch.load` with `weights_only=False` (the current default value), which uses the default pickle module implicitly. It is possible to construct malicious pickle data which will execute arbitrary code during unpickling (See https://github.com/pytorch/pytorch/blob/main/SECURITY.md#untrusted-models for more details). In a future release, the default value for `weights_only` will be flipped to `True`. This limits the functions that could be executed during unpickling. Arbitrary objects will no longer be allowed to be loaded via this mode unless they are explicitly allowlisted by the user via `torch.serialization.add_safe_globals`. We recommend you start setting `weights_only=True` for any use case where you don't have full control of the loaded file. Please open an issue on GitHub for any issues related to this experimental feature.
  checkpoint = torch.load(str(ckpt_path), map_location=dev)
[2026-05-01 23:24:51.271215] [ Using Seed :  1  ]
    · EquiBind model loaded from /home/manndo/tools/EquiBind/runs/flexible_self_docking/best_checkpoint.pt
    ·   Device: cuda:0  |  Load time: 0.21s

──────────────────────────────────────────────────────────────────────
  GLOBALLY DECOUPLED 3-PHASE EQUIBIND PIPELINE
──────────────────────────────────────────────────────────────────────
  EquiBind device: cuda:0
  GPU batch size: 8
  Proteins: 1
  Ligands: 1
  Total combos: 1  (≈ 35 poses/combo)
  Workers: 26

    · 7E4L_MDN_protein: 3 fpocket + 3 p2rank pockets

Pre-computing ligand properties...
  1 ligands analysed
Pre-computing protein properties...
  1 proteins analysed
Docking log: /home/manndo/master_dev/Dockings/Benchmark_Equibind/7E4L_MDN/docking_log.csv (0 existing entries)

──────────────────────────────────────────────────────────────────────
  PHASE 1: CPU PREPARATION — ALL COMBOS
──────────────────────────────────────────────────────────────────────
    · Building receptor graph for 7E4L_MDN_protein_protein.pdb
    · Preparing cropped proteins for 6 pockets (6 workers)
    · Cropped protein for fpocket_raw_p002: 48 residues, 672 atoms (radius=11.0Å)
    · Cropped protein for fpocket_raw_p003: 69 residues, 1001 atoms (radius=11.0Å)
    · Cropped protein for p2rank_raw_p002: 56 residues, 776 atoms (radius=11.0Å)
    · Cropped protein for fpocket_raw_p001: 35 residues, 542 atoms (radius=11.0Å)
    · Cropped protein for p2rank_raw_p001: 55 residues, 795 atoms (radius=11.0Å)
    · Cropped protein for p2rank_raw_p003: 42 residues, 632 atoms (radius=11.0Å)
    · Generating conformers for 1 ligands (26 workers)
    · Ligand 7E4L_MDN_ligand_start_conf: 10 conformers
    · Building DockJobs for 1 combos (26 workers)

────────────────────────────────────────────────────────────────────────────────
  PHASE 1 COMPLETE in 2.5s (0.0 min)
  Jobs prepared:    35
  Cached results:   0
  Unique proteins:  7
  Unique ligands:   1
  Receptor graphs:  7
────────────────────────────────────────────────────────────────────────────────

──────────────────────────────────────────────────────────────────────
  PHASE 2: GPU INFERENCE — 35 TOTAL JOBS
──────────────────────────────────────────────────────────────────────
    ·   7E4L_MDN_protein_protein_crop_fpocket_raw_p001.pdb: 5 jobs → 1 batches
[2026-05-01 23:24:56.028222] [ Using Seed :  789  ]
/home/manndo/anaconda3/envs/equibind/lib/python3.8/site-packages/dgl/backend/pytorch/tensor.py:352: UserWarning: TypedStorage is deprecated. It will be removed in the future and UntypedStorage will be the only storage class. This should only matter to you if you are using storages directly.  To access UntypedStorage directly, use tensor.untyped_storage() instead of tensor.storage()
  assert input.numel() == input.storage().size(), "Cannot convert view " \
[2026-05-01 23:24:56.829458] [ Using Seed :  123  ]
[2026-05-01 23:24:56.883860] [ Using Seed :  3141  ]
[2026-05-01 23:24:56.937172] [ Using Seed :  42  ]
[2026-05-01 23:24:56.986010] [ Using Seed :  2022  ]
    ·   7E4L_MDN_protein_protein_crop_fpocket_raw_p002.pdb: 5 jobs → 1 batches
[2026-05-01 23:24:57.034466] [ Using Seed :  789  ]
[2026-05-01 23:24:57.085161] [ Using Seed :  123  ]
[2026-05-01 23:24:57.139701] [ Using Seed :  3141  ]
[2026-05-01 23:24:57.197203] [ Using Seed :  42  ]
[2026-05-01 23:24:57.254783] [ Using Seed :  2022  ]
    ·   7E4L_MDN_protein_protein_crop_fpocket_raw_p003.pdb: 5 jobs → 1 batches
[2026-05-01 23:24:57.309911] [ Using Seed :  789  ]
[2026-05-01 23:24:57.369949] [ Using Seed :  123  ]
[2026-05-01 23:24:57.426406] [ Using Seed :  3141  ]
[2026-05-01 23:24:57.475676] [ Using Seed :  42  ]
[2026-05-01 23:24:57.526092] [ Using Seed :  2022  ]
    ·   7E4L_MDN_protein_protein_crop_p2rank_raw_p001.pdb: 5 jobs → 1 batches
[2026-05-01 23:24:57.577454] [ Using Seed :  789  ]
[2026-05-01 23:24:57.629014] [ Using Seed :  123  ]
[2026-05-01 23:24:57.691229] [ Using Seed :  3141  ]
[2026-05-01 23:24:57.744302] [ Using Seed :  42  ]
[2026-05-01 23:24:57.800335] [ Using Seed :  2022  ]
    ·   7E4L_MDN_protein_protein_crop_p2rank_raw_p002.pdb: 5 jobs → 1 batches
[2026-05-01 23:24:57.859079] [ Using Seed :  789  ]
[2026-05-01 23:24:57.918857] [ Using Seed :  123  ]
[2026-05-01 23:24:57.975115] [ Using Seed :  3141  ]
[2026-05-01 23:24:58.032540] [ Using Seed :  42  ]
[2026-05-01 23:24:58.088260] [ Using Seed :  2022  ]
    ·   7E4L_MDN_protein_protein_crop_p2rank_raw_p003.pdb: 5 jobs → 1 batches
[2026-05-01 23:24:58.141748] [ Using Seed :  789  ]
[2026-05-01 23:24:58.201048] [ Using Seed :  123  ]
[2026-05-01 23:24:58.252689] [ Using Seed :  3141  ]
[2026-05-01 23:24:58.303988] [ Using Seed :  42  ]
[2026-05-01 23:24:58.353326] [ Using Seed :  2022  ]
    ·   7E4L_MDN_protein_protein.pdb: 5 jobs → 1 batches
[2026-05-01 23:24:58.408118] [ Using Seed :  789  ]
[2026-05-01 23:24:58.461546] [ Using Seed :  123  ]
[2026-05-01 23:24:58.519449] [ Using Seed :  3141  ]
[2026-05-01 23:24:58.572286] [ Using Seed :  42  ]
[2026-05-01 23:24:58.622968] [ Using Seed :  2022  ]

────────────────────────────────────────────────────────────────────────────────
  PHASE 2 COMPLETE in 4.8s (0.1 min)
  Total batches: 7
  Success: 35  |  Failed: 0
  Avg inference: 75.7ms per ligand
────────────────────────────────────────────────────────────────────────────────

──────────────────────────────────────────────────────────────────────
  PHASE 3: CPU POST-PROCESSING — 35 TOTAL JOBS
──────────────────────────────────────────────────────────────────────
    · Post-processing 35 new jobs (0 skipped)
    · UFF: pre-warmed protein cache for 1 unique protein(s)
    · Stage 1 (corrections+SDF): 0.3s — 0 done, 35 need UFF
    · Stage 2: UFF — 35 jobs, 26 process workers
 ⚠️  UFF FF construction failed on combined mol: Can't kekulize mol.  Unkekulized atoms: 5 6 7 8 9 10 11 12 13
 ⚠️  UFF FF construction failed on combined mol: Can't kekulize mol.  Unkekulized atoms: 24 25 26 27 28 29 30 31 32
 ⚠️  UFF FF construction failed on combined mol: Can't kekulize mol.  Unkekulized atoms: 24 25 26 27 28 29 30 31 32
 ⚠️  UFF FF construction failed on combined mol: Can't kekulize mol.  Unkekulized atoms: 52 53 54 55 56 57 58 59 60
    · UFF minimization: E 1013.1 → 963.3 kcal/mol (ΔE=-49.9), converged, 15 ligand + 165 protein atoms
 ⚠️  UFF FF construction failed on combined mol: Can't kekulize mol.  Unkekulized atoms: 24 25 26 27 28 29 30 31 32
 ⚠️  UFF FF construction failed on combined mol: Can't kekulize mol.  Unkekulized atoms: 5 6 7 8 9 10 11 12 13
 ⚠️  UFF FF construction failed on combined mol: Can't kekulize mol.  Unkekulized atoms: 5 6 7 8 9
 ⚠️  UFF FF construction failed on combined mol: Can't kekulize mol.  Unkekulized atoms: 87 88 89 90 91 92 93 94 95
 ⚠️  UFF FF construction failed on combined mol: Can't kekulize mol.  Unkekulized atoms: 87 88 89 90 91 92 93 94 95
 ⚠️  UFF FF construction failed on combined mol: Can't kekulize mol.  Unkekulized atoms: 24 25 26 27 28 29 30 31 32
    · UFF minimization: E 1009.2 → 966.3 kcal/mol (ΔE=-42.9), converged, 15 ligand + 167 protein atoms
    · UFF minimization: E 916.9 → 875.5 kcal/mol (ΔE=-41.4), converged, 15 ligand + 148 protein atoms
    · UFF minimization: E 2049.0 → 2011.8 kcal/mol (ΔE=-37.2), converged, 15 ligand + 378 protein atoms
    · UFF minimization: E 2190.2 → 2141.4 kcal/mol (ΔE=-48.9), converged, 15 ligand + 394 protein atoms
    · UFF minimization: E 2021.4 → 1983.4 kcal/mol (ΔE=-38.0), converged, 15 ligand + 377 protein atoms
    · UFF minimization: E 2212.2 → 2175.2 kcal/mol (ΔE=-37.0), converged, 15 ligand + 412 protein atoms
    · UFF minimization: E 2653.3 → 2616.1 kcal/mol (ΔE=-37.1), converged, 15 ligand + 509 protein atoms
    · UFF minimization: E 2120.6 → 2083.4 kcal/mol (ΔE=-37.2), converged, 15 ligand + 405 protein atoms
    · UFF minimization: E 2112.5 → 2069.1 kcal/mol (ΔE=-43.5), converged, 15 ligand + 394 protein atoms
    · UFF minimization: E 2304.4 → 2262.3 kcal/mol (ΔE=-42.1), converged, 15 ligand + 434 protein atoms
    · UFF minimization: E 2635.1 → 2588.1 kcal/mol (ΔE=-47.0), converged, 15 ligand + 506 protein atoms
    · UFF minimization: E 2378.9 → 2343.3 kcal/mol (ΔE=-35.6), converged, 15 ligand + 455 protein atoms
    · UFF minimization: E 2688.4 → 2647.2 kcal/mol (ΔE=-41.2), converged, 15 ligand + 519 protein atoms
    · UFF minimization: E 2295.8 → 2254.6 kcal/mol (ΔE=-41.3), converged, 15 ligand + 417 protein atoms
    · UFF minimization: E 2524.8 → 2482.5 kcal/mol (ΔE=-42.4), converged, 15 ligand + 486 protein atoms
    · UFF minimization: E 1416.2 → 1376.0 kcal/mol (ΔE=-40.2), converged, 15 ligand + 264 protein atoms
    · UFF minimization: E 1129.6 → 1093.2 kcal/mol (ΔE=-36.5), converged, 15 ligand + 205 protein atoms
    · UFF minimization: E 1641.0 → 1599.5 kcal/mol (ΔE=-41.4), converged, 15 ligand + 293 protein atoms
    · UFF minimization: E 1458.9 → 1418.5 kcal/mol (ΔE=-40.4), converged, 15 ligand + 271 protein atoms
    · UFF minimization: E 1678.8 → 1630.1 kcal/mol (ΔE=-48.7), converged, 15 ligand + 316 protein atoms
    · UFF minimization: E 2180.6 → 2145.3 kcal/mol (ΔE=-35.4), converged, 15 ligand + 410 protein atoms
    · UFF minimization: E 2194.7 → 2153.6 kcal/mol (ΔE=-41.1), converged, 15 ligand + 427 protein atoms
    · UFF minimization: E 2293.3 → 2244.8 kcal/mol (ΔE=-48.5), converged, 15 ligand + 425 protein atoms
    · UFF minimization: E 1984.9 → 1942.8 kcal/mol (ΔE=-42.2), converged, 15 ligand + 381 protein atoms
    · Stage 2 (UFF): 4.9s (7.1 jobs/s)
    · Checkpoint: saved guided_results.json for 1 combos

────────────────────────────────────────────────────────────────────────────────
  PHASE 3 COMPLETE in 5.3s (0.1 min)
  Already done: 0
  Newly processed: 35
  Success: 35  |  Failed: 0
────────────────────────────────────────────────────────────────────────────────

──────────────────────────────────────────────────────────────────────
  STATISTICS: UNGUIDED POSES vs POCKETS
──────────────────────────────────────────────────────────────────────
  Unguided poses: 5
  In fpocket: 0  In p2rank: 0  In either: 0

──────────────────────────────────────────────────────────────────────
  TIMING REPORT
──────────────────────────────────────────────────────────────────────

  GLOBAL PHASE TIMING:
  Phase                     Time (s)     Time (min)        %
  ------------------------- ------------ ------------ ------
  Phase 1: CPU Prep         2.5          0.0           20.0%
  Phase 2: GPU Dock         4.8          0.1           38.0%
  Phase 3: CPU Post         5.3          0.1           42.0%
  TOTAL (phases)            12.6         0.2          100.0%
  Pipeline wall time        12.6         0.2         

  Timing saved to: /home/manndo/master_dev/Dockings/Benchmark_Equibind/7E4L_MDN/pipeline_timing.csv
  Summary saved to: /home/manndo/master_dev/Dockings/Benchmark_Equibind/7E4L_MDN/pipeline_summary.json

══════════════════════════════════════════════════════════════════════
  SIGNAL MONITOR SUMMARY
══════════════════════════════════════════════════════════════════════
  EquiBind calls:        0
  Successful returns:    0
  Failed returns:        0
  Poses inside pocket:   0
  Poses rejected/outside:0
    ├ guided rejected:   0
    └ unguided outside:  0
══════════════════════════════════════════════════════════════════════

✓ Pipeline complete.
  Poses (success): 35
  Poses (failed):  0
  Wall time:       12.6s
