/home/manndo/anaconda3/envs/equibind/lib/python3.8/site-packages/dgl/backend/pytorch/sparse.py:104: FutureWarning: `torch.cuda.amp.custom_fwd(args...)` is deprecated. Please use `torch.amp.custom_fwd(args..., device_type='cuda')` instead.
  @custom_fwd(cast_inputs=th.float16)
/home/manndo/anaconda3/envs/equibind/lib/python3.8/site-packages/dgl/backend/pytorch/sparse.py:128: FutureWarning: `torch.cuda.amp.custom_bwd(args...)` is deprecated. Please use `torch.amp.custom_bwd(args..., device_type='cuda')` instead.
  def backward(ctx, dZ):
/home/manndo/anaconda3/envs/equibind/lib/python3.8/site-packages/dgl/backend/pytorch/sparse.py:177: FutureWarning: `torch.cuda.amp.custom_fwd(args...)` is deprecated. Please use `torch.amp.custom_fwd(args..., device_type='cuda')` instead.
  @custom_fwd(cast_inputs=th.float16)
/home/manndo/anaconda3/envs/equibind/lib/python3.8/site-packages/dgl/backend/pytorch/sparse.py:207: FutureWarning: `torch.cuda.amp.custom_bwd(args...)` is deprecated. Please use `torch.amp.custom_bwd(args..., device_type='cuda')` instead.
  def backward(ctx, *dZ):
/home/manndo/anaconda3/envs/equibind/lib/python3.8/site-packages/dgl/backend/pytorch/sparse.py:287: FutureWarning: `torch.cuda.amp.custom_fwd(args...)` is deprecated. Please use `torch.amp.custom_fwd(args..., device_type='cuda')` instead.
  @custom_fwd(cast_inputs=th.float16)
/home/manndo/anaconda3/envs/equibind/lib/python3.8/site-packages/dgl/backend/pytorch/sparse.py:304: FutureWarning: `torch.cuda.amp.custom_bwd(args...)` is deprecated. Please use `torch.amp.custom_bwd(args..., device_type='cuda')` instead.
  def backward(ctx, dZ):
/home/manndo/anaconda3/envs/equibind/lib/python3.8/site-packages/dgl/backend/pytorch/sparse.py:352: FutureWarning: `torch.cuda.amp.custom_fwd(args...)` is deprecated. Please use `torch.amp.custom_fwd(args..., device_type='cuda')` instead.
  @custom_fwd(cast_inputs=th.float16)
/home/manndo/anaconda3/envs/equibind/lib/python3.8/site-packages/dgl/backend/pytorch/sparse.py:371: FutureWarning: `torch.cuda.amp.custom_bwd(args...)` is deprecated. Please use `torch.amp.custom_bwd(args..., device_type='cuda')` instead.
  def backward(ctx, *dZ):
/home/manndo/anaconda3/envs/equibind/lib/python3.8/site-packages/dgl/backend/pytorch/sparse.py:431: FutureWarning: `torch.cuda.amp.custom_fwd(args...)` is deprecated. Please use `torch.amp.custom_fwd(args..., device_type='cuda')` instead.
  @custom_fwd(cast_inputs=th.float16)
/home/manndo/anaconda3/envs/equibind/lib/python3.8/site-packages/dgl/backend/pytorch/sparse.py:467: FutureWarning: `torch.cuda.amp.custom_bwd(args...)` is deprecated. Please use `torch.amp.custom_bwd(args..., device_type='cuda')` instead.
  def backward(ctx, grad_out):
/home/manndo/anaconda3/envs/equibind/lib/python3.8/site-packages/dgl/backend/pytorch/sparse.py:498: FutureWarning: `torch.cuda.amp.custom_fwd(args...)` is deprecated. Please use `torch.amp.custom_fwd(args..., device_type='cuda')` instead.
  @custom_fwd(cast_inputs=th.float16)
/home/manndo/anaconda3/envs/equibind/lib/python3.8/site-packages/dgl/backend/pytorch/sparse.py:535: FutureWarning: `torch.cuda.amp.custom_bwd(args...)` is deprecated. Please use `torch.amp.custom_bwd(args..., device_type='cuda')` instead.
  def backward(ctx, *grad_out):
/home/manndo/anaconda3/envs/equibind/lib/python3.8/site-packages/dgl/backend/pytorch/sparse.py:566: FutureWarning: `torch.cuda.amp.custom_fwd(args...)` is deprecated. Please use `torch.amp.custom_fwd(args..., device_type='cuda')` instead.
  @custom_fwd(cast_inputs=th.float16)
/home/manndo/anaconda3/envs/equibind/lib/python3.8/site-packages/dgl/backend/pytorch/sparse.py:575: FutureWarning: `torch.cuda.amp.custom_bwd(args...)` is deprecated. Please use `torch.amp.custom_bwd(args..., device_type='cuda')` instead.
  def backward(ctx, dy):
/home/manndo/anaconda3/envs/equibind/lib/python3.8/site-packages/dgl/backend/pytorch/sparse.py:595: FutureWarning: `torch.cuda.amp.custom_fwd(args...)` is deprecated. Please use `torch.amp.custom_fwd(args..., device_type='cuda')` instead.
  @custom_fwd(cast_inputs=th.float16)
/home/manndo/anaconda3/envs/equibind/lib/python3.8/site-packages/dgl/backend/pytorch/sparse.py:603: FutureWarning: `torch.cuda.amp.custom_bwd(args...)` is deprecated. Please use `torch.amp.custom_bwd(args..., device_type='cuda')` instead.
  def backward(ctx, dy):
/home/manndo/anaconda3/envs/equibind/lib/python3.8/site-packages/dgl/backend/pytorch/sparse.py:666: FutureWarning: `torch.cuda.amp.custom_fwd(args...)` is deprecated. Please use `torch.amp.custom_fwd(args..., device_type='cuda')` instead.
  @custom_fwd(cast_inputs=th.float16)
/home/manndo/anaconda3/envs/equibind/lib/python3.8/site-packages/dgl/backend/pytorch/sparse.py:692: FutureWarning: `torch.cuda.amp.custom_fwd(args...)` is deprecated. Please use `torch.amp.custom_fwd(args..., device_type='cuda')` instead.
  @custom_fwd(cast_inputs=th.float16)
GPU detected: NVIDIA GeForce RTX 4070 Laptop GPU
================================================================================
EquiBind Batch Docking Configuration
================================================================================
  Workspace:        /home/manndo/master_dev
  Ligand dir:       /home/manndo/master_dev/Dockings/Benchmark_Equibind/_staging/7KRU_ATP/ligands
  Receptor dir:     /home/manndo/master_dev/Dockings/Benchmark_Equibind/_staging/7KRU_ATP/receptors
  EquiBind dir:     /home/manndo/tools/EquiBind
  EquiBind device:  cuda
  Output:           /home/manndo/master_dev/Dockings/Benchmark_Equibind/7KRU_ATP
  Pocket results:   fpocket=/home/manndo/master_dev/pocket_results/fpocket_results
                    p2rank=/home/manndo/master_dev/pocket_results/p2rank_results
  Top pockets:      3 per method
  Poses/pocket:     5
  Unguided poses:   5
  Workers:          26
  GPU batch size:   8
  UFF minimize:     True
  Skip existing:    True
  Force pocket:     True
  Protein cropping: True (radius=8.0Å + buffer=3.0Å)
================================================================================
================================================================================
GPU SUPPORT VALIDATION
================================================================================

PyTorch CUDA Status:
  PyTorch version: 2.4.1+cu124
  CUDA available: True
  CUDA version: 12.4
  Number of GPUs: 1
  GPU Name: NVIDIA GeForce RTX 4070 Laptop GPU
  GPU Memory: 8.59 GB
  ✓ GPU tensor operations working

NVIDIA GPU Information (nvidia-smi):
Fri May  1 23:50:28 2026       
+-----------------------------------------------------------------------------------------+
| NVIDIA-SMI 580.105.07             Driver Version: 581.80         CUDA Version: 13.0     |
+-----------------------------------------+------------------------+----------------------+
| GPU  Name                 Persistence-M | Bus-Id          Disp.A | Volatile Uncorr. ECC |
| Fan  Temp   Perf          Pwr:Usage/Cap |           Memory-Usage | GPU-Util  Compute M. |
|                                         |                        |               MIG M. |
|=========================================+========================+======================|
|   0  NVIDIA GeForce RTX 4070 ...    On  |   00000000:01:00.0 Off |                  N/A |
| N/A   52C    P0             14W /  119W |     161MiB /   8188MiB |      0%      Default |
|                                         |                        |                  N/A |
+-----------------------------------------+------------------------+----------------------+

+-----------------------------------------------------------------------------------------+
| Processes:                                                                              |
|  GPU   GI   CI              PID   Type   Process name                        GPU Memory |
|        ID   ID                                                               Usage      |
|=========================================================================================|
|    0   N/A  N/A         1083839      C   /python3.8                            N/A      |
+-----------------------------------------------------------------------------------------+


================================================================================
✓ GPU ACCELERATION AVAILABLE
  Recommended setting: equibind_device = 'cuda'
  Current setting: equibind_device = 'cuda'
================================================================================
================================================================================
EquiBind Batch Docking Configuration
================================================================================
  Workspace:        /home/manndo/master_dev
  Ligand dir:       /home/manndo/master_dev/Dockings/Benchmark_Equibind/_staging/7KRU_ATP/ligands
  Receptor dir:     /home/manndo/master_dev/Dockings/Benchmark_Equibind/_staging/7KRU_ATP/receptors
  EquiBind dir:     /home/manndo/tools/EquiBind
  EquiBind device:  cuda
  Output:           /home/manndo/master_dev/Dockings/Benchmark_Equibind/7KRU_ATP
  Pocket results:   fpocket=/home/manndo/master_dev/pocket_results/fpocket_results
                    p2rank=/home/manndo/master_dev/pocket_results/p2rank_results
  Top pockets:      3 per method
  Poses/pocket:     5
  Unguided poses:   5
  Workers:          26
  GPU batch size:   8
  UFF minimize:     True
  Skip existing:    True
  Force pocket:     True
  Protein cropping: True (radius=8.0Å + buffer=3.0Å)
================================================================================
/home/manndo/master_dev/Scripts/Docking/equibind_pipeline/equibind_model.py:84: FutureWarning: You are using `torch.load` with `weights_only=False` (the current default value), which uses the default pickle module implicitly. It is possible to construct malicious pickle data which will execute arbitrary code during unpickling (See https://github.com/pytorch/pytorch/blob/main/SECURITY.md#untrusted-models for more details). In a future release, the default value for `weights_only` will be flipped to `True`. This limits the functions that could be executed during unpickling. Arbitrary objects will no longer be allowed to be loaded via this mode unless they are explicitly allowlisted by the user via `torch.serialization.add_safe_globals`. We recommend you start setting `weights_only=True` for any use case where you don't have full control of the loaded file. Please open an issue on GitHub for any issues related to this experimental feature.
  checkpoint = torch.load(str(ckpt_path), map_location=dev)
[2026-05-01 23:50:29.190903] [ Using Seed :  1  ]
    · EquiBind model loaded from /home/manndo/tools/EquiBind/runs/flexible_self_docking/best_checkpoint.pt
    ·   Device: cuda:0  |  Load time: 0.17s

──────────────────────────────────────────────────────────────────────
  GLOBALLY DECOUPLED 3-PHASE EQUIBIND PIPELINE
──────────────────────────────────────────────────────────────────────
  EquiBind device: cuda:0
  GPU batch size: 8
  Proteins: 1
  Ligands: 1
  Total combos: 1  (≈ 35 poses/combo)
  Workers: 26

    · 7KRU_ATP_protein: 3 fpocket + 3 p2rank pockets

Pre-computing ligand properties...
  1 ligands analysed
Pre-computing protein properties...
  1 proteins analysed
Docking log: /home/manndo/master_dev/Dockings/Benchmark_Equibind/7KRU_ATP/docking_log.csv (0 existing entries)

──────────────────────────────────────────────────────────────────────
  PHASE 1: CPU PREPARATION — ALL COMBOS
──────────────────────────────────────────────────────────────────────
    · Building receptor graph for 7KRU_ATP_protein_protein.pdb
    · Preparing cropped proteins for 6 pockets (6 workers)
    · Cropped protein for p2rank_raw_p001: 57 residues, 797 atoms (radius=11.0Å)
    · Cropped protein for fpocket_raw_p002: 61 residues, 930 atoms (radius=11.0Å)
    · Cropped protein for fpocket_raw_p001: 41 residues, 636 atoms (radius=11.0Å)
    · Cropped protein for fpocket_raw_p003: 61 residues, 927 atoms (radius=11.0Å)
    · Cropped protein for p2rank_raw_p003: 53 residues, 821 atoms (radius=11.0Å)
    · Cropped protein for p2rank_raw_p002: 57 residues, 797 atoms (radius=11.0Å)
    · Generating conformers for 1 ligands (26 workers)
    · Ligand 7KRU_ATP_ligand_start_conf: 10 conformers
    · Building DockJobs for 1 combos (26 workers)

────────────────────────────────────────────────────────────────────────────────
  PHASE 1 COMPLETE in 4.3s (0.1 min)
  Jobs prepared:    35
  Cached results:   0
  Unique proteins:  7
  Unique ligands:   1
  Receptor graphs:  7
────────────────────────────────────────────────────────────────────────────────

──────────────────────────────────────────────────────────────────────
  PHASE 2: GPU INFERENCE — 35 TOTAL JOBS
──────────────────────────────────────────────────────────────────────
    ·   7KRU_ATP_protein_protein_crop_fpocket_raw_p001.pdb: 5 jobs → 1 batches
[2026-05-01 23:50:35.565429] [ Using Seed :  1001  ]
/home/manndo/anaconda3/envs/equibind/lib/python3.8/site-packages/dgl/backend/pytorch/tensor.py:352: UserWarning: TypedStorage is deprecated. It will be removed in the future and UntypedStorage will be the only storage class. This should only matter to you if you are using storages directly.  To access UntypedStorage directly, use tensor.untyped_storage() instead of tensor.storage()
  assert input.numel() == input.storage().size(), "Cannot convert view " \
[2026-05-01 23:50:36.365650] [ Using Seed :  42  ]
[2026-05-01 23:50:36.417275] [ Using Seed :  2022  ]
[2026-05-01 23:50:36.468694] [ Using Seed :  123  ]
[2026-05-01 23:50:36.525715] [ Using Seed :  789  ]
    ·   7KRU_ATP_protein_protein_crop_fpocket_raw_p002.pdb: 5 jobs → 1 batches
[2026-05-01 23:50:36.582972] [ Using Seed :  1001  ]
[2026-05-01 23:50:36.640719] [ Using Seed :  42  ]
[2026-05-01 23:50:36.697818] [ Using Seed :  2022  ]
[2026-05-01 23:50:36.750122] [ Using Seed :  123  ]
[2026-05-01 23:50:36.802195] [ Using Seed :  789  ]
    ·   7KRU_ATP_protein_protein_crop_fpocket_raw_p003.pdb: 5 jobs → 1 batches
[2026-05-01 23:50:36.859515] [ Using Seed :  1001  ]
[2026-05-01 23:50:36.909388] [ Using Seed :  42  ]
[2026-05-01 23:50:36.963207] [ Using Seed :  2022  ]
[2026-05-01 23:50:37.014320] [ Using Seed :  123  ]
[2026-05-01 23:50:37.068531] [ Using Seed :  789  ]
    ·   7KRU_ATP_protein_protein_crop_p2rank_raw_p001.pdb: 5 jobs → 1 batches
[2026-05-01 23:50:37.129127] [ Using Seed :  1001  ]
[2026-05-01 23:50:37.181095] [ Using Seed :  42  ]
[2026-05-01 23:50:37.237568] [ Using Seed :  2022  ]
[2026-05-01 23:50:37.288493] [ Using Seed :  123  ]
[2026-05-01 23:50:37.340457] [ Using Seed :  789  ]
    ·   7KRU_ATP_protein_protein_crop_p2rank_raw_p002.pdb: 5 jobs → 1 batches
[2026-05-01 23:50:37.397239] [ Using Seed :  1001  ]
[2026-05-01 23:50:37.453167] [ Using Seed :  42  ]
[2026-05-01 23:50:37.509353] [ Using Seed :  2022  ]
[2026-05-01 23:50:37.561983] [ Using Seed :  123  ]
[2026-05-01 23:50:37.615081] [ Using Seed :  789  ]
    ·   7KRU_ATP_protein_protein_crop_p2rank_raw_p003.pdb: 5 jobs → 1 batches
[2026-05-01 23:50:37.669174] [ Using Seed :  1001  ]
[2026-05-01 23:50:37.722046] [ Using Seed :  42  ]
[2026-05-01 23:50:37.778804] [ Using Seed :  2022  ]
[2026-05-01 23:50:37.830737] [ Using Seed :  123  ]
[2026-05-01 23:50:37.884979] [ Using Seed :  789  ]
    ·   7KRU_ATP_protein_protein.pdb: 5 jobs → 1 batches
[2026-05-01 23:50:37.939061] [ Using Seed :  1001  ]
[2026-05-01 23:50:37.994329] [ Using Seed :  42  ]
[2026-05-01 23:50:38.060047] [ Using Seed :  2022  ]
[2026-05-01 23:50:38.115662] [ Using Seed :  123  ]
[2026-05-01 23:50:38.183032] [ Using Seed :  789  ]

────────────────────────────────────────────────────────────────────────────────
  PHASE 2 COMPLETE in 4.7s (0.1 min)
  Total batches: 7
  Success: 35  |  Failed: 0
  Avg inference: 76.4ms per ligand
────────────────────────────────────────────────────────────────────────────────

──────────────────────────────────────────────────────────────────────
  PHASE 3: CPU POST-PROCESSING — 35 TOTAL JOBS
──────────────────────────────────────────────────────────────────────
    · Post-processing 35 new jobs (0 skipped)
    · UFF: pre-warmed protein cache for 1 unique protein(s)
    · Stage 1 (corrections+SDF): 0.6s — 0 done, 35 need UFF
    · Stage 2: UFF — 35 jobs, 26 process workers
    · UFF minimization: E 2517.4 → 2214.6 kcal/mol (ΔE=-302.8), not converged (code 1), 47 ligand + 414 protein atoms
    · UFF minimization: E 3269.7 → 2963.9 kcal/mol (ΔE=-305.8), not converged (code 1), 47 ligand + 559 protein atoms
    · UFF minimization: E 3419.7 → 3095.5 kcal/mol (ΔE=-324.1), not converged (code 1), 47 ligand + 596 protein atoms
 ⚠️  UFF FF construction failed on combined mol: Can't kekulize mol.  Unkekulized atoms: 27 28 29 30 31 32 33 34 35
    · UFF minimization: E 3308.0 → 3002.1 kcal/mol (ΔE=-305.9), not converged (code 1), 47 ligand + 570 protein atoms
 ⚠️  UFF FF construction failed on combined mol: Can't kekulize mol.  Unkekulized atoms: 19 20 21 22 23
    · UFF minimization: E 3417.0 → 3109.9 kcal/mol (ΔE=-307.1), not converged (code 1), 47 ligand + 603 protein atoms
    · UFF minimization: E 3896.4 → 3586.5 kcal/mol (ΔE=-309.9), not converged (code 1), 47 ligand + 718 protein atoms
    · UFF minimization: E 3635.4 → 3338.9 kcal/mol (ΔE=-296.5), not converged (code 1), 47 ligand + 625 protein atoms
 ⚠️  UFF FF construction failed on combined mol: Can't kekulize mol.  Unkekulized atoms: 27 28 29 30 31 32 33 34 35
 ⚠️  UFF FF construction failed on combined mol: Can't kekulize mol.  Unkekulized atoms: 135 136 137 138 139
    · UFF minimization: E 3565.4 → 3251.4 kcal/mol (ΔE=-314.0), not converged (code 1), 47 ligand + 658 protein atoms
 ⚠️  UFF FF construction failed on combined mol: Can't kekulize mol.  Unkekulized atoms: 15 16 17 18 19 20 21 22 23
    · UFF minimization: E 3127.3 → 2834.1 kcal/mol (ΔE=-293.2), not converged (code 1), 47 ligand + 565 protein atoms
    · UFF minimization: E 3630.8 → 3329.2 kcal/mol (ΔE=-301.7), not converged (code 1), 47 ligand + 622 protein atoms
    · UFF minimization: E 3299.9 → 2997.3 kcal/mol (ΔE=-302.6), not converged (code 1), 47 ligand + 603 protein atoms
    · UFF minimization: E 3375.3 → 3079.7 kcal/mol (ΔE=-295.5), not converged (code 1), 47 ligand + 590 protein atoms
    · UFF minimization: E 3266.8 → 2960.5 kcal/mol (ΔE=-306.3), not converged (code 1), 47 ligand + 567 protein atoms
    · UFF minimization: E 3715.0 → 3402.8 kcal/mol (ΔE=-312.3), not converged (code 1), 47 ligand + 689 protein atoms
    · UFF minimization: E 3358.5 → 3065.3 kcal/mol (ΔE=-293.1), not converged (code 1), 47 ligand + 620 protein atoms
    · UFF minimization: E 3666.7 → 3353.8 kcal/mol (ΔE=-312.9), not converged (code 1), 47 ligand + 681 protein atoms
    · UFF minimization: E 3425.2 → 3114.5 kcal/mol (ΔE=-310.7), not converged (code 1), 47 ligand + 592 protein atoms
    · UFF minimization: E 3723.9 → 3403.3 kcal/mol (ΔE=-320.6), not converged (code 1), 47 ligand + 696 protein atoms
    · UFF minimization: E 3649.5 → 3356.4 kcal/mol (ΔE=-293.1), not converged (code 1), 47 ligand + 681 protein atoms
    · UFF minimization: E 3774.1 → 3461.0 kcal/mol (ΔE=-313.1), not converged (code 1), 47 ligand + 652 protein atoms
    · UFF minimization: E 4061.5 → 3756.3 kcal/mol (ΔE=-305.3), not converged (code 1), 47 ligand + 707 protein atoms
 ⚠️  UFF FF construction failed on combined mol: Can't kekulize mol.  Unkekulized atoms: 62 63 64 65 66
 ⚠️  UFF FF construction failed on combined mol: Can't kekulize mol.  Unkekulized atoms: 62 63 64 65 66
    · UFF minimization: E 2117.7 → 1812.0 kcal/mol (ΔE=-305.7), not converged (code 1), 47 ligand + 369 protein atoms
    · UFF minimization: E 2477.3 → 2182.1 kcal/mol (ΔE=-295.2), not converged (code 1), 47 ligand + 441 protein atoms
    · UFF minimization: E 2608.7 → 2301.1 kcal/mol (ΔE=-307.6), not converged (code 1), 47 ligand + 440 protein atoms
    · UFF minimization: E 3086.0 → 2774.2 kcal/mol (ΔE=-311.7), not converged (code 1), 47 ligand + 532 protein atoms
    · UFF minimization: E 2919.3 → 2608.0 kcal/mol (ΔE=-311.3), not converged (code 1), 47 ligand + 505 protein atoms
    · UFF minimization: E 2857.1 → 2553.8 kcal/mol (ΔE=-303.3), not converged (code 1), 47 ligand + 490 protein atoms
    · UFF minimization: E 3489.5 → 3170.3 kcal/mol (ΔE=-319.2), not converged (code 1), 47 ligand + 604 protein atoms
    · Stage 2 (UFF): 44.7s (0.8 jobs/s)
    · Checkpoint: saved guided_results.json for 1 combos

────────────────────────────────────────────────────────────────────────────────
  PHASE 3 COMPLETE in 45.6s (0.8 min)
  Already done: 0
  Newly processed: 35
  Success: 35  |  Failed: 0
────────────────────────────────────────────────────────────────────────────────

──────────────────────────────────────────────────────────────────────
  STATISTICS: UNGUIDED POSES vs POCKETS
──────────────────────────────────────────────────────────────────────
  Unguided poses: 5
  In fpocket: 5  In p2rank: 1  In either: 5

──────────────────────────────────────────────────────────────────────
  TIMING REPORT
──────────────────────────────────────────────────────────────────────

  GLOBAL PHASE TIMING:
  Phase                     Time (s)     Time (min)        %
  ------------------------- ------------ ------------ ------
  Phase 1: CPU Prep         4.3          0.1            7.8%
  Phase 2: GPU Dock         4.7          0.1            8.6%
  Phase 3: CPU Post         45.6         0.8           83.6%
  TOTAL (phases)            54.5         0.9          100.0%
  Pipeline wall time        54.5         0.9         

  Timing saved to: /home/manndo/master_dev/Dockings/Benchmark_Equibind/7KRU_ATP/pipeline_timing.csv
  Summary saved to: /home/manndo/master_dev/Dockings/Benchmark_Equibind/7KRU_ATP/pipeline_summary.json

══════════════════════════════════════════════════════════════════════
  SIGNAL MONITOR SUMMARY
══════════════════════════════════════════════════════════════════════
  EquiBind calls:        0
  Successful returns:    0
  Failed returns:        0
  Poses inside pocket:   0
  Poses rejected/outside:0
    ├ guided rejected:   0
    └ unguided outside:  0
══════════════════════════════════════════════════════════════════════

✓ Pipeline complete.
  Poses (success): 35
  Poses (failed):  0
  Wall time:       54.5s
