/home/manndo/anaconda3/envs/equibind/lib/python3.8/site-packages/dgl/backend/pytorch/sparse.py:104: FutureWarning: `torch.cuda.amp.custom_fwd(args...)` is deprecated. Please use `torch.amp.custom_fwd(args..., device_type='cuda')` instead.
  @custom_fwd(cast_inputs=th.float16)
/home/manndo/anaconda3/envs/equibind/lib/python3.8/site-packages/dgl/backend/pytorch/sparse.py:128: FutureWarning: `torch.cuda.amp.custom_bwd(args...)` is deprecated. Please use `torch.amp.custom_bwd(args..., device_type='cuda')` instead.
  def backward(ctx, dZ):
/home/manndo/anaconda3/envs/equibind/lib/python3.8/site-packages/dgl/backend/pytorch/sparse.py:177: FutureWarning: `torch.cuda.amp.custom_fwd(args...)` is deprecated. Please use `torch.amp.custom_fwd(args..., device_type='cuda')` instead.
  @custom_fwd(cast_inputs=th.float16)
/home/manndo/anaconda3/envs/equibind/lib/python3.8/site-packages/dgl/backend/pytorch/sparse.py:207: FutureWarning: `torch.cuda.amp.custom_bwd(args...)` is deprecated. Please use `torch.amp.custom_bwd(args..., device_type='cuda')` instead.
  def backward(ctx, *dZ):
/home/manndo/anaconda3/envs/equibind/lib/python3.8/site-packages/dgl/backend/pytorch/sparse.py:287: FutureWarning: `torch.cuda.amp.custom_fwd(args...)` is deprecated. Please use `torch.amp.custom_fwd(args..., device_type='cuda')` instead.
  @custom_fwd(cast_inputs=th.float16)
/home/manndo/anaconda3/envs/equibind/lib/python3.8/site-packages/dgl/backend/pytorch/sparse.py:304: FutureWarning: `torch.cuda.amp.custom_bwd(args...)` is deprecated. Please use `torch.amp.custom_bwd(args..., device_type='cuda')` instead.
  def backward(ctx, dZ):
/home/manndo/anaconda3/envs/equibind/lib/python3.8/site-packages/dgl/backend/pytorch/sparse.py:352: FutureWarning: `torch.cuda.amp.custom_fwd(args...)` is deprecated. Please use `torch.amp.custom_fwd(args..., device_type='cuda')` instead.
  @custom_fwd(cast_inputs=th.float16)
/home/manndo/anaconda3/envs/equibind/lib/python3.8/site-packages/dgl/backend/pytorch/sparse.py:371: FutureWarning: `torch.cuda.amp.custom_bwd(args...)` is deprecated. Please use `torch.amp.custom_bwd(args..., device_type='cuda')` instead.
  def backward(ctx, *dZ):
/home/manndo/anaconda3/envs/equibind/lib/python3.8/site-packages/dgl/backend/pytorch/sparse.py:431: FutureWarning: `torch.cuda.amp.custom_fwd(args...)` is deprecated. Please use `torch.amp.custom_fwd(args..., device_type='cuda')` instead.
  @custom_fwd(cast_inputs=th.float16)
/home/manndo/anaconda3/envs/equibind/lib/python3.8/site-packages/dgl/backend/pytorch/sparse.py:467: FutureWarning: `torch.cuda.amp.custom_bwd(args...)` is deprecated. Please use `torch.amp.custom_bwd(args..., device_type='cuda')` instead.
  def backward(ctx, grad_out):
/home/manndo/anaconda3/envs/equibind/lib/python3.8/site-packages/dgl/backend/pytorch/sparse.py:498: FutureWarning: `torch.cuda.amp.custom_fwd(args...)` is deprecated. Please use `torch.amp.custom_fwd(args..., device_type='cuda')` instead.
  @custom_fwd(cast_inputs=th.float16)
/home/manndo/anaconda3/envs/equibind/lib/python3.8/site-packages/dgl/backend/pytorch/sparse.py:535: FutureWarning: `torch.cuda.amp.custom_bwd(args...)` is deprecated. Please use `torch.amp.custom_bwd(args..., device_type='cuda')` instead.
  def backward(ctx, *grad_out):
/home/manndo/anaconda3/envs/equibind/lib/python3.8/site-packages/dgl/backend/pytorch/sparse.py:566: FutureWarning: `torch.cuda.amp.custom_fwd(args...)` is deprecated. Please use `torch.amp.custom_fwd(args..., device_type='cuda')` instead.
  @custom_fwd(cast_inputs=th.float16)
/home/manndo/anaconda3/envs/equibind/lib/python3.8/site-packages/dgl/backend/pytorch/sparse.py:575: FutureWarning: `torch.cuda.amp.custom_bwd(args...)` is deprecated. Please use `torch.amp.custom_bwd(args..., device_type='cuda')` instead.
  def backward(ctx, dy):
/home/manndo/anaconda3/envs/equibind/lib/python3.8/site-packages/dgl/backend/pytorch/sparse.py:595: FutureWarning: `torch.cuda.amp.custom_fwd(args...)` is deprecated. Please use `torch.amp.custom_fwd(args..., device_type='cuda')` instead.
  @custom_fwd(cast_inputs=th.float16)
/home/manndo/anaconda3/envs/equibind/lib/python3.8/site-packages/dgl/backend/pytorch/sparse.py:603: FutureWarning: `torch.cuda.amp.custom_bwd(args...)` is deprecated. Please use `torch.amp.custom_bwd(args..., device_type='cuda')` instead.
  def backward(ctx, dy):
/home/manndo/anaconda3/envs/equibind/lib/python3.8/site-packages/dgl/backend/pytorch/sparse.py:666: FutureWarning: `torch.cuda.amp.custom_fwd(args...)` is deprecated. Please use `torch.amp.custom_fwd(args..., device_type='cuda')` instead.
  @custom_fwd(cast_inputs=th.float16)
/home/manndo/anaconda3/envs/equibind/lib/python3.8/site-packages/dgl/backend/pytorch/sparse.py:692: FutureWarning: `torch.cuda.amp.custom_fwd(args...)` is deprecated. Please use `torch.amp.custom_fwd(args..., device_type='cuda')` instead.
  @custom_fwd(cast_inputs=th.float16)
GPU detected: NVIDIA GeForce RTX 4070 Laptop GPU
================================================================================
EquiBind Batch Docking Configuration
================================================================================
  Workspace:        /home/manndo/master_dev
  Ligand dir:       /home/manndo/master_dev/Dockings/Benchmark_Equibind/_staging/7LZQ_YJV/ligands
  Receptor dir:     /home/manndo/master_dev/Dockings/Benchmark_Equibind/_staging/7LZQ_YJV/receptors
  EquiBind dir:     /home/manndo/tools/EquiBind
  EquiBind device:  cuda
  Output:           /home/manndo/master_dev/Dockings/Benchmark_Equibind/7LZQ_YJV
  Pocket results:   fpocket=/home/manndo/master_dev/pocket_results/fpocket_results
                    p2rank=/home/manndo/master_dev/pocket_results/p2rank_results
  Top pockets:      3 per method
  Poses/pocket:     5
  Unguided poses:   5
  Workers:          26
  GPU batch size:   8
  UFF minimize:     True
  Skip existing:    True
  Force pocket:     True
  Protein cropping: True (radius=8.0Å + buffer=3.0Å)
================================================================================
================================================================================
GPU SUPPORT VALIDATION
================================================================================

PyTorch CUDA Status:
  PyTorch version: 2.4.1+cu124
  CUDA available: True
  CUDA version: 12.4
  Number of GPUs: 1
  GPU Name: NVIDIA GeForce RTX 4070 Laptop GPU
  GPU Memory: 8.59 GB
  ✓ GPU tensor operations working

NVIDIA GPU Information (nvidia-smi):
Fri May  1 23:59:15 2026       
+-----------------------------------------------------------------------------------------+
| NVIDIA-SMI 580.105.07             Driver Version: 581.80         CUDA Version: 13.0     |
+-----------------------------------------+------------------------+----------------------+
| GPU  Name                 Persistence-M | Bus-Id          Disp.A | Volatile Uncorr. ECC |
| Fan  Temp   Perf          Pwr:Usage/Cap |           Memory-Usage | GPU-Util  Compute M. |
|                                         |                        |               MIG M. |
|=========================================+========================+======================|
|   0  NVIDIA GeForce RTX 4070 ...    On  |   00000000:01:00.0 Off |                  N/A |
| N/A   53C    P0             14W /  103W |     161MiB /   8188MiB |      5%      Default |
|                                         |                        |                  N/A |
+-----------------------------------------+------------------------+----------------------+

+-----------------------------------------------------------------------------------------+
| Processes:                                                                              |
|  GPU   GI   CI              PID   Type   Process name                        GPU Memory |
|        ID   ID                                                               Usage      |
|=========================================================================================|
|    0   N/A  N/A         1087031      C   /python3.8                            N/A      |
+-----------------------------------------------------------------------------------------+


================================================================================
✓ GPU ACCELERATION AVAILABLE
  Recommended setting: equibind_device = 'cuda'
  Current setting: equibind_device = 'cuda'
================================================================================
================================================================================
EquiBind Batch Docking Configuration
================================================================================
  Workspace:        /home/manndo/master_dev
  Ligand dir:       /home/manndo/master_dev/Dockings/Benchmark_Equibind/_staging/7LZQ_YJV/ligands
  Receptor dir:     /home/manndo/master_dev/Dockings/Benchmark_Equibind/_staging/7LZQ_YJV/receptors
  EquiBind dir:     /home/manndo/tools/EquiBind
  EquiBind device:  cuda
  Output:           /home/manndo/master_dev/Dockings/Benchmark_Equibind/7LZQ_YJV
  Pocket results:   fpocket=/home/manndo/master_dev/pocket_results/fpocket_results
                    p2rank=/home/manndo/master_dev/pocket_results/p2rank_results
  Top pockets:      3 per method
  Poses/pocket:     5
  Unguided poses:   5
  Workers:          26
  GPU batch size:   8
  UFF minimize:     True
  Skip existing:    True
  Force pocket:     True
  Protein cropping: True (radius=8.0Å + buffer=3.0Å)
================================================================================
/home/manndo/master_dev/Scripts/Docking/equibind_pipeline/equibind_model.py:84: FutureWarning: You are using `torch.load` with `weights_only=False` (the current default value), which uses the default pickle module implicitly. It is possible to construct malicious pickle data which will execute arbitrary code during unpickling (See https://github.com/pytorch/pytorch/blob/main/SECURITY.md#untrusted-models for more details). In a future release, the default value for `weights_only` will be flipped to `True`. This limits the functions that could be executed during unpickling. Arbitrary objects will no longer be allowed to be loaded via this mode unless they are explicitly allowlisted by the user via `torch.serialization.add_safe_globals`. We recommend you start setting `weights_only=True` for any use case where you don't have full control of the loaded file. Please open an issue on GitHub for any issues related to this experimental feature.
  checkpoint = torch.load(str(ckpt_path), map_location=dev)
[2026-05-01 23:59:16.031413] [ Using Seed :  1  ]
    · EquiBind model loaded from /home/manndo/tools/EquiBind/runs/flexible_self_docking/best_checkpoint.pt
    ·   Device: cuda:0  |  Load time: 0.17s

──────────────────────────────────────────────────────────────────────
  GLOBALLY DECOUPLED 3-PHASE EQUIBIND PIPELINE
──────────────────────────────────────────────────────────────────────
  EquiBind device: cuda:0
  GPU batch size: 8
  Proteins: 1
  Ligands: 1
  Total combos: 1  (≈ 35 poses/combo)
  Workers: 26

    · 7LZQ_YJV_protein: 3 fpocket + 1 p2rank pockets

Pre-computing ligand properties...
  1 ligands analysed
Pre-computing protein properties...
  1 proteins analysed
Docking log: /home/manndo/master_dev/Dockings/Benchmark_Equibind/7LZQ_YJV/docking_log.csv (0 existing entries)

──────────────────────────────────────────────────────────────────────
  PHASE 1: CPU PREPARATION — ALL COMBOS
──────────────────────────────────────────────────────────────────────
    · Building receptor graph for 7LZQ_YJV_protein_protein.pdb
    · Preparing cropped proteins for 4 pockets (4 workers)
    · Cropped protein for fpocket_raw_p003: 24 residues, 397 atoms (radius=11.0Å)    · Cropped protein for fpocket_raw_p001: 37 residues, 599 atoms (radius=11.0Å)

    · Cropped protein for p2rank_raw_p001: 37 residues, 592 atoms (radius=11.0Å)
    · Cropped protein for fpocket_raw_p002: 37 residues, 614 atoms (radius=11.0Å)
    · Generating conformers for 1 ligands (26 workers)
    · Ligand 7LZQ_YJV_ligand_start_conf: 10 conformers
    · Building DockJobs for 1 combos (26 workers)

────────────────────────────────────────────────────────────────────────────────
  PHASE 1 COMPLETE in 0.9s (0.0 min)
  Jobs prepared:    25
  Cached results:   0
  Unique proteins:  5
  Unique ligands:   1
  Receptor graphs:  5
────────────────────────────────────────────────────────────────────────────────

──────────────────────────────────────────────────────────────────────
  PHASE 2: GPU INFERENCE — 25 TOTAL JOBS
──────────────────────────────────────────────────────────────────────
    ·   7LZQ_YJV_protein_protein_crop_fpocket_raw_p001.pdb: 5 jobs → 1 batches
[2026-05-01 23:59:17.657899] [ Using Seed :  123  ]
/home/manndo/anaconda3/envs/equibind/lib/python3.8/site-packages/dgl/backend/pytorch/tensor.py:352: UserWarning: TypedStorage is deprecated. It will be removed in the future and UntypedStorage will be the only storage class. This should only matter to you if you are using storages directly.  To access UntypedStorage directly, use tensor.untyped_storage() instead of tensor.storage()
  assert input.numel() == input.storage().size(), "Cannot convert view " \
[2026-05-01 23:59:18.381303] [ Using Seed :  42  ]
[2026-05-01 23:59:18.433940] [ Using Seed :  3141  ]
[2026-05-01 23:59:18.485538] [ Using Seed :  2022  ]
[2026-05-01 23:59:18.545894] [ Using Seed :  789  ]
    ·   7LZQ_YJV_protein_protein_crop_fpocket_raw_p002.pdb: 5 jobs → 1 batches
[2026-05-01 23:59:18.603510] [ Using Seed :  123  ]
[2026-05-01 23:59:18.661367] [ Using Seed :  42  ]
[2026-05-01 23:59:18.717259] [ Using Seed :  3141  ]
[2026-05-01 23:59:18.769254] [ Using Seed :  2022  ]
[2026-05-01 23:59:18.822488] [ Using Seed :  789  ]
    ·   7LZQ_YJV_protein_protein_crop_fpocket_raw_p003.pdb: 5 jobs → 1 batches
[2026-05-01 23:59:18.882782] [ Using Seed :  123  ]
[2026-05-01 23:59:18.935395] [ Using Seed :  42  ]
[2026-05-01 23:59:18.993928] [ Using Seed :  3141  ]
[2026-05-01 23:59:19.049601] [ Using Seed :  2022  ]
[2026-05-01 23:59:19.102833] [ Using Seed :  789  ]
    ·   7LZQ_YJV_protein_protein_crop_p2rank_raw_p001.pdb: 5 jobs → 1 batches
[2026-05-01 23:59:19.162612] [ Using Seed :  123  ]
[2026-05-01 23:59:19.219708] [ Using Seed :  42  ]
[2026-05-01 23:59:19.277717] [ Using Seed :  3141  ]
[2026-05-01 23:59:19.331657] [ Using Seed :  2022  ]
[2026-05-01 23:59:19.385107] [ Using Seed :  789  ]
    ·   7LZQ_YJV_protein_protein.pdb: 5 jobs → 1 batches
[2026-05-01 23:59:19.444993] [ Using Seed :  123  ]
[2026-05-01 23:59:19.501783] [ Using Seed :  42  ]
[2026-05-01 23:59:19.553082] [ Using Seed :  3141  ]
[2026-05-01 23:59:19.604756] [ Using Seed :  2022  ]
[2026-05-01 23:59:19.659338] [ Using Seed :  789  ]

────────────────────────────────────────────────────────────────────────────────
  PHASE 2 COMPLETE in 2.8s (0.0 min)
  Total batches: 5
  Success: 25  |  Failed: 0
  Avg inference: 82.1ms per ligand
────────────────────────────────────────────────────────────────────────────────

──────────────────────────────────────────────────────────────────────
  PHASE 3: CPU POST-PROCESSING — 25 TOTAL JOBS
──────────────────────────────────────────────────────────────────────
    · Post-processing 25 new jobs (0 skipped)
    · UFF: pre-warmed protein cache for 1 unique protein(s)
    · Stage 1 (corrections+SDF): 0.2s — 0 done, 25 need UFF
    · Stage 2: UFF — 25 jobs, 25 process workers
    · UFF minimization: E 764.6 → 711.2 kcal/mol (ΔE=-53.4), converged, 35 ligand + 112 protein atoms
    · UFF minimization: E 1021.6 → 968.1 kcal/mol (ΔE=-53.5), converged, 35 ligand + 159 protein atoms
    · UFF minimization: E 1050.9 → 997.8 kcal/mol (ΔE=-53.1), converged, 35 ligand + 167 protein atoms
    · UFF minimization: E 1113.3 → 1059.3 kcal/mol (ΔE=-54.0), converged, 35 ligand + 178 protein atoms
    · UFF minimization: E 1390.3 → 1338.2 kcal/mol (ΔE=-52.0), converged, 35 ligand + 214 protein atoms
    · UFF minimization: E 2293.9 → 2241.7 kcal/mol (ΔE=-52.2), converged, 35 ligand + 424 protein atoms
    · UFF minimization: E 2587.1 → 2534.8 kcal/mol (ΔE=-52.4), converged, 35 ligand + 452 protein atoms
    · UFF minimization: E 2431.7 → 2379.3 kcal/mol (ΔE=-52.4), converged, 35 ligand + 420 protein atoms
    · UFF minimization: E 2612.7 → 2549.5 kcal/mol (ΔE=-63.2), converged, 35 ligand + 466 protein atoms
    · UFF minimization: E 2586.3 → 2534.6 kcal/mol (ΔE=-51.7), converged, 35 ligand + 493 protein atoms
    · UFF minimization: E 2663.7 → 2601.3 kcal/mol (ΔE=-62.4), converged, 35 ligand + 476 protein atoms
    · UFF minimization: E 2754.5 → 2696.6 kcal/mol (ΔE=-57.8), converged, 35 ligand + 499 protein atoms
    · UFF minimization: E 2819.5 → 2757.0 kcal/mol (ΔE=-62.5), converged, 35 ligand + 512 protein atoms
    · UFF minimization: E 3028.9 → 2970.1 kcal/mol (ΔE=-58.8), converged, 35 ligand + 561 protein atoms
    · UFF minimization: E 3232.4 → 3174.1 kcal/mol (ΔE=-58.3), converged, 35 ligand + 648 protein atoms
    · UFF minimization: E 2654.4 → 2602.2 kcal/mol (ΔE=-52.2), converged, 35 ligand + 465 protein atoms
    · UFF minimization: E 3364.4 → 3308.0 kcal/mol (ΔE=-56.4), converged, 35 ligand + 644 protein atoms
    · UFF minimization: E 3004.4 → 2938.0 kcal/mol (ΔE=-66.4), converged, 35 ligand + 602 protein atoms
    · UFF minimization: E 2783.6 → 2712.3 kcal/mol (ΔE=-71.3), converged, 35 ligand + 563 protein atoms
    · UFF minimization: E 3079.8 → 3014.4 kcal/mol (ΔE=-65.4), converged, 35 ligand + 620 protein atoms
    · UFF minimization: E 3015.7 → 2949.2 kcal/mol (ΔE=-66.5), converged, 35 ligand + 598 protein atoms
    · UFF minimization: E 3037.7 → 2970.3 kcal/mol (ΔE=-67.3), converged, 35 ligand + 607 protein atoms
    · UFF minimization: E 3370.0 → 3306.7 kcal/mol (ΔE=-63.3), converged, 35 ligand + 665 protein atoms
    · UFF minimization: E 3303.4 → 3234.1 kcal/mol (ΔE=-69.2), converged, 35 ligand + 637 protein atoms
    · UFF minimization: E 3208.2 → 3140.6 kcal/mol (ΔE=-67.6), converged, 35 ligand + 630 protein atoms
    · Stage 2 (UFF): 3.8s (6.5 jobs/s)
    · Checkpoint: saved guided_results.json for 1 combos

────────────────────────────────────────────────────────────────────────────────
  PHASE 3 COMPLETE in 4.1s (0.1 min)
  Already done: 0
  Newly processed: 25
  Success: 25  |  Failed: 0
────────────────────────────────────────────────────────────────────────────────

──────────────────────────────────────────────────────────────────────
  STATISTICS: UNGUIDED POSES vs POCKETS
──────────────────────────────────────────────────────────────────────
  Unguided poses: 5
  In fpocket: 2  In p2rank: 1  In either: 3

──────────────────────────────────────────────────────────────────────
  TIMING REPORT
──────────────────────────────────────────────────────────────────────

  GLOBAL PHASE TIMING:
  Phase                     Time (s)     Time (min)        %
  ------------------------- ------------ ------------ ------
  Phase 1: CPU Prep         0.9          0.0           11.4%
  Phase 2: GPU Dock         2.8          0.0           35.9%
  Phase 3: CPU Post         4.1          0.1           52.7%
  TOTAL (phases)            7.7          0.1          100.0%
  Pipeline wall time        7.7          0.1         

  Timing saved to: /home/manndo/master_dev/Dockings/Benchmark_Equibind/7LZQ_YJV/pipeline_timing.csv
  Summary saved to: /home/manndo/master_dev/Dockings/Benchmark_Equibind/7LZQ_YJV/pipeline_summary.json

══════════════════════════════════════════════════════════════════════
  SIGNAL MONITOR SUMMARY
══════════════════════════════════════════════════════════════════════
  EquiBind calls:        0
  Successful returns:    0
  Failed returns:        0
  Poses inside pocket:   0
  Poses rejected/outside:0
    ├ guided rejected:   0
    └ unguided outside:  0
══════════════════════════════════════════════════════════════════════

✓ Pipeline complete.
  Poses (success): 25
  Poses (failed):  0
  Wall time:       7.7s
