/home/manndo/anaconda3/envs/equibind/lib/python3.8/site-packages/dgl/backend/pytorch/sparse.py:104: FutureWarning: `torch.cuda.amp.custom_fwd(args...)` is deprecated. Please use `torch.amp.custom_fwd(args..., device_type='cuda')` instead.
  @custom_fwd(cast_inputs=th.float16)
/home/manndo/anaconda3/envs/equibind/lib/python3.8/site-packages/dgl/backend/pytorch/sparse.py:128: FutureWarning: `torch.cuda.amp.custom_bwd(args...)` is deprecated. Please use `torch.amp.custom_bwd(args..., device_type='cuda')` instead.
  def backward(ctx, dZ):
/home/manndo/anaconda3/envs/equibind/lib/python3.8/site-packages/dgl/backend/pytorch/sparse.py:177: FutureWarning: `torch.cuda.amp.custom_fwd(args...)` is deprecated. Please use `torch.amp.custom_fwd(args..., device_type='cuda')` instead.
  @custom_fwd(cast_inputs=th.float16)
/home/manndo/anaconda3/envs/equibind/lib/python3.8/site-packages/dgl/backend/pytorch/sparse.py:207: FutureWarning: `torch.cuda.amp.custom_bwd(args...)` is deprecated. Please use `torch.amp.custom_bwd(args..., device_type='cuda')` instead.
  def backward(ctx, *dZ):
/home/manndo/anaconda3/envs/equibind/lib/python3.8/site-packages/dgl/backend/pytorch/sparse.py:287: FutureWarning: `torch.cuda.amp.custom_fwd(args...)` is deprecated. Please use `torch.amp.custom_fwd(args..., device_type='cuda')` instead.
  @custom_fwd(cast_inputs=th.float16)
/home/manndo/anaconda3/envs/equibind/lib/python3.8/site-packages/dgl/backend/pytorch/sparse.py:304: FutureWarning: `torch.cuda.amp.custom_bwd(args...)` is deprecated. Please use `torch.amp.custom_bwd(args..., device_type='cuda')` instead.
  def backward(ctx, dZ):
/home/manndo/anaconda3/envs/equibind/lib/python3.8/site-packages/dgl/backend/pytorch/sparse.py:352: FutureWarning: `torch.cuda.amp.custom_fwd(args...)` is deprecated. Please use `torch.amp.custom_fwd(args..., device_type='cuda')` instead.
  @custom_fwd(cast_inputs=th.float16)
/home/manndo/anaconda3/envs/equibind/lib/python3.8/site-packages/dgl/backend/pytorch/sparse.py:371: FutureWarning: `torch.cuda.amp.custom_bwd(args...)` is deprecated. Please use `torch.amp.custom_bwd(args..., device_type='cuda')` instead.
  def backward(ctx, *dZ):
/home/manndo/anaconda3/envs/equibind/lib/python3.8/site-packages/dgl/backend/pytorch/sparse.py:431: FutureWarning: `torch.cuda.amp.custom_fwd(args...)` is deprecated. Please use `torch.amp.custom_fwd(args..., device_type='cuda')` instead.
  @custom_fwd(cast_inputs=th.float16)
/home/manndo/anaconda3/envs/equibind/lib/python3.8/site-packages/dgl/backend/pytorch/sparse.py:467: FutureWarning: `torch.cuda.amp.custom_bwd(args...)` is deprecated. Please use `torch.amp.custom_bwd(args..., device_type='cuda')` instead.
  def backward(ctx, grad_out):
/home/manndo/anaconda3/envs/equibind/lib/python3.8/site-packages/dgl/backend/pytorch/sparse.py:498: FutureWarning: `torch.cuda.amp.custom_fwd(args...)` is deprecated. Please use `torch.amp.custom_fwd(args..., device_type='cuda')` instead.
  @custom_fwd(cast_inputs=th.float16)
/home/manndo/anaconda3/envs/equibind/lib/python3.8/site-packages/dgl/backend/pytorch/sparse.py:535: FutureWarning: `torch.cuda.amp.custom_bwd(args...)` is deprecated. Please use `torch.amp.custom_bwd(args..., device_type='cuda')` instead.
  def backward(ctx, *grad_out):
/home/manndo/anaconda3/envs/equibind/lib/python3.8/site-packages/dgl/backend/pytorch/sparse.py:566: FutureWarning: `torch.cuda.amp.custom_fwd(args...)` is deprecated. Please use `torch.amp.custom_fwd(args..., device_type='cuda')` instead.
  @custom_fwd(cast_inputs=th.float16)
/home/manndo/anaconda3/envs/equibind/lib/python3.8/site-packages/dgl/backend/pytorch/sparse.py:575: FutureWarning: `torch.cuda.amp.custom_bwd(args...)` is deprecated. Please use `torch.amp.custom_bwd(args..., device_type='cuda')` instead.
  def backward(ctx, dy):
/home/manndo/anaconda3/envs/equibind/lib/python3.8/site-packages/dgl/backend/pytorch/sparse.py:595: FutureWarning: `torch.cuda.amp.custom_fwd(args...)` is deprecated. Please use `torch.amp.custom_fwd(args..., device_type='cuda')` instead.
  @custom_fwd(cast_inputs=th.float16)
/home/manndo/anaconda3/envs/equibind/lib/python3.8/site-packages/dgl/backend/pytorch/sparse.py:603: FutureWarning: `torch.cuda.amp.custom_bwd(args...)` is deprecated. Please use `torch.amp.custom_bwd(args..., device_type='cuda')` instead.
  def backward(ctx, dy):
/home/manndo/anaconda3/envs/equibind/lib/python3.8/site-packages/dgl/backend/pytorch/sparse.py:666: FutureWarning: `torch.cuda.amp.custom_fwd(args...)` is deprecated. Please use `torch.amp.custom_fwd(args..., device_type='cuda')` instead.
  @custom_fwd(cast_inputs=th.float16)
/home/manndo/anaconda3/envs/equibind/lib/python3.8/site-packages/dgl/backend/pytorch/sparse.py:692: FutureWarning: `torch.cuda.amp.custom_fwd(args...)` is deprecated. Please use `torch.amp.custom_fwd(args..., device_type='cuda')` instead.
  @custom_fwd(cast_inputs=th.float16)
GPU detected: NVIDIA GeForce RTX 4070 Laptop GPU
================================================================================
EquiBind Batch Docking Configuration
================================================================================
  Workspace:        /home/manndo/master_dev
  Ligand dir:       /home/manndo/master_dev/Dockings/Benchmark_Equibind/_staging/7MAE_XUS/ligands
  Receptor dir:     /home/manndo/master_dev/Dockings/Benchmark_Equibind/_staging/7MAE_XUS/receptors
  EquiBind dir:     /home/manndo/tools/EquiBind
  EquiBind device:  cuda
  Output:           /home/manndo/master_dev/Dockings/Benchmark_Equibind/7MAE_XUS
  Pocket results:   fpocket=/home/manndo/master_dev/pocket_results/fpocket_results
                    p2rank=/home/manndo/master_dev/pocket_results/p2rank_results
  Top pockets:      3 per method
  Poses/pocket:     5
  Unguided poses:   5
  Workers:          26
  GPU batch size:   8
  UFF minimize:     True
  Skip existing:    True
  Force pocket:     True
  Protein cropping: True (radius=8.0Å + buffer=3.0Å)
================================================================================
================================================================================
GPU SUPPORT VALIDATION
================================================================================

PyTorch CUDA Status:
  PyTorch version: 2.4.1+cu124
  CUDA available: True
  CUDA version: 12.4
  Number of GPUs: 1
  GPU Name: NVIDIA GeForce RTX 4070 Laptop GPU
  GPU Memory: 8.59 GB
  ✓ GPU tensor operations working

NVIDIA GPU Information (nvidia-smi):
Sat May  2 09:14:08 2026       
+-----------------------------------------------------------------------------------------+
| NVIDIA-SMI 580.105.07             Driver Version: 581.80         CUDA Version: 13.0     |
+-----------------------------------------+------------------------+----------------------+
| GPU  Name                 Persistence-M | Bus-Id          Disp.A | Volatile Uncorr. ECC |
| Fan  Temp   Perf          Pwr:Usage/Cap |           Memory-Usage | GPU-Util  Compute M. |
|                                         |                        |               MIG M. |
|=========================================+========================+======================|
|   0  NVIDIA GeForce RTX 4070 ...    On  |   00000000:01:00.0 Off |                  N/A |
| N/A   55C    P0             16W /  102W |     664MiB /   8188MiB |     11%      Default |
|                                         |                        |                  N/A |
+-----------------------------------------+------------------------+----------------------+

+-----------------------------------------------------------------------------------------+
| Processes:                                                                              |
|  GPU   GI   CI              PID   Type   Process name                        GPU Memory |
|        ID   ID                                                               Usage      |
|=========================================================================================|
|    0   N/A  N/A           24683      C   /python3.8                            N/A      |
|    0   N/A  N/A          112374      C   /python3.8                            N/A      |
+-----------------------------------------------------------------------------------------+


================================================================================
✓ GPU ACCELERATION AVAILABLE
  Recommended setting: equibind_device = 'cuda'
  Current setting: equibind_device = 'cuda'
================================================================================
================================================================================
EquiBind Batch Docking Configuration
================================================================================
  Workspace:        /home/manndo/master_dev
  Ligand dir:       /home/manndo/master_dev/Dockings/Benchmark_Equibind/_staging/7MAE_XUS/ligands
  Receptor dir:     /home/manndo/master_dev/Dockings/Benchmark_Equibind/_staging/7MAE_XUS/receptors
  EquiBind dir:     /home/manndo/tools/EquiBind
  EquiBind device:  cuda
  Output:           /home/manndo/master_dev/Dockings/Benchmark_Equibind/7MAE_XUS
  Pocket results:   fpocket=/home/manndo/master_dev/pocket_results/fpocket_results
                    p2rank=/home/manndo/master_dev/pocket_results/p2rank_results
  Top pockets:      3 per method
  Poses/pocket:     5
  Unguided poses:   5
  Workers:          26
  GPU batch size:   8
  UFF minimize:     True
  Skip existing:    True
  Force pocket:     True
  Protein cropping: True (radius=8.0Å + buffer=3.0Å)
================================================================================
/home/manndo/master_dev/Scripts/Docking/equibind_pipeline/equibind_model.py:84: FutureWarning: You are using `torch.load` with `weights_only=False` (the current default value), which uses the default pickle module implicitly. It is possible to construct malicious pickle data which will execute arbitrary code during unpickling (See https://github.com/pytorch/pytorch/blob/main/SECURITY.md#untrusted-models for more details). In a future release, the default value for `weights_only` will be flipped to `True`. This limits the functions that could be executed during unpickling. Arbitrary objects will no longer be allowed to be loaded via this mode unless they are explicitly allowlisted by the user via `torch.serialization.add_safe_globals`. We recommend you start setting `weights_only=True` for any use case where you don't have full control of the loaded file. Please open an issue on GitHub for any issues related to this experimental feature.
  checkpoint = torch.load(str(ckpt_path), map_location=dev)
[2026-05-02 09:14:08.316310] [ Using Seed :  1  ]
    · EquiBind model loaded from /home/manndo/tools/EquiBind/runs/flexible_self_docking/best_checkpoint.pt
    ·   Device: cuda:0  |  Load time: 0.18s

──────────────────────────────────────────────────────────────────────
  GLOBALLY DECOUPLED 3-PHASE EQUIBIND PIPELINE
──────────────────────────────────────────────────────────────────────
  EquiBind device: cuda:0
  GPU batch size: 8
  Proteins: 1
  Ligands: 1
  Total combos: 1  (≈ 35 poses/combo)
  Workers: 26

    · 7MAE_XUS_protein: 3 fpocket + 1 p2rank pockets

Pre-computing ligand properties...
  1 ligands analysed
Pre-computing protein properties...
  1 proteins analysed
Docking log: /home/manndo/master_dev/Dockings/Benchmark_Equibind/7MAE_XUS/docking_log.csv (0 existing entries)

──────────────────────────────────────────────────────────────────────
  PHASE 1: CPU PREPARATION — ALL COMBOS
──────────────────────────────────────────────────────────────────────
    · Building receptor graph for 7MAE_XUS_protein_protein.pdb
    · Preparing cropped proteins for 4 pockets (4 workers)
    · Cropped protein for fpocket_raw_p002: 30 residues, 454 atoms (radius=11.0Å)
    · Cropped protein for fpocket_raw_p001: 48 residues, 753 atoms (radius=11.0Å)
    · Cropped protein for fpocket_raw_p003: 33 residues, 546 atoms (radius=11.0Å)
    · Cropped protein for p2rank_raw_p001: 56 residues, 805 atoms (radius=11.0Å)
    · Generating conformers for 1 ligands (26 workers)
    · Ligand 7MAE_XUS_ligand_start_conf: 10 conformers
    · Building DockJobs for 1 combos (26 workers)

────────────────────────────────────────────────────────────────────────────────
  PHASE 1 COMPLETE in 1.6s (0.0 min)
  Jobs prepared:    25
  Cached results:   0
  Unique proteins:  5
  Unique ligands:   1
  Receptor graphs:  5
────────────────────────────────────────────────────────────────────────────────

──────────────────────────────────────────────────────────────────────
  PHASE 2: GPU INFERENCE — 25 TOTAL JOBS
──────────────────────────────────────────────────────────────────────
    ·   7MAE_XUS_protein_protein_crop_fpocket_raw_p001.pdb: 5 jobs → 1 batches
[2026-05-02 09:14:10.464280] [ Using Seed :  3141  ]
/home/manndo/anaconda3/envs/equibind/lib/python3.8/site-packages/dgl/backend/pytorch/tensor.py:352: UserWarning: TypedStorage is deprecated. It will be removed in the future and UntypedStorage will be the only storage class. This should only matter to you if you are using storages directly.  To access UntypedStorage directly, use tensor.untyped_storage() instead of tensor.storage()
  assert input.numel() == input.storage().size(), "Cannot convert view " \
[2026-05-02 09:14:11.192622] [ Using Seed :  42  ]
[2026-05-02 09:14:11.249796] [ Using Seed :  2022  ]
[2026-05-02 09:14:11.359147] [ Using Seed :  456  ]
[2026-05-02 09:14:11.416639] [ Using Seed :  9999  ]
    ·   7MAE_XUS_protein_protein_crop_fpocket_raw_p002.pdb: 5 jobs → 1 batches
[2026-05-02 09:14:11.480109] [ Using Seed :  3141  ]
[2026-05-02 09:14:11.538006] [ Using Seed :  42  ]
[2026-05-02 09:14:11.597888] [ Using Seed :  2022  ]
[2026-05-02 09:14:11.658181] [ Using Seed :  456  ]
[2026-05-02 09:14:11.717516] [ Using Seed :  9999  ]
    ·   7MAE_XUS_protein_protein_crop_fpocket_raw_p003.pdb: 5 jobs → 1 batches
[2026-05-02 09:14:11.775894] [ Using Seed :  3141  ]
[2026-05-02 09:14:11.843536] [ Using Seed :  42  ]
[2026-05-02 09:14:11.896884] [ Using Seed :  2022  ]
[2026-05-02 09:14:11.949174] [ Using Seed :  456  ]
[2026-05-02 09:14:12.006918] [ Using Seed :  9999  ]
    ·   7MAE_XUS_protein_protein_crop_p2rank_raw_p001.pdb: 5 jobs → 1 batches
[2026-05-02 09:14:12.067728] [ Using Seed :  3141  ]
[2026-05-02 09:14:12.125742] [ Using Seed :  42  ]
[2026-05-02 09:14:12.180598] [ Using Seed :  2022  ]
[2026-05-02 09:14:12.242680] [ Using Seed :  456  ]
[2026-05-02 09:14:12.300789] [ Using Seed :  9999  ]
    ·   7MAE_XUS_protein_protein.pdb: 5 jobs → 1 batches
[2026-05-02 09:14:12.399496] [ Using Seed :  3141  ]
[2026-05-02 09:14:12.460535] [ Using Seed :  42  ]
[2026-05-02 09:14:12.518293] [ Using Seed :  2022  ]
[2026-05-02 09:14:12.572031] [ Using Seed :  456  ]
[2026-05-02 09:14:12.635158] [ Using Seed :  9999  ]

────────────────────────────────────────────────────────────────────────────────
  PHASE 2 COMPLETE in 2.8s (0.0 min)
  Total batches: 5
  Success: 25  |  Failed: 0
  Avg inference: 89.1ms per ligand
────────────────────────────────────────────────────────────────────────────────

──────────────────────────────────────────────────────────────────────
  PHASE 3: CPU POST-PROCESSING — 25 TOTAL JOBS
──────────────────────────────────────────────────────────────────────
    · Post-processing 25 new jobs (0 skipped)
    · UFF: pre-warmed protein cache for 1 unique protein(s)
    · Stage 1 (corrections+SDF): 1.1s — 0 done, 25 need UFF
    · Stage 2: UFF — 25 jobs, 25 process workers
 ⚠️  UFF FF construction failed on combined mol: Can't kekulize mol.  Unkekulized atoms: 5 6 7 8 9
 ⚠️  UFF FF construction failed on combined mol: Can't kekulize mol.  Unkekulized atoms: 5 6 7 8 9
 ⚠️  UFF FF construction failed on combined mol: Can't kekulize mol.  Unkekulized atoms: 12 13 14 15 16
 ⚠️  UFF FF construction failed on combined mol: Can't kekulize mol.  Unkekulized atoms: 5 6 7 8 9
 ⚠️  UFF FF construction failed on combined mol: Can't kekulize mol.  Unkekulized atoms: 5 6 7 8 9
 ⚠️  UFF FF construction failed on combined mol: Can't kekulize mol.  Unkekulized atoms: 5 6 7 8 9
    · UFF minimization: E 3608.6 → 3482.2 kcal/mol (ΔE=-126.3), not converged (code 1), 99 ligand + 679 protein atoms    · UFF minimization: E 3655.3 → 3529.8 kcal/mol (ΔE=-125.5), not converged (code 1), 99 ligand + 661 protein atoms

    · UFF minimization: E 3899.0 → 3771.6 kcal/mol (ΔE=-127.3), not converged (code 1), 99 ligand + 702 protein atoms
    · UFF minimization: E 137011774828615.3 → 4156.7 kcal/mol (ΔE=-137011774824458.6), not converged (code 1), 99 ligand + 771 protein atoms
    · UFF minimization: E 4165.8 → 4032.5 kcal/mol (ΔE=-133.3), not converged (code 1), 99 ligand + 763 protein atoms
    · UFF minimization: E 4329.6 → 4198.5 kcal/mol (ΔE=-131.1), not converged (code 1), 99 ligand + 780 protein atoms
    · UFF minimization: E 162968588393.6 → 4394.5 kcal/mol (ΔE=-162968583999.1), not converged (code 1), 99 ligand + 838 protein atoms
    · UFF minimization: E 4577.8 → 4442.3 kcal/mol (ΔE=-135.5), not converged (code 1), 99 ligand + 848 protein atoms
    · UFF minimization: E 4401.9 → 4265.2 kcal/mol (ΔE=-136.8), not converged (code 1), 99 ligand + 842 protein atoms
    · UFF minimization: E 4703.3 → 4575.8 kcal/mol (ΔE=-127.5), not converged (code 1), 99 ligand + 874 protein atoms
    · UFF minimization: E 4652.6 → 4522.4 kcal/mol (ΔE=-130.2), not converged (code 1), 99 ligand + 884 protein atoms
    · UFF minimization: E 4795.7 → 4661.0 kcal/mol (ΔE=-134.8), not converged (code 1), 99 ligand + 891 protein atoms
    · UFF minimization: E 4943.6 → 4813.5 kcal/mol (ΔE=-130.1), not converged (code 1), 99 ligand + 920 protein atoms
    · UFF minimization: E 4906.5 → 4773.6 kcal/mol (ΔE=-132.9), not converged (code 1), 99 ligand + 924 protein atoms
    · UFF minimization: E 4866.6 → 4732.0 kcal/mol (ΔE=-134.7), not converged (code 1), 99 ligand + 947 protein atoms
    · UFF minimization: E 5005.4 → 4875.6 kcal/mol (ΔE=-129.7), not converged (code 1), 99 ligand + 953 protein atoms
    · UFF minimization: E 233412658660.2 → 4975.4 kcal/mol (ΔE=-233412653684.7), not converged (code 1), 99 ligand + 965 protein atoms
    · UFF minimization: E 5148.4 → 5027.0 kcal/mol (ΔE=-121.4), not converged (code 1), 99 ligand + 1003 protein atoms
    · UFF minimization: E 5496.0 → 5360.5 kcal/mol (ΔE=-135.5), not converged (code 1), 99 ligand + 1047 protein atoms
    · Stage 2 (UFF): 16.1s (1.5 jobs/s)
    · Checkpoint: saved guided_results.json for 1 combos

────────────────────────────────────────────────────────────────────────────────
  PHASE 3 COMPLETE in 17.3s (0.3 min)
  Already done: 0
  Newly processed: 25
  Success: 25  |  Failed: 0
────────────────────────────────────────────────────────────────────────────────

──────────────────────────────────────────────────────────────────────
  STATISTICS: UNGUIDED POSES vs POCKETS
──────────────────────────────────────────────────────────────────────
  Unguided poses: 5
  In fpocket: 0  In p2rank: 5  In either: 5

──────────────────────────────────────────────────────────────────────
  TIMING REPORT
──────────────────────────────────────────────────────────────────────

  GLOBAL PHASE TIMING:
  Phase                     Time (s)     Time (min)        %
  ------------------------- ------------ ------------ ------
  Phase 1: CPU Prep         1.6          0.0            7.2%
  Phase 2: GPU Dock         2.8          0.0           12.8%
  Phase 3: CPU Post         17.3         0.3           79.9%
  TOTAL (phases)            21.6         0.4          100.0%
  Pipeline wall time        21.6         0.4         

  Timing saved to: /home/manndo/master_dev/Dockings/Benchmark_Equibind/7MAE_XUS/pipeline_timing.csv
  Summary saved to: /home/manndo/master_dev/Dockings/Benchmark_Equibind/7MAE_XUS/pipeline_summary.json

══════════════════════════════════════════════════════════════════════
  SIGNAL MONITOR SUMMARY
══════════════════════════════════════════════════════════════════════
  EquiBind calls:        0
  Successful returns:    0
  Failed returns:        0
  Poses inside pocket:   0
  Poses rejected/outside:0
    ├ guided rejected:   0
    └ unguided outside:  0
══════════════════════════════════════════════════════════════════════

✓ Pipeline complete.
  Poses (success): 25
  Poses (failed):  0
  Wall time:       21.6s
