/home/manndo/anaconda3/envs/equibind/lib/python3.8/site-packages/dgl/backend/pytorch/sparse.py:104: FutureWarning: `torch.cuda.amp.custom_fwd(args...)` is deprecated. Please use `torch.amp.custom_fwd(args..., device_type='cuda')` instead.
  @custom_fwd(cast_inputs=th.float16)
/home/manndo/anaconda3/envs/equibind/lib/python3.8/site-packages/dgl/backend/pytorch/sparse.py:128: FutureWarning: `torch.cuda.amp.custom_bwd(args...)` is deprecated. Please use `torch.amp.custom_bwd(args..., device_type='cuda')` instead.
  def backward(ctx, dZ):
/home/manndo/anaconda3/envs/equibind/lib/python3.8/site-packages/dgl/backend/pytorch/sparse.py:177: FutureWarning: `torch.cuda.amp.custom_fwd(args...)` is deprecated. Please use `torch.amp.custom_fwd(args..., device_type='cuda')` instead.
  @custom_fwd(cast_inputs=th.float16)
/home/manndo/anaconda3/envs/equibind/lib/python3.8/site-packages/dgl/backend/pytorch/sparse.py:207: FutureWarning: `torch.cuda.amp.custom_bwd(args...)` is deprecated. Please use `torch.amp.custom_bwd(args..., device_type='cuda')` instead.
  def backward(ctx, *dZ):
/home/manndo/anaconda3/envs/equibind/lib/python3.8/site-packages/dgl/backend/pytorch/sparse.py:287: FutureWarning: `torch.cuda.amp.custom_fwd(args...)` is deprecated. Please use `torch.amp.custom_fwd(args..., device_type='cuda')` instead.
  @custom_fwd(cast_inputs=th.float16)
/home/manndo/anaconda3/envs/equibind/lib/python3.8/site-packages/dgl/backend/pytorch/sparse.py:304: FutureWarning: `torch.cuda.amp.custom_bwd(args...)` is deprecated. Please use `torch.amp.custom_bwd(args..., device_type='cuda')` instead.
  def backward(ctx, dZ):
/home/manndo/anaconda3/envs/equibind/lib/python3.8/site-packages/dgl/backend/pytorch/sparse.py:352: FutureWarning: `torch.cuda.amp.custom_fwd(args...)` is deprecated. Please use `torch.amp.custom_fwd(args..., device_type='cuda')` instead.
  @custom_fwd(cast_inputs=th.float16)
/home/manndo/anaconda3/envs/equibind/lib/python3.8/site-packages/dgl/backend/pytorch/sparse.py:371: FutureWarning: `torch.cuda.amp.custom_bwd(args...)` is deprecated. Please use `torch.amp.custom_bwd(args..., device_type='cuda')` instead.
  def backward(ctx, *dZ):
/home/manndo/anaconda3/envs/equibind/lib/python3.8/site-packages/dgl/backend/pytorch/sparse.py:431: FutureWarning: `torch.cuda.amp.custom_fwd(args...)` is deprecated. Please use `torch.amp.custom_fwd(args..., device_type='cuda')` instead.
  @custom_fwd(cast_inputs=th.float16)
/home/manndo/anaconda3/envs/equibind/lib/python3.8/site-packages/dgl/backend/pytorch/sparse.py:467: FutureWarning: `torch.cuda.amp.custom_bwd(args...)` is deprecated. Please use `torch.amp.custom_bwd(args..., device_type='cuda')` instead.
  def backward(ctx, grad_out):
/home/manndo/anaconda3/envs/equibind/lib/python3.8/site-packages/dgl/backend/pytorch/sparse.py:498: FutureWarning: `torch.cuda.amp.custom_fwd(args...)` is deprecated. Please use `torch.amp.custom_fwd(args..., device_type='cuda')` instead.
  @custom_fwd(cast_inputs=th.float16)
/home/manndo/anaconda3/envs/equibind/lib/python3.8/site-packages/dgl/backend/pytorch/sparse.py:535: FutureWarning: `torch.cuda.amp.custom_bwd(args...)` is deprecated. Please use `torch.amp.custom_bwd(args..., device_type='cuda')` instead.
  def backward(ctx, *grad_out):
/home/manndo/anaconda3/envs/equibind/lib/python3.8/site-packages/dgl/backend/pytorch/sparse.py:566: FutureWarning: `torch.cuda.amp.custom_fwd(args...)` is deprecated. Please use `torch.amp.custom_fwd(args..., device_type='cuda')` instead.
  @custom_fwd(cast_inputs=th.float16)
/home/manndo/anaconda3/envs/equibind/lib/python3.8/site-packages/dgl/backend/pytorch/sparse.py:575: FutureWarning: `torch.cuda.amp.custom_bwd(args...)` is deprecated. Please use `torch.amp.custom_bwd(args..., device_type='cuda')` instead.
  def backward(ctx, dy):
/home/manndo/anaconda3/envs/equibind/lib/python3.8/site-packages/dgl/backend/pytorch/sparse.py:595: FutureWarning: `torch.cuda.amp.custom_fwd(args...)` is deprecated. Please use `torch.amp.custom_fwd(args..., device_type='cuda')` instead.
  @custom_fwd(cast_inputs=th.float16)
/home/manndo/anaconda3/envs/equibind/lib/python3.8/site-packages/dgl/backend/pytorch/sparse.py:603: FutureWarning: `torch.cuda.amp.custom_bwd(args...)` is deprecated. Please use `torch.amp.custom_bwd(args..., device_type='cuda')` instead.
  def backward(ctx, dy):
/home/manndo/anaconda3/envs/equibind/lib/python3.8/site-packages/dgl/backend/pytorch/sparse.py:666: FutureWarning: `torch.cuda.amp.custom_fwd(args...)` is deprecated. Please use `torch.amp.custom_fwd(args..., device_type='cuda')` instead.
  @custom_fwd(cast_inputs=th.float16)
/home/manndo/anaconda3/envs/equibind/lib/python3.8/site-packages/dgl/backend/pytorch/sparse.py:692: FutureWarning: `torch.cuda.amp.custom_fwd(args...)` is deprecated. Please use `torch.amp.custom_fwd(args..., device_type='cuda')` instead.
  @custom_fwd(cast_inputs=th.float16)
GPU detected: NVIDIA GeForce RTX 4070 Laptop GPU
================================================================================
EquiBind Batch Docking Configuration
================================================================================
  Workspace:        /home/manndo/master_dev
  Ligand dir:       /home/manndo/master_dev/Dockings/Benchmark_Equibind/_staging/7NML_I7B/ligands
  Receptor dir:     /home/manndo/master_dev/Dockings/Benchmark_Equibind/_staging/7NML_I7B/receptors
  EquiBind dir:     /home/manndo/tools/EquiBind
  EquiBind device:  cuda
  Output:           /home/manndo/master_dev/Dockings/Benchmark_Equibind/7NML_I7B
  Pocket results:   fpocket=/home/manndo/master_dev/pocket_results/fpocket_results
                    p2rank=/home/manndo/master_dev/pocket_results/p2rank_results
  Top pockets:      3 per method
  Poses/pocket:     5
  Unguided poses:   5
  Workers:          26
  GPU batch size:   8
  UFF minimize:     True
  Skip existing:    True
  Force pocket:     True
  Protein cropping: True (radius=8.0Å + buffer=3.0Å)
================================================================================
================================================================================
GPU SUPPORT VALIDATION
================================================================================

PyTorch CUDA Status:
  PyTorch version: 2.4.1+cu124
  CUDA available: True
  CUDA version: 12.4
  Number of GPUs: 1
  GPU Name: NVIDIA GeForce RTX 4070 Laptop GPU
  GPU Memory: 8.59 GB
  ✓ GPU tensor operations working

NVIDIA GPU Information (nvidia-smi):
Sat May  2 09:23:55 2026       
+-----------------------------------------------------------------------------------------+
| NVIDIA-SMI 580.105.07             Driver Version: 581.80         CUDA Version: 13.0     |
+-----------------------------------------+------------------------+----------------------+
| GPU  Name                 Persistence-M | Bus-Id          Disp.A | Volatile Uncorr. ECC |
| Fan  Temp   Perf          Pwr:Usage/Cap |           Memory-Usage | GPU-Util  Compute M. |
|                                         |                        |               MIG M. |
|=========================================+========================+======================|
|   0  NVIDIA GeForce RTX 4070 ...    On  |   00000000:01:00.0 Off |                  N/A |
| N/A   55C    P3             12W /   55W |     664MiB /   8188MiB |     10%      Default |
|                                         |                        |                  N/A |
+-----------------------------------------+------------------------+----------------------+

+-----------------------------------------------------------------------------------------+
| Processes:                                                                              |
|  GPU   GI   CI              PID   Type   Process name                        GPU Memory |
|        ID   ID                                                               Usage      |
|=========================================================================================|
|    0   N/A  N/A           24683      C   /python3.8                            N/A      |
|    0   N/A  N/A          116896      C   /python3.8                            N/A      |
+-----------------------------------------------------------------------------------------+


================================================================================
✓ GPU ACCELERATION AVAILABLE
  Recommended setting: equibind_device = 'cuda'
  Current setting: equibind_device = 'cuda'
================================================================================
================================================================================
EquiBind Batch Docking Configuration
================================================================================
  Workspace:        /home/manndo/master_dev
  Ligand dir:       /home/manndo/master_dev/Dockings/Benchmark_Equibind/_staging/7NML_I7B/ligands
  Receptor dir:     /home/manndo/master_dev/Dockings/Benchmark_Equibind/_staging/7NML_I7B/receptors
  EquiBind dir:     /home/manndo/tools/EquiBind
  EquiBind device:  cuda
  Output:           /home/manndo/master_dev/Dockings/Benchmark_Equibind/7NML_I7B
  Pocket results:   fpocket=/home/manndo/master_dev/pocket_results/fpocket_results
                    p2rank=/home/manndo/master_dev/pocket_results/p2rank_results
  Top pockets:      3 per method
  Poses/pocket:     5
  Unguided poses:   5
  Workers:          26
  GPU batch size:   8
  UFF minimize:     True
  Skip existing:    True
  Force pocket:     True
  Protein cropping: True (radius=8.0Å + buffer=3.0Å)
================================================================================
/home/manndo/master_dev/Scripts/Docking/equibind_pipeline/equibind_model.py:84: FutureWarning: You are using `torch.load` with `weights_only=False` (the current default value), which uses the default pickle module implicitly. It is possible to construct malicious pickle data which will execute arbitrary code during unpickling (See https://github.com/pytorch/pytorch/blob/main/SECURITY.md#untrusted-models for more details). In a future release, the default value for `weights_only` will be flipped to `True`. This limits the functions that could be executed during unpickling. Arbitrary objects will no longer be allowed to be loaded via this mode unless they are explicitly allowlisted by the user via `torch.serialization.add_safe_globals`. We recommend you start setting `weights_only=True` for any use case where you don't have full control of the loaded file. Please open an issue on GitHub for any issues related to this experimental feature.
  checkpoint = torch.load(str(ckpt_path), map_location=dev)
[2026-05-02 09:23:55.864582] [ Using Seed :  1  ]
    · EquiBind model loaded from /home/manndo/tools/EquiBind/runs/flexible_self_docking/best_checkpoint.pt
    ·   Device: cuda:0  |  Load time: 0.19s

──────────────────────────────────────────────────────────────────────
  GLOBALLY DECOUPLED 3-PHASE EQUIBIND PIPELINE
──────────────────────────────────────────────────────────────────────
  EquiBind device: cuda:0
  GPU batch size: 8
  Proteins: 1
  Ligands: 1
  Total combos: 1  (≈ 35 poses/combo)
  Workers: 26

    · 7NML_I7B_protein: 3 fpocket + 3 p2rank pockets

Pre-computing ligand properties...
  1 ligands analysed
Pre-computing protein properties...
  1 proteins analysed
Docking log: /home/manndo/master_dev/Dockings/Benchmark_Equibind/7NML_I7B/docking_log.csv (0 existing entries)

──────────────────────────────────────────────────────────────────────
  PHASE 1: CPU PREPARATION — ALL COMBOS
──────────────────────────────────────────────────────────────────────
    · Building receptor graph for 7NML_I7B_protein_protein.pdb
    · Preparing cropped proteins for 6 pockets (6 workers)
    · Cropped protein for fpocket_raw_p001: 45 residues, 700 atoms (radius=11.0Å)
    · Cropped protein for fpocket_raw_p002: 56 residues, 928 atoms (radius=11.0Å)
    · Cropped protein for fpocket_raw_p003: 59 residues, 979 atoms (radius=11.0Å)
    · Cropped protein for p2rank_raw_p003: 35 residues, 557 atoms (radius=11.0Å)
    · Cropped protein for p2rank_raw_p001: 39 residues, 565 atoms (radius=11.0Å)
    · Cropped protein for p2rank_raw_p002: 40 residues, 574 atoms (radius=11.0Å)
    · Generating conformers for 1 ligands (26 workers)
    · Ligand 7NML_I7B_ligand_start_conf: 10 conformers
    · Building DockJobs for 1 combos (26 workers)

────────────────────────────────────────────────────────────────────────────────
  PHASE 1 COMPLETE in 1.6s (0.0 min)
  Jobs prepared:    35
  Cached results:   0
  Unique proteins:  7
  Unique ligands:   1
  Receptor graphs:  7
────────────────────────────────────────────────────────────────────────────────

──────────────────────────────────────────────────────────────────────
  PHASE 2: GPU INFERENCE — 35 TOTAL JOBS
──────────────────────────────────────────────────────────────────────
    ·   7NML_I7B_protein_protein_crop_fpocket_raw_p001.pdb: 5 jobs → 1 batches
[2026-05-02 09:23:58.088417] [ Using Seed :  456  ]
/home/manndo/anaconda3/envs/equibind/lib/python3.8/site-packages/dgl/backend/pytorch/tensor.py:352: UserWarning: TypedStorage is deprecated. It will be removed in the future and UntypedStorage will be the only storage class. This should only matter to you if you are using storages directly.  To access UntypedStorage directly, use tensor.untyped_storage() instead of tensor.storage()
  assert input.numel() == input.storage().size(), "Cannot convert view " \
[2026-05-02 09:23:58.808079] [ Using Seed :  123  ]
[2026-05-02 09:23:58.864873] [ Using Seed :  789  ]
[2026-05-02 09:23:58.923275] [ Using Seed :  3141  ]
[2026-05-02 09:23:58.978451] [ Using Seed :  1001  ]
    ·   7NML_I7B_protein_protein_crop_fpocket_raw_p002.pdb: 5 jobs → 1 batches
[2026-05-02 09:23:59.034352] [ Using Seed :  456  ]
[2026-05-02 09:23:59.086236] [ Using Seed :  123  ]
[2026-05-02 09:23:59.141466] [ Using Seed :  789  ]
[2026-05-02 09:23:59.197563] [ Using Seed :  3141  ]
[2026-05-02 09:23:59.250674] [ Using Seed :  1001  ]
    ·   7NML_I7B_protein_protein_crop_fpocket_raw_p003.pdb: 5 jobs → 1 batches
[2026-05-02 09:23:59.307655] [ Using Seed :  456  ]
[2026-05-02 09:23:59.363734] [ Using Seed :  123  ]
[2026-05-02 09:23:59.416129] [ Using Seed :  789  ]
[2026-05-02 09:23:59.468249] [ Using Seed :  3141  ]
[2026-05-02 09:23:59.965141] [ Using Seed :  1001  ]
    ·   7NML_I7B_protein_protein_crop_p2rank_raw_p001.pdb: 5 jobs → 1 batches
[2026-05-02 09:24:00.034591] [ Using Seed :  456  ]
[2026-05-02 09:24:00.093667] [ Using Seed :  123  ]
[2026-05-02 09:24:00.149273] [ Using Seed :  789  ]
[2026-05-02 09:24:00.205919] [ Using Seed :  3141  ]
[2026-05-02 09:24:00.270981] [ Using Seed :  1001  ]
    ·   7NML_I7B_protein_protein_crop_p2rank_raw_p002.pdb: 5 jobs → 1 batches
[2026-05-02 09:24:00.340644] [ Using Seed :  456  ]
[2026-05-02 09:24:00.408247] [ Using Seed :  123  ]
[2026-05-02 09:24:00.465660] [ Using Seed :  789  ]
[2026-05-02 09:24:00.521645] [ Using Seed :  3141  ]
[2026-05-02 09:24:00.574628] [ Using Seed :  1001  ]
    ·   7NML_I7B_protein_protein_crop_p2rank_raw_p003.pdb: 5 jobs → 1 batches
[2026-05-02 09:24:00.628269] [ Using Seed :  456  ]
[2026-05-02 09:24:00.681899] [ Using Seed :  123  ]
[2026-05-02 09:24:00.739559] [ Using Seed :  789  ]
[2026-05-02 09:24:00.800248] [ Using Seed :  3141  ]
[2026-05-02 09:24:00.863307] [ Using Seed :  1001  ]
    ·   7NML_I7B_protein_protein.pdb: 5 jobs → 1 batches
[2026-05-02 09:24:00.924425] [ Using Seed :  456  ]
[2026-05-02 09:24:00.980899] [ Using Seed :  123  ]
[2026-05-02 09:24:01.040005] [ Using Seed :  789  ]
[2026-05-02 09:24:01.104258] [ Using Seed :  3141  ]
[2026-05-02 09:24:01.163589] [ Using Seed :  1001  ]

────────────────────────────────────────────────────────────────────────────────
  PHASE 2 COMPLETE in 3.7s (0.1 min)
  Total batches: 7
  Success: 35  |  Failed: 0
  Avg inference: 89.4ms per ligand
────────────────────────────────────────────────────────────────────────────────

──────────────────────────────────────────────────────────────────────
  PHASE 3: CPU POST-PROCESSING — 35 TOTAL JOBS
──────────────────────────────────────────────────────────────────────
    · Post-processing 35 new jobs (0 skipped)
    · UFF: pre-warmed protein cache for 1 unique protein(s)
    · Stage 1 (corrections+SDF): 0.3s — 0 done, 35 need UFF
    · Stage 2: UFF — 35 jobs, 26 process workers
 ⚠️  UFF FF construction failed on combined mol: Can't kekulize mol.  Unkekulized atoms: 88 89 90 91 92 93 94 95 96
 ⚠️  UFF FF construction failed on combined mol: Can't kekulize mol.  Unkekulized atoms: 88 89 90 91 92 93 94 95 96
 ⚠️  UFF FF construction failed on combined mol: Can't kekulize mol.  Unkekulized atoms: 74 75 76 77 78 79 80 81 82 ⚠️  UFF FF construction failed on combined mol: Can't kekulize mol.  Unkekulized atoms: 88 89 90 91 92 93 94 95 96

 ⚠️  UFF FF construction failed on combined mol: Can't kekulize mol.  Unkekulized atoms: 88 89 90 91 92 93 94 95 96
 ⚠️  UFF FF construction failed on combined mol: Can't kekulize mol.  Unkekulized atoms: 74 75 76 77 78 79 80 81 82
 ⚠️  UFF FF construction failed on combined mol: Can't kekulize mol.  Unkekulized atoms: 74 75 76 77 78 79 80 81 82
 ⚠️  UFF FF construction failed on combined mol: Can't kekulize mol.  Unkekulized atoms: 74 75 76 77 78 79 80 81 82
 ⚠️  UFF FF construction failed on combined mol: Can't kekulize mol.  Unkekulized atoms: 22 23 24 25 26 27 28 29 30
    · UFF minimization: E 1863.3 → 1816.6 kcal/mol (ΔE=-46.7), converged, 24 ligand + 307 protein atoms
 ⚠️  UFF FF construction failed on combined mol: Can't kekulize mol.  Unkekulized atoms: 22 23 24 25 26 27 28 29 30
 ⚠️  UFF FF construction failed on combined mol: Can't kekulize mol.  Unkekulized atoms: 22 23 24 25 26 27 28 29 30
 ⚠️  UFF FF construction failed on combined mol: Can't kekulize mol.  Unkekulized atoms: 22 23 24 25 26 27 28 29 30
 ⚠️  UFF FF construction failed on combined mol: Can't kekulize mol.  Unkekulized atoms: 15 16 17 18 19 20 21 22 23
    · UFF minimization: E 1714.2 → 1665.9 kcal/mol (ΔE=-48.2), converged, 24 ligand + 288 protein atoms
    · UFF minimization: E 1821.0 → 1774.3 kcal/mol (ΔE=-46.8), converged, 24 ligand + 362 protein atoms
    · UFF minimization: E 2079.0 → 2030.3 kcal/mol (ΔE=-48.7), converged, 24 ligand + 389 protein atoms
    · UFF minimization: E 1952.6 → 1906.0 kcal/mol (ΔE=-46.6), converged, 24 ligand + 381 protein atoms
    · UFF minimization: E 1944.1 → 1892.6 kcal/mol (ΔE=-51.5), converged, 24 ligand + 376 protein atoms
    · UFF minimization: E 1782.7 → 1734.3 kcal/mol (ΔE=-48.5), converged, 24 ligand + 357 protein atoms
    · UFF minimization: E 1666.3 → 1620.6 kcal/mol (ΔE=-45.7), converged, 24 ligand + 321 protein atoms
    · UFF minimization: E 1730.9 → 1683.1 kcal/mol (ΔE=-47.8), converged, 24 ligand + 327 protein atoms
    · UFF minimization: E 1840.1 → 1792.7 kcal/mol (ΔE=-47.4), converged, 24 ligand + 354 protein atoms
    · UFF minimization: E 1814.7 → 1768.8 kcal/mol (ΔE=-46.0), converged, 24 ligand + 345 protein atoms
    · UFF minimization: E 3134.0 → 3088.8 kcal/mol (ΔE=-45.2), converged, 24 ligand + 602 protein atoms
    · UFF minimization: E 2046.1 → 2000.2 kcal/mol (ΔE=-45.8), converged, 24 ligand + 385 protein atoms
    · UFF minimization: E 2959.1 → 2910.7 kcal/mol (ΔE=-48.5), converged, 24 ligand + 606 protein atoms
    · UFF minimization: E 2855.6 → 2809.5 kcal/mol (ΔE=-46.1), converged, 24 ligand + 566 protein atoms
    · UFF minimization: E 2690.7 → 2642.7 kcal/mol (ΔE=-48.0), converged, 24 ligand + 539 protein atoms
    · UFF minimization: E 2651.7 → 2603.7 kcal/mol (ΔE=-48.0), converged, 24 ligand + 529 protein atoms
    · UFF minimization: E 3271.1 → 3225.1 kcal/mol (ΔE=-46.0), converged, 24 ligand + 628 protein atoms
    · UFF minimization: E 2898.1 → 2849.9 kcal/mol (ΔE=-48.2), converged, 24 ligand + 578 protein atoms
    · UFF minimization: E 3085.8 → 3039.5 kcal/mol (ΔE=-46.2), converged, 24 ligand + 615 protein atoms
    · UFF minimization: E 3085.2 → 3038.3 kcal/mol (ΔE=-46.9), converged, 24 ligand + 624 protein atoms
    · UFF minimization: E 3111.2 → 3064.8 kcal/mol (ΔE=-46.3), converged, 24 ligand + 600 protein atoms
    · Stage 2 (UFF): 2.9s (12.2 jobs/s)
    · Checkpoint: saved guided_results.json for 1 combos

────────────────────────────────────────────────────────────────────────────────
  PHASE 3 COMPLETE in 3.2s (0.1 min)
  Already done: 0
  Newly processed: 35
  Success: 35  |  Failed: 0
────────────────────────────────────────────────────────────────────────────────

──────────────────────────────────────────────────────────────────────
  STATISTICS: UNGUIDED POSES vs POCKETS
──────────────────────────────────────────────────────────────────────
  Unguided poses: 5
  In fpocket: 0  In p2rank: 0  In either: 0

──────────────────────────────────────────────────────────────────────
  TIMING REPORT
──────────────────────────────────────────────────────────────────────

  GLOBAL PHASE TIMING:
  Phase                     Time (s)     Time (min)        %
  ------------------------- ------------ ------------ ------
  Phase 1: CPU Prep         1.6          0.0           19.1%
  Phase 2: GPU Dock         3.7          0.1           43.2%
  Phase 3: CPU Post         3.2          0.1           37.7%
  TOTAL (phases)            8.5          0.1          100.0%
  Pipeline wall time        8.5          0.1         

  Timing saved to: /home/manndo/master_dev/Dockings/Benchmark_Equibind/7NML_I7B/pipeline_timing.csv
  Summary saved to: /home/manndo/master_dev/Dockings/Benchmark_Equibind/7NML_I7B/pipeline_summary.json

══════════════════════════════════════════════════════════════════════
  SIGNAL MONITOR SUMMARY
══════════════════════════════════════════════════════════════════════
  EquiBind calls:        0
  Successful returns:    0
  Failed returns:        0
  Poses inside pocket:   0
  Poses rejected/outside:0
    ├ guided rejected:   0
    └ unguided outside:  0
══════════════════════════════════════════════════════════════════════

✓ Pipeline complete.
  Poses (success): 35
  Poses (failed):  0
  Wall time:       8.5s
