/home/manndo/anaconda3/envs/equibind/lib/python3.8/site-packages/dgl/backend/pytorch/sparse.py:104: FutureWarning: `torch.cuda.amp.custom_fwd(args...)` is deprecated. Please use `torch.amp.custom_fwd(args..., device_type='cuda')` instead.
  @custom_fwd(cast_inputs=th.float16)
/home/manndo/anaconda3/envs/equibind/lib/python3.8/site-packages/dgl/backend/pytorch/sparse.py:128: FutureWarning: `torch.cuda.amp.custom_bwd(args...)` is deprecated. Please use `torch.amp.custom_bwd(args..., device_type='cuda')` instead.
  def backward(ctx, dZ):
/home/manndo/anaconda3/envs/equibind/lib/python3.8/site-packages/dgl/backend/pytorch/sparse.py:177: FutureWarning: `torch.cuda.amp.custom_fwd(args...)` is deprecated. Please use `torch.amp.custom_fwd(args..., device_type='cuda')` instead.
  @custom_fwd(cast_inputs=th.float16)
/home/manndo/anaconda3/envs/equibind/lib/python3.8/site-packages/dgl/backend/pytorch/sparse.py:207: FutureWarning: `torch.cuda.amp.custom_bwd(args...)` is deprecated. Please use `torch.amp.custom_bwd(args..., device_type='cuda')` instead.
  def backward(ctx, *dZ):
/home/manndo/anaconda3/envs/equibind/lib/python3.8/site-packages/dgl/backend/pytorch/sparse.py:287: FutureWarning: `torch.cuda.amp.custom_fwd(args...)` is deprecated. Please use `torch.amp.custom_fwd(args..., device_type='cuda')` instead.
  @custom_fwd(cast_inputs=th.float16)
/home/manndo/anaconda3/envs/equibind/lib/python3.8/site-packages/dgl/backend/pytorch/sparse.py:304: FutureWarning: `torch.cuda.amp.custom_bwd(args...)` is deprecated. Please use `torch.amp.custom_bwd(args..., device_type='cuda')` instead.
  def backward(ctx, dZ):
/home/manndo/anaconda3/envs/equibind/lib/python3.8/site-packages/dgl/backend/pytorch/sparse.py:352: FutureWarning: `torch.cuda.amp.custom_fwd(args...)` is deprecated. Please use `torch.amp.custom_fwd(args..., device_type='cuda')` instead.
  @custom_fwd(cast_inputs=th.float16)
/home/manndo/anaconda3/envs/equibind/lib/python3.8/site-packages/dgl/backend/pytorch/sparse.py:371: FutureWarning: `torch.cuda.amp.custom_bwd(args...)` is deprecated. Please use `torch.amp.custom_bwd(args..., device_type='cuda')` instead.
  def backward(ctx, *dZ):
/home/manndo/anaconda3/envs/equibind/lib/python3.8/site-packages/dgl/backend/pytorch/sparse.py:431: FutureWarning: `torch.cuda.amp.custom_fwd(args...)` is deprecated. Please use `torch.amp.custom_fwd(args..., device_type='cuda')` instead.
  @custom_fwd(cast_inputs=th.float16)
/home/manndo/anaconda3/envs/equibind/lib/python3.8/site-packages/dgl/backend/pytorch/sparse.py:467: FutureWarning: `torch.cuda.amp.custom_bwd(args...)` is deprecated. Please use `torch.amp.custom_bwd(args..., device_type='cuda')` instead.
  def backward(ctx, grad_out):
/home/manndo/anaconda3/envs/equibind/lib/python3.8/site-packages/dgl/backend/pytorch/sparse.py:498: FutureWarning: `torch.cuda.amp.custom_fwd(args...)` is deprecated. Please use `torch.amp.custom_fwd(args..., device_type='cuda')` instead.
  @custom_fwd(cast_inputs=th.float16)
/home/manndo/anaconda3/envs/equibind/lib/python3.8/site-packages/dgl/backend/pytorch/sparse.py:535: FutureWarning: `torch.cuda.amp.custom_bwd(args...)` is deprecated. Please use `torch.amp.custom_bwd(args..., device_type='cuda')` instead.
  def backward(ctx, *grad_out):
/home/manndo/anaconda3/envs/equibind/lib/python3.8/site-packages/dgl/backend/pytorch/sparse.py:566: FutureWarning: `torch.cuda.amp.custom_fwd(args...)` is deprecated. Please use `torch.amp.custom_fwd(args..., device_type='cuda')` instead.
  @custom_fwd(cast_inputs=th.float16)
/home/manndo/anaconda3/envs/equibind/lib/python3.8/site-packages/dgl/backend/pytorch/sparse.py:575: FutureWarning: `torch.cuda.amp.custom_bwd(args...)` is deprecated. Please use `torch.amp.custom_bwd(args..., device_type='cuda')` instead.
  def backward(ctx, dy):
/home/manndo/anaconda3/envs/equibind/lib/python3.8/site-packages/dgl/backend/pytorch/sparse.py:595: FutureWarning: `torch.cuda.amp.custom_fwd(args...)` is deprecated. Please use `torch.amp.custom_fwd(args..., device_type='cuda')` instead.
  @custom_fwd(cast_inputs=th.float16)
/home/manndo/anaconda3/envs/equibind/lib/python3.8/site-packages/dgl/backend/pytorch/sparse.py:603: FutureWarning: `torch.cuda.amp.custom_bwd(args...)` is deprecated. Please use `torch.amp.custom_bwd(args..., device_type='cuda')` instead.
  def backward(ctx, dy):
/home/manndo/anaconda3/envs/equibind/lib/python3.8/site-packages/dgl/backend/pytorch/sparse.py:666: FutureWarning: `torch.cuda.amp.custom_fwd(args...)` is deprecated. Please use `torch.amp.custom_fwd(args..., device_type='cuda')` instead.
  @custom_fwd(cast_inputs=th.float16)
/home/manndo/anaconda3/envs/equibind/lib/python3.8/site-packages/dgl/backend/pytorch/sparse.py:692: FutureWarning: `torch.cuda.amp.custom_fwd(args...)` is deprecated. Please use `torch.amp.custom_fwd(args..., device_type='cuda')` instead.
  @custom_fwd(cast_inputs=th.float16)
GPU detected: NVIDIA GeForce RTX 4070 Laptop GPU
================================================================================
EquiBind Batch Docking Configuration
================================================================================
  Workspace:        /home/manndo/master_dev
  Ligand dir:       /home/manndo/master_dev/Dockings/Benchmark_Equibind/_staging/7NPL_UKZ/ligands
  Receptor dir:     /home/manndo/master_dev/Dockings/Benchmark_Equibind/_staging/7NPL_UKZ/receptors
  EquiBind dir:     /home/manndo/tools/EquiBind
  EquiBind device:  cuda
  Output:           /home/manndo/master_dev/Dockings/Benchmark_Equibind/7NPL_UKZ
  Pocket results:   fpocket=/home/manndo/master_dev/pocket_results/fpocket_results
                    p2rank=/home/manndo/master_dev/pocket_results/p2rank_results
  Top pockets:      3 per method
  Poses/pocket:     5
  Unguided poses:   5
  Workers:          26
  GPU batch size:   8
  UFF minimize:     True
  Skip existing:    True
  Force pocket:     True
  Protein cropping: True (radius=8.0Å + buffer=3.0Å)
================================================================================
================================================================================
GPU SUPPORT VALIDATION
================================================================================

PyTorch CUDA Status:
  PyTorch version: 2.4.1+cu124
  CUDA available: True
  CUDA version: 12.4
  Number of GPUs: 1
  GPU Name: NVIDIA GeForce RTX 4070 Laptop GPU
  GPU Memory: 8.59 GB
  ✓ GPU tensor operations working

NVIDIA GPU Information (nvidia-smi):
Sat May  2 09:24:14 2026       
+-----------------------------------------------------------------------------------------+
| NVIDIA-SMI 580.105.07             Driver Version: 581.80         CUDA Version: 13.0     |
+-----------------------------------------+------------------------+----------------------+
| GPU  Name                 Persistence-M | Bus-Id          Disp.A | Volatile Uncorr. ECC |
| Fan  Temp   Perf          Pwr:Usage/Cap |           Memory-Usage | GPU-Util  Compute M. |
|                                         |                        |               MIG M. |
|=========================================+========================+======================|
|   0  NVIDIA GeForce RTX 4070 ...    On  |   00000000:01:00.0 Off |                  N/A |
| N/A   55C    P3              8W /   55W |     664MiB /   8188MiB |     11%      Default |
|                                         |                        |                  N/A |
+-----------------------------------------+------------------------+----------------------+

+-----------------------------------------------------------------------------------------+
| Processes:                                                                              |
|  GPU   GI   CI              PID   Type   Process name                        GPU Memory |
|        ID   ID                                                               Usage      |
|=========================================================================================|
|    0   N/A  N/A           24683      C   /python3.8                            N/A      |
|    0   N/A  N/A          117584      C   /python3.8                            N/A      |
+-----------------------------------------------------------------------------------------+


================================================================================
✓ GPU ACCELERATION AVAILABLE
  Recommended setting: equibind_device = 'cuda'
  Current setting: equibind_device = 'cuda'
================================================================================
================================================================================
EquiBind Batch Docking Configuration
================================================================================
  Workspace:        /home/manndo/master_dev
  Ligand dir:       /home/manndo/master_dev/Dockings/Benchmark_Equibind/_staging/7NPL_UKZ/ligands
  Receptor dir:     /home/manndo/master_dev/Dockings/Benchmark_Equibind/_staging/7NPL_UKZ/receptors
  EquiBind dir:     /home/manndo/tools/EquiBind
  EquiBind device:  cuda
  Output:           /home/manndo/master_dev/Dockings/Benchmark_Equibind/7NPL_UKZ
  Pocket results:   fpocket=/home/manndo/master_dev/pocket_results/fpocket_results
                    p2rank=/home/manndo/master_dev/pocket_results/p2rank_results
  Top pockets:      3 per method
  Poses/pocket:     5
  Unguided poses:   5
  Workers:          26
  GPU batch size:   8
  UFF minimize:     True
  Skip existing:    True
  Force pocket:     True
  Protein cropping: True (radius=8.0Å + buffer=3.0Å)
================================================================================
/home/manndo/master_dev/Scripts/Docking/equibind_pipeline/equibind_model.py:84: FutureWarning: You are using `torch.load` with `weights_only=False` (the current default value), which uses the default pickle module implicitly. It is possible to construct malicious pickle data which will execute arbitrary code during unpickling (See https://github.com/pytorch/pytorch/blob/main/SECURITY.md#untrusted-models for more details). In a future release, the default value for `weights_only` will be flipped to `True`. This limits the functions that could be executed during unpickling. Arbitrary objects will no longer be allowed to be loaded via this mode unless they are explicitly allowlisted by the user via `torch.serialization.add_safe_globals`. We recommend you start setting `weights_only=True` for any use case where you don't have full control of the loaded file. Please open an issue on GitHub for any issues related to this experimental feature.
  checkpoint = torch.load(str(ckpt_path), map_location=dev)
[2026-05-02 09:24:15.061008] [ Using Seed :  1  ]
    · EquiBind model loaded from /home/manndo/tools/EquiBind/runs/flexible_self_docking/best_checkpoint.pt
    ·   Device: cuda:0  |  Load time: 0.17s

──────────────────────────────────────────────────────────────────────
  GLOBALLY DECOUPLED 3-PHASE EQUIBIND PIPELINE
──────────────────────────────────────────────────────────────────────
  EquiBind device: cuda:0
  GPU batch size: 8
  Proteins: 1
  Ligands: 1
  Total combos: 1  (≈ 35 poses/combo)
  Workers: 26

    · 7NPL_UKZ_protein: 3 fpocket + 3 p2rank pockets

Pre-computing ligand properties...
  1 ligands analysed
Pre-computing protein properties...
  1 proteins analysed
Docking log: /home/manndo/master_dev/Dockings/Benchmark_Equibind/7NPL_UKZ/docking_log.csv (0 existing entries)

──────────────────────────────────────────────────────────────────────
  PHASE 1: CPU PREPARATION — ALL COMBOS
──────────────────────────────────────────────────────────────────────
    · Building receptor graph for 7NPL_UKZ_protein_protein.pdb
    · Preparing cropped proteins for 6 pockets (6 workers)
    · Cropped protein for fpocket_raw_p001: 48 residues, 843 atoms (radius=11.0Å)
    · Cropped protein for fpocket_raw_p002: 46 residues, 749 atoms (radius=11.0Å)
    · Cropped protein for p2rank_raw_p001: 55 residues, 948 atoms (radius=11.0Å)
    · Cropped protein for p2rank_raw_p002: 37 residues, 642 atoms (radius=11.0Å)
    · Cropped protein for fpocket_raw_p003: 39 residues, 693 atoms (radius=11.0Å)
    · Cropped protein for p2rank_raw_p003: 49 residues, 794 atoms (radius=11.0Å)
    · Generating conformers for 1 ligands (26 workers)
    · Ligand 7NPL_UKZ_ligand_start_conf: 10 conformers
    · Building DockJobs for 1 combos (26 workers)

────────────────────────────────────────────────────────────────────────────────
  PHASE 1 COMPLETE in 2.1s (0.0 min)
  Jobs prepared:    35
  Cached results:   0
  Unique proteins:  7
  Unique ligands:   1
  Receptor graphs:  7
────────────────────────────────────────────────────────────────────────────────

──────────────────────────────────────────────────────────────────────
  PHASE 2: GPU INFERENCE — 35 TOTAL JOBS
──────────────────────────────────────────────────────────────────────
    ·   7NPL_UKZ_protein_protein_crop_fpocket_raw_p001.pdb: 5 jobs → 1 batches
[2026-05-02 09:24:17.744854] [ Using Seed :  789  ]
/home/manndo/anaconda3/envs/equibind/lib/python3.8/site-packages/dgl/backend/pytorch/tensor.py:352: UserWarning: TypedStorage is deprecated. It will be removed in the future and UntypedStorage will be the only storage class. This should only matter to you if you are using storages directly.  To access UntypedStorage directly, use tensor.untyped_storage() instead of tensor.storage()
  assert input.numel() == input.storage().size(), "Cannot convert view " \
[2026-05-02 09:24:18.453832] [ Using Seed :  456  ]
[2026-05-02 09:24:18.507035] [ Using Seed :  1001  ]
[2026-05-02 09:24:18.559664] [ Using Seed :  42  ]
[2026-05-02 09:24:18.620117] [ Using Seed :  123  ]
    ·   7NPL_UKZ_protein_protein_crop_fpocket_raw_p002.pdb: 5 jobs → 1 batches
[2026-05-02 09:24:18.679045] [ Using Seed :  789  ]
[2026-05-02 09:24:18.739024] [ Using Seed :  456  ]
[2026-05-02 09:24:18.798384] [ Using Seed :  1001  ]
[2026-05-02 09:24:18.860710] [ Using Seed :  42  ]
[2026-05-02 09:24:18.919607] [ Using Seed :  123  ]
    ·   7NPL_UKZ_protein_protein_crop_fpocket_raw_p003.pdb: 5 jobs → 1 batches
[2026-05-02 09:24:18.973151] [ Using Seed :  789  ]
[2026-05-02 09:24:19.031206] [ Using Seed :  456  ]
[2026-05-02 09:24:19.085424] [ Using Seed :  1001  ]
[2026-05-02 09:24:19.139450] [ Using Seed :  42  ]
[2026-05-02 09:24:19.195534] [ Using Seed :  123  ]
    ·   7NPL_UKZ_protein_protein_crop_p2rank_raw_p001.pdb: 5 jobs → 1 batches
[2026-05-02 09:24:19.252053] [ Using Seed :  789  ]
[2026-05-02 09:24:19.305499] [ Using Seed :  456  ]
[2026-05-02 09:24:19.366065] [ Using Seed :  1001  ]
[2026-05-02 09:24:19.423712] [ Using Seed :  42  ]
[2026-05-02 09:24:19.481905] [ Using Seed :  123  ]
    ·   7NPL_UKZ_protein_protein_crop_p2rank_raw_p002.pdb: 5 jobs → 1 batches
[2026-05-02 09:24:19.544050] [ Using Seed :  789  ]
[2026-05-02 09:24:19.600900] [ Using Seed :  456  ]
[2026-05-02 09:24:19.660549] [ Using Seed :  1001  ]
[2026-05-02 09:24:19.717647] [ Using Seed :  42  ]
[2026-05-02 09:24:19.771980] [ Using Seed :  123  ]
    ·   7NPL_UKZ_protein_protein_crop_p2rank_raw_p003.pdb: 5 jobs → 1 batches
[2026-05-02 09:24:19.827200] [ Using Seed :  789  ]
[2026-05-02 09:24:19.887811] [ Using Seed :  456  ]
[2026-05-02 09:24:19.945497] [ Using Seed :  1001  ]
[2026-05-02 09:24:19.998033] [ Using Seed :  42  ]
[2026-05-02 09:24:20.059079] [ Using Seed :  123  ]
    ·   7NPL_UKZ_protein_protein.pdb: 5 jobs → 1 batches
[2026-05-02 09:24:20.117932] [ Using Seed :  789  ]
[2026-05-02 09:24:20.176833] [ Using Seed :  456  ]
[2026-05-02 09:24:20.234767] [ Using Seed :  1001  ]
[2026-05-02 09:24:20.290978] [ Using Seed :  42  ]
[2026-05-02 09:24:20.343419] [ Using Seed :  123  ]

────────────────────────────────────────────────────────────────────────────────
  PHASE 2 COMPLETE in 3.2s (0.1 min)
  Total batches: 7
  Success: 35  |  Failed: 0
  Avg inference: 75.7ms per ligand
────────────────────────────────────────────────────────────────────────────────

──────────────────────────────────────────────────────────────────────
  PHASE 3: CPU POST-PROCESSING — 35 TOTAL JOBS
──────────────────────────────────────────────────────────────────────
    · Post-processing 35 new jobs (0 skipped)
    · UFF: pre-warmed protein cache for 1 unique protein(s)
    · Stage 1 (corrections+SDF): 0.6s — 0 done, 35 need UFF
    · Stage 2: UFF — 35 jobs, 26 process workers
 ⚠️  UFF FF construction failed on combined mol: Can't kekulize mol.  Unkekulized atoms: 24 25 26 27 28
 ⚠️  UFF FF construction failed on combined mol: Can't kekulize mol.  Unkekulized atoms: 24 25 26 27 28
 ⚠️  UFF FF construction failed on combined mol: Can't kekulize mol.  Unkekulized atoms: 24 25 26 27 28
 ⚠️  UFF FF construction failed on combined mol: Can't kekulize mol.  Unkekulized atoms: 24 25 26 27 28
 ⚠️  UFF FF construction failed on combined mol: Can't kekulize mol.  Unkekulized atoms: 24 25 26 27 28
 ⚠️  UFF FF construction failed on combined mol: Can't kekulize mol.  Unkekulized atoms: 5 6 7 8 9 10 11 12 13
 ⚠️  UFF FF construction failed on combined mol: Can't kekulize mol.  Unkekulized atoms: 24 25 26 27 28
 ⚠️  UFF FF construction failed on combined mol: Can't kekulize mol.  Unkekulized atoms: 5 6 7 8 9
 ⚠️  UFF FF construction failed on combined mol: Can't kekulize mol.  Unkekulized atoms: 24 25 26 27 28
    · UFF minimization: E 3672.0 → 3633.2 kcal/mol (ΔE=-38.8), converged, 50 ligand + 688 protein atoms
    · UFF minimization: E 3757.8 → 3721.9 kcal/mol (ΔE=-36.0), converged, 50 ligand + 711 protein atoms
    · UFF minimization: E 572273932705.7 → 3413.1 kcal/mol (ΔE=-572273929292.6), not converged (code 1), 50 ligand + 646 protein atoms
    · UFF minimization: E 3492.0 → 3459.1 kcal/mol (ΔE=-32.9), converged, 50 ligand + 691 protein atoms
    · UFF minimization: E 4113.2 → 4075.0 kcal/mol (ΔE=-38.2), converged, 50 ligand + 788 protein atoms
    · UFF minimization: E 3630.7 → 3582.8 kcal/mol (ΔE=-47.9), converged, 50 ligand + 686 protein atoms
    · UFF minimization: E 3917.7 → 3879.5 kcal/mol (ΔE=-38.3), converged, 50 ligand + 712 protein atoms
    · UFF minimization: E 30839520483316360.0 → 3606.5 kcal/mol (ΔE=-30839520483312752.0), not converged (code 1), 50 ligand + 690 protein atoms
    · UFF minimization: E 3819.5 → 3766.4 kcal/mol (ΔE=-53.2), converged, 50 ligand + 702 protein atoms
    · UFF minimization: E 3897.6 → 3854.3 kcal/mol (ΔE=-43.3), converged, 50 ligand + 738 protein atoms
    · UFF minimization: E 2186183430065.7 → 3842.9 kcal/mol (ΔE=-2186183426222.8), not converged (code 1), 50 ligand + 726 protein atoms
    · UFF minimization: E 4287.9 → 4256.4 kcal/mol (ΔE=-31.4), converged, 50 ligand + 827 protein atoms
    · UFF minimization: E 3959.4 → 3923.2 kcal/mol (ΔE=-36.2), converged, 50 ligand + 744 protein atoms
    · UFF minimization: E 4004.7 → 3951.9 kcal/mol (ΔE=-52.8), converged, 50 ligand + 724 protein atoms
    · UFF minimization: E 4170.7 → 4136.6 kcal/mol (ΔE=-34.2), converged, 50 ligand + 800 protein atoms
    · UFF minimization: E 3468.5 → 3417.8 kcal/mol (ΔE=-50.7), converged, 50 ligand + 680 protein atoms
    · UFF minimization: E 3731.1 → 3696.8 kcal/mol (ΔE=-34.3), converged, 50 ligand + 737 protein atoms
    · UFF minimization: E 3828.0 → 3788.8 kcal/mol (ΔE=-39.2), converged, 50 ligand + 728 protein atoms
    · UFF minimization: E 4277.5 → 4224.8 kcal/mol (ΔE=-52.8), converged, 50 ligand + 817 protein atoms
    · UFF minimization: E 4162.5 → 4115.8 kcal/mol (ΔE=-46.7), converged, 50 ligand + 787 protein atoms
    · UFF minimization: E 579032373230939648.0 → 4080.9 kcal/mol (ΔE=-579032373230935552.0), not converged (code 1), 50 ligand + 775 protein atoms
    · UFF minimization: E 4149.9 → 4102.5 kcal/mol (ΔE=-47.4), converged, 50 ligand + 766 protein atoms
    · UFF minimization: E 4087.3 → 4032.2 kcal/mol (ΔE=-55.2), not converged (code 1), 50 ligand + 777 protein atoms
    · UFF minimization: E 3973.6 → 3935.2 kcal/mol (ΔE=-38.4), converged, 50 ligand + 774 protein atoms
    · UFF minimization: E 3868.2 → 3826.3 kcal/mol (ΔE=-41.9), converged, 50 ligand + 770 protein atoms
    · UFF minimization: E 4198.4 → 4160.9 kcal/mol (ΔE=-37.6), converged, 50 ligand + 798 protein atoms
    · Stage 2 (UFF): 13.1s (2.7 jobs/s)
    · Checkpoint: saved guided_results.json for 1 combos

────────────────────────────────────────────────────────────────────────────────
  PHASE 3 COMPLETE in 13.8s (0.2 min)
  Already done: 0
  Newly processed: 35
  Success: 35  |  Failed: 0
────────────────────────────────────────────────────────────────────────────────

──────────────────────────────────────────────────────────────────────
  STATISTICS: UNGUIDED POSES vs POCKETS
──────────────────────────────────────────────────────────────────────
  Unguided poses: 5
  In fpocket: 0  In p2rank: 2  In either: 2

──────────────────────────────────────────────────────────────────────
  TIMING REPORT
──────────────────────────────────────────────────────────────────────

  GLOBAL PHASE TIMING:
  Phase                     Time (s)     Time (min)        %
  ------------------------- ------------ ------------ ------
  Phase 1: CPU Prep         2.1          0.0           11.1%
  Phase 2: GPU Dock         3.2          0.1           16.5%
  Phase 3: CPU Post         13.8         0.2           72.3%
  TOTAL (phases)            19.1         0.3          100.0%
  Pipeline wall time        19.1         0.3         

  Timing saved to: /home/manndo/master_dev/Dockings/Benchmark_Equibind/7NPL_UKZ/pipeline_timing.csv
  Summary saved to: /home/manndo/master_dev/Dockings/Benchmark_Equibind/7NPL_UKZ/pipeline_summary.json

══════════════════════════════════════════════════════════════════════
  SIGNAL MONITOR SUMMARY
══════════════════════════════════════════════════════════════════════
  EquiBind calls:        0
  Successful returns:    0
  Failed returns:        0
  Poses inside pocket:   0
  Poses rejected/outside:0
    ├ guided rejected:   0
    └ unguided outside:  0
══════════════════════════════════════════════════════════════════════

✓ Pipeline complete.
  Poses (success): 35
  Poses (failed):  0
  Wall time:       19.1s
