/home/manndo/anaconda3/envs/equibind/lib/python3.8/site-packages/dgl/backend/pytorch/sparse.py:104: FutureWarning: `torch.cuda.amp.custom_fwd(args...)` is deprecated. Please use `torch.amp.custom_fwd(args..., device_type='cuda')` instead.
  @custom_fwd(cast_inputs=th.float16)
/home/manndo/anaconda3/envs/equibind/lib/python3.8/site-packages/dgl/backend/pytorch/sparse.py:128: FutureWarning: `torch.cuda.amp.custom_bwd(args...)` is deprecated. Please use `torch.amp.custom_bwd(args..., device_type='cuda')` instead.
  def backward(ctx, dZ):
/home/manndo/anaconda3/envs/equibind/lib/python3.8/site-packages/dgl/backend/pytorch/sparse.py:177: FutureWarning: `torch.cuda.amp.custom_fwd(args...)` is deprecated. Please use `torch.amp.custom_fwd(args..., device_type='cuda')` instead.
  @custom_fwd(cast_inputs=th.float16)
/home/manndo/anaconda3/envs/equibind/lib/python3.8/site-packages/dgl/backend/pytorch/sparse.py:207: FutureWarning: `torch.cuda.amp.custom_bwd(args...)` is deprecated. Please use `torch.amp.custom_bwd(args..., device_type='cuda')` instead.
  def backward(ctx, *dZ):
/home/manndo/anaconda3/envs/equibind/lib/python3.8/site-packages/dgl/backend/pytorch/sparse.py:287: FutureWarning: `torch.cuda.amp.custom_fwd(args...)` is deprecated. Please use `torch.amp.custom_fwd(args..., device_type='cuda')` instead.
  @custom_fwd(cast_inputs=th.float16)
/home/manndo/anaconda3/envs/equibind/lib/python3.8/site-packages/dgl/backend/pytorch/sparse.py:304: FutureWarning: `torch.cuda.amp.custom_bwd(args...)` is deprecated. Please use `torch.amp.custom_bwd(args..., device_type='cuda')` instead.
  def backward(ctx, dZ):
/home/manndo/anaconda3/envs/equibind/lib/python3.8/site-packages/dgl/backend/pytorch/sparse.py:352: FutureWarning: `torch.cuda.amp.custom_fwd(args...)` is deprecated. Please use `torch.amp.custom_fwd(args..., device_type='cuda')` instead.
  @custom_fwd(cast_inputs=th.float16)
/home/manndo/anaconda3/envs/equibind/lib/python3.8/site-packages/dgl/backend/pytorch/sparse.py:371: FutureWarning: `torch.cuda.amp.custom_bwd(args...)` is deprecated. Please use `torch.amp.custom_bwd(args..., device_type='cuda')` instead.
  def backward(ctx, *dZ):
/home/manndo/anaconda3/envs/equibind/lib/python3.8/site-packages/dgl/backend/pytorch/sparse.py:431: FutureWarning: `torch.cuda.amp.custom_fwd(args...)` is deprecated. Please use `torch.amp.custom_fwd(args..., device_type='cuda')` instead.
  @custom_fwd(cast_inputs=th.float16)
/home/manndo/anaconda3/envs/equibind/lib/python3.8/site-packages/dgl/backend/pytorch/sparse.py:467: FutureWarning: `torch.cuda.amp.custom_bwd(args...)` is deprecated. Please use `torch.amp.custom_bwd(args..., device_type='cuda')` instead.
  def backward(ctx, grad_out):
/home/manndo/anaconda3/envs/equibind/lib/python3.8/site-packages/dgl/backend/pytorch/sparse.py:498: FutureWarning: `torch.cuda.amp.custom_fwd(args...)` is deprecated. Please use `torch.amp.custom_fwd(args..., device_type='cuda')` instead.
  @custom_fwd(cast_inputs=th.float16)
/home/manndo/anaconda3/envs/equibind/lib/python3.8/site-packages/dgl/backend/pytorch/sparse.py:535: FutureWarning: `torch.cuda.amp.custom_bwd(args...)` is deprecated. Please use `torch.amp.custom_bwd(args..., device_type='cuda')` instead.
  def backward(ctx, *grad_out):
/home/manndo/anaconda3/envs/equibind/lib/python3.8/site-packages/dgl/backend/pytorch/sparse.py:566: FutureWarning: `torch.cuda.amp.custom_fwd(args...)` is deprecated. Please use `torch.amp.custom_fwd(args..., device_type='cuda')` instead.
  @custom_fwd(cast_inputs=th.float16)
/home/manndo/anaconda3/envs/equibind/lib/python3.8/site-packages/dgl/backend/pytorch/sparse.py:575: FutureWarning: `torch.cuda.amp.custom_bwd(args...)` is deprecated. Please use `torch.amp.custom_bwd(args..., device_type='cuda')` instead.
  def backward(ctx, dy):
/home/manndo/anaconda3/envs/equibind/lib/python3.8/site-packages/dgl/backend/pytorch/sparse.py:595: FutureWarning: `torch.cuda.amp.custom_fwd(args...)` is deprecated. Please use `torch.amp.custom_fwd(args..., device_type='cuda')` instead.
  @custom_fwd(cast_inputs=th.float16)
/home/manndo/anaconda3/envs/equibind/lib/python3.8/site-packages/dgl/backend/pytorch/sparse.py:603: FutureWarning: `torch.cuda.amp.custom_bwd(args...)` is deprecated. Please use `torch.amp.custom_bwd(args..., device_type='cuda')` instead.
  def backward(ctx, dy):
/home/manndo/anaconda3/envs/equibind/lib/python3.8/site-packages/dgl/backend/pytorch/sparse.py:666: FutureWarning: `torch.cuda.amp.custom_fwd(args...)` is deprecated. Please use `torch.amp.custom_fwd(args..., device_type='cuda')` instead.
  @custom_fwd(cast_inputs=th.float16)
/home/manndo/anaconda3/envs/equibind/lib/python3.8/site-packages/dgl/backend/pytorch/sparse.py:692: FutureWarning: `torch.cuda.amp.custom_fwd(args...)` is deprecated. Please use `torch.amp.custom_fwd(args..., device_type='cuda')` instead.
  @custom_fwd(cast_inputs=th.float16)
GPU detected: NVIDIA GeForce RTX 4070 Laptop GPU
================================================================================
EquiBind Batch Docking Configuration
================================================================================
  Workspace:        /home/manndo/master_dev
  Ligand dir:       /home/manndo/master_dev/Dockings/Benchmark_Equibind/_staging/7ODX_DGP/ligands
  Receptor dir:     /home/manndo/master_dev/Dockings/Benchmark_Equibind/_staging/7ODX_DGP/receptors
  EquiBind dir:     /home/manndo/tools/EquiBind
  EquiBind device:  cuda
  Output:           /home/manndo/master_dev/Dockings/Benchmark_Equibind/7ODX_DGP
  Pocket results:   fpocket=/home/manndo/master_dev/pocket_results/fpocket_results
                    p2rank=/home/manndo/master_dev/pocket_results/p2rank_results
  Top pockets:      3 per method
  Poses/pocket:     5
  Unguided poses:   5
  Workers:          26
  GPU batch size:   8
  UFF minimize:     True
  Skip existing:    True
  Force pocket:     True
  Protein cropping: True (radius=8.0Å + buffer=3.0Å)
================================================================================
================================================================================
GPU SUPPORT VALIDATION
================================================================================

PyTorch CUDA Status:
  PyTorch version: 2.4.1+cu124
  CUDA available: True
  CUDA version: 12.4
  Number of GPUs: 1
  GPU Name: NVIDIA GeForce RTX 4070 Laptop GPU
  GPU Memory: 8.59 GB
  ✓ GPU tensor operations working

NVIDIA GPU Information (nvidia-smi):
Sat May  2 09:27:23 2026       
+-----------------------------------------------------------------------------------------+
| NVIDIA-SMI 580.105.07             Driver Version: 581.80         CUDA Version: 13.0     |
+-----------------------------------------+------------------------+----------------------+
| GPU  Name                 Persistence-M | Bus-Id          Disp.A | Volatile Uncorr. ECC |
| Fan  Temp   Perf          Pwr:Usage/Cap |           Memory-Usage | GPU-Util  Compute M. |
|                                         |                        |               MIG M. |
|=========================================+========================+======================|
|   0  NVIDIA GeForce RTX 4070 ...    On  |   00000000:01:00.0 Off |                  N/A |
| N/A   55C    P3              3W /   55W |     664MiB /   8188MiB |      0%      Default |
|                                         |                        |                  N/A |
+-----------------------------------------+------------------------+----------------------+

+-----------------------------------------------------------------------------------------+
| Processes:                                                                              |
|  GPU   GI   CI              PID   Type   Process name                        GPU Memory |
|        ID   ID                                                               Usage      |
|=========================================================================================|
|    0   N/A  N/A           24683      C   /python3.8                            N/A      |
|    0   N/A  N/A          119203      C   /python3.8                            N/A      |
+-----------------------------------------------------------------------------------------+


================================================================================
✓ GPU ACCELERATION AVAILABLE
  Recommended setting: equibind_device = 'cuda'
  Current setting: equibind_device = 'cuda'
================================================================================
================================================================================
EquiBind Batch Docking Configuration
================================================================================
  Workspace:        /home/manndo/master_dev
  Ligand dir:       /home/manndo/master_dev/Dockings/Benchmark_Equibind/_staging/7ODX_DGP/ligands
  Receptor dir:     /home/manndo/master_dev/Dockings/Benchmark_Equibind/_staging/7ODX_DGP/receptors
  EquiBind dir:     /home/manndo/tools/EquiBind
  EquiBind device:  cuda
  Output:           /home/manndo/master_dev/Dockings/Benchmark_Equibind/7ODX_DGP
  Pocket results:   fpocket=/home/manndo/master_dev/pocket_results/fpocket_results
                    p2rank=/home/manndo/master_dev/pocket_results/p2rank_results
  Top pockets:      3 per method
  Poses/pocket:     5
  Unguided poses:   5
  Workers:          26
  GPU batch size:   8
  UFF minimize:     True
  Skip existing:    True
  Force pocket:     True
  Protein cropping: True (radius=8.0Å + buffer=3.0Å)
================================================================================
/home/manndo/master_dev/Scripts/Docking/equibind_pipeline/equibind_model.py:84: FutureWarning: You are using `torch.load` with `weights_only=False` (the current default value), which uses the default pickle module implicitly. It is possible to construct malicious pickle data which will execute arbitrary code during unpickling (See https://github.com/pytorch/pytorch/blob/main/SECURITY.md#untrusted-models for more details). In a future release, the default value for `weights_only` will be flipped to `True`. This limits the functions that could be executed during unpickling. Arbitrary objects will no longer be allowed to be loaded via this mode unless they are explicitly allowlisted by the user via `torch.serialization.add_safe_globals`. We recommend you start setting `weights_only=True` for any use case where you don't have full control of the loaded file. Please open an issue on GitHub for any issues related to this experimental feature.
  checkpoint = torch.load(str(ckpt_path), map_location=dev)
[2026-05-02 09:27:23.859676] [ Using Seed :  1  ]
    · EquiBind model loaded from /home/manndo/tools/EquiBind/runs/flexible_self_docking/best_checkpoint.pt
    ·   Device: cuda:0  |  Load time: 0.19s

──────────────────────────────────────────────────────────────────────
  GLOBALLY DECOUPLED 3-PHASE EQUIBIND PIPELINE
──────────────────────────────────────────────────────────────────────
  EquiBind device: cuda:0
  GPU batch size: 8
  Proteins: 1
  Ligands: 1
  Total combos: 1  (≈ 35 poses/combo)
  Workers: 26

    · 7ODX_DGP_protein: 3 fpocket + 2 p2rank pockets

Pre-computing ligand properties...
  1 ligands analysed
Pre-computing protein properties...
  1 proteins analysed
Docking log: /home/manndo/master_dev/Dockings/Benchmark_Equibind/7ODX_DGP/docking_log.csv (0 existing entries)

──────────────────────────────────────────────────────────────────────
  PHASE 1: CPU PREPARATION — ALL COMBOS
──────────────────────────────────────────────────────────────────────
    · Building receptor graph for 7ODX_DGP_protein_protein.pdb
    · Preparing cropped proteins for 5 pockets (5 workers)
    · Cropped protein for fpocket_raw_p001: 59 residues, 858 atoms (radius=11.0Å)
    · Cropped protein for fpocket_raw_p002: 55 residues, 773 atoms (radius=11.0Å)
    · Cropped protein for fpocket_raw_p003: 43 residues, 680 atoms (radius=11.0Å)    · Cropped protein for p2rank_raw_p001: 55 residues, 808 atoms (radius=11.0Å)
    · Cropped protein for p2rank_raw_p002: 45 residues, 703 atoms (radius=11.0Å)

    · Generating conformers for 1 ligands (26 workers)
    · Ligand 7ODX_DGP_ligand_start_conf: 10 conformers
    · Building DockJobs for 1 combos (26 workers)

────────────────────────────────────────────────────────────────────────────────
  PHASE 1 COMPLETE in 1.9s (0.0 min)
  Jobs prepared:    30
  Cached results:   0
  Unique proteins:  6
  Unique ligands:   1
  Receptor graphs:  6
────────────────────────────────────────────────────────────────────────────────

──────────────────────────────────────────────────────────────────────
  PHASE 2: GPU INFERENCE — 30 TOTAL JOBS
──────────────────────────────────────────────────────────────────────
    ·   7ODX_DGP_protein_protein_crop_fpocket_raw_p001.pdb: 5 jobs → 1 batches
[2026-05-02 09:27:26.386137] [ Using Seed :  2022  ]
/home/manndo/anaconda3/envs/equibind/lib/python3.8/site-packages/dgl/backend/pytorch/tensor.py:352: UserWarning: TypedStorage is deprecated. It will be removed in the future and UntypedStorage will be the only storage class. This should only matter to you if you are using storages directly.  To access UntypedStorage directly, use tensor.untyped_storage() instead of tensor.storage()
  assert input.numel() == input.storage().size(), "Cannot convert view " \
[2026-05-02 09:27:27.150990] [ Using Seed :  123  ]
[2026-05-02 09:27:27.201737] [ Using Seed :  3141  ]
[2026-05-02 09:27:27.258757] [ Using Seed :  42  ]
[2026-05-02 09:27:27.316613] [ Using Seed :  456  ]
    ·   7ODX_DGP_protein_protein_crop_fpocket_raw_p002.pdb: 5 jobs → 1 batches
[2026-05-02 09:27:27.372895] [ Using Seed :  2022  ]
[2026-05-02 09:27:27.426935] [ Using Seed :  123  ]
[2026-05-02 09:27:27.480677] [ Using Seed :  3141  ]
[2026-05-02 09:27:27.537895] [ Using Seed :  42  ]
[2026-05-02 09:27:27.594166] [ Using Seed :  456  ]
    ·   7ODX_DGP_protein_protein_crop_fpocket_raw_p003.pdb: 5 jobs → 1 batches
[2026-05-02 09:27:27.648618] [ Using Seed :  2022  ]
[2026-05-02 09:27:27.709088] [ Using Seed :  123  ]
[2026-05-02 09:27:27.763626] [ Using Seed :  3141  ]
[2026-05-02 09:27:27.836664] [ Using Seed :  42  ]
[2026-05-02 09:27:27.893405] [ Using Seed :  456  ]
    ·   7ODX_DGP_protein_protein_crop_p2rank_raw_p001.pdb: 5 jobs → 1 batches
[2026-05-02 09:27:27.952967] [ Using Seed :  2022  ]
[2026-05-02 09:27:28.006991] [ Using Seed :  123  ]
[2026-05-02 09:27:28.061287] [ Using Seed :  3141  ]
[2026-05-02 09:27:28.120223] [ Using Seed :  42  ]
[2026-05-02 09:27:28.176312] [ Using Seed :  456  ]
    ·   7ODX_DGP_protein_protein_crop_p2rank_raw_p002.pdb: 5 jobs → 1 batches
[2026-05-02 09:27:28.234628] [ Using Seed :  2022  ]
[2026-05-02 09:27:28.294980] [ Using Seed :  123  ]
[2026-05-02 09:27:28.353264] [ Using Seed :  3141  ]
[2026-05-02 09:27:28.414385] [ Using Seed :  42  ]
[2026-05-02 09:27:28.470898] [ Using Seed :  456  ]
    ·   7ODX_DGP_protein_protein.pdb: 5 jobs → 1 batches
[2026-05-02 09:27:28.527513] [ Using Seed :  2022  ]
[2026-05-02 09:27:28.579606] [ Using Seed :  123  ]
[2026-05-02 09:27:28.631338] [ Using Seed :  3141  ]
[2026-05-02 09:27:28.683643] [ Using Seed :  42  ]
[2026-05-02 09:27:28.737419] [ Using Seed :  456  ]

────────────────────────────────────────────────────────────────────────────────
  PHASE 2 COMPLETE in 3.0s (0.1 min)
  Total batches: 6
  Success: 30  |  Failed: 0
  Avg inference: 80.0ms per ligand
────────────────────────────────────────────────────────────────────────────────

──────────────────────────────────────────────────────────────────────
  PHASE 3: CPU POST-PROCESSING — 30 TOTAL JOBS
──────────────────────────────────────────────────────────────────────
    · Post-processing 30 new jobs (0 skipped)
    · UFF: pre-warmed protein cache for 1 unique protein(s)
    · Stage 1 (corrections+SDF): 0.3s — 0 done, 30 need UFF
    · Stage 2: UFF — 30 jobs, 26 process workers
 ⚠️  UFF FF construction failed on combined mol: Can't kekulize mol.  Unkekulized atoms: 5 6 7 8 9
 ⚠️  UFF FF construction failed on combined mol: Can't kekulize mol.  Unkekulized atoms: 69 70 71 72 73
 ⚠️  UFF FF construction failed on combined mol: Can't kekulize mol.  Unkekulized atoms: 69 70 71 72 73
 ⚠️  UFF FF construction failed on combined mol: Can't kekulize mol.  Unkekulized atoms: 55 56 57 58 59
 ⚠️  UFF FF construction failed on combined mol: Can't kekulize mol.  Unkekulized atoms: 5 6 7 8 9
 ⚠️  UFF FF construction failed on combined mol: Can't kekulize mol.  Unkekulized atoms: 69 70 71 72 73
 ⚠️  UFF FF construction failed on combined mol: Can't kekulize mol.  Unkekulized atoms: 5 6 7 8 9
 ⚠️  UFF FF construction failed on combined mol: Can't kekulize mol.  Unkekulized atoms: 55 56 57 58 59
 ⚠️  UFF FF construction failed on combined mol: Can't kekulize mol.  Unkekulized atoms: 5 6 7 8 9
 ⚠️  UFF FF construction failed on combined mol: Can't kekulize mol.  Unkekulized atoms: 21 22 23 24 25
 ⚠️  UFF FF construction failed on combined mol: Can't kekulize mol.  Unkekulized atoms: 21 22 23 24 25
    · UFF minimization: E 2861.4 → 2763.7 kcal/mol (ΔE=-97.8), not converged (code 1), 37 ligand + 514 protein atoms
    · UFF minimization: E 3122.0 → 3030.8 kcal/mol (ΔE=-91.2), converged, 37 ligand + 599 protein atoms
    · UFF minimization: E 3029.7 → 2935.9 kcal/mol (ΔE=-93.8), converged, 37 ligand + 581 protein atoms
    · UFF minimization: E 3312.1 → 3216.9 kcal/mol (ΔE=-95.3), converged, 37 ligand + 566 protein atoms
    · UFF minimization: E 2676.8 → 2580.8 kcal/mol (ΔE=-96.0), converged, 37 ligand + 478 protein atoms
    · UFF minimization: E 2939.7 → 2848.3 kcal/mol (ΔE=-91.4), not converged (code 1), 37 ligand + 544 protein atoms
    · UFF minimization: E 2926.5 → 2837.3 kcal/mol (ΔE=-89.2), not converged (code 1), 37 ligand + 545 protein atoms
    · UFF minimization: E 2658.2 → 2566.9 kcal/mol (ΔE=-91.3), not converged (code 1), 37 ligand + 477 protein atoms
    · UFF minimization: E 3253.8 → 3155.8 kcal/mol (ΔE=-98.0), converged, 37 ligand + 566 protein atoms
    · UFF minimization: E 3004.6 → 2903.6 kcal/mol (ΔE=-101.0), not converged (code 1), 37 ligand + 563 protein atoms
    · UFF minimization: E 3359.9 → 3263.5 kcal/mol (ΔE=-96.4), converged, 37 ligand + 633 protein atoms
    · UFF minimization: E 373122700533.9 → 3066.8 kcal/mol (ΔE=-373122697467.1), not converged (code 1), 37 ligand + 568 protein atoms
    · UFF minimization: E 3269.9 → 3172.5 kcal/mol (ΔE=-97.4), not converged (code 1), 37 ligand + 589 protein atoms
    · UFF minimization: E 3099.6 → 2999.3 kcal/mol (ΔE=-100.4), converged, 37 ligand + 592 protein atoms
    · UFF minimization: E 3271.4 → 3167.4 kcal/mol (ΔE=-104.0), not converged (code 1), 37 ligand + 584 protein atoms
    · UFF minimization: E 3269.7 → 3167.2 kcal/mol (ΔE=-102.5), not converged (code 1), 37 ligand + 596 protein atoms
    · UFF minimization: E 3487.6 → 3394.1 kcal/mol (ΔE=-93.6), not converged (code 1), 37 ligand + 608 protein atoms
    · UFF minimization: E 3420.1 → 3324.7 kcal/mol (ΔE=-95.3), converged, 37 ligand + 673 protein atoms
    · UFF minimization: E 3284.2 → 3186.9 kcal/mol (ΔE=-97.4), not converged (code 1), 37 ligand + 634 protein atoms
    · Stage 2 (UFF): 6.5s (4.6 jobs/s)
    · Checkpoint: saved guided_results.json for 1 combos

────────────────────────────────────────────────────────────────────────────────
  PHASE 3 COMPLETE in 6.9s (0.1 min)
  Already done: 0
  Newly processed: 30
  Success: 30  |  Failed: 0
────────────────────────────────────────────────────────────────────────────────

──────────────────────────────────────────────────────────────────────
  STATISTICS: UNGUIDED POSES vs POCKETS
──────────────────────────────────────────────────────────────────────
  Unguided poses: 5
  In fpocket: 0  In p2rank: 3  In either: 3

──────────────────────────────────────────────────────────────────────
  TIMING REPORT
──────────────────────────────────────────────────────────────────────

  GLOBAL PHASE TIMING:
  Phase                     Time (s)     Time (min)        %
  ------------------------- ------------ ------------ ------
  Phase 1: CPU Prep         1.9          0.0           15.9%
  Phase 2: GPU Dock         3.0          0.1           25.5%
  Phase 3: CPU Post         6.9          0.1           58.6%
  TOTAL (phases)            11.8         0.2          100.0%
  Pipeline wall time        11.8         0.2         

  Timing saved to: /home/manndo/master_dev/Dockings/Benchmark_Equibind/7ODX_DGP/pipeline_timing.csv
  Summary saved to: /home/manndo/master_dev/Dockings/Benchmark_Equibind/7ODX_DGP/pipeline_summary.json

══════════════════════════════════════════════════════════════════════
  SIGNAL MONITOR SUMMARY
══════════════════════════════════════════════════════════════════════
  EquiBind calls:        0
  Successful returns:    0
  Failed returns:        0
  Poses inside pocket:   0
  Poses rejected/outside:0
    ├ guided rejected:   0
    └ unguided outside:  0
══════════════════════════════════════════════════════════════════════

✓ Pipeline complete.
  Poses (success): 30
  Poses (failed):  0
  Wall time:       11.8s
