/home/manndo/anaconda3/envs/equibind/lib/python3.8/site-packages/dgl/backend/pytorch/sparse.py:104: FutureWarning: `torch.cuda.amp.custom_fwd(args...)` is deprecated. Please use `torch.amp.custom_fwd(args..., device_type='cuda')` instead.
  @custom_fwd(cast_inputs=th.float16)
/home/manndo/anaconda3/envs/equibind/lib/python3.8/site-packages/dgl/backend/pytorch/sparse.py:128: FutureWarning: `torch.cuda.amp.custom_bwd(args...)` is deprecated. Please use `torch.amp.custom_bwd(args..., device_type='cuda')` instead.
  def backward(ctx, dZ):
/home/manndo/anaconda3/envs/equibind/lib/python3.8/site-packages/dgl/backend/pytorch/sparse.py:177: FutureWarning: `torch.cuda.amp.custom_fwd(args...)` is deprecated. Please use `torch.amp.custom_fwd(args..., device_type='cuda')` instead.
  @custom_fwd(cast_inputs=th.float16)
/home/manndo/anaconda3/envs/equibind/lib/python3.8/site-packages/dgl/backend/pytorch/sparse.py:207: FutureWarning: `torch.cuda.amp.custom_bwd(args...)` is deprecated. Please use `torch.amp.custom_bwd(args..., device_type='cuda')` instead.
  def backward(ctx, *dZ):
/home/manndo/anaconda3/envs/equibind/lib/python3.8/site-packages/dgl/backend/pytorch/sparse.py:287: FutureWarning: `torch.cuda.amp.custom_fwd(args...)` is deprecated. Please use `torch.amp.custom_fwd(args..., device_type='cuda')` instead.
  @custom_fwd(cast_inputs=th.float16)
/home/manndo/anaconda3/envs/equibind/lib/python3.8/site-packages/dgl/backend/pytorch/sparse.py:304: FutureWarning: `torch.cuda.amp.custom_bwd(args...)` is deprecated. Please use `torch.amp.custom_bwd(args..., device_type='cuda')` instead.
  def backward(ctx, dZ):
/home/manndo/anaconda3/envs/equibind/lib/python3.8/site-packages/dgl/backend/pytorch/sparse.py:352: FutureWarning: `torch.cuda.amp.custom_fwd(args...)` is deprecated. Please use `torch.amp.custom_fwd(args..., device_type='cuda')` instead.
  @custom_fwd(cast_inputs=th.float16)
/home/manndo/anaconda3/envs/equibind/lib/python3.8/site-packages/dgl/backend/pytorch/sparse.py:371: FutureWarning: `torch.cuda.amp.custom_bwd(args...)` is deprecated. Please use `torch.amp.custom_bwd(args..., device_type='cuda')` instead.
  def backward(ctx, *dZ):
/home/manndo/anaconda3/envs/equibind/lib/python3.8/site-packages/dgl/backend/pytorch/sparse.py:431: FutureWarning: `torch.cuda.amp.custom_fwd(args...)` is deprecated. Please use `torch.amp.custom_fwd(args..., device_type='cuda')` instead.
  @custom_fwd(cast_inputs=th.float16)
/home/manndo/anaconda3/envs/equibind/lib/python3.8/site-packages/dgl/backend/pytorch/sparse.py:467: FutureWarning: `torch.cuda.amp.custom_bwd(args...)` is deprecated. Please use `torch.amp.custom_bwd(args..., device_type='cuda')` instead.
  def backward(ctx, grad_out):
/home/manndo/anaconda3/envs/equibind/lib/python3.8/site-packages/dgl/backend/pytorch/sparse.py:498: FutureWarning: `torch.cuda.amp.custom_fwd(args...)` is deprecated. Please use `torch.amp.custom_fwd(args..., device_type='cuda')` instead.
  @custom_fwd(cast_inputs=th.float16)
/home/manndo/anaconda3/envs/equibind/lib/python3.8/site-packages/dgl/backend/pytorch/sparse.py:535: FutureWarning: `torch.cuda.amp.custom_bwd(args...)` is deprecated. Please use `torch.amp.custom_bwd(args..., device_type='cuda')` instead.
  def backward(ctx, *grad_out):
/home/manndo/anaconda3/envs/equibind/lib/python3.8/site-packages/dgl/backend/pytorch/sparse.py:566: FutureWarning: `torch.cuda.amp.custom_fwd(args...)` is deprecated. Please use `torch.amp.custom_fwd(args..., device_type='cuda')` instead.
  @custom_fwd(cast_inputs=th.float16)
/home/manndo/anaconda3/envs/equibind/lib/python3.8/site-packages/dgl/backend/pytorch/sparse.py:575: FutureWarning: `torch.cuda.amp.custom_bwd(args...)` is deprecated. Please use `torch.amp.custom_bwd(args..., device_type='cuda')` instead.
  def backward(ctx, dy):
/home/manndo/anaconda3/envs/equibind/lib/python3.8/site-packages/dgl/backend/pytorch/sparse.py:595: FutureWarning: `torch.cuda.amp.custom_fwd(args...)` is deprecated. Please use `torch.amp.custom_fwd(args..., device_type='cuda')` instead.
  @custom_fwd(cast_inputs=th.float16)
/home/manndo/anaconda3/envs/equibind/lib/python3.8/site-packages/dgl/backend/pytorch/sparse.py:603: FutureWarning: `torch.cuda.amp.custom_bwd(args...)` is deprecated. Please use `torch.amp.custom_bwd(args..., device_type='cuda')` instead.
  def backward(ctx, dy):
/home/manndo/anaconda3/envs/equibind/lib/python3.8/site-packages/dgl/backend/pytorch/sparse.py:666: FutureWarning: `torch.cuda.amp.custom_fwd(args...)` is deprecated. Please use `torch.amp.custom_fwd(args..., device_type='cuda')` instead.
  @custom_fwd(cast_inputs=th.float16)
/home/manndo/anaconda3/envs/equibind/lib/python3.8/site-packages/dgl/backend/pytorch/sparse.py:692: FutureWarning: `torch.cuda.amp.custom_fwd(args...)` is deprecated. Please use `torch.amp.custom_fwd(args..., device_type='cuda')` instead.
  @custom_fwd(cast_inputs=th.float16)
GPU detected: NVIDIA GeForce RTX 4070 Laptop GPU
================================================================================
EquiBind Batch Docking Configuration
================================================================================
  Workspace:        /home/manndo/master_dev
  Ligand dir:       /home/manndo/master_dev/Dockings/Benchmark_Equibind/_staging/7RWS_4UR/ligands
  Receptor dir:     /home/manndo/master_dev/Dockings/Benchmark_Equibind/_staging/7RWS_4UR/receptors
  EquiBind dir:     /home/manndo/tools/EquiBind
  EquiBind device:  cuda
  Output:           /home/manndo/master_dev/Dockings/Benchmark_Equibind/7RWS_4UR
  Pocket results:   fpocket=/home/manndo/master_dev/pocket_results/fpocket_results
                    p2rank=/home/manndo/master_dev/pocket_results/p2rank_results
  Top pockets:      3 per method
  Poses/pocket:     5
  Unguided poses:   5
  Workers:          26
  GPU batch size:   8
  UFF minimize:     True
  Skip existing:    True
  Force pocket:     True
  Protein cropping: True (radius=8.0Å + buffer=3.0Å)
================================================================================
================================================================================
GPU SUPPORT VALIDATION
================================================================================

PyTorch CUDA Status:
  PyTorch version: 2.4.1+cu124
  CUDA available: True
  CUDA version: 12.4
  Number of GPUs: 1
  GPU Name: NVIDIA GeForce RTX 4070 Laptop GPU
  GPU Memory: 8.59 GB
  ✓ GPU tensor operations working

NVIDIA GPU Information (nvidia-smi):
Sat May  2 10:03:49 2026       
+-----------------------------------------------------------------------------------------+
| NVIDIA-SMI 580.105.07             Driver Version: 581.80         CUDA Version: 13.0     |
+-----------------------------------------+------------------------+----------------------+
| GPU  Name                 Persistence-M | Bus-Id          Disp.A | Volatile Uncorr. ECC |
| Fan  Temp   Perf          Pwr:Usage/Cap |           Memory-Usage | GPU-Util  Compute M. |
|                                         |                        |               MIG M. |
|=========================================+========================+======================|
|   0  NVIDIA GeForce RTX 4070 ...    On  |   00000000:01:00.0 Off |                  N/A |
| N/A   55C    P3              8W /   55W |     664MiB /   8188MiB |      9%      Default |
|                                         |                        |                  N/A |
+-----------------------------------------+------------------------+----------------------+

+-----------------------------------------------------------------------------------------+
| Processes:                                                                              |
|  GPU   GI   CI              PID   Type   Process name                        GPU Memory |
|        ID   ID                                                               Usage      |
|=========================================================================================|
|    0   N/A  N/A           24683      C   /python3.8                            N/A      |
|    0   N/A  N/A          132228      C   /python3.8                            N/A      |
+-----------------------------------------------------------------------------------------+


================================================================================
✓ GPU ACCELERATION AVAILABLE
  Recommended setting: equibind_device = 'cuda'
  Current setting: equibind_device = 'cuda'
================================================================================
================================================================================
EquiBind Batch Docking Configuration
================================================================================
  Workspace:        /home/manndo/master_dev
  Ligand dir:       /home/manndo/master_dev/Dockings/Benchmark_Equibind/_staging/7RWS_4UR/ligands
  Receptor dir:     /home/manndo/master_dev/Dockings/Benchmark_Equibind/_staging/7RWS_4UR/receptors
  EquiBind dir:     /home/manndo/tools/EquiBind
  EquiBind device:  cuda
  Output:           /home/manndo/master_dev/Dockings/Benchmark_Equibind/7RWS_4UR
  Pocket results:   fpocket=/home/manndo/master_dev/pocket_results/fpocket_results
                    p2rank=/home/manndo/master_dev/pocket_results/p2rank_results
  Top pockets:      3 per method
  Poses/pocket:     5
  Unguided poses:   5
  Workers:          26
  GPU batch size:   8
  UFF minimize:     True
  Skip existing:    True
  Force pocket:     True
  Protein cropping: True (radius=8.0Å + buffer=3.0Å)
================================================================================
/home/manndo/master_dev/Scripts/Docking/equibind_pipeline/equibind_model.py:84: FutureWarning: You are using `torch.load` with `weights_only=False` (the current default value), which uses the default pickle module implicitly. It is possible to construct malicious pickle data which will execute arbitrary code during unpickling (See https://github.com/pytorch/pytorch/blob/main/SECURITY.md#untrusted-models for more details). In a future release, the default value for `weights_only` will be flipped to `True`. This limits the functions that could be executed during unpickling. Arbitrary objects will no longer be allowed to be loaded via this mode unless they are explicitly allowlisted by the user via `torch.serialization.add_safe_globals`. We recommend you start setting `weights_only=True` for any use case where you don't have full control of the loaded file. Please open an issue on GitHub for any issues related to this experimental feature.
  checkpoint = torch.load(str(ckpt_path), map_location=dev)
[2026-05-02 10:03:49.591087] [ Using Seed :  1  ]
    · EquiBind model loaded from /home/manndo/tools/EquiBind/runs/flexible_self_docking/best_checkpoint.pt
    ·   Device: cuda:0  |  Load time: 0.18s

──────────────────────────────────────────────────────────────────────
  GLOBALLY DECOUPLED 3-PHASE EQUIBIND PIPELINE
──────────────────────────────────────────────────────────────────────
  EquiBind device: cuda:0
  GPU batch size: 8
  Proteins: 1
  Ligands: 1
  Total combos: 1  (≈ 35 poses/combo)
  Workers: 26

    · 7RWS_4UR_protein: 3 fpocket + 3 p2rank pockets

Pre-computing ligand properties...
  1 ligands analysed
Pre-computing protein properties...
  1 proteins analysed
Docking log: /home/manndo/master_dev/Dockings/Benchmark_Equibind/7RWS_4UR/docking_log.csv (0 existing entries)

──────────────────────────────────────────────────────────────────────
  PHASE 1: CPU PREPARATION — ALL COMBOS
──────────────────────────────────────────────────────────────────────
    · Building receptor graph for 7RWS_4UR_protein_protein.pdb
    · Preparing cropped proteins for 6 pockets (6 workers)
    · Cropped protein for fpocket_raw_p003: 36 residues, 588 atoms (radius=11.0Å)
    · Cropped protein for fpocket_raw_p001: 37 residues, 646 atoms (radius=11.0Å)    · Cropped protein for p2rank_raw_p002: 41 residues, 668 atoms (radius=11.0Å)

    · Cropped protein for fpocket_raw_p002: 58 residues, 976 atoms (radius=11.0Å)
    · Cropped protein for p2rank_raw_p003: 36 residues, 625 atoms (radius=11.0Å)    · Cropped protein for p2rank_raw_p001: 32 residues, 567 atoms (radius=11.0Å)

    · Generating conformers for 1 ligands (26 workers)
    · Ligand 7RWS_4UR_ligand_start_conf: 10 conformers
    · Building DockJobs for 1 combos (26 workers)

────────────────────────────────────────────────────────────────────────────────
  PHASE 1 COMPLETE in 2.0s (0.0 min)
  Jobs prepared:    35
  Cached results:   0
  Unique proteins:  7
  Unique ligands:   1
  Receptor graphs:  7
────────────────────────────────────────────────────────────────────────────────

──────────────────────────────────────────────────────────────────────
  PHASE 2: GPU INFERENCE — 35 TOTAL JOBS
──────────────────────────────────────────────────────────────────────
    ·   7RWS_4UR_protein_protein_crop_fpocket_raw_p001.pdb: 5 jobs → 1 batches
[2026-05-02 10:03:52.202743] [ Using Seed :  789  ]
/home/manndo/anaconda3/envs/equibind/lib/python3.8/site-packages/dgl/backend/pytorch/tensor.py:352: UserWarning: TypedStorage is deprecated. It will be removed in the future and UntypedStorage will be the only storage class. This should only matter to you if you are using storages directly.  To access UntypedStorage directly, use tensor.untyped_storage() instead of tensor.storage()
  assert input.numel() == input.storage().size(), "Cannot convert view " \
[2026-05-02 10:03:52.901329] [ Using Seed :  1001  ]
[2026-05-02 10:03:52.958950] [ Using Seed :  2022  ]
[2026-05-02 10:03:53.016687] [ Using Seed :  42  ]
[2026-05-02 10:03:53.072767] [ Using Seed :  3141  ]
    ·   7RWS_4UR_protein_protein_crop_fpocket_raw_p002.pdb: 5 jobs → 1 batches
[2026-05-02 10:03:53.131549] [ Using Seed :  789  ]
[2026-05-02 10:03:53.191528] [ Using Seed :  1001  ]
[2026-05-02 10:03:53.251371] [ Using Seed :  2022  ]
[2026-05-02 10:03:53.308772] [ Using Seed :  42  ]
[2026-05-02 10:03:53.370127] [ Using Seed :  3141  ]
    ·   7RWS_4UR_protein_protein_crop_fpocket_raw_p003.pdb: 5 jobs → 1 batches
[2026-05-02 10:03:53.432046] [ Using Seed :  789  ]
[2026-05-02 10:03:53.488470] [ Using Seed :  1001  ]
[2026-05-02 10:03:53.544299] [ Using Seed :  2022  ]
[2026-05-02 10:03:53.601253] [ Using Seed :  42  ]
[2026-05-02 10:03:53.653830] [ Using Seed :  3141  ]
    ·   7RWS_4UR_protein_protein_crop_p2rank_raw_p001.pdb: 5 jobs → 1 batches
[2026-05-02 10:03:53.711729] [ Using Seed :  789  ]
[2026-05-02 10:03:53.774243] [ Using Seed :  1001  ]
[2026-05-02 10:03:53.834361] [ Using Seed :  2022  ]
[2026-05-02 10:03:53.892216] [ Using Seed :  42  ]
[2026-05-02 10:03:53.952628] [ Using Seed :  3141  ]
    ·   7RWS_4UR_protein_protein_crop_p2rank_raw_p002.pdb: 5 jobs → 1 batches
[2026-05-02 10:03:54.007281] [ Using Seed :  789  ]
[2026-05-02 10:03:54.068384] [ Using Seed :  1001  ]
[2026-05-02 10:03:54.125570] [ Using Seed :  2022  ]
[2026-05-02 10:03:54.185576] [ Using Seed :  42  ]
[2026-05-02 10:03:54.244453] [ Using Seed :  3141  ]
    ·   7RWS_4UR_protein_protein_crop_p2rank_raw_p003.pdb: 5 jobs → 1 batches
[2026-05-02 10:03:54.301574] [ Using Seed :  789  ]
[2026-05-02 10:03:54.360163] [ Using Seed :  1001  ]
[2026-05-02 10:03:54.417683] [ Using Seed :  2022  ]
[2026-05-02 10:03:54.473655] [ Using Seed :  42  ]
[2026-05-02 10:03:54.530255] [ Using Seed :  3141  ]
    ·   7RWS_4UR_protein_protein.pdb: 5 jobs → 1 batches
[2026-05-02 10:03:54.593723] [ Using Seed :  789  ]
[2026-05-02 10:03:54.647345] [ Using Seed :  1001  ]
[2026-05-02 10:03:54.699546] [ Using Seed :  2022  ]
[2026-05-02 10:03:54.757181] [ Using Seed :  42  ]
[2026-05-02 10:03:54.813134] [ Using Seed :  3141  ]

────────────────────────────────────────────────────────────────────────────────
  PHASE 2 COMPLETE in 3.2s (0.1 min)
  Total batches: 7
  Success: 35  |  Failed: 0
  Avg inference: 76.0ms per ligand
────────────────────────────────────────────────────────────────────────────────

──────────────────────────────────────────────────────────────────────
  PHASE 3: CPU POST-PROCESSING — 35 TOTAL JOBS
──────────────────────────────────────────────────────────────────────
    · Post-processing 35 new jobs (0 skipped)
    · UFF: pre-warmed protein cache for 1 unique protein(s)
    · Stage 1 (corrections+SDF): 0.4s — 0 done, 35 need UFF
    · Stage 2: UFF — 35 jobs, 26 process workers
 ⚠️  UFF FF construction failed on combined mol: Can't kekulize mol.  Unkekulized atoms: 46 47 48 49 50 51 52 53 54
 ⚠️  UFF FF construction failed on combined mol: Can't kekulize mol.  Unkekulized atoms: 46 47 48 49 50 51 52 53 54
 ⚠️  UFF FF construction failed on combined mol: Can't kekulize mol.  Unkekulized atoms: 20 21 22 23 24 25 26 27 28
 ⚠️  UFF FF construction failed on combined mol: Can't kekulize mol.  Unkekulized atoms: 20 21 22 23 24 25 26 27 28
 ⚠️  UFF FF construction failed on combined mol: Can't kekulize mol.  Unkekulized atoms: 5 6 7 8 9 10 11 12 13
 ⚠️  UFF FF construction failed on combined mol: Can't kekulize mol.  Unkekulized atoms: 27 28 29 30 31 32 33 34 35
 ⚠️  UFF FF construction failed on combined mol: Can't kekulize mol.  Unkekulized atoms: 27 28 29 30 31 32 33 34 35
 ⚠️  UFF FF construction failed on combined mol: Can't kekulize mol.  Unkekulized atoms: 5 6 7 8 9 10 11 12 13
 ⚠️  UFF FF construction failed on combined mol: Can't kekulize mol.  Unkekulized atoms: 20 21 22 23 24 25 26 27 28
 ⚠️  UFF FF construction failed on combined mol: Can't kekulize mol.  Unkekulized atoms: 5 6 7 8 9 10 11 12 13
 ⚠️  UFF FF construction failed on combined mol: Can't kekulize mol.  Unkekulized atoms: 20 21 22 23 24 25 26 27 28
 ⚠️  UFF FF construction failed on combined mol: Can't kekulize mol.  Unkekulized atoms: 27 28 29 30 31 32 33 34 35
 ⚠️  UFF FF construction failed on combined mol: Can't kekulize mol.  Unkekulized atoms: 48 49 50 51 52 53 54 55 56
 ⚠️  UFF FF construction failed on combined mol: Can't kekulize mol.  Unkekulized atoms: 20 21 22 23 24 25 26 27 28
 ⚠️  UFF FF construction failed on combined mol: Can't kekulize mol.  Unkekulized atoms: 5 6 7 8 9 10 11 12 13
 ⚠️  UFF FF construction failed on combined mol: Can't kekulize mol.  Unkekulized atoms: 5 6 7 8 9 10 11 12 13 ⚠️  UFF FF construction failed on combined mol: Can't kekulize mol.  Unkekulized atoms: 36 37 38 39 40 41 42 43 44

 ⚠️  UFF FF construction failed on combined mol: Can't kekulize mol.  Unkekulized atoms: 48 49 50 51 52 53 54 55 56
 ⚠️  UFF FF construction failed on combined mol: Can't kekulize mol.  Unkekulized atoms: 67 68 69 70 71 72 73 74 75
 ⚠️  UFF FF construction failed on combined mol: Can't kekulize mol.  Unkekulized atoms: 141 142 143 144 145 146 147 148 149
 ⚠️  UFF FF construction failed on combined mol: Can't kekulize mol.  Unkekulized atoms: 5 6 7 8 9 10 11 12 13
 ⚠️  UFF FF construction failed on combined mol: Can't kekulize mol.  Unkekulized atoms: 67 68 69 70 71 72 73 74 75
 ⚠️  UFF FF construction failed on combined mol: Can't kekulize mol.  Unkekulized atoms: 20 21 22 23 24 25 26 27 28
    · UFF minimization: E 2420.4 → 2061.6 kcal/mol (ΔE=-358.8), not converged (code 1), 69 ligand + 413 protein atoms
    · UFF minimization: E 2853.5 → 2524.2 kcal/mol (ΔE=-329.3), not converged (code 1), 69 ligand + 480 protein atoms
    · UFF minimization: E 2557.9 → 2207.1 kcal/mol (ΔE=-350.8), not converged (code 1), 69 ligand + 436 protein atoms
    · UFF minimization: E 3269.5 → 2926.1 kcal/mol (ΔE=-343.4), not converged (code 1), 69 ligand + 581 protein atoms
    · UFF minimization: E 3080.0 → 2737.1 kcal/mol (ΔE=-342.9), not converged (code 1), 69 ligand + 548 protein atoms
    · UFF minimization: E 3201.7 → 2846.1 kcal/mol (ΔE=-355.6), not converged (code 1), 69 ligand + 551 protein atoms
    · UFF minimization: E 3349.3 → 2998.8 kcal/mol (ΔE=-350.5), not converged (code 1), 69 ligand + 568 protein atoms
    · UFF minimization: E 3487.7 → 3118.5 kcal/mol (ΔE=-369.2), not converged (code 1), 69 ligand + 588 protein atoms
    · UFF minimization: E 3728.9 → 3419.2 kcal/mol (ΔE=-309.7), not converged (code 1), 69 ligand + 660 protein atoms
    · UFF minimization: E 3683.6 → 3347.2 kcal/mol (ΔE=-336.5), not converged (code 1), 69 ligand + 648 protein atoms
    · UFF minimization: E 3889.4 → 3521.0 kcal/mol (ΔE=-368.4), not converged (code 1), 69 ligand + 683 protein atoms
    · UFF minimization: E 3815.4 → 3519.6 kcal/mol (ΔE=-295.8), not converged (code 1), 69 ligand + 667 protein atoms
    · Stage 2 (UFF): 5.5s (6.4 jobs/s)
    · Checkpoint: saved guided_results.json for 1 combos

────────────────────────────────────────────────────────────────────────────────
  PHASE 3 COMPLETE in 5.9s (0.1 min)
  Already done: 0
  Newly processed: 35
  Success: 35  |  Failed: 0
────────────────────────────────────────────────────────────────────────────────

──────────────────────────────────────────────────────────────────────
  STATISTICS: UNGUIDED POSES vs POCKETS
──────────────────────────────────────────────────────────────────────
  Unguided poses: 5
  In fpocket: 0  In p2rank: 3  In either: 3

──────────────────────────────────────────────────────────────────────
  TIMING REPORT
──────────────────────────────────────────────────────────────────────

  GLOBAL PHASE TIMING:
  Phase                     Time (s)     Time (min)        %
  ------------------------- ------------ ------------ ------
  Phase 1: CPU Prep         2.0          0.0           18.0%
  Phase 2: GPU Dock         3.2          0.1           28.8%
  Phase 3: CPU Post         5.9          0.1           53.2%
  TOTAL (phases)            11.1         0.2          100.0%
  Pipeline wall time        11.1         0.2         

  Timing saved to: /home/manndo/master_dev/Dockings/Benchmark_Equibind/7RWS_4UR/pipeline_timing.csv
  Summary saved to: /home/manndo/master_dev/Dockings/Benchmark_Equibind/7RWS_4UR/pipeline_summary.json

══════════════════════════════════════════════════════════════════════
  SIGNAL MONITOR SUMMARY
══════════════════════════════════════════════════════════════════════
  EquiBind calls:        0
  Successful returns:    0
  Failed returns:        0
  Poses inside pocket:   0
  Poses rejected/outside:0
    ├ guided rejected:   0
    └ unguided outside:  0
══════════════════════════════════════════════════════════════════════

✓ Pipeline complete.
  Poses (success): 35
  Poses (failed):  0
  Wall time:       11.1s
