/home/manndo/anaconda3/envs/equibind/lib/python3.8/site-packages/dgl/backend/pytorch/sparse.py:104: FutureWarning: `torch.cuda.amp.custom_fwd(args...)` is deprecated. Please use `torch.amp.custom_fwd(args..., device_type='cuda')` instead.
  @custom_fwd(cast_inputs=th.float16)
/home/manndo/anaconda3/envs/equibind/lib/python3.8/site-packages/dgl/backend/pytorch/sparse.py:128: FutureWarning: `torch.cuda.amp.custom_bwd(args...)` is deprecated. Please use `torch.amp.custom_bwd(args..., device_type='cuda')` instead.
  def backward(ctx, dZ):
/home/manndo/anaconda3/envs/equibind/lib/python3.8/site-packages/dgl/backend/pytorch/sparse.py:177: FutureWarning: `torch.cuda.amp.custom_fwd(args...)` is deprecated. Please use `torch.amp.custom_fwd(args..., device_type='cuda')` instead.
  @custom_fwd(cast_inputs=th.float16)
/home/manndo/anaconda3/envs/equibind/lib/python3.8/site-packages/dgl/backend/pytorch/sparse.py:207: FutureWarning: `torch.cuda.amp.custom_bwd(args...)` is deprecated. Please use `torch.amp.custom_bwd(args..., device_type='cuda')` instead.
  def backward(ctx, *dZ):
/home/manndo/anaconda3/envs/equibind/lib/python3.8/site-packages/dgl/backend/pytorch/sparse.py:287: FutureWarning: `torch.cuda.amp.custom_fwd(args...)` is deprecated. Please use `torch.amp.custom_fwd(args..., device_type='cuda')` instead.
  @custom_fwd(cast_inputs=th.float16)
/home/manndo/anaconda3/envs/equibind/lib/python3.8/site-packages/dgl/backend/pytorch/sparse.py:304: FutureWarning: `torch.cuda.amp.custom_bwd(args...)` is deprecated. Please use `torch.amp.custom_bwd(args..., device_type='cuda')` instead.
  def backward(ctx, dZ):
/home/manndo/anaconda3/envs/equibind/lib/python3.8/site-packages/dgl/backend/pytorch/sparse.py:352: FutureWarning: `torch.cuda.amp.custom_fwd(args...)` is deprecated. Please use `torch.amp.custom_fwd(args..., device_type='cuda')` instead.
  @custom_fwd(cast_inputs=th.float16)
/home/manndo/anaconda3/envs/equibind/lib/python3.8/site-packages/dgl/backend/pytorch/sparse.py:371: FutureWarning: `torch.cuda.amp.custom_bwd(args...)` is deprecated. Please use `torch.amp.custom_bwd(args..., device_type='cuda')` instead.
  def backward(ctx, *dZ):
/home/manndo/anaconda3/envs/equibind/lib/python3.8/site-packages/dgl/backend/pytorch/sparse.py:431: FutureWarning: `torch.cuda.amp.custom_fwd(args...)` is deprecated. Please use `torch.amp.custom_fwd(args..., device_type='cuda')` instead.
  @custom_fwd(cast_inputs=th.float16)
/home/manndo/anaconda3/envs/equibind/lib/python3.8/site-packages/dgl/backend/pytorch/sparse.py:467: FutureWarning: `torch.cuda.amp.custom_bwd(args...)` is deprecated. Please use `torch.amp.custom_bwd(args..., device_type='cuda')` instead.
  def backward(ctx, grad_out):
/home/manndo/anaconda3/envs/equibind/lib/python3.8/site-packages/dgl/backend/pytorch/sparse.py:498: FutureWarning: `torch.cuda.amp.custom_fwd(args...)` is deprecated. Please use `torch.amp.custom_fwd(args..., device_type='cuda')` instead.
  @custom_fwd(cast_inputs=th.float16)
/home/manndo/anaconda3/envs/equibind/lib/python3.8/site-packages/dgl/backend/pytorch/sparse.py:535: FutureWarning: `torch.cuda.amp.custom_bwd(args...)` is deprecated. Please use `torch.amp.custom_bwd(args..., device_type='cuda')` instead.
  def backward(ctx, *grad_out):
/home/manndo/anaconda3/envs/equibind/lib/python3.8/site-packages/dgl/backend/pytorch/sparse.py:566: FutureWarning: `torch.cuda.amp.custom_fwd(args...)` is deprecated. Please use `torch.amp.custom_fwd(args..., device_type='cuda')` instead.
  @custom_fwd(cast_inputs=th.float16)
/home/manndo/anaconda3/envs/equibind/lib/python3.8/site-packages/dgl/backend/pytorch/sparse.py:575: FutureWarning: `torch.cuda.amp.custom_bwd(args...)` is deprecated. Please use `torch.amp.custom_bwd(args..., device_type='cuda')` instead.
  def backward(ctx, dy):
/home/manndo/anaconda3/envs/equibind/lib/python3.8/site-packages/dgl/backend/pytorch/sparse.py:595: FutureWarning: `torch.cuda.amp.custom_fwd(args...)` is deprecated. Please use `torch.amp.custom_fwd(args..., device_type='cuda')` instead.
  @custom_fwd(cast_inputs=th.float16)
/home/manndo/anaconda3/envs/equibind/lib/python3.8/site-packages/dgl/backend/pytorch/sparse.py:603: FutureWarning: `torch.cuda.amp.custom_bwd(args...)` is deprecated. Please use `torch.amp.custom_bwd(args..., device_type='cuda')` instead.
  def backward(ctx, dy):
/home/manndo/anaconda3/envs/equibind/lib/python3.8/site-packages/dgl/backend/pytorch/sparse.py:666: FutureWarning: `torch.cuda.amp.custom_fwd(args...)` is deprecated. Please use `torch.amp.custom_fwd(args..., device_type='cuda')` instead.
  @custom_fwd(cast_inputs=th.float16)
/home/manndo/anaconda3/envs/equibind/lib/python3.8/site-packages/dgl/backend/pytorch/sparse.py:692: FutureWarning: `torch.cuda.amp.custom_fwd(args...)` is deprecated. Please use `torch.amp.custom_fwd(args..., device_type='cuda')` instead.
  @custom_fwd(cast_inputs=th.float16)
GPU detected: NVIDIA GeForce RTX 4070 Laptop GPU
================================================================================
EquiBind Batch Docking Configuration
================================================================================
  Workspace:        /home/manndo/master_dev
  Ligand dir:       /home/manndo/master_dev/Dockings/Benchmark_Equibind/_staging/7RZL_NPO/ligands
  Receptor dir:     /home/manndo/master_dev/Dockings/Benchmark_Equibind/_staging/7RZL_NPO/receptors
  EquiBind dir:     /home/manndo/tools/EquiBind
  EquiBind device:  cuda
  Output:           /home/manndo/master_dev/Dockings/Benchmark_Equibind/7RZL_NPO
  Pocket results:   fpocket=/home/manndo/master_dev/pocket_results/fpocket_results
                    p2rank=/home/manndo/master_dev/pocket_results/p2rank_results
  Top pockets:      3 per method
  Poses/pocket:     5
  Unguided poses:   5
  Workers:          26
  GPU batch size:   8
  UFF minimize:     True
  Skip existing:    True
  Force pocket:     True
  Protein cropping: True (radius=8.0Å + buffer=3.0Å)
================================================================================
================================================================================
GPU SUPPORT VALIDATION
================================================================================

PyTorch CUDA Status:
  PyTorch version: 2.4.1+cu124
  CUDA available: True
  CUDA version: 12.4
  Number of GPUs: 1
  GPU Name: NVIDIA GeForce RTX 4070 Laptop GPU
  GPU Memory: 8.59 GB
  ✓ GPU tensor operations working

NVIDIA GPU Information (nvidia-smi):
Sat May  2 10:04:02 2026       
+-----------------------------------------------------------------------------------------+
| NVIDIA-SMI 580.105.07             Driver Version: 581.80         CUDA Version: 13.0     |
+-----------------------------------------+------------------------+----------------------+
| GPU  Name                 Persistence-M | Bus-Id          Disp.A | Volatile Uncorr. ECC |
| Fan  Temp   Perf          Pwr:Usage/Cap |           Memory-Usage | GPU-Util  Compute M. |
|                                         |                        |               MIG M. |
|=========================================+========================+======================|
|   0  NVIDIA GeForce RTX 4070 ...    On  |   00000000:01:00.0 Off |                  N/A |
| N/A   55C    P3              6W /   55W |     664MiB /   8188MiB |      8%      Default |
|                                         |                        |                  N/A |
+-----------------------------------------+------------------------+----------------------+

+-----------------------------------------------------------------------------------------+
| Processes:                                                                              |
|  GPU   GI   CI              PID   Type   Process name                        GPU Memory |
|        ID   ID                                                               Usage      |
|=========================================================================================|
|    0   N/A  N/A           24683      C   /python3.8                            N/A      |
|    0   N/A  N/A          132363      C   /python3.8                            N/A      |
+-----------------------------------------------------------------------------------------+


================================================================================
✓ GPU ACCELERATION AVAILABLE
  Recommended setting: equibind_device = 'cuda'
  Current setting: equibind_device = 'cuda'
================================================================================
================================================================================
EquiBind Batch Docking Configuration
================================================================================
  Workspace:        /home/manndo/master_dev
  Ligand dir:       /home/manndo/master_dev/Dockings/Benchmark_Equibind/_staging/7RZL_NPO/ligands
  Receptor dir:     /home/manndo/master_dev/Dockings/Benchmark_Equibind/_staging/7RZL_NPO/receptors
  EquiBind dir:     /home/manndo/tools/EquiBind
  EquiBind device:  cuda
  Output:           /home/manndo/master_dev/Dockings/Benchmark_Equibind/7RZL_NPO
  Pocket results:   fpocket=/home/manndo/master_dev/pocket_results/fpocket_results
                    p2rank=/home/manndo/master_dev/pocket_results/p2rank_results
  Top pockets:      3 per method
  Poses/pocket:     5
  Unguided poses:   5
  Workers:          26
  GPU batch size:   8
  UFF minimize:     True
  Skip existing:    True
  Force pocket:     True
  Protein cropping: True (radius=8.0Å + buffer=3.0Å)
================================================================================
/home/manndo/master_dev/Scripts/Docking/equibind_pipeline/equibind_model.py:84: FutureWarning: You are using `torch.load` with `weights_only=False` (the current default value), which uses the default pickle module implicitly. It is possible to construct malicious pickle data which will execute arbitrary code during unpickling (See https://github.com/pytorch/pytorch/blob/main/SECURITY.md#untrusted-models for more details). In a future release, the default value for `weights_only` will be flipped to `True`. This limits the functions that could be executed during unpickling. Arbitrary objects will no longer be allowed to be loaded via this mode unless they are explicitly allowlisted by the user via `torch.serialization.add_safe_globals`. We recommend you start setting `weights_only=True` for any use case where you don't have full control of the loaded file. Please open an issue on GitHub for any issues related to this experimental feature.
  checkpoint = torch.load(str(ckpt_path), map_location=dev)
[2026-05-02 10:04:02.627048] [ Using Seed :  1  ]
    · EquiBind model loaded from /home/manndo/tools/EquiBind/runs/flexible_self_docking/best_checkpoint.pt
    ·   Device: cuda:0  |  Load time: 0.17s

──────────────────────────────────────────────────────────────────────
  GLOBALLY DECOUPLED 3-PHASE EQUIBIND PIPELINE
──────────────────────────────────────────────────────────────────────
  EquiBind device: cuda:0
  GPU batch size: 8
  Proteins: 1
  Ligands: 1
  Total combos: 1  (≈ 35 poses/combo)
  Workers: 26

    · 7RZL_NPO_protein: 3 fpocket + 3 p2rank pockets

Pre-computing ligand properties...
  1 ligands analysed
Pre-computing protein properties...
  1 proteins analysed
Docking log: /home/manndo/master_dev/Dockings/Benchmark_Equibind/7RZL_NPO/docking_log.csv (0 existing entries)

──────────────────────────────────────────────────────────────────────
  PHASE 1: CPU PREPARATION — ALL COMBOS
──────────────────────────────────────────────────────────────────────
    · Building receptor graph for 7RZL_NPO_protein_protein.pdb
    · Preparing cropped proteins for 6 pockets (6 workers)
    · Cropped protein for fpocket_raw_p001: 46 residues, 761 atoms (radius=11.0Å)
    · Cropped protein for p2rank_raw_p001: 54 residues, 882 atoms (radius=11.0Å)
    · Cropped protein for fpocket_raw_p002: 49 residues, 788 atoms (radius=11.0Å)
    · Cropped protein for p2rank_raw_p003: 53 residues, 900 atoms (radius=11.0Å)
    · Cropped protein for p2rank_raw_p002: 51 residues, 845 atoms (radius=11.0Å)
    · Cropped protein for fpocket_raw_p003: 57 residues, 877 atoms (radius=11.0Å)
    · Generating conformers for 1 ligands (26 workers)
    · Ligand 7RZL_NPO_ligand_start_conf: 10 conformers
    · Building DockJobs for 1 combos (26 workers)

────────────────────────────────────────────────────────────────────────────────
  PHASE 1 COMPLETE in 2.4s (0.0 min)
  Jobs prepared:    35
  Cached results:   0
  Unique proteins:  7
  Unique ligands:   1
  Receptor graphs:  7
────────────────────────────────────────────────────────────────────────────────

──────────────────────────────────────────────────────────────────────
  PHASE 2: GPU INFERENCE — 35 TOTAL JOBS
──────────────────────────────────────────────────────────────────────
    ·   7RZL_NPO_protein_protein_crop_fpocket_raw_p001.pdb: 5 jobs → 1 batches
[2026-05-02 10:04:05.649942] [ Using Seed :  123  ]
/home/manndo/anaconda3/envs/equibind/lib/python3.8/site-packages/dgl/backend/pytorch/tensor.py:352: UserWarning: TypedStorage is deprecated. It will be removed in the future and UntypedStorage will be the only storage class. This should only matter to you if you are using storages directly.  To access UntypedStorage directly, use tensor.untyped_storage() instead of tensor.storage()
  assert input.numel() == input.storage().size(), "Cannot convert view " \
[2026-05-02 10:04:06.372292] [ Using Seed :  456  ]
[2026-05-02 10:04:06.429749] [ Using Seed :  1001  ]
[2026-05-02 10:04:06.490211] [ Using Seed :  2022  ]
[2026-05-02 10:04:06.550414] [ Using Seed :  789  ]
    ·   7RZL_NPO_protein_protein_crop_fpocket_raw_p002.pdb: 5 jobs → 1 batches
[2026-05-02 10:04:06.606621] [ Using Seed :  123  ]
[2026-05-02 10:04:06.688039] [ Using Seed :  456  ]
[2026-05-02 10:04:06.752549] [ Using Seed :  1001  ]
[2026-05-02 10:04:06.807153] [ Using Seed :  2022  ]
[2026-05-02 10:04:06.860924] [ Using Seed :  789  ]
    ·   7RZL_NPO_protein_protein_crop_fpocket_raw_p003.pdb: 5 jobs → 1 batches
[2026-05-02 10:04:06.917682] [ Using Seed :  123  ]
[2026-05-02 10:04:06.971535] [ Using Seed :  456  ]
[2026-05-02 10:04:07.031076] [ Using Seed :  1001  ]
[2026-05-02 10:04:07.086467] [ Using Seed :  2022  ]
[2026-05-02 10:04:07.144947] [ Using Seed :  789  ]
    ·   7RZL_NPO_protein_protein_crop_p2rank_raw_p001.pdb: 5 jobs → 1 batches
[2026-05-02 10:04:07.204167] [ Using Seed :  123  ]
[2026-05-02 10:04:07.262230] [ Using Seed :  456  ]
[2026-05-02 10:04:07.758615] [ Using Seed :  1001  ]
[2026-05-02 10:04:07.816250] [ Using Seed :  2022  ]
[2026-05-02 10:04:07.875044] [ Using Seed :  789  ]
    ·   7RZL_NPO_protein_protein_crop_p2rank_raw_p002.pdb: 5 jobs → 1 batches
[2026-05-02 10:04:07.933955] [ Using Seed :  123  ]
[2026-05-02 10:04:07.988915] [ Using Seed :  456  ]
[2026-05-02 10:04:08.042505] [ Using Seed :  1001  ]
[2026-05-02 10:04:08.095557] [ Using Seed :  2022  ]
[2026-05-02 10:04:08.148618] [ Using Seed :  789  ]
    ·   7RZL_NPO_protein_protein_crop_p2rank_raw_p003.pdb: 5 jobs → 1 batches
[2026-05-02 10:04:08.203767] [ Using Seed :  123  ]
[2026-05-02 10:04:08.260732] [ Using Seed :  456  ]
[2026-05-02 10:04:08.319415] [ Using Seed :  1001  ]
[2026-05-02 10:04:08.379173] [ Using Seed :  2022  ]
[2026-05-02 10:04:08.433263] [ Using Seed :  789  ]
    ·   7RZL_NPO_protein_protein.pdb: 5 jobs → 1 batches
[2026-05-02 10:04:08.487844] [ Using Seed :  123  ]
[2026-05-02 10:04:08.546364] [ Using Seed :  456  ]
[2026-05-02 10:04:08.604416] [ Using Seed :  1001  ]
[2026-05-02 10:04:08.660691] [ Using Seed :  2022  ]
[2026-05-02 10:04:08.719356] [ Using Seed :  789  ]

────────────────────────────────────────────────────────────────────────────────
  PHASE 2 COMPLETE in 3.7s (0.1 min)
  Total batches: 7
  Success: 35  |  Failed: 0
  Avg inference: 89.3ms per ligand
────────────────────────────────────────────────────────────────────────────────

──────────────────────────────────────────────────────────────────────
  PHASE 3: CPU POST-PROCESSING — 35 TOTAL JOBS
──────────────────────────────────────────────────────────────────────
    · Post-processing 35 new jobs (0 skipped)
    · UFF: pre-warmed protein cache for 1 unique protein(s)
    · Stage 1 (corrections+SDF): 0.1s — 0 done, 35 need UFF
    · Stage 2: UFF — 35 jobs, 26 process workers
 ⚠️  UFF FF construction failed on combined mol: Can't kekulize mol.  Unkekulized atoms: 5 6 7 8 9 10 11 12 13
 ⚠️  UFF FF construction failed on combined mol: Can't kekulize mol.  Unkekulized atoms: 5 6 7 8 9 10 11 12 13
 ⚠️  UFF FF construction failed on combined mol: Can't kekulize mol.  Unkekulized atoms: 5 6 7 8 9 10 11 12 13
 ⚠️  UFF FF construction failed on combined mol: Can't kekulize mol.  Unkekulized atoms: 5 6 7 8 9 10 11 12 13
 ⚠️  UFF FF construction failed on combined mol: Can't kekulize mol.  Unkekulized atoms: 5 6 7 8 9 10 11 12 13
 ⚠️  UFF FF construction failed on combined mol: Can't kekulize mol.  Unkekulized atoms: 5 6 7 8 9 10 11 12 13
 ⚠️  UFF FF construction failed on combined mol: Can't kekulize mol.  Unkekulized atoms: 91 92 93 94 95
 ⚠️  UFF FF construction failed on combined mol: Can't kekulize mol.  Unkekulized atoms: 91 92 93 94 95
    · UFF minimization: E 1672.2 → 1650.3 kcal/mol (ΔE=-21.9), converged, 15 ligand + 309 protein atoms
    · UFF minimization: E 2178.5 → 2156.6 kcal/mol (ΔE=-21.9), converged, 15 ligand + 405 protein atoms
    · UFF minimization: E 1846.5 → 1824.7 kcal/mol (ΔE=-21.8), converged, 15 ligand + 343 protein atoms
    · UFF minimization: E 2024.5 → 2002.7 kcal/mol (ΔE=-21.8), converged, 15 ligand + 377 protein atoms
    · UFF minimization: E 2120.1 → 2098.2 kcal/mol (ΔE=-21.9), converged, 15 ligand + 413 protein atoms
    · UFF minimization: E 2001.1 → 1979.3 kcal/mol (ΔE=-21.8), converged, 15 ligand + 415 protein atoms
    · UFF minimization: E 2089.9 → 2068.0 kcal/mol (ΔE=-21.9), converged, 15 ligand + 405 protein atoms
    · UFF minimization: E 2006.6 → 1984.8 kcal/mol (ΔE=-21.8), converged, 15 ligand + 420 protein atoms
    · UFF minimization: E 2477.7 → 2455.9 kcal/mol (ΔE=-21.8), converged, 15 ligand + 466 protein atoms
    · UFF minimization: E 2331.0 → 2309.2 kcal/mol (ΔE=-21.8), converged, 15 ligand + 448 protein atoms
    · UFF minimization: E 2162.8 → 2140.9 kcal/mol (ΔE=-21.9), converged, 15 ligand + 453 protein atoms
    · UFF minimization: E 2330.3 → 2308.4 kcal/mol (ΔE=-21.9), converged, 15 ligand + 473 protein atoms
    · UFF minimization: E 2264.5 → 2242.7 kcal/mol (ΔE=-21.8), converged, 15 ligand + 466 protein atoms
    · UFF minimization: E 2130.6 → 2098.8 kcal/mol (ΔE=-31.8), converged, 15 ligand + 398 protein atoms
    · UFF minimization: E 2247.9 → 2216.0 kcal/mol (ΔE=-31.9), converged, 15 ligand + 431 protein atoms
    · UFF minimization: E 2338.9 → 2307.1 kcal/mol (ΔE=-31.8), converged, 15 ligand + 410 protein atoms
    · UFF minimization: E 2285.4 → 2253.6 kcal/mol (ΔE=-31.8), converged, 15 ligand + 421 protein atoms
    · UFF minimization: E 2227.0 → 2195.1 kcal/mol (ΔE=-31.8), converged, 15 ligand + 422 protein atoms
 ⚠️  UFF FF construction failed on combined mol: Can't kekulize mol.  Unkekulized atoms: 17 18 19 20 21 22 23 24 25
    · UFF minimization: E 1901.7 → 1879.8 kcal/mol (ΔE=-21.9), converged, 15 ligand + 404 protein atoms
    · UFF minimization: E 1982.4 → 1960.6 kcal/mol (ΔE=-21.8), converged, 15 ligand + 418 protein atoms
    · UFF minimization: E 2117.4 → 2095.5 kcal/mol (ΔE=-21.9), converged, 15 ligand + 432 protein atoms
    · UFF minimization: E 1861.2 → 1839.4 kcal/mol (ΔE=-21.8), converged, 15 ligand + 380 protein atoms
    · UFF minimization: E 2267.8 → 2245.9 kcal/mol (ΔE=-21.8), converged, 15 ligand + 462 protein atoms
    · UFF minimization: E 2303.2 → 2271.3 kcal/mol (ΔE=-31.9), converged, 15 ligand + 444 protein atoms
    · UFF minimization: E 2329.6 → 2297.7 kcal/mol (ΔE=-31.9), converged, 15 ligand + 454 protein atoms
    · UFF minimization: E 2465.5 → 2433.7 kcal/mol (ΔE=-31.8), converged, 15 ligand + 474 protein atoms
    · Stage 2 (UFF): 3.3s (10.5 jobs/s)
    · Checkpoint: saved guided_results.json for 1 combos

────────────────────────────────────────────────────────────────────────────────
  PHASE 3 COMPLETE in 3.6s (0.1 min)
  Already done: 0
  Newly processed: 35
  Success: 35  |  Failed: 0
────────────────────────────────────────────────────────────────────────────────

──────────────────────────────────────────────────────────────────────
  STATISTICS: UNGUIDED POSES vs POCKETS
──────────────────────────────────────────────────────────────────────
  Unguided poses: 5
  In fpocket: 0  In p2rank: 0  In either: 0

──────────────────────────────────────────────────────────────────────
  TIMING REPORT
──────────────────────────────────────────────────────────────────────

  GLOBAL PHASE TIMING:
  Phase                     Time (s)     Time (min)        %
  ------------------------- ------------ ------------ ------
  Phase 1: CPU Prep         2.4          0.0           25.2%
  Phase 2: GPU Dock         3.7          0.1           37.8%
  Phase 3: CPU Post         3.6          0.1           37.0%
  TOTAL (phases)            9.7          0.2          100.0%
  Pipeline wall time        9.7          0.2         

  Timing saved to: /home/manndo/master_dev/Dockings/Benchmark_Equibind/7RZL_NPO/pipeline_timing.csv
  Summary saved to: /home/manndo/master_dev/Dockings/Benchmark_Equibind/7RZL_NPO/pipeline_summary.json

══════════════════════════════════════════════════════════════════════
  SIGNAL MONITOR SUMMARY
══════════════════════════════════════════════════════════════════════
  EquiBind calls:        0
  Successful returns:    0
  Failed returns:        0
  Poses inside pocket:   0
  Poses rejected/outside:0
    ├ guided rejected:   0
    └ unguided outside:  0
══════════════════════════════════════════════════════════════════════

✓ Pipeline complete.
  Poses (success): 35
  Poses (failed):  0
  Wall time:       9.7s
