/home/manndo/anaconda3/envs/equibind/lib/python3.8/site-packages/dgl/backend/pytorch/sparse.py:104: FutureWarning: `torch.cuda.amp.custom_fwd(args...)` is deprecated. Please use `torch.amp.custom_fwd(args..., device_type='cuda')` instead.
  @custom_fwd(cast_inputs=th.float16)
/home/manndo/anaconda3/envs/equibind/lib/python3.8/site-packages/dgl/backend/pytorch/sparse.py:128: FutureWarning: `torch.cuda.amp.custom_bwd(args...)` is deprecated. Please use `torch.amp.custom_bwd(args..., device_type='cuda')` instead.
  def backward(ctx, dZ):
/home/manndo/anaconda3/envs/equibind/lib/python3.8/site-packages/dgl/backend/pytorch/sparse.py:177: FutureWarning: `torch.cuda.amp.custom_fwd(args...)` is deprecated. Please use `torch.amp.custom_fwd(args..., device_type='cuda')` instead.
  @custom_fwd(cast_inputs=th.float16)
/home/manndo/anaconda3/envs/equibind/lib/python3.8/site-packages/dgl/backend/pytorch/sparse.py:207: FutureWarning: `torch.cuda.amp.custom_bwd(args...)` is deprecated. Please use `torch.amp.custom_bwd(args..., device_type='cuda')` instead.
  def backward(ctx, *dZ):
/home/manndo/anaconda3/envs/equibind/lib/python3.8/site-packages/dgl/backend/pytorch/sparse.py:287: FutureWarning: `torch.cuda.amp.custom_fwd(args...)` is deprecated. Please use `torch.amp.custom_fwd(args..., device_type='cuda')` instead.
  @custom_fwd(cast_inputs=th.float16)
/home/manndo/anaconda3/envs/equibind/lib/python3.8/site-packages/dgl/backend/pytorch/sparse.py:304: FutureWarning: `torch.cuda.amp.custom_bwd(args...)` is deprecated. Please use `torch.amp.custom_bwd(args..., device_type='cuda')` instead.
  def backward(ctx, dZ):
/home/manndo/anaconda3/envs/equibind/lib/python3.8/site-packages/dgl/backend/pytorch/sparse.py:352: FutureWarning: `torch.cuda.amp.custom_fwd(args...)` is deprecated. Please use `torch.amp.custom_fwd(args..., device_type='cuda')` instead.
  @custom_fwd(cast_inputs=th.float16)
/home/manndo/anaconda3/envs/equibind/lib/python3.8/site-packages/dgl/backend/pytorch/sparse.py:371: FutureWarning: `torch.cuda.amp.custom_bwd(args...)` is deprecated. Please use `torch.amp.custom_bwd(args..., device_type='cuda')` instead.
  def backward(ctx, *dZ):
/home/manndo/anaconda3/envs/equibind/lib/python3.8/site-packages/dgl/backend/pytorch/sparse.py:431: FutureWarning: `torch.cuda.amp.custom_fwd(args...)` is deprecated. Please use `torch.amp.custom_fwd(args..., device_type='cuda')` instead.
  @custom_fwd(cast_inputs=th.float16)
/home/manndo/anaconda3/envs/equibind/lib/python3.8/site-packages/dgl/backend/pytorch/sparse.py:467: FutureWarning: `torch.cuda.amp.custom_bwd(args...)` is deprecated. Please use `torch.amp.custom_bwd(args..., device_type='cuda')` instead.
  def backward(ctx, grad_out):
/home/manndo/anaconda3/envs/equibind/lib/python3.8/site-packages/dgl/backend/pytorch/sparse.py:498: FutureWarning: `torch.cuda.amp.custom_fwd(args...)` is deprecated. Please use `torch.amp.custom_fwd(args..., device_type='cuda')` instead.
  @custom_fwd(cast_inputs=th.float16)
/home/manndo/anaconda3/envs/equibind/lib/python3.8/site-packages/dgl/backend/pytorch/sparse.py:535: FutureWarning: `torch.cuda.amp.custom_bwd(args...)` is deprecated. Please use `torch.amp.custom_bwd(args..., device_type='cuda')` instead.
  def backward(ctx, *grad_out):
/home/manndo/anaconda3/envs/equibind/lib/python3.8/site-packages/dgl/backend/pytorch/sparse.py:566: FutureWarning: `torch.cuda.amp.custom_fwd(args...)` is deprecated. Please use `torch.amp.custom_fwd(args..., device_type='cuda')` instead.
  @custom_fwd(cast_inputs=th.float16)
/home/manndo/anaconda3/envs/equibind/lib/python3.8/site-packages/dgl/backend/pytorch/sparse.py:575: FutureWarning: `torch.cuda.amp.custom_bwd(args...)` is deprecated. Please use `torch.amp.custom_bwd(args..., device_type='cuda')` instead.
  def backward(ctx, dy):
/home/manndo/anaconda3/envs/equibind/lib/python3.8/site-packages/dgl/backend/pytorch/sparse.py:595: FutureWarning: `torch.cuda.amp.custom_fwd(args...)` is deprecated. Please use `torch.amp.custom_fwd(args..., device_type='cuda')` instead.
  @custom_fwd(cast_inputs=th.float16)
/home/manndo/anaconda3/envs/equibind/lib/python3.8/site-packages/dgl/backend/pytorch/sparse.py:603: FutureWarning: `torch.cuda.amp.custom_bwd(args...)` is deprecated. Please use `torch.amp.custom_bwd(args..., device_type='cuda')` instead.
  def backward(ctx, dy):
/home/manndo/anaconda3/envs/equibind/lib/python3.8/site-packages/dgl/backend/pytorch/sparse.py:666: FutureWarning: `torch.cuda.amp.custom_fwd(args...)` is deprecated. Please use `torch.amp.custom_fwd(args..., device_type='cuda')` instead.
  @custom_fwd(cast_inputs=th.float16)
/home/manndo/anaconda3/envs/equibind/lib/python3.8/site-packages/dgl/backend/pytorch/sparse.py:692: FutureWarning: `torch.cuda.amp.custom_fwd(args...)` is deprecated. Please use `torch.amp.custom_fwd(args..., device_type='cuda')` instead.
  @custom_fwd(cast_inputs=th.float16)
GPU detected: NVIDIA GeForce RTX 4070 Laptop GPU
================================================================================
EquiBind Batch Docking Configuration
================================================================================
  Workspace:        /home/manndo/master_dev
  Ligand dir:       /home/manndo/master_dev/Dockings/Benchmark_Equibind/_staging/7SZA_DUI/ligands
  Receptor dir:     /home/manndo/master_dev/Dockings/Benchmark_Equibind/_staging/7SZA_DUI/receptors
  EquiBind dir:     /home/manndo/tools/EquiBind
  EquiBind device:  cuda
  Output:           /home/manndo/master_dev/Dockings/Benchmark_Equibind/7SZA_DUI
  Pocket results:   fpocket=/home/manndo/master_dev/pocket_results/fpocket_results
                    p2rank=/home/manndo/master_dev/pocket_results/p2rank_results
  Top pockets:      3 per method
  Poses/pocket:     5
  Unguided poses:   5
  Workers:          26
  GPU batch size:   8
  UFF minimize:     True
  Skip existing:    True
  Force pocket:     True
  Protein cropping: True (radius=8.0Å + buffer=3.0Å)
================================================================================
================================================================================
GPU SUPPORT VALIDATION
================================================================================

PyTorch CUDA Status:
  PyTorch version: 2.4.1+cu124
  CUDA available: True
  CUDA version: 12.4
  Number of GPUs: 1
  GPU Name: NVIDIA GeForce RTX 4070 Laptop GPU
  GPU Memory: 8.59 GB
  ✓ GPU tensor operations working

NVIDIA GPU Information (nvidia-smi):
Sat May  2 10:12:00 2026       
+-----------------------------------------------------------------------------------------+
| NVIDIA-SMI 580.105.07             Driver Version: 581.80         CUDA Version: 13.0     |
+-----------------------------------------+------------------------+----------------------+
| GPU  Name                 Persistence-M | Bus-Id          Disp.A | Volatile Uncorr. ECC |
| Fan  Temp   Perf          Pwr:Usage/Cap |           Memory-Usage | GPU-Util  Compute M. |
|                                         |                        |               MIG M. |
|=========================================+========================+======================|
|   0  NVIDIA GeForce RTX 4070 ...    On  |   00000000:01:00.0 Off |                  N/A |
| N/A   54C    P3             13W /   55W |     664MiB /   8188MiB |     10%      Default |
|                                         |                        |                  N/A |
+-----------------------------------------+------------------------+----------------------+

+-----------------------------------------------------------------------------------------+
| Processes:                                                                              |
|  GPU   GI   CI              PID   Type   Process name                        GPU Memory |
|        ID   ID                                                               Usage      |
|=========================================================================================|
|    0   N/A  N/A           24683      C   /python3.8                            N/A      |
|    0   N/A  N/A          134882      C   /python3.8                            N/A      |
+-----------------------------------------------------------------------------------------+


================================================================================
✓ GPU ACCELERATION AVAILABLE
  Recommended setting: equibind_device = 'cuda'
  Current setting: equibind_device = 'cuda'
================================================================================
================================================================================
EquiBind Batch Docking Configuration
================================================================================
  Workspace:        /home/manndo/master_dev
  Ligand dir:       /home/manndo/master_dev/Dockings/Benchmark_Equibind/_staging/7SZA_DUI/ligands
  Receptor dir:     /home/manndo/master_dev/Dockings/Benchmark_Equibind/_staging/7SZA_DUI/receptors
  EquiBind dir:     /home/manndo/tools/EquiBind
  EquiBind device:  cuda
  Output:           /home/manndo/master_dev/Dockings/Benchmark_Equibind/7SZA_DUI
  Pocket results:   fpocket=/home/manndo/master_dev/pocket_results/fpocket_results
                    p2rank=/home/manndo/master_dev/pocket_results/p2rank_results
  Top pockets:      3 per method
  Poses/pocket:     5
  Unguided poses:   5
  Workers:          26
  GPU batch size:   8
  UFF minimize:     True
  Skip existing:    True
  Force pocket:     True
  Protein cropping: True (radius=8.0Å + buffer=3.0Å)
================================================================================
/home/manndo/master_dev/Scripts/Docking/equibind_pipeline/equibind_model.py:84: FutureWarning: You are using `torch.load` with `weights_only=False` (the current default value), which uses the default pickle module implicitly. It is possible to construct malicious pickle data which will execute arbitrary code during unpickling (See https://github.com/pytorch/pytorch/blob/main/SECURITY.md#untrusted-models for more details). In a future release, the default value for `weights_only` will be flipped to `True`. This limits the functions that could be executed during unpickling. Arbitrary objects will no longer be allowed to be loaded via this mode unless they are explicitly allowlisted by the user via `torch.serialization.add_safe_globals`. We recommend you start setting `weights_only=True` for any use case where you don't have full control of the loaded file. Please open an issue on GitHub for any issues related to this experimental feature.
  checkpoint = torch.load(str(ckpt_path), map_location=dev)
[2026-05-02 10:12:00.545142] [ Using Seed :  1  ]
    · EquiBind model loaded from /home/manndo/tools/EquiBind/runs/flexible_self_docking/best_checkpoint.pt
    ·   Device: cuda:0  |  Load time: 0.17s

──────────────────────────────────────────────────────────────────────
  GLOBALLY DECOUPLED 3-PHASE EQUIBIND PIPELINE
──────────────────────────────────────────────────────────────────────
  EquiBind device: cuda:0
  GPU batch size: 8
  Proteins: 1
  Ligands: 1
  Total combos: 1  (≈ 35 poses/combo)
  Workers: 26

    · 7SZA_DUI_protein: 3 fpocket + 3 p2rank pockets

Pre-computing ligand properties...
  1 ligands analysed
Pre-computing protein properties...
  1 proteins analysed
Docking log: /home/manndo/master_dev/Dockings/Benchmark_Equibind/7SZA_DUI/docking_log.csv (0 existing entries)

──────────────────────────────────────────────────────────────────────
  PHASE 1: CPU PREPARATION — ALL COMBOS
──────────────────────────────────────────────────────────────────────
    · Building receptor graph for 7SZA_DUI_protein_protein.pdb
    · Preparing cropped proteins for 6 pockets (6 workers)
    · Cropped protein for fpocket_raw_p002: 57 residues, 891 atoms (radius=11.0Å)
    · Cropped protein for fpocket_raw_p001: 49 residues, 805 atoms (radius=11.0Å)
    · Cropped protein for p2rank_raw_p001: 38 residues, 610 atoms (radius=11.0Å)
    · Cropped protein for p2rank_raw_p002: 52 residues, 821 atoms (radius=11.0Å)
    · Cropped protein for fpocket_raw_p003: 56 residues, 901 atoms (radius=11.0Å)
    · Cropped protein for p2rank_raw_p003: 47 residues, 733 atoms (radius=11.0Å)
    · Generating conformers for 1 ligands (26 workers)
    · Ligand 7SZA_DUI_ligand_start_conf: 10 conformers
    · Building DockJobs for 1 combos (26 workers)

────────────────────────────────────────────────────────────────────────────────
  PHASE 1 COMPLETE in 3.4s (0.1 min)
  Jobs prepared:    35
  Cached results:   0
  Unique proteins:  7
  Unique ligands:   1
  Receptor graphs:  7
────────────────────────────────────────────────────────────────────────────────

──────────────────────────────────────────────────────────────────────
  PHASE 2: GPU INFERENCE — 35 TOTAL JOBS
──────────────────────────────────────────────────────────────────────
    ·   7SZA_DUI_protein_protein_crop_fpocket_raw_p001.pdb: 5 jobs → 1 batches
[2026-05-02 10:12:04.607117] [ Using Seed :  1001  ]
/home/manndo/anaconda3/envs/equibind/lib/python3.8/site-packages/dgl/backend/pytorch/tensor.py:352: UserWarning: TypedStorage is deprecated. It will be removed in the future and UntypedStorage will be the only storage class. This should only matter to you if you are using storages directly.  To access UntypedStorage directly, use tensor.untyped_storage() instead of tensor.storage()
  assert input.numel() == input.storage().size(), "Cannot convert view " \
[2026-05-02 10:12:05.351962] [ Using Seed :  456  ]
[2026-05-02 10:12:05.407054] [ Using Seed :  789  ]
[2026-05-02 10:12:05.474586] [ Using Seed :  42  ]
[2026-05-02 10:12:05.530124] [ Using Seed :  5926  ]
    ·   7SZA_DUI_protein_protein_crop_fpocket_raw_p002.pdb: 5 jobs → 1 batches
[2026-05-02 10:12:05.584881] [ Using Seed :  1001  ]
[2026-05-02 10:12:05.643408] [ Using Seed :  456  ]
[2026-05-02 10:12:05.700174] [ Using Seed :  789  ]
[2026-05-02 10:12:05.756940] [ Using Seed :  42  ]
[2026-05-02 10:12:05.812371] [ Using Seed :  5926  ]
    ·   7SZA_DUI_protein_protein_crop_fpocket_raw_p003.pdb: 5 jobs → 1 batches
[2026-05-02 10:12:05.867465] [ Using Seed :  1001  ]
[2026-05-02 10:12:05.919825] [ Using Seed :  456  ]
[2026-05-02 10:12:05.973935] [ Using Seed :  789  ]
[2026-05-02 10:12:06.030203] [ Using Seed :  42  ]
[2026-05-02 10:12:06.088538] [ Using Seed :  5926  ]
    ·   7SZA_DUI_protein_protein_crop_p2rank_raw_p001.pdb: 5 jobs → 1 batches
[2026-05-02 10:12:06.139432] [ Using Seed :  1001  ]
[2026-05-02 10:12:06.192253] [ Using Seed :  456  ]
[2026-05-02 10:12:06.245798] [ Using Seed :  789  ]
[2026-05-02 10:12:06.300678] [ Using Seed :  42  ]
[2026-05-02 10:12:06.352828] [ Using Seed :  5926  ]
    ·   7SZA_DUI_protein_protein_crop_p2rank_raw_p002.pdb: 5 jobs → 1 batches
[2026-05-02 10:12:06.406658] [ Using Seed :  1001  ]
[2026-05-02 10:12:06.462496] [ Using Seed :  456  ]
[2026-05-02 10:12:06.519182] [ Using Seed :  789  ]
[2026-05-02 10:12:06.578271] [ Using Seed :  42  ]
[2026-05-02 10:12:06.629526] [ Using Seed :  5926  ]
    ·   7SZA_DUI_protein_protein_crop_p2rank_raw_p003.pdb: 5 jobs → 1 batches
[2026-05-02 10:12:06.687014] [ Using Seed :  1001  ]
[2026-05-02 10:12:06.745255] [ Using Seed :  456  ]
[2026-05-02 10:12:06.803446] [ Using Seed :  789  ]
[2026-05-02 10:12:06.863543] [ Using Seed :  42  ]
[2026-05-02 10:12:06.921577] [ Using Seed :  5926  ]
    ·   7SZA_DUI_protein_protein.pdb: 5 jobs → 1 batches
[2026-05-02 10:12:07.007872] [ Using Seed :  1001  ]
[2026-05-02 10:12:07.065133] [ Using Seed :  456  ]
[2026-05-02 10:12:07.127650] [ Using Seed :  789  ]
[2026-05-02 10:12:07.184979] [ Using Seed :  42  ]
[2026-05-02 10:12:07.240872] [ Using Seed :  5926  ]

────────────────────────────────────────────────────────────────────────────────
  PHASE 2 COMPLETE in 3.2s (0.1 min)
  Total batches: 7
  Success: 35  |  Failed: 0
  Avg inference: 76.8ms per ligand
────────────────────────────────────────────────────────────────────────────────

──────────────────────────────────────────────────────────────────────
  PHASE 3: CPU POST-PROCESSING — 35 TOTAL JOBS
──────────────────────────────────────────────────────────────────────
    · Post-processing 35 new jobs (0 skipped)
    · UFF: pre-warmed protein cache for 1 unique protein(s)
    · Stage 1 (corrections+SDF): 0.2s — 0 done, 35 need UFF
    · Stage 2: UFF — 35 jobs, 26 process workers
 ⚠️  UFF FF construction failed on combined mol: Can't kekulize mol.  Unkekulized atoms: 151 152 153 154 155
 ⚠️  UFF FF construction failed on combined mol: Can't kekulize mol.  Unkekulized atoms: 151 152 153 154 155
    · UFF minimization: E 2179.4 → 2148.3 kcal/mol (ΔE=-31.1), converged, 31 ligand + 381 protein atoms
 ⚠️  UFF FF construction failed on combined mol: Can't kekulize mol.  Unkekulized atoms: 19 20 21 22 23
    · UFF minimization: E 2817.6 → 2782.5 kcal/mol (ΔE=-35.1), converged, 31 ligand + 574 protein atoms
 ⚠️  UFF FF construction failed on combined mol: Can't kekulize mol.  Unkekulized atoms: 5 6 7 8 9
    · UFF minimization: E 3013.5 → 2982.4 kcal/mol (ΔE=-31.1), converged, 31 ligand + 621 protein atoms
    · UFF minimization: E 3206.1 → 3169.8 kcal/mol (ΔE=-36.4), converged, 31 ligand + 618 protein atoms
 ⚠️  UFF FF construction failed on combined mol: Can't kekulize mol.  Unkekulized atoms: 151 152 153 154 155
    · UFF minimization: E 2760.6 → 2730.1 kcal/mol (ΔE=-30.5), converged, 31 ligand + 462 protein atoms
    · UFF minimization: E 3038.2 → 3007.8 kcal/mol (ΔE=-30.4), converged, 31 ligand + 620 protein atoms
    · UFF minimization: E 3158.7 → 3126.0 kcal/mol (ΔE=-32.7), converged, 31 ligand + 604 protein atoms
 ⚠️  UFF FF construction failed on combined mol: Can't kekulize mol.  Unkekulized atoms: 5 6 7 8 9
    · UFF minimization: E 3049.3 → 3018.9 kcal/mol (ΔE=-30.4), converged, 31 ligand + 524 protein atoms
    · UFF minimization: E 2949.9 → 2913.5 kcal/mol (ΔE=-36.4), converged, 31 ligand + 601 protein atoms
 ⚠️  UFF FF construction failed on combined mol: Can't kekulize mol.  Unkekulized atoms: 5 6 7 8 9
    · UFF minimization: E 3038.2 → 3007.8 kcal/mol (ΔE=-30.4), converged, 31 ligand + 620 protein atoms
    · UFF minimization: E 2770.4 → 2737.2 kcal/mol (ΔE=-33.2), converged, 31 ligand + 552 protein atoms
    · UFF minimization: E 2426.8 → 2391.6 kcal/mol (ΔE=-35.2), converged, 31 ligand + 459 protein atoms
    · UFF minimization: E 2946.4 → 2912.6 kcal/mol (ΔE=-33.7), converged, 31 ligand + 501 protein atoms
    · UFF minimization: E 3166.3 → 3133.1 kcal/mol (ΔE=-33.2), converged, 31 ligand + 623 protein atoms
    · UFF minimization: E 3097.5 → 3060.8 kcal/mol (ΔE=-36.7), converged, 31 ligand + 610 protein atoms
    · UFF minimization: E 2896.6 → 2866.0 kcal/mol (ΔE=-30.7), converged, 31 ligand + 550 protein atoms
    · UFF minimization: E 2874.2 → 2838.9 kcal/mol (ΔE=-35.2), converged, 31 ligand + 493 protein atoms
    · UFF minimization: E 2594.6 → 2560.8 kcal/mol (ΔE=-33.8), converged, 31 ligand + 533 protein atoms
    · UFF minimization: E 3417.1 → 3377.8 kcal/mol (ΔE=-39.3), converged, 31 ligand + 682 protein atoms
    · UFF minimization: E 702.7 → 671.9 kcal/mol (ΔE=-30.8), converged, 31 ligand + 131 protein atoms
    · UFF minimization: E 2417.2 → 2386.8 kcal/mol (ΔE=-30.4), converged, 31 ligand + 456 protein atoms
    · UFF minimization: E 629.0 → 597.6 kcal/mol (ΔE=-31.5), converged, 31 ligand + 117 protein atoms
    · UFF minimization: E 685.1 → 654.3 kcal/mol (ΔE=-30.8), converged, 31 ligand + 120 protein atoms
    · UFF minimization: E 936.7 → 901.7 kcal/mol (ΔE=-35.0), converged, 31 ligand + 167 protein atoms
    · UFF minimization: E 2642.9 → 2611.8 kcal/mol (ΔE=-31.1), converged, 31 ligand + 505 protein atoms
    · UFF minimization: E 816.8 → 781.3 kcal/mol (ΔE=-35.5), converged, 31 ligand + 148 protein atoms
    · UFF minimization: E 2526.9 → 2496.4 kcal/mol (ΔE=-30.5), converged, 31 ligand + 478 protein atoms
    · UFF minimization: E 2456.8 → 2423.0 kcal/mol (ΔE=-33.8), converged, 31 ligand + 464 protein atoms
    · Stage 2 (UFF): 16.2s (2.2 jobs/s)
    · Checkpoint: saved guided_results.json for 1 combos

────────────────────────────────────────────────────────────────────────────────
  PHASE 3 COMPLETE in 16.5s (0.3 min)
  Already done: 0
  Newly processed: 35
  Success: 35  |  Failed: 0
────────────────────────────────────────────────────────────────────────────────

──────────────────────────────────────────────────────────────────────
  STATISTICS: UNGUIDED POSES vs POCKETS
──────────────────────────────────────────────────────────────────────
  Unguided poses: 5
  In fpocket: 0  In p2rank: 0  In either: 0

──────────────────────────────────────────────────────────────────────
  TIMING REPORT
──────────────────────────────────────────────────────────────────────

  GLOBAL PHASE TIMING:
  Phase                     Time (s)     Time (min)        %
  ------------------------- ------------ ------------ ------
  Phase 1: CPU Prep         3.4          0.1           14.9%
  Phase 2: GPU Dock         3.2          0.1           13.9%
  Phase 3: CPU Post         16.5         0.3           71.2%
  TOTAL (phases)            23.1         0.4          100.0%
  Pipeline wall time        23.1         0.4         

  Timing saved to: /home/manndo/master_dev/Dockings/Benchmark_Equibind/7SZA_DUI/pipeline_timing.csv
  Summary saved to: /home/manndo/master_dev/Dockings/Benchmark_Equibind/7SZA_DUI/pipeline_summary.json

══════════════════════════════════════════════════════════════════════
  SIGNAL MONITOR SUMMARY
══════════════════════════════════════════════════════════════════════
  EquiBind calls:        0
  Successful returns:    0
  Failed returns:        0
  Poses inside pocket:   0
  Poses rejected/outside:0
    ├ guided rejected:   0
    └ unguided outside:  0
══════════════════════════════════════════════════════════════════════

✓ Pipeline complete.
  Poses (success): 35
  Poses (failed):  0
  Wall time:       23.1s
