/home/manndo/anaconda3/envs/equibind/lib/python3.8/site-packages/dgl/backend/pytorch/sparse.py:104: FutureWarning: `torch.cuda.amp.custom_fwd(args...)` is deprecated. Please use `torch.amp.custom_fwd(args..., device_type='cuda')` instead.
  @custom_fwd(cast_inputs=th.float16)
/home/manndo/anaconda3/envs/equibind/lib/python3.8/site-packages/dgl/backend/pytorch/sparse.py:128: FutureWarning: `torch.cuda.amp.custom_bwd(args...)` is deprecated. Please use `torch.amp.custom_bwd(args..., device_type='cuda')` instead.
  def backward(ctx, dZ):
/home/manndo/anaconda3/envs/equibind/lib/python3.8/site-packages/dgl/backend/pytorch/sparse.py:177: FutureWarning: `torch.cuda.amp.custom_fwd(args...)` is deprecated. Please use `torch.amp.custom_fwd(args..., device_type='cuda')` instead.
  @custom_fwd(cast_inputs=th.float16)
/home/manndo/anaconda3/envs/equibind/lib/python3.8/site-packages/dgl/backend/pytorch/sparse.py:207: FutureWarning: `torch.cuda.amp.custom_bwd(args...)` is deprecated. Please use `torch.amp.custom_bwd(args..., device_type='cuda')` instead.
  def backward(ctx, *dZ):
/home/manndo/anaconda3/envs/equibind/lib/python3.8/site-packages/dgl/backend/pytorch/sparse.py:287: FutureWarning: `torch.cuda.amp.custom_fwd(args...)` is deprecated. Please use `torch.amp.custom_fwd(args..., device_type='cuda')` instead.
  @custom_fwd(cast_inputs=th.float16)
/home/manndo/anaconda3/envs/equibind/lib/python3.8/site-packages/dgl/backend/pytorch/sparse.py:304: FutureWarning: `torch.cuda.amp.custom_bwd(args...)` is deprecated. Please use `torch.amp.custom_bwd(args..., device_type='cuda')` instead.
  def backward(ctx, dZ):
/home/manndo/anaconda3/envs/equibind/lib/python3.8/site-packages/dgl/backend/pytorch/sparse.py:352: FutureWarning: `torch.cuda.amp.custom_fwd(args...)` is deprecated. Please use `torch.amp.custom_fwd(args..., device_type='cuda')` instead.
  @custom_fwd(cast_inputs=th.float16)
/home/manndo/anaconda3/envs/equibind/lib/python3.8/site-packages/dgl/backend/pytorch/sparse.py:371: FutureWarning: `torch.cuda.amp.custom_bwd(args...)` is deprecated. Please use `torch.amp.custom_bwd(args..., device_type='cuda')` instead.
  def backward(ctx, *dZ):
/home/manndo/anaconda3/envs/equibind/lib/python3.8/site-packages/dgl/backend/pytorch/sparse.py:431: FutureWarning: `torch.cuda.amp.custom_fwd(args...)` is deprecated. Please use `torch.amp.custom_fwd(args..., device_type='cuda')` instead.
  @custom_fwd(cast_inputs=th.float16)
/home/manndo/anaconda3/envs/equibind/lib/python3.8/site-packages/dgl/backend/pytorch/sparse.py:467: FutureWarning: `torch.cuda.amp.custom_bwd(args...)` is deprecated. Please use `torch.amp.custom_bwd(args..., device_type='cuda')` instead.
  def backward(ctx, grad_out):
/home/manndo/anaconda3/envs/equibind/lib/python3.8/site-packages/dgl/backend/pytorch/sparse.py:498: FutureWarning: `torch.cuda.amp.custom_fwd(args...)` is deprecated. Please use `torch.amp.custom_fwd(args..., device_type='cuda')` instead.
  @custom_fwd(cast_inputs=th.float16)
/home/manndo/anaconda3/envs/equibind/lib/python3.8/site-packages/dgl/backend/pytorch/sparse.py:535: FutureWarning: `torch.cuda.amp.custom_bwd(args...)` is deprecated. Please use `torch.amp.custom_bwd(args..., device_type='cuda')` instead.
  def backward(ctx, *grad_out):
/home/manndo/anaconda3/envs/equibind/lib/python3.8/site-packages/dgl/backend/pytorch/sparse.py:566: FutureWarning: `torch.cuda.amp.custom_fwd(args...)` is deprecated. Please use `torch.amp.custom_fwd(args..., device_type='cuda')` instead.
  @custom_fwd(cast_inputs=th.float16)
/home/manndo/anaconda3/envs/equibind/lib/python3.8/site-packages/dgl/backend/pytorch/sparse.py:575: FutureWarning: `torch.cuda.amp.custom_bwd(args...)` is deprecated. Please use `torch.amp.custom_bwd(args..., device_type='cuda')` instead.
  def backward(ctx, dy):
/home/manndo/anaconda3/envs/equibind/lib/python3.8/site-packages/dgl/backend/pytorch/sparse.py:595: FutureWarning: `torch.cuda.amp.custom_fwd(args...)` is deprecated. Please use `torch.amp.custom_fwd(args..., device_type='cuda')` instead.
  @custom_fwd(cast_inputs=th.float16)
/home/manndo/anaconda3/envs/equibind/lib/python3.8/site-packages/dgl/backend/pytorch/sparse.py:603: FutureWarning: `torch.cuda.amp.custom_bwd(args...)` is deprecated. Please use `torch.amp.custom_bwd(args..., device_type='cuda')` instead.
  def backward(ctx, dy):
/home/manndo/anaconda3/envs/equibind/lib/python3.8/site-packages/dgl/backend/pytorch/sparse.py:666: FutureWarning: `torch.cuda.amp.custom_fwd(args...)` is deprecated. Please use `torch.amp.custom_fwd(args..., device_type='cuda')` instead.
  @custom_fwd(cast_inputs=th.float16)
/home/manndo/anaconda3/envs/equibind/lib/python3.8/site-packages/dgl/backend/pytorch/sparse.py:692: FutureWarning: `torch.cuda.amp.custom_fwd(args...)` is deprecated. Please use `torch.amp.custom_fwd(args..., device_type='cuda')` instead.
  @custom_fwd(cast_inputs=th.float16)
GPU detected: NVIDIA GeForce RTX 4070 Laptop GPU
================================================================================
EquiBind Batch Docking Configuration
================================================================================
  Workspace:        /home/manndo/master_dev
  Ligand dir:       /home/manndo/master_dev/Dockings/Benchmark_Equibind/_staging/7VBU_6I4/ligands
  Receptor dir:     /home/manndo/master_dev/Dockings/Benchmark_Equibind/_staging/7VBU_6I4/receptors
  EquiBind dir:     /home/manndo/tools/EquiBind
  EquiBind device:  cuda
  Output:           /home/manndo/master_dev/Dockings/Benchmark_Equibind/7VBU_6I4
  Pocket results:   fpocket=/home/manndo/master_dev/pocket_results/fpocket_results
                    p2rank=/home/manndo/master_dev/pocket_results/p2rank_results
  Top pockets:      3 per method
  Poses/pocket:     5
  Unguided poses:   5
  Workers:          26
  GPU batch size:   8
  UFF minimize:     True
  Skip existing:    True
  Force pocket:     True
  Protein cropping: True (radius=8.0Å + buffer=3.0Å)
================================================================================
================================================================================
GPU SUPPORT VALIDATION
================================================================================

PyTorch CUDA Status:
  PyTorch version: 2.4.1+cu124
  CUDA available: True
  CUDA version: 12.4
  Number of GPUs: 1
  GPU Name: NVIDIA GeForce RTX 4070 Laptop GPU
  GPU Memory: 8.59 GB
  ✓ GPU tensor operations working

NVIDIA GPU Information (nvidia-smi):
Sat May  2 10:29:20 2026       
+-----------------------------------------------------------------------------------------+
| NVIDIA-SMI 580.105.07             Driver Version: 581.80         CUDA Version: 13.0     |
+-----------------------------------------+------------------------+----------------------+
| GPU  Name                 Persistence-M | Bus-Id          Disp.A | Volatile Uncorr. ECC |
| Fan  Temp   Perf          Pwr:Usage/Cap |           Memory-Usage | GPU-Util  Compute M. |
|                                         |                        |               MIG M. |
|=========================================+========================+======================|
|   0  NVIDIA GeForce RTX 4070 ...    On  |   00000000:01:00.0 Off |                  N/A |
| N/A   54C    P3             13W /   55W |     664MiB /   8188MiB |      3%      Default |
|                                         |                        |                  N/A |
+-----------------------------------------+------------------------+----------------------+

+-----------------------------------------------------------------------------------------+
| Processes:                                                                              |
|  GPU   GI   CI              PID   Type   Process name                        GPU Memory |
|        ID   ID                                                               Usage      |
|=========================================================================================|
|    0   N/A  N/A           24683      C   /python3.8                            N/A      |
|    0   N/A  N/A          142458      C   /python3.8                            N/A      |
+-----------------------------------------------------------------------------------------+


================================================================================
✓ GPU ACCELERATION AVAILABLE
  Recommended setting: equibind_device = 'cuda'
  Current setting: equibind_device = 'cuda'
================================================================================
================================================================================
EquiBind Batch Docking Configuration
================================================================================
  Workspace:        /home/manndo/master_dev
  Ligand dir:       /home/manndo/master_dev/Dockings/Benchmark_Equibind/_staging/7VBU_6I4/ligands
  Receptor dir:     /home/manndo/master_dev/Dockings/Benchmark_Equibind/_staging/7VBU_6I4/receptors
  EquiBind dir:     /home/manndo/tools/EquiBind
  EquiBind device:  cuda
  Output:           /home/manndo/master_dev/Dockings/Benchmark_Equibind/7VBU_6I4
  Pocket results:   fpocket=/home/manndo/master_dev/pocket_results/fpocket_results
                    p2rank=/home/manndo/master_dev/pocket_results/p2rank_results
  Top pockets:      3 per method
  Poses/pocket:     5
  Unguided poses:   5
  Workers:          26
  GPU batch size:   8
  UFF minimize:     True
  Skip existing:    True
  Force pocket:     True
  Protein cropping: True (radius=8.0Å + buffer=3.0Å)
================================================================================
/home/manndo/master_dev/Scripts/Docking/equibind_pipeline/equibind_model.py:84: FutureWarning: You are using `torch.load` with `weights_only=False` (the current default value), which uses the default pickle module implicitly. It is possible to construct malicious pickle data which will execute arbitrary code during unpickling (See https://github.com/pytorch/pytorch/blob/main/SECURITY.md#untrusted-models for more details). In a future release, the default value for `weights_only` will be flipped to `True`. This limits the functions that could be executed during unpickling. Arbitrary objects will no longer be allowed to be loaded via this mode unless they are explicitly allowlisted by the user via `torch.serialization.add_safe_globals`. We recommend you start setting `weights_only=True` for any use case where you don't have full control of the loaded file. Please open an issue on GitHub for any issues related to this experimental feature.
  checkpoint = torch.load(str(ckpt_path), map_location=dev)
[2026-05-02 10:29:20.810473] [ Using Seed :  1  ]
    · EquiBind model loaded from /home/manndo/tools/EquiBind/runs/flexible_self_docking/best_checkpoint.pt
    ·   Device: cuda:0  |  Load time: 0.18s

──────────────────────────────────────────────────────────────────────
  GLOBALLY DECOUPLED 3-PHASE EQUIBIND PIPELINE
──────────────────────────────────────────────────────────────────────
  EquiBind device: cuda:0
  GPU batch size: 8
  Proteins: 1
  Ligands: 1
  Total combos: 1  (≈ 35 poses/combo)
  Workers: 26

    · 7VBU_6I4_protein: 3 fpocket + 3 p2rank pockets

Pre-computing ligand properties...
  1 ligands analysed
Pre-computing protein properties...
  1 proteins analysed
Docking log: /home/manndo/master_dev/Dockings/Benchmark_Equibind/7VBU_6I4/docking_log.csv (0 existing entries)

──────────────────────────────────────────────────────────────────────
  PHASE 1: CPU PREPARATION — ALL COMBOS
──────────────────────────────────────────────────────────────────────
    · Building receptor graph for 7VBU_6I4_protein_protein.pdb
    · Preparing cropped proteins for 6 pockets (6 workers)
    · Cropped protein for fpocket_raw_p002: 52 residues, 828 atoms (radius=11.0Å)
    · Cropped protein for fpocket_raw_p003: 55 residues, 896 atoms (radius=11.0Å)
    · Cropped protein for fpocket_raw_p001: 54 residues, 892 atoms (radius=11.0Å)
    · Cropped protein for p2rank_raw_p001: 55 residues, 884 atoms (radius=11.0Å)
    · Cropped protein for p2rank_raw_p002: 46 residues, 741 atoms (radius=11.0Å)
    · Cropped protein for p2rank_raw_p003: 46 residues, 716 atoms (radius=11.0Å)
    · Generating conformers for 1 ligands (26 workers)
    · Ligand 7VBU_6I4_ligand_start_conf: 10 conformers
    · Building DockJobs for 1 combos (26 workers)

────────────────────────────────────────────────────────────────────────────────
  PHASE 1 COMPLETE in 2.1s (0.0 min)
  Jobs prepared:    35
  Cached results:   0
  Unique proteins:  7
  Unique ligands:   1
  Receptor graphs:  7
────────────────────────────────────────────────────────────────────────────────

──────────────────────────────────────────────────────────────────────
  PHASE 2: GPU INFERENCE — 35 TOTAL JOBS
──────────────────────────────────────────────────────────────────────
    ·   7VBU_6I4_protein_protein_crop_fpocket_raw_p001.pdb: 5 jobs → 1 batches
[2026-05-02 10:29:23.518228] [ Using Seed :  42  ]
/home/manndo/anaconda3/envs/equibind/lib/python3.8/site-packages/dgl/backend/pytorch/tensor.py:352: UserWarning: TypedStorage is deprecated. It will be removed in the future and UntypedStorage will be the only storage class. This should only matter to you if you are using storages directly.  To access UntypedStorage directly, use tensor.untyped_storage() instead of tensor.storage()
  assert input.numel() == input.storage().size(), "Cannot convert view " \
[2026-05-02 10:29:24.230048] [ Using Seed :  5926  ]
[2026-05-02 10:29:24.285240] [ Using Seed :  1001  ]
[2026-05-02 10:29:24.339254] [ Using Seed :  456  ]
[2026-05-02 10:29:24.395660] [ Using Seed :  3141  ]
    ·   7VBU_6I4_protein_protein_crop_fpocket_raw_p002.pdb: 5 jobs → 1 batches
[2026-05-02 10:29:24.451048] [ Using Seed :  42  ]
[2026-05-02 10:29:24.506027] [ Using Seed :  5926  ]
[2026-05-02 10:29:24.570369] [ Using Seed :  1001  ]
[2026-05-02 10:29:24.630471] [ Using Seed :  456  ]
[2026-05-02 10:29:24.681710] [ Using Seed :  3141  ]
    ·   7VBU_6I4_protein_protein_crop_fpocket_raw_p003.pdb: 5 jobs → 1 batches
[2026-05-02 10:29:24.735097] [ Using Seed :  42  ]
[2026-05-02 10:29:24.787569] [ Using Seed :  5926  ]
[2026-05-02 10:29:24.840244] [ Using Seed :  1001  ]
[2026-05-02 10:29:24.894615] [ Using Seed :  456  ]
[2026-05-02 10:29:24.949576] [ Using Seed :  3141  ]
    ·   7VBU_6I4_protein_protein_crop_p2rank_raw_p001.pdb: 5 jobs → 1 batches
[2026-05-02 10:29:25.013402] [ Using Seed :  42  ]
[2026-05-02 10:29:25.071214] [ Using Seed :  5926  ]
[2026-05-02 10:29:25.129115] [ Using Seed :  1001  ]
[2026-05-02 10:29:25.190371] [ Using Seed :  456  ]
[2026-05-02 10:29:25.253414] [ Using Seed :  3141  ]
    ·   7VBU_6I4_protein_protein_crop_p2rank_raw_p002.pdb: 5 jobs → 1 batches
[2026-05-02 10:29:25.319042] [ Using Seed :  42  ]
[2026-05-02 10:29:25.382576] [ Using Seed :  5926  ]
[2026-05-02 10:29:25.441613] [ Using Seed :  1001  ]
[2026-05-02 10:29:25.501340] [ Using Seed :  456  ]
[2026-05-02 10:29:25.563889] [ Using Seed :  3141  ]
    ·   7VBU_6I4_protein_protein_crop_p2rank_raw_p003.pdb: 5 jobs → 1 batches
[2026-05-02 10:29:25.626698] [ Using Seed :  42  ]
[2026-05-02 10:29:25.684339] [ Using Seed :  5926  ]
[2026-05-02 10:29:25.742932] [ Using Seed :  1001  ]
[2026-05-02 10:29:25.805781] [ Using Seed :  456  ]
[2026-05-02 10:29:25.862545] [ Using Seed :  3141  ]
    ·   7VBU_6I4_protein_protein.pdb: 5 jobs → 1 batches
[2026-05-02 10:29:25.917903] [ Using Seed :  42  ]
[2026-05-02 10:29:25.973835] [ Using Seed :  5926  ]
[2026-05-02 10:29:26.031959] [ Using Seed :  1001  ]
[2026-05-02 10:29:26.092323] [ Using Seed :  456  ]
[2026-05-02 10:29:26.152600] [ Using Seed :  3141  ]

────────────────────────────────────────────────────────────────────────────────
  PHASE 2 COMPLETE in 3.3s (0.1 min)
  Total batches: 7
  Success: 35  |  Failed: 0
  Avg inference: 76.7ms per ligand
────────────────────────────────────────────────────────────────────────────────

──────────────────────────────────────────────────────────────────────
  PHASE 3: CPU POST-PROCESSING — 35 TOTAL JOBS
──────────────────────────────────────────────────────────────────────
    · Post-processing 35 new jobs (0 skipped)
    · UFF: pre-warmed protein cache for 1 unique protein(s)
    · Stage 1 (corrections+SDF): 0.2s — 0 done, 35 need UFF
    · Stage 2: UFF — 35 jobs, 26 process workers
 ⚠️  UFF FF construction failed on combined mol: Can't kekulize mol.  Unkekulized atoms: 5 6 7 8 9
 ⚠️  UFF FF construction failed on combined mol: Can't kekulize mol.  Unkekulized atoms: 22 23 24 25 26
 ⚠️  UFF FF construction failed on combined mol: Can't kekulize mol.  Unkekulized atoms: 5 6 7 8 9
 ⚠️  UFF FF construction failed on combined mol: Can't kekulize mol.  Unkekulized atoms: 5 6 7 8 9
 ⚠️  UFF FF construction failed on combined mol: Can't kekulize mol.  Unkekulized atoms: 5 6 7 8 9
 ⚠️  UFF FF construction failed on combined mol: Can't kekulize mol.  Unkekulized atoms: 5 6 7 8 9
 ⚠️  UFF FF construction failed on combined mol: Can't kekulize mol.  Unkekulized atoms: 5 6 7 8 9
 ⚠️  UFF FF construction failed on combined mol: Can't kekulize mol.  Unkekulized atoms: 5 6 7 8 9
 ⚠️  UFF FF construction failed on combined mol: Can't kekulize mol.  Unkekulized atoms: 5 6 7 8 9
    · UFF minimization: E 2727.0 → 2488.6 kcal/mol (ΔE=-238.4), converged, 31 ligand + 443 protein atoms
    · UFF minimization: E 3149.3 → 2913.6 kcal/mol (ΔE=-235.8), converged, 31 ligand + 550 protein atoms
    · UFF minimization: E 3186.9 → 2959.3 kcal/mol (ΔE=-227.7), converged, 31 ligand + 548 protein atoms
    · UFF minimization: E 2786.1 → 2548.7 kcal/mol (ΔE=-237.5), not converged (code 1), 31 ligand + 454 protein atoms
    · UFF minimization: E 2740.0 → 2504.3 kcal/mol (ΔE=-235.8), converged, 31 ligand + 453 protein atoms
    · UFF minimization: E 2637.8 → 2403.0 kcal/mol (ΔE=-234.8), not converged (code 1), 31 ligand + 449 protein atoms
    · UFF minimization: E 3174.2 → 2947.1 kcal/mol (ΔE=-227.2), converged, 31 ligand + 544 protein atoms
    · UFF minimization: E 2797.9 → 2562.1 kcal/mol (ΔE=-235.8), converged, 31 ligand + 459 protein atoms
    · UFF minimization: E 3160.1 → 2933.1 kcal/mol (ΔE=-227.0), converged, 31 ligand + 530 protein atoms
    · UFF minimization: E 3257.9 → 3031.0 kcal/mol (ΔE=-226.9), converged, 31 ligand + 556 protein atoms
    · UFF minimization: E 3161.9 → 2934.8 kcal/mol (ΔE=-227.1), converged, 31 ligand + 539 protein atoms
    · UFF minimization: E 3344.7 → 3117.4 kcal/mol (ΔE=-227.3), converged, 31 ligand + 587 protein atoms
    · UFF minimization: E 3048.5 → 2815.7 kcal/mol (ΔE=-232.7), converged, 31 ligand + 497 protein atoms
    · UFF minimization: E 3559.4 → 3321.2 kcal/mol (ΔE=-238.2), converged, 31 ligand + 611 protein atoms
    · UFF minimization: E 3184.2 → 2950.0 kcal/mol (ΔE=-234.2), converged, 31 ligand + 542 protein atoms
    · UFF minimization: E 3599.1 → 3365.9 kcal/mol (ΔE=-233.1), converged, 31 ligand + 617 protein atoms
    · UFF minimization: E 3312.5 → 3074.6 kcal/mol (ΔE=-237.9), converged, 31 ligand + 538 protein atoms
    · UFF minimization: E 3129.1 → 2901.5 kcal/mol (ΔE=-227.5), not converged (code 1), 31 ligand + 519 protein atoms
    · UFF minimization: E 3246.7 → 3016.8 kcal/mol (ΔE=-229.9), not converged (code 1), 31 ligand + 557 protein atoms
    · UFF minimization: E 3473.4 → 3234.3 kcal/mol (ΔE=-239.0), not converged (code 1), 31 ligand + 588 protein atoms
    · UFF minimization: E 3139.8 → 2913.1 kcal/mol (ΔE=-226.7), not converged (code 1), 31 ligand + 524 protein atoms
    · UFF minimization: E 3413.9 → 3186.6 kcal/mol (ΔE=-227.4), not converged (code 1), 31 ligand + 575 protein atoms
    · UFF minimization: E 3192.3 → 2965.3 kcal/mol (ΔE=-227.0), converged, 31 ligand + 544 protein atoms
    · UFF minimization: E 3545.3 → 3307.0 kcal/mol (ΔE=-238.3), not converged (code 1), 31 ligand + 605 protein atoms
    · UFF minimization: E 3599.1 → 3361.0 kcal/mol (ΔE=-238.1), not converged (code 1), 31 ligand + 617 protein atoms
    · UFF minimization: E 3450.2 → 3215.4 kcal/mol (ΔE=-234.8), not converged (code 1), 31 ligand + 593 protein atoms
    · Stage 2 (UFF): 7.1s (4.9 jobs/s)
    · Checkpoint: saved guided_results.json for 1 combos

────────────────────────────────────────────────────────────────────────────────
  PHASE 3 COMPLETE in 7.3s (0.1 min)
  Already done: 0
  Newly processed: 35
  Success: 35  |  Failed: 0
────────────────────────────────────────────────────────────────────────────────

──────────────────────────────────────────────────────────────────────
  STATISTICS: UNGUIDED POSES vs POCKETS
──────────────────────────────────────────────────────────────────────
  Unguided poses: 5
  In fpocket: 0  In p2rank: 5  In either: 5

──────────────────────────────────────────────────────────────────────
  TIMING REPORT
──────────────────────────────────────────────────────────────────────

  GLOBAL PHASE TIMING:
  Phase                     Time (s)     Time (min)        %
  ------------------------- ------------ ------------ ------
  Phase 1: CPU Prep         2.1          0.0           16.4%
  Phase 2: GPU Dock         3.3          0.1           25.8%
  Phase 3: CPU Post         7.3          0.1           57.8%
  TOTAL (phases)            12.7         0.2          100.0%
  Pipeline wall time        12.7         0.2         

  Timing saved to: /home/manndo/master_dev/Dockings/Benchmark_Equibind/7VBU_6I4/pipeline_timing.csv
  Summary saved to: /home/manndo/master_dev/Dockings/Benchmark_Equibind/7VBU_6I4/pipeline_summary.json

══════════════════════════════════════════════════════════════════════
  SIGNAL MONITOR SUMMARY
══════════════════════════════════════════════════════════════════════
  EquiBind calls:        0
  Successful returns:    0
  Failed returns:        0
  Poses inside pocket:   0
  Poses rejected/outside:0
    ├ guided rejected:   0
    └ unguided outside:  0
══════════════════════════════════════════════════════════════════════

✓ Pipeline complete.
  Poses (success): 35
  Poses (failed):  0
  Wall time:       12.7s
