/home/manndo/anaconda3/envs/equibind/lib/python3.8/site-packages/dgl/backend/pytorch/sparse.py:104: FutureWarning: `torch.cuda.amp.custom_fwd(args...)` is deprecated. Please use `torch.amp.custom_fwd(args..., device_type='cuda')` instead.
  @custom_fwd(cast_inputs=th.float16)
/home/manndo/anaconda3/envs/equibind/lib/python3.8/site-packages/dgl/backend/pytorch/sparse.py:128: FutureWarning: `torch.cuda.amp.custom_bwd(args...)` is deprecated. Please use `torch.amp.custom_bwd(args..., device_type='cuda')` instead.
  def backward(ctx, dZ):
/home/manndo/anaconda3/envs/equibind/lib/python3.8/site-packages/dgl/backend/pytorch/sparse.py:177: FutureWarning: `torch.cuda.amp.custom_fwd(args...)` is deprecated. Please use `torch.amp.custom_fwd(args..., device_type='cuda')` instead.
  @custom_fwd(cast_inputs=th.float16)
/home/manndo/anaconda3/envs/equibind/lib/python3.8/site-packages/dgl/backend/pytorch/sparse.py:207: FutureWarning: `torch.cuda.amp.custom_bwd(args...)` is deprecated. Please use `torch.amp.custom_bwd(args..., device_type='cuda')` instead.
  def backward(ctx, *dZ):
/home/manndo/anaconda3/envs/equibind/lib/python3.8/site-packages/dgl/backend/pytorch/sparse.py:287: FutureWarning: `torch.cuda.amp.custom_fwd(args...)` is deprecated. Please use `torch.amp.custom_fwd(args..., device_type='cuda')` instead.
  @custom_fwd(cast_inputs=th.float16)
/home/manndo/anaconda3/envs/equibind/lib/python3.8/site-packages/dgl/backend/pytorch/sparse.py:304: FutureWarning: `torch.cuda.amp.custom_bwd(args...)` is deprecated. Please use `torch.amp.custom_bwd(args..., device_type='cuda')` instead.
  def backward(ctx, dZ):
/home/manndo/anaconda3/envs/equibind/lib/python3.8/site-packages/dgl/backend/pytorch/sparse.py:352: FutureWarning: `torch.cuda.amp.custom_fwd(args...)` is deprecated. Please use `torch.amp.custom_fwd(args..., device_type='cuda')` instead.
  @custom_fwd(cast_inputs=th.float16)
/home/manndo/anaconda3/envs/equibind/lib/python3.8/site-packages/dgl/backend/pytorch/sparse.py:371: FutureWarning: `torch.cuda.amp.custom_bwd(args...)` is deprecated. Please use `torch.amp.custom_bwd(args..., device_type='cuda')` instead.
  def backward(ctx, *dZ):
/home/manndo/anaconda3/envs/equibind/lib/python3.8/site-packages/dgl/backend/pytorch/sparse.py:431: FutureWarning: `torch.cuda.amp.custom_fwd(args...)` is deprecated. Please use `torch.amp.custom_fwd(args..., device_type='cuda')` instead.
  @custom_fwd(cast_inputs=th.float16)
/home/manndo/anaconda3/envs/equibind/lib/python3.8/site-packages/dgl/backend/pytorch/sparse.py:467: FutureWarning: `torch.cuda.amp.custom_bwd(args...)` is deprecated. Please use `torch.amp.custom_bwd(args..., device_type='cuda')` instead.
  def backward(ctx, grad_out):
/home/manndo/anaconda3/envs/equibind/lib/python3.8/site-packages/dgl/backend/pytorch/sparse.py:498: FutureWarning: `torch.cuda.amp.custom_fwd(args...)` is deprecated. Please use `torch.amp.custom_fwd(args..., device_type='cuda')` instead.
  @custom_fwd(cast_inputs=th.float16)
/home/manndo/anaconda3/envs/equibind/lib/python3.8/site-packages/dgl/backend/pytorch/sparse.py:535: FutureWarning: `torch.cuda.amp.custom_bwd(args...)` is deprecated. Please use `torch.amp.custom_bwd(args..., device_type='cuda')` instead.
  def backward(ctx, *grad_out):
/home/manndo/anaconda3/envs/equibind/lib/python3.8/site-packages/dgl/backend/pytorch/sparse.py:566: FutureWarning: `torch.cuda.amp.custom_fwd(args...)` is deprecated. Please use `torch.amp.custom_fwd(args..., device_type='cuda')` instead.
  @custom_fwd(cast_inputs=th.float16)
/home/manndo/anaconda3/envs/equibind/lib/python3.8/site-packages/dgl/backend/pytorch/sparse.py:575: FutureWarning: `torch.cuda.amp.custom_bwd(args...)` is deprecated. Please use `torch.amp.custom_bwd(args..., device_type='cuda')` instead.
  def backward(ctx, dy):
/home/manndo/anaconda3/envs/equibind/lib/python3.8/site-packages/dgl/backend/pytorch/sparse.py:595: FutureWarning: `torch.cuda.amp.custom_fwd(args...)` is deprecated. Please use `torch.amp.custom_fwd(args..., device_type='cuda')` instead.
  @custom_fwd(cast_inputs=th.float16)
/home/manndo/anaconda3/envs/equibind/lib/python3.8/site-packages/dgl/backend/pytorch/sparse.py:603: FutureWarning: `torch.cuda.amp.custom_bwd(args...)` is deprecated. Please use `torch.amp.custom_bwd(args..., device_type='cuda')` instead.
  def backward(ctx, dy):
/home/manndo/anaconda3/envs/equibind/lib/python3.8/site-packages/dgl/backend/pytorch/sparse.py:666: FutureWarning: `torch.cuda.amp.custom_fwd(args...)` is deprecated. Please use `torch.amp.custom_fwd(args..., device_type='cuda')` instead.
  @custom_fwd(cast_inputs=th.float16)
/home/manndo/anaconda3/envs/equibind/lib/python3.8/site-packages/dgl/backend/pytorch/sparse.py:692: FutureWarning: `torch.cuda.amp.custom_fwd(args...)` is deprecated. Please use `torch.amp.custom_fwd(args..., device_type='cuda')` instead.
  @custom_fwd(cast_inputs=th.float16)
GPU detected: NVIDIA GeForce RTX 4070 Laptop GPU
================================================================================
EquiBind Batch Docking Configuration
================================================================================
  Workspace:        /home/manndo/master_dev
  Ligand dir:       /home/manndo/master_dev/Dockings/Benchmark_Equibind/_staging/7W06_ITN/ligands
  Receptor dir:     /home/manndo/master_dev/Dockings/Benchmark_Equibind/_staging/7W06_ITN/receptors
  EquiBind dir:     /home/manndo/tools/EquiBind
  EquiBind device:  cuda
  Output:           /home/manndo/master_dev/Dockings/Benchmark_Equibind/7W06_ITN
  Pocket results:   fpocket=/home/manndo/master_dev/pocket_results/fpocket_results
                    p2rank=/home/manndo/master_dev/pocket_results/p2rank_results
  Top pockets:      3 per method
  Poses/pocket:     5
  Unguided poses:   5
  Workers:          26
  GPU batch size:   8
  UFF minimize:     True
  Skip existing:    True
  Force pocket:     True
  Protein cropping: True (radius=8.0Å + buffer=3.0Å)
================================================================================
================================================================================
GPU SUPPORT VALIDATION
================================================================================

PyTorch CUDA Status:
  PyTorch version: 2.4.1+cu124
  CUDA available: True
  CUDA version: 12.4
  Number of GPUs: 1
  GPU Name: NVIDIA GeForce RTX 4070 Laptop GPU
  GPU Memory: 8.59 GB
  ✓ GPU tensor operations working

NVIDIA GPU Information (nvidia-smi):
Sat May  2 10:33:36 2026       
+-----------------------------------------------------------------------------------------+
| NVIDIA-SMI 580.105.07             Driver Version: 581.80         CUDA Version: 13.0     |
+-----------------------------------------+------------------------+----------------------+
| GPU  Name                 Persistence-M | Bus-Id          Disp.A | Volatile Uncorr. ECC |
| Fan  Temp   Perf          Pwr:Usage/Cap |           Memory-Usage | GPU-Util  Compute M. |
|                                         |                        |               MIG M. |
|=========================================+========================+======================|
|   0  NVIDIA GeForce RTX 4070 ...    On  |   00000000:01:00.0 Off |                  N/A |
| N/A   55C    P3             13W /   55W |     664MiB /   8188MiB |      1%      Default |
|                                         |                        |                  N/A |
+-----------------------------------------+------------------------+----------------------+

+-----------------------------------------------------------------------------------------+
| Processes:                                                                              |
|  GPU   GI   CI              PID   Type   Process name                        GPU Memory |
|        ID   ID                                                               Usage      |
|=========================================================================================|
|    0   N/A  N/A           24683      C   /python3.8                            N/A      |
|    0   N/A  N/A          143963      C   /python3.8                            N/A      |
+-----------------------------------------------------------------------------------------+


================================================================================
✓ GPU ACCELERATION AVAILABLE
  Recommended setting: equibind_device = 'cuda'
  Current setting: equibind_device = 'cuda'
================================================================================
================================================================================
EquiBind Batch Docking Configuration
================================================================================
  Workspace:        /home/manndo/master_dev
  Ligand dir:       /home/manndo/master_dev/Dockings/Benchmark_Equibind/_staging/7W06_ITN/ligands
  Receptor dir:     /home/manndo/master_dev/Dockings/Benchmark_Equibind/_staging/7W06_ITN/receptors
  EquiBind dir:     /home/manndo/tools/EquiBind
  EquiBind device:  cuda
  Output:           /home/manndo/master_dev/Dockings/Benchmark_Equibind/7W06_ITN
  Pocket results:   fpocket=/home/manndo/master_dev/pocket_results/fpocket_results
                    p2rank=/home/manndo/master_dev/pocket_results/p2rank_results
  Top pockets:      3 per method
  Poses/pocket:     5
  Unguided poses:   5
  Workers:          26
  GPU batch size:   8
  UFF minimize:     True
  Skip existing:    True
  Force pocket:     True
  Protein cropping: True (radius=8.0Å + buffer=3.0Å)
================================================================================
/home/manndo/master_dev/Scripts/Docking/equibind_pipeline/equibind_model.py:84: FutureWarning: You are using `torch.load` with `weights_only=False` (the current default value), which uses the default pickle module implicitly. It is possible to construct malicious pickle data which will execute arbitrary code during unpickling (See https://github.com/pytorch/pytorch/blob/main/SECURITY.md#untrusted-models for more details). In a future release, the default value for `weights_only` will be flipped to `True`. This limits the functions that could be executed during unpickling. Arbitrary objects will no longer be allowed to be loaded via this mode unless they are explicitly allowlisted by the user via `torch.serialization.add_safe_globals`. We recommend you start setting `weights_only=True` for any use case where you don't have full control of the loaded file. Please open an issue on GitHub for any issues related to this experimental feature.
  checkpoint = torch.load(str(ckpt_path), map_location=dev)
[2026-05-02 10:33:36.568979] [ Using Seed :  1  ]
    · EquiBind model loaded from /home/manndo/tools/EquiBind/runs/flexible_self_docking/best_checkpoint.pt
    ·   Device: cuda:0  |  Load time: 0.18s

──────────────────────────────────────────────────────────────────────
  GLOBALLY DECOUPLED 3-PHASE EQUIBIND PIPELINE
──────────────────────────────────────────────────────────────────────
  EquiBind device: cuda:0
  GPU batch size: 8
  Proteins: 1
  Ligands: 1
  Total combos: 1  (≈ 35 poses/combo)
  Workers: 26

    · 7W06_ITN_protein: 3 fpocket + 3 p2rank pockets

Pre-computing ligand properties...
  1 ligands analysed
Pre-computing protein properties...
  1 proteins analysed
Docking log: /home/manndo/master_dev/Dockings/Benchmark_Equibind/7W06_ITN/docking_log.csv (0 existing entries)

──────────────────────────────────────────────────────────────────────
  PHASE 1: CPU PREPARATION — ALL COMBOS
──────────────────────────────────────────────────────────────────────
    · Building receptor graph for 7W06_ITN_protein_protein.pdb
    · Preparing cropped proteins for 6 pockets (6 workers)
    · Cropped protein for fpocket_raw_p001: 51 residues, 774 atoms (radius=11.0Å)
    · Cropped protein for fpocket_raw_p002: 61 residues, 966 atoms (radius=11.0Å)    · Cropped protein for p2rank_raw_p002: 36 residues, 549 atoms (radius=11.0Å)

    · Cropped protein for p2rank_raw_p001: 55 residues, 861 atoms (radius=11.0Å)
    · Cropped protein for fpocket_raw_p003: 30 residues, 505 atoms (radius=11.0Å)
    · Cropped protein for p2rank_raw_p003: 34 residues, 535 atoms (radius=11.0Å)
    · Generating conformers for 1 ligands (26 workers)
    · Ligand 7W06_ITN_ligand_start_conf: 10 conformers
    · Building DockJobs for 1 combos (26 workers)

────────────────────────────────────────────────────────────────────────────────
  PHASE 1 COMPLETE in 1.4s (0.0 min)
  Jobs prepared:    35
  Cached results:   0
  Unique proteins:  7
  Unique ligands:   1
  Receptor graphs:  7
────────────────────────────────────────────────────────────────────────────────

──────────────────────────────────────────────────────────────────────
  PHASE 2: GPU INFERENCE — 35 TOTAL JOBS
──────────────────────────────────────────────────────────────────────
    ·   7W06_ITN_protein_protein_crop_fpocket_raw_p001.pdb: 5 jobs → 1 batches
[2026-05-02 10:33:38.571076] [ Using Seed :  123  ]
/home/manndo/anaconda3/envs/equibind/lib/python3.8/site-packages/dgl/backend/pytorch/tensor.py:352: UserWarning: TypedStorage is deprecated. It will be removed in the future and UntypedStorage will be the only storage class. This should only matter to you if you are using storages directly.  To access UntypedStorage directly, use tensor.untyped_storage() instead of tensor.storage()
  assert input.numel() == input.storage().size(), "Cannot convert view " \
[2026-05-02 10:33:39.321350] [ Using Seed :  789  ]
[2026-05-02 10:33:39.375522] [ Using Seed :  1001  ]
[2026-05-02 10:33:39.432474] [ Using Seed :  42  ]
[2026-05-02 10:33:39.490339] [ Using Seed :  3141  ]
    ·   7W06_ITN_protein_protein_crop_fpocket_raw_p002.pdb: 5 jobs → 1 batches
[2026-05-02 10:33:39.545160] [ Using Seed :  123  ]
[2026-05-02 10:33:39.605193] [ Using Seed :  789  ]
[2026-05-02 10:33:39.662991] [ Using Seed :  1001  ]
[2026-05-02 10:33:39.719605] [ Using Seed :  42  ]
[2026-05-02 10:33:39.778293] [ Using Seed :  3141  ]
    ·   7W06_ITN_protein_protein_crop_fpocket_raw_p003.pdb: 5 jobs → 1 batches
[2026-05-02 10:33:39.838000] [ Using Seed :  123  ]
[2026-05-02 10:33:39.896726] [ Using Seed :  789  ]
[2026-05-02 10:33:39.956129] [ Using Seed :  1001  ]
[2026-05-02 10:33:40.012518] [ Using Seed :  42  ]
[2026-05-02 10:33:40.070095] [ Using Seed :  3141  ]
    ·   7W06_ITN_protein_protein_crop_p2rank_raw_p001.pdb: 5 jobs → 1 batches
[2026-05-02 10:33:40.124546] [ Using Seed :  123  ]
[2026-05-02 10:33:40.185379] [ Using Seed :  789  ]
[2026-05-02 10:33:40.241990] [ Using Seed :  1001  ]
[2026-05-02 10:33:40.296868] [ Using Seed :  42  ]
[2026-05-02 10:33:40.356496] [ Using Seed :  3141  ]
    ·   7W06_ITN_protein_protein_crop_p2rank_raw_p002.pdb: 5 jobs → 1 batches
[2026-05-02 10:33:40.423216] [ Using Seed :  123  ]
[2026-05-02 10:33:40.477956] [ Using Seed :  789  ]
[2026-05-02 10:33:40.532154] [ Using Seed :  1001  ]
[2026-05-02 10:33:40.588596] [ Using Seed :  42  ]
[2026-05-02 10:33:40.649717] [ Using Seed :  3141  ]
    ·   7W06_ITN_protein_protein_crop_p2rank_raw_p003.pdb: 5 jobs → 1 batches
[2026-05-02 10:33:40.708478] [ Using Seed :  123  ]
[2026-05-02 10:33:40.768544] [ Using Seed :  789  ]
[2026-05-02 10:33:40.825933] [ Using Seed :  1001  ]
[2026-05-02 10:33:40.883577] [ Using Seed :  42  ]
[2026-05-02 10:33:40.947344] [ Using Seed :  3141  ]
    ·   7W06_ITN_protein_protein.pdb: 5 jobs → 1 batches
[2026-05-02 10:33:41.008495] [ Using Seed :  123  ]
[2026-05-02 10:33:41.069896] [ Using Seed :  789  ]
[2026-05-02 10:33:41.131839] [ Using Seed :  1001  ]
[2026-05-02 10:33:41.187316] [ Using Seed :  42  ]
[2026-05-02 10:33:41.237685] [ Using Seed :  3141  ]

────────────────────────────────────────────────────────────────────────────────
  PHASE 2 COMPLETE in 3.3s (0.1 min)
  Total batches: 7
  Success: 35  |  Failed: 0
  Avg inference: 77.5ms per ligand
────────────────────────────────────────────────────────────────────────────────

──────────────────────────────────────────────────────────────────────
  PHASE 3: CPU POST-PROCESSING — 35 TOTAL JOBS
──────────────────────────────────────────────────────────────────────
    · Post-processing 35 new jobs (0 skipped)
    · UFF: pre-warmed protein cache for 1 unique protein(s)
    · Stage 1 (corrections+SDF): 0.2s — 0 done, 35 need UFF
    · Stage 2: UFF — 35 jobs, 26 process workers
    · UFF minimization: E 1981.7 → 1952.9 kcal/mol (ΔE=-28.8), converged, 15 ligand + 377 protein atoms
    · UFF minimization: E 1618.9 → 1592.6 kcal/mol (ΔE=-26.4), converged, 15 ligand + 314 protein atoms
    · UFF minimization: E 2084.7 → 2054.4 kcal/mol (ΔE=-30.3), converged, 15 ligand + 389 protein atoms
    · UFF minimization: E 1561.6 → 1531.8 kcal/mol (ΔE=-29.8), converged, 15 ligand + 306 protein atoms
    · UFF minimization: E 1938.0 → 1895.4 kcal/mol (ΔE=-42.6), converged, 15 ligand + 355 protein atoms
    · UFF minimization: E 2210.8 → 2184.4 kcal/mol (ΔE=-26.5), converged, 15 ligand + 416 protein atoms
    · UFF minimization: E 1896.1 → 1862.2 kcal/mol (ΔE=-33.8), converged, 15 ligand + 374 protein atoms
    · UFF minimization: E 2291.3 → 2254.3 kcal/mol (ΔE=-36.9), converged, 15 ligand + 425 protein atoms
    · UFF minimization: E 2363.9 → 2334.6 kcal/mol (ΔE=-29.3), converged, 15 ligand + 447 protein atoms
    · UFF minimization: E 2391.3 → 2362.2 kcal/mol (ΔE=-29.1), converged, 15 ligand + 479 protein atoms
    · UFF minimization: E 1995.6 → 1958.3 kcal/mol (ΔE=-37.3), converged, 15 ligand + 372 protein atoms
    · UFF minimization: E 2063.7 → 2027.6 kcal/mol (ΔE=-36.1), converged, 15 ligand + 385 protein atoms
    · UFF minimization: E 1849.8 → 1814.2 kcal/mol (ΔE=-35.6), converged, 15 ligand + 361 protein atoms
    · UFF minimization: E 1894.9 → 1851.3 kcal/mol (ΔE=-43.6), converged, 15 ligand + 371 protein atoms
    · UFF minimization: E 2045.4 → 2016.4 kcal/mol (ΔE=-29.0), converged, 15 ligand + 379 protein atoms
    · UFF minimization: E 1917.3 → 1873.9 kcal/mol (ΔE=-43.4), converged, 15 ligand + 361 protein atoms
    · UFF minimization: E 2084.9 → 2044.2 kcal/mol (ΔE=-40.7), converged, 15 ligand + 391 protein atoms
    · UFF minimization: E 2046.1 → 1992.4 kcal/mol (ΔE=-53.6), converged, 15 ligand + 378 protein atoms
    · UFF minimization: E 2507.8 → 2464.9 kcal/mol (ΔE=-42.9), converged, 15 ligand + 483 protein atoms
    · UFF minimization: E 2270.7 → 2243.7 kcal/mol (ΔE=-27.0), converged, 15 ligand + 425 protein atoms
    · UFF minimization: E 2210.2 → 2180.0 kcal/mol (ΔE=-30.2), converged, 15 ligand + 411 protein atoms
    · UFF minimization: E 2413.1 → 2375.2 kcal/mol (ΔE=-37.9), converged, 15 ligand + 463 protein atoms
    · UFF minimization: E 2198.9 → 2161.3 kcal/mol (ΔE=-37.5), converged, 15 ligand + 411 protein atoms
    · UFF minimization: E 2246.5 → 2216.4 kcal/mol (ΔE=-30.1), converged, 15 ligand + 418 protein atoms
    · UFF minimization: E 2134.3 → 2100.4 kcal/mol (ΔE=-33.9), converged, 15 ligand + 397 protein atoms
    · UFF minimization: E 2260.4 → 2228.3 kcal/mol (ΔE=-32.1), converged, 15 ligand + 431 protein atoms
    · UFF minimization: E 2057.6 → 2027.6 kcal/mol (ΔE=-30.0), converged, 15 ligand + 385 protein atoms
    · UFF minimization: E 2069.1 → 2037.5 kcal/mol (ΔE=-31.6), converged, 15 ligand + 386 protein atoms
    · UFF minimization: E 2476.8 → 2448.4 kcal/mol (ΔE=-28.3), converged, 15 ligand + 477 protein atoms
    · UFF minimization: E 2498.5 → 2449.8 kcal/mol (ΔE=-48.7), converged, 15 ligand + 496 protein atoms
    · UFF minimization: E 2309.2 → 2274.2 kcal/mol (ΔE=-35.1), converged, 15 ligand + 454 protein atoms
    · UFF minimization: E 2190.3 → 2155.4 kcal/mol (ΔE=-34.9), converged, 15 ligand + 423 protein atoms
    · UFF minimization: E 2260.1 → 2221.2 kcal/mol (ΔE=-38.9), converged, 15 ligand + 429 protein atoms
    · UFF minimization: E 2386.9 → 2352.4 kcal/mol (ΔE=-34.5), converged, 15 ligand + 463 protein atoms
    · UFF minimization: E 2460.5 → 2419.7 kcal/mol (ΔE=-40.8), converged, 15 ligand + 482 protein atoms
    · Stage 2 (UFF): 2.0s (17.2 jobs/s)
    · Checkpoint: saved guided_results.json for 1 combos

────────────────────────────────────────────────────────────────────────────────
  PHASE 3 COMPLETE in 2.3s (0.0 min)
  Already done: 0
  Newly processed: 35
  Success: 35  |  Failed: 0
────────────────────────────────────────────────────────────────────────────────

──────────────────────────────────────────────────────────────────────
  STATISTICS: UNGUIDED POSES vs POCKETS
──────────────────────────────────────────────────────────────────────
  Unguided poses: 5
  In fpocket: 5  In p2rank: 5  In either: 5

──────────────────────────────────────────────────────────────────────
  TIMING REPORT
──────────────────────────────────────────────────────────────────────

  GLOBAL PHASE TIMING:
  Phase                     Time (s)     Time (min)        %
  ------------------------- ------------ ------------ ------
  Phase 1: CPU Prep         1.4          0.0           20.4%
  Phase 2: GPU Dock         3.3          0.1           46.7%
  Phase 3: CPU Post         2.3          0.0           33.0%
  TOTAL (phases)            7.0          0.1          100.0%
  Pipeline wall time        7.0          0.1         

  Timing saved to: /home/manndo/master_dev/Dockings/Benchmark_Equibind/7W06_ITN/pipeline_timing.csv
  Summary saved to: /home/manndo/master_dev/Dockings/Benchmark_Equibind/7W06_ITN/pipeline_summary.json

══════════════════════════════════════════════════════════════════════
  SIGNAL MONITOR SUMMARY
══════════════════════════════════════════════════════════════════════
  EquiBind calls:        0
  Successful returns:    0
  Failed returns:        0
  Poses inside pocket:   0
  Poses rejected/outside:0
    ├ guided rejected:   0
    └ unguided outside:  0
══════════════════════════════════════════════════════════════════════

✓ Pipeline complete.
  Poses (success): 35
  Poses (failed):  0
  Wall time:       7.0s
