/home/manndo/anaconda3/envs/equibind/lib/python3.8/site-packages/dgl/backend/pytorch/sparse.py:104: FutureWarning: `torch.cuda.amp.custom_fwd(args...)` is deprecated. Please use `torch.amp.custom_fwd(args..., device_type='cuda')` instead.
  @custom_fwd(cast_inputs=th.float16)
/home/manndo/anaconda3/envs/equibind/lib/python3.8/site-packages/dgl/backend/pytorch/sparse.py:128: FutureWarning: `torch.cuda.amp.custom_bwd(args...)` is deprecated. Please use `torch.amp.custom_bwd(args..., device_type='cuda')` instead.
  def backward(ctx, dZ):
/home/manndo/anaconda3/envs/equibind/lib/python3.8/site-packages/dgl/backend/pytorch/sparse.py:177: FutureWarning: `torch.cuda.amp.custom_fwd(args...)` is deprecated. Please use `torch.amp.custom_fwd(args..., device_type='cuda')` instead.
  @custom_fwd(cast_inputs=th.float16)
/home/manndo/anaconda3/envs/equibind/lib/python3.8/site-packages/dgl/backend/pytorch/sparse.py:207: FutureWarning: `torch.cuda.amp.custom_bwd(args...)` is deprecated. Please use `torch.amp.custom_bwd(args..., device_type='cuda')` instead.
  def backward(ctx, *dZ):
/home/manndo/anaconda3/envs/equibind/lib/python3.8/site-packages/dgl/backend/pytorch/sparse.py:287: FutureWarning: `torch.cuda.amp.custom_fwd(args...)` is deprecated. Please use `torch.amp.custom_fwd(args..., device_type='cuda')` instead.
  @custom_fwd(cast_inputs=th.float16)
/home/manndo/anaconda3/envs/equibind/lib/python3.8/site-packages/dgl/backend/pytorch/sparse.py:304: FutureWarning: `torch.cuda.amp.custom_bwd(args...)` is deprecated. Please use `torch.amp.custom_bwd(args..., device_type='cuda')` instead.
  def backward(ctx, dZ):
/home/manndo/anaconda3/envs/equibind/lib/python3.8/site-packages/dgl/backend/pytorch/sparse.py:352: FutureWarning: `torch.cuda.amp.custom_fwd(args...)` is deprecated. Please use `torch.amp.custom_fwd(args..., device_type='cuda')` instead.
  @custom_fwd(cast_inputs=th.float16)
/home/manndo/anaconda3/envs/equibind/lib/python3.8/site-packages/dgl/backend/pytorch/sparse.py:371: FutureWarning: `torch.cuda.amp.custom_bwd(args...)` is deprecated. Please use `torch.amp.custom_bwd(args..., device_type='cuda')` instead.
  def backward(ctx, *dZ):
/home/manndo/anaconda3/envs/equibind/lib/python3.8/site-packages/dgl/backend/pytorch/sparse.py:431: FutureWarning: `torch.cuda.amp.custom_fwd(args...)` is deprecated. Please use `torch.amp.custom_fwd(args..., device_type='cuda')` instead.
  @custom_fwd(cast_inputs=th.float16)
/home/manndo/anaconda3/envs/equibind/lib/python3.8/site-packages/dgl/backend/pytorch/sparse.py:467: FutureWarning: `torch.cuda.amp.custom_bwd(args...)` is deprecated. Please use `torch.amp.custom_bwd(args..., device_type='cuda')` instead.
  def backward(ctx, grad_out):
/home/manndo/anaconda3/envs/equibind/lib/python3.8/site-packages/dgl/backend/pytorch/sparse.py:498: FutureWarning: `torch.cuda.amp.custom_fwd(args...)` is deprecated. Please use `torch.amp.custom_fwd(args..., device_type='cuda')` instead.
  @custom_fwd(cast_inputs=th.float16)
/home/manndo/anaconda3/envs/equibind/lib/python3.8/site-packages/dgl/backend/pytorch/sparse.py:535: FutureWarning: `torch.cuda.amp.custom_bwd(args...)` is deprecated. Please use `torch.amp.custom_bwd(args..., device_type='cuda')` instead.
  def backward(ctx, *grad_out):
/home/manndo/anaconda3/envs/equibind/lib/python3.8/site-packages/dgl/backend/pytorch/sparse.py:566: FutureWarning: `torch.cuda.amp.custom_fwd(args...)` is deprecated. Please use `torch.amp.custom_fwd(args..., device_type='cuda')` instead.
  @custom_fwd(cast_inputs=th.float16)
/home/manndo/anaconda3/envs/equibind/lib/python3.8/site-packages/dgl/backend/pytorch/sparse.py:575: FutureWarning: `torch.cuda.amp.custom_bwd(args...)` is deprecated. Please use `torch.amp.custom_bwd(args..., device_type='cuda')` instead.
  def backward(ctx, dy):
/home/manndo/anaconda3/envs/equibind/lib/python3.8/site-packages/dgl/backend/pytorch/sparse.py:595: FutureWarning: `torch.cuda.amp.custom_fwd(args...)` is deprecated. Please use `torch.amp.custom_fwd(args..., device_type='cuda')` instead.
  @custom_fwd(cast_inputs=th.float16)
/home/manndo/anaconda3/envs/equibind/lib/python3.8/site-packages/dgl/backend/pytorch/sparse.py:603: FutureWarning: `torch.cuda.amp.custom_bwd(args...)` is deprecated. Please use `torch.amp.custom_bwd(args..., device_type='cuda')` instead.
  def backward(ctx, dy):
/home/manndo/anaconda3/envs/equibind/lib/python3.8/site-packages/dgl/backend/pytorch/sparse.py:666: FutureWarning: `torch.cuda.amp.custom_fwd(args...)` is deprecated. Please use `torch.amp.custom_fwd(args..., device_type='cuda')` instead.
  @custom_fwd(cast_inputs=th.float16)
/home/manndo/anaconda3/envs/equibind/lib/python3.8/site-packages/dgl/backend/pytorch/sparse.py:692: FutureWarning: `torch.cuda.amp.custom_fwd(args...)` is deprecated. Please use `torch.amp.custom_fwd(args..., device_type='cuda')` instead.
  @custom_fwd(cast_inputs=th.float16)
GPU detected: NVIDIA GeForce RTX 4070 Laptop GPU
================================================================================
EquiBind Batch Docking Configuration
================================================================================
  Workspace:        /home/manndo/master_dev
  Ligand dir:       /home/manndo/master_dev/Dockings/Benchmark_Equibind/_staging/8ACL_LQL/ligands
  Receptor dir:     /home/manndo/master_dev/Dockings/Benchmark_Equibind/_staging/8ACL_LQL/receptors
  EquiBind dir:     /home/manndo/tools/EquiBind
  EquiBind device:  cuda
  Output:           /home/manndo/master_dev/Dockings/Benchmark_Equibind/8ACL_LQL
  Pocket results:   fpocket=/home/manndo/master_dev/pocket_results/fpocket_results
                    p2rank=/home/manndo/master_dev/pocket_results/p2rank_results
  Top pockets:      3 per method
  Poses/pocket:     5
  Unguided poses:   5
  Workers:          26
  GPU batch size:   8
  UFF minimize:     True
  Skip existing:    True
  Force pocket:     True
  Protein cropping: True (radius=8.0Å + buffer=3.0Å)
================================================================================
================================================================================
GPU SUPPORT VALIDATION
================================================================================

PyTorch CUDA Status:
  PyTorch version: 2.4.1+cu124
  CUDA available: True
  CUDA version: 12.4
  Number of GPUs: 1
  GPU Name: NVIDIA GeForce RTX 4070 Laptop GPU
  GPU Memory: 8.59 GB
  ✓ GPU tensor operations working

NVIDIA GPU Information (nvidia-smi):
Sat May  2 10:52:21 2026       
+-----------------------------------------------------------------------------------------+
| NVIDIA-SMI 580.105.07             Driver Version: 581.80         CUDA Version: 13.0     |
+-----------------------------------------+------------------------+----------------------+
| GPU  Name                 Persistence-M | Bus-Id          Disp.A | Volatile Uncorr. ECC |
| Fan  Temp   Perf          Pwr:Usage/Cap |           Memory-Usage | GPU-Util  Compute M. |
|                                         |                        |               MIG M. |
|=========================================+========================+======================|
|   0  NVIDIA GeForce RTX 4070 ...    On  |   00000000:01:00.0 Off |                  N/A |
| N/A   54C    P3              7W /   55W |     664MiB /   8188MiB |     10%      Default |
|                                         |                        |                  N/A |
+-----------------------------------------+------------------------+----------------------+

+-----------------------------------------------------------------------------------------+
| Processes:                                                                              |
|  GPU   GI   CI              PID   Type   Process name                        GPU Memory |
|        ID   ID                                                               Usage      |
|=========================================================================================|
|    0   N/A  N/A           24683      C   /python3.8                            N/A      |
|    0   N/A  N/A          151559      C   /python3.8                            N/A      |
+-----------------------------------------------------------------------------------------+


================================================================================
✓ GPU ACCELERATION AVAILABLE
  Recommended setting: equibind_device = 'cuda'
  Current setting: equibind_device = 'cuda'
================================================================================
================================================================================
EquiBind Batch Docking Configuration
================================================================================
  Workspace:        /home/manndo/master_dev
  Ligand dir:       /home/manndo/master_dev/Dockings/Benchmark_Equibind/_staging/8ACL_LQL/ligands
  Receptor dir:     /home/manndo/master_dev/Dockings/Benchmark_Equibind/_staging/8ACL_LQL/receptors
  EquiBind dir:     /home/manndo/tools/EquiBind
  EquiBind device:  cuda
  Output:           /home/manndo/master_dev/Dockings/Benchmark_Equibind/8ACL_LQL
  Pocket results:   fpocket=/home/manndo/master_dev/pocket_results/fpocket_results
                    p2rank=/home/manndo/master_dev/pocket_results/p2rank_results
  Top pockets:      3 per method
  Poses/pocket:     5
  Unguided poses:   5
  Workers:          26
  GPU batch size:   8
  UFF minimize:     True
  Skip existing:    True
  Force pocket:     True
  Protein cropping: True (radius=8.0Å + buffer=3.0Å)
================================================================================
/home/manndo/master_dev/Scripts/Docking/equibind_pipeline/equibind_model.py:84: FutureWarning: You are using `torch.load` with `weights_only=False` (the current default value), which uses the default pickle module implicitly. It is possible to construct malicious pickle data which will execute arbitrary code during unpickling (See https://github.com/pytorch/pytorch/blob/main/SECURITY.md#untrusted-models for more details). In a future release, the default value for `weights_only` will be flipped to `True`. This limits the functions that could be executed during unpickling. Arbitrary objects will no longer be allowed to be loaded via this mode unless they are explicitly allowlisted by the user via `torch.serialization.add_safe_globals`. We recommend you start setting `weights_only=True` for any use case where you don't have full control of the loaded file. Please open an issue on GitHub for any issues related to this experimental feature.
  checkpoint = torch.load(str(ckpt_path), map_location=dev)
[2026-05-02 10:52:21.699514] [ Using Seed :  1  ]
    · EquiBind model loaded from /home/manndo/tools/EquiBind/runs/flexible_self_docking/best_checkpoint.pt
    ·   Device: cuda:0  |  Load time: 0.17s

──────────────────────────────────────────────────────────────────────
  GLOBALLY DECOUPLED 3-PHASE EQUIBIND PIPELINE
──────────────────────────────────────────────────────────────────────
  EquiBind device: cuda:0
  GPU batch size: 8
  Proteins: 1
  Ligands: 1
  Total combos: 1  (≈ 35 poses/combo)
  Workers: 26

    · 8ACL_LQL_protein: 3 fpocket + 3 p2rank pockets

Pre-computing ligand properties...
  1 ligands analysed
Pre-computing protein properties...
  1 proteins analysed
Docking log: /home/manndo/master_dev/Dockings/Benchmark_Equibind/8ACL_LQL/docking_log.csv (0 existing entries)

──────────────────────────────────────────────────────────────────────
  PHASE 1: CPU PREPARATION — ALL COMBOS
──────────────────────────────────────────────────────────────────────
    · Building receptor graph for 8ACL_LQL_protein_protein.pdb
    · Preparing cropped proteins for 6 pockets (6 workers)
    · Cropped protein for fpocket_raw_p001: 41 residues, 604 atoms (radius=11.0Å)
    · Cropped protein for fpocket_raw_p002: 39 residues, 619 atoms (radius=11.0Å)
    · Cropped protein for p2rank_raw_p003: 41 residues, 652 atoms (radius=11.0Å)
    · Cropped protein for p2rank_raw_p001: 47 residues, 703 atoms (radius=11.0Å)
    · Cropped protein for fpocket_raw_p003: 45 residues, 711 atoms (radius=11.0Å)
    · Cropped protein for p2rank_raw_p002: 40 residues, 629 atoms (radius=11.0Å)
    · Generating conformers for 1 ligands (26 workers)
    · Ligand 8ACL_LQL_ligand_start_conf: 10 conformers
    · Building DockJobs for 1 combos (26 workers)

────────────────────────────────────────────────────────────────────────────────
  PHASE 1 COMPLETE in 1.8s (0.0 min)
  Jobs prepared:    35
  Cached results:   0
  Unique proteins:  7
  Unique ligands:   1
  Receptor graphs:  7
────────────────────────────────────────────────────────────────────────────────

──────────────────────────────────────────────────────────────────────
  PHASE 2: GPU INFERENCE — 35 TOTAL JOBS
──────────────────────────────────────────────────────────────────────
    ·   8ACL_LQL_protein_protein_crop_fpocket_raw_p001.pdb: 5 jobs → 1 batches
[2026-05-02 10:52:24.021967] [ Using Seed :  42  ]
/home/manndo/anaconda3/envs/equibind/lib/python3.8/site-packages/dgl/backend/pytorch/tensor.py:352: UserWarning: TypedStorage is deprecated. It will be removed in the future and UntypedStorage will be the only storage class. This should only matter to you if you are using storages directly.  To access UntypedStorage directly, use tensor.untyped_storage() instead of tensor.storage()
  assert input.numel() == input.storage().size(), "Cannot convert view " \
[2026-05-02 10:52:24.706560] [ Using Seed :  1001  ]
[2026-05-02 10:52:24.762668] [ Using Seed :  2022  ]
[2026-05-02 10:52:24.819487] [ Using Seed :  123  ]
[2026-05-02 10:52:24.872871] [ Using Seed :  456  ]
    ·   8ACL_LQL_protein_protein_crop_fpocket_raw_p002.pdb: 5 jobs → 1 batches
[2026-05-02 10:52:24.930344] [ Using Seed :  42  ]
[2026-05-02 10:52:24.987940] [ Using Seed :  1001  ]
[2026-05-02 10:52:25.052800] [ Using Seed :  2022  ]
[2026-05-02 10:52:25.111499] [ Using Seed :  123  ]
[2026-05-02 10:52:25.166444] [ Using Seed :  456  ]
    ·   8ACL_LQL_protein_protein_crop_fpocket_raw_p003.pdb: 5 jobs → 1 batches
[2026-05-02 10:52:25.220869] [ Using Seed :  42  ]
[2026-05-02 10:52:25.277862] [ Using Seed :  1001  ]
[2026-05-02 10:52:25.334254] [ Using Seed :  2022  ]
[2026-05-02 10:52:25.390915] [ Using Seed :  123  ]
[2026-05-02 10:52:25.446907] [ Using Seed :  456  ]
    ·   8ACL_LQL_protein_protein_crop_p2rank_raw_p001.pdb: 5 jobs → 1 batches
[2026-05-02 10:52:25.507754] [ Using Seed :  42  ]
[2026-05-02 10:52:25.562576] [ Using Seed :  1001  ]
[2026-05-02 10:52:25.617970] [ Using Seed :  2022  ]
[2026-05-02 10:52:25.674475] [ Using Seed :  123  ]
[2026-05-02 10:52:25.730172] [ Using Seed :  456  ]
    ·   8ACL_LQL_protein_protein_crop_p2rank_raw_p002.pdb: 5 jobs → 1 batches
[2026-05-02 10:52:25.785705] [ Using Seed :  42  ]
[2026-05-02 10:52:25.841744] [ Using Seed :  1001  ]
[2026-05-02 10:52:25.904159] [ Using Seed :  2022  ]
[2026-05-02 10:52:25.963770] [ Using Seed :  123  ]
[2026-05-02 10:52:26.020958] [ Using Seed :  456  ]
    ·   8ACL_LQL_protein_protein_crop_p2rank_raw_p003.pdb: 5 jobs → 1 batches
[2026-05-02 10:52:26.079000] [ Using Seed :  42  ]
[2026-05-02 10:52:26.142037] [ Using Seed :  1001  ]
[2026-05-02 10:52:26.198861] [ Using Seed :  2022  ]
[2026-05-02 10:52:26.259531] [ Using Seed :  123  ]
[2026-05-02 10:52:26.315309] [ Using Seed :  456  ]
    ·   8ACL_LQL_protein_protein.pdb: 5 jobs → 1 batches
[2026-05-02 10:52:26.378108] [ Using Seed :  42  ]
[2026-05-02 10:52:26.444447] [ Using Seed :  1001  ]
[2026-05-02 10:52:26.500198] [ Using Seed :  2022  ]
[2026-05-02 10:52:26.555294] [ Using Seed :  123  ]
[2026-05-02 10:52:26.610409] [ Using Seed :  456  ]

────────────────────────────────────────────────────────────────────────────────
  PHASE 2 COMPLETE in 3.2s (0.1 min)
  Total batches: 7
  Success: 35  |  Failed: 0
  Avg inference: 75.4ms per ligand
────────────────────────────────────────────────────────────────────────────────

──────────────────────────────────────────────────────────────────────
  PHASE 3: CPU POST-PROCESSING — 35 TOTAL JOBS
──────────────────────────────────────────────────────────────────────
    · Post-processing 35 new jobs (0 skipped)
    · UFF: pre-warmed protein cache for 1 unique protein(s)
    · Stage 1 (corrections+SDF): 0.4s — 0 done, 35 need UFF
    · Stage 2: UFF — 35 jobs, 26 process workers
 ⚠️  UFF FF construction failed on combined mol: Can't kekulize mol.  Unkekulized atoms: 43 44 45 46 47
 ⚠️  UFF FF construction failed on combined mol: Can't kekulize mol.  Unkekulized atoms: 43 44 45 46 47
 ⚠️  UFF FF construction failed on combined mol: Can't kekulize mol.  Unkekulized atoms: 43 44 45 46 47
 ⚠️  UFF FF construction failed on combined mol: Can't kekulize mol.  Unkekulized atoms: 43 44 45 46 47
 ⚠️  UFF FF construction failed on combined mol: Can't kekulize mol.  Unkekulized atoms: 43 44 45 46 47
 ⚠️  UFF FF construction failed on combined mol: Can't kekulize mol.  Unkekulized atoms: 43 44 45 46 47
 ⚠️  UFF FF construction failed on combined mol: Can't kekulize mol.  Unkekulized atoms: 17 18 19 20 21
 ⚠️  UFF FF construction failed on combined mol: Can't kekulize mol.  Unkekulized atoms: 5 6 7 8 9
 ⚠️  UFF FF construction failed on combined mol: Can't kekulize mol.  Unkekulized atoms: 43 44 45 46 47
 ⚠️  UFF FF construction failed on combined mol: Can't kekulize mol.  Unkekulized atoms: 43 44 45 46 47
 ⚠️  UFF FF construction failed on combined mol: Can't kekulize mol.  Unkekulized atoms: 67 68 69 70 71
 ⚠️  UFF FF construction failed on combined mol: Can't kekulize mol.  Unkekulized atoms: 67 68 69 70 71
 ⚠️  UFF FF construction failed on combined mol: Can't kekulize mol.  Unkekulized atoms: 67 68 69 70 71
 ⚠️  UFF FF construction failed on combined mol: Can't kekulize mol.  Unkekulized atoms: 43 44 45 46 47
 ⚠️  UFF FF construction failed on combined mol: Can't kekulize mol.  Unkekulized atoms: 5 6 7 8 9
 ⚠️  UFF FF construction failed on combined mol: Can't kekulize mol.  Unkekulized atoms: 5 6 7 8 9
 ⚠️  UFF FF construction failed on combined mol: Can't kekulize mol.  Unkekulized atoms: 43 44 45 46 47
 ⚠️  UFF FF construction failed on combined mol: Can't kekulize mol.  Unkekulized atoms: 5 6 7 8 9
 ⚠️  UFF FF construction failed on combined mol: Can't kekulize mol.  Unkekulized atoms: 43 44 45 46 47
 ⚠️  UFF FF construction failed on combined mol: Can't kekulize mol.  Unkekulized atoms: 5 6 7 8 9
 ⚠️  UFF FF construction failed on combined mol: Can't kekulize mol.  Unkekulized atoms: 22 23 24 25 26
 ⚠️  UFF FF construction failed on combined mol: Can't kekulize mol.  Unkekulized atoms: 5 6 7 8 9
 ⚠️  UFF FF construction failed on combined mol: Can't kekulize mol.  Unkekulized atoms: 118 119 120 121 122
 ⚠️  UFF FF construction failed on combined mol: Can't kekulize mol.  Unkekulized atoms: 129 130 131 132 133
    · UFF minimization: E 3171.9 → 3119.9 kcal/mol (ΔE=-52.0), not converged (code 1), 51 ligand + 582 protein atoms
    · UFF minimization: E 3356.6 → 3298.6 kcal/mol (ΔE=-57.9), converged, 51 ligand + 632 protein atoms
    · UFF minimization: E 3765.8 → 3711.4 kcal/mol (ΔE=-54.4), converged, 51 ligand + 668 protein atoms
    · UFF minimization: E 3179.8 → 3133.8 kcal/mol (ΔE=-46.0), converged, 51 ligand + 613 protein atoms
    · UFF minimization: E 3187.0 → 3140.0 kcal/mol (ΔE=-47.1), converged, 51 ligand + 613 protein atoms
    · UFF minimization: E 3582.8 → 3536.7 kcal/mol (ΔE=-46.1), converged, 51 ligand + 697 protein atoms
    · UFF minimization: E 3842.3 → 3779.0 kcal/mol (ΔE=-63.4), converged, 51 ligand + 720 protein atoms
    · UFF minimization: E 4133.1 → 4072.8 kcal/mol (ΔE=-60.3), converged, 51 ligand + 747 protein atoms
    · UFF minimization: E 3921.8 → 3866.2 kcal/mol (ΔE=-55.6), converged, 51 ligand + 766 protein atoms
    · UFF minimization: E 3967.8 → 3915.9 kcal/mol (ΔE=-51.9), not converged (code 1), 51 ligand + 758 protein atoms
    · UFF minimization: E 4231.0 → 4184.3 kcal/mol (ΔE=-46.7), converged, 51 ligand + 828 protein atoms
    · Stage 2 (UFF): 6.3s (5.5 jobs/s)
    · Checkpoint: saved guided_results.json for 1 combos

────────────────────────────────────────────────────────────────────────────────
  PHASE 3 COMPLETE in 6.8s (0.1 min)
  Already done: 0
  Newly processed: 35
  Success: 35  |  Failed: 0
────────────────────────────────────────────────────────────────────────────────

──────────────────────────────────────────────────────────────────────
  STATISTICS: UNGUIDED POSES vs POCKETS
──────────────────────────────────────────────────────────────────────
  Unguided poses: 5
  In fpocket: 5  In p2rank: 5  In either: 5

──────────────────────────────────────────────────────────────────────
  TIMING REPORT
──────────────────────────────────────────────────────────────────────

  GLOBAL PHASE TIMING:
  Phase                     Time (s)     Time (min)        %
  ------------------------- ------------ ------------ ------
  Phase 1: CPU Prep         1.8          0.0           15.0%
  Phase 2: GPU Dock         3.2          0.1           27.0%
  Phase 3: CPU Post         6.8          0.1           58.0%
  TOTAL (phases)            11.7         0.2          100.0%
  Pipeline wall time        11.7         0.2         

  Timing saved to: /home/manndo/master_dev/Dockings/Benchmark_Equibind/8ACL_LQL/pipeline_timing.csv
  Summary saved to: /home/manndo/master_dev/Dockings/Benchmark_Equibind/8ACL_LQL/pipeline_summary.json

══════════════════════════════════════════════════════════════════════
  SIGNAL MONITOR SUMMARY
══════════════════════════════════════════════════════════════════════
  EquiBind calls:        0
  Successful returns:    0
  Failed returns:        0
  Poses inside pocket:   0
  Poses rejected/outside:0
    ├ guided rejected:   0
    └ unguided outside:  0
══════════════════════════════════════════════════════════════════════

✓ Pipeline complete.
  Poses (success): 35
  Poses (failed):  0
  Wall time:       11.7s
