/home/manndo/anaconda3/envs/equibind/lib/python3.8/site-packages/dgl/backend/pytorch/sparse.py:104: FutureWarning: `torch.cuda.amp.custom_fwd(args...)` is deprecated. Please use `torch.amp.custom_fwd(args..., device_type='cuda')` instead.
  @custom_fwd(cast_inputs=th.float16)
/home/manndo/anaconda3/envs/equibind/lib/python3.8/site-packages/dgl/backend/pytorch/sparse.py:128: FutureWarning: `torch.cuda.amp.custom_bwd(args...)` is deprecated. Please use `torch.amp.custom_bwd(args..., device_type='cuda')` instead.
  def backward(ctx, dZ):
/home/manndo/anaconda3/envs/equibind/lib/python3.8/site-packages/dgl/backend/pytorch/sparse.py:177: FutureWarning: `torch.cuda.amp.custom_fwd(args...)` is deprecated. Please use `torch.amp.custom_fwd(args..., device_type='cuda')` instead.
  @custom_fwd(cast_inputs=th.float16)
/home/manndo/anaconda3/envs/equibind/lib/python3.8/site-packages/dgl/backend/pytorch/sparse.py:207: FutureWarning: `torch.cuda.amp.custom_bwd(args...)` is deprecated. Please use `torch.amp.custom_bwd(args..., device_type='cuda')` instead.
  def backward(ctx, *dZ):
/home/manndo/anaconda3/envs/equibind/lib/python3.8/site-packages/dgl/backend/pytorch/sparse.py:287: FutureWarning: `torch.cuda.amp.custom_fwd(args...)` is deprecated. Please use `torch.amp.custom_fwd(args..., device_type='cuda')` instead.
  @custom_fwd(cast_inputs=th.float16)
/home/manndo/anaconda3/envs/equibind/lib/python3.8/site-packages/dgl/backend/pytorch/sparse.py:304: FutureWarning: `torch.cuda.amp.custom_bwd(args...)` is deprecated. Please use `torch.amp.custom_bwd(args..., device_type='cuda')` instead.
  def backward(ctx, dZ):
/home/manndo/anaconda3/envs/equibind/lib/python3.8/site-packages/dgl/backend/pytorch/sparse.py:352: FutureWarning: `torch.cuda.amp.custom_fwd(args...)` is deprecated. Please use `torch.amp.custom_fwd(args..., device_type='cuda')` instead.
  @custom_fwd(cast_inputs=th.float16)
/home/manndo/anaconda3/envs/equibind/lib/python3.8/site-packages/dgl/backend/pytorch/sparse.py:371: FutureWarning: `torch.cuda.amp.custom_bwd(args...)` is deprecated. Please use `torch.amp.custom_bwd(args..., device_type='cuda')` instead.
  def backward(ctx, *dZ):
/home/manndo/anaconda3/envs/equibind/lib/python3.8/site-packages/dgl/backend/pytorch/sparse.py:431: FutureWarning: `torch.cuda.amp.custom_fwd(args...)` is deprecated. Please use `torch.amp.custom_fwd(args..., device_type='cuda')` instead.
  @custom_fwd(cast_inputs=th.float16)
/home/manndo/anaconda3/envs/equibind/lib/python3.8/site-packages/dgl/backend/pytorch/sparse.py:467: FutureWarning: `torch.cuda.amp.custom_bwd(args...)` is deprecated. Please use `torch.amp.custom_bwd(args..., device_type='cuda')` instead.
  def backward(ctx, grad_out):
/home/manndo/anaconda3/envs/equibind/lib/python3.8/site-packages/dgl/backend/pytorch/sparse.py:498: FutureWarning: `torch.cuda.amp.custom_fwd(args...)` is deprecated. Please use `torch.amp.custom_fwd(args..., device_type='cuda')` instead.
  @custom_fwd(cast_inputs=th.float16)
/home/manndo/anaconda3/envs/equibind/lib/python3.8/site-packages/dgl/backend/pytorch/sparse.py:535: FutureWarning: `torch.cuda.amp.custom_bwd(args...)` is deprecated. Please use `torch.amp.custom_bwd(args..., device_type='cuda')` instead.
  def backward(ctx, *grad_out):
/home/manndo/anaconda3/envs/equibind/lib/python3.8/site-packages/dgl/backend/pytorch/sparse.py:566: FutureWarning: `torch.cuda.amp.custom_fwd(args...)` is deprecated. Please use `torch.amp.custom_fwd(args..., device_type='cuda')` instead.
  @custom_fwd(cast_inputs=th.float16)
/home/manndo/anaconda3/envs/equibind/lib/python3.8/site-packages/dgl/backend/pytorch/sparse.py:575: FutureWarning: `torch.cuda.amp.custom_bwd(args...)` is deprecated. Please use `torch.amp.custom_bwd(args..., device_type='cuda')` instead.
  def backward(ctx, dy):
/home/manndo/anaconda3/envs/equibind/lib/python3.8/site-packages/dgl/backend/pytorch/sparse.py:595: FutureWarning: `torch.cuda.amp.custom_fwd(args...)` is deprecated. Please use `torch.amp.custom_fwd(args..., device_type='cuda')` instead.
  @custom_fwd(cast_inputs=th.float16)
/home/manndo/anaconda3/envs/equibind/lib/python3.8/site-packages/dgl/backend/pytorch/sparse.py:603: FutureWarning: `torch.cuda.amp.custom_bwd(args...)` is deprecated. Please use `torch.amp.custom_bwd(args..., device_type='cuda')` instead.
  def backward(ctx, dy):
/home/manndo/anaconda3/envs/equibind/lib/python3.8/site-packages/dgl/backend/pytorch/sparse.py:666: FutureWarning: `torch.cuda.amp.custom_fwd(args...)` is deprecated. Please use `torch.amp.custom_fwd(args..., device_type='cuda')` instead.
  @custom_fwd(cast_inputs=th.float16)
/home/manndo/anaconda3/envs/equibind/lib/python3.8/site-packages/dgl/backend/pytorch/sparse.py:692: FutureWarning: `torch.cuda.amp.custom_fwd(args...)` is deprecated. Please use `torch.amp.custom_fwd(args..., device_type='cuda')` instead.
  @custom_fwd(cast_inputs=th.float16)
GPU detected: NVIDIA GeForce RTX 4070 Laptop GPU
================================================================================
EquiBind Batch Docking Configuration
================================================================================
  Workspace:        /home/manndo/master_dev
  Ligand dir:       /home/manndo/master_dev/Dockings/Benchmark_Equibind/_staging/8AIE_M7L/ligands
  Receptor dir:     /home/manndo/master_dev/Dockings/Benchmark_Equibind/_staging/8AIE_M7L/receptors
  EquiBind dir:     /home/manndo/tools/EquiBind
  EquiBind device:  cuda
  Output:           /home/manndo/master_dev/Dockings/Benchmark_Equibind/8AIE_M7L
  Pocket results:   fpocket=/home/manndo/master_dev/pocket_results/fpocket_results
                    p2rank=/home/manndo/master_dev/pocket_results/p2rank_results
  Top pockets:      3 per method
  Poses/pocket:     5
  Unguided poses:   5
  Workers:          26
  GPU batch size:   8
  UFF minimize:     True
  Skip existing:    True
  Force pocket:     True
  Protein cropping: True (radius=8.0Å + buffer=3.0Å)
================================================================================
================================================================================
GPU SUPPORT VALIDATION
================================================================================

PyTorch CUDA Status:
  PyTorch version: 2.4.1+cu124
  CUDA available: True
  CUDA version: 12.4
  Number of GPUs: 1
  GPU Name: NVIDIA GeForce RTX 4070 Laptop GPU
  GPU Memory: 8.59 GB
  ✓ GPU tensor operations working

NVIDIA GPU Information (nvidia-smi):
Sat May  2 10:52:55 2026       
+-----------------------------------------------------------------------------------------+
| NVIDIA-SMI 580.105.07             Driver Version: 581.80         CUDA Version: 13.0     |
+-----------------------------------------+------------------------+----------------------+
| GPU  Name                 Persistence-M | Bus-Id          Disp.A | Volatile Uncorr. ECC |
| Fan  Temp   Perf          Pwr:Usage/Cap |           Memory-Usage | GPU-Util  Compute M. |
|                                         |                        |               MIG M. |
|=========================================+========================+======================|
|   0  NVIDIA GeForce RTX 4070 ...    On  |   00000000:01:00.0 Off |                  N/A |
| N/A   54C    P3             12W /   55W |     664MiB /   8188MiB |      2%      Default |
|                                         |                        |                  N/A |
+-----------------------------------------+------------------------+----------------------+

+-----------------------------------------------------------------------------------------+
| Processes:                                                                              |
|  GPU   GI   CI              PID   Type   Process name                        GPU Memory |
|        ID   ID                                                               Usage      |
|=========================================================================================|
|    0   N/A  N/A           24683      C   /python3.8                            N/A      |
|    0   N/A  N/A          151941      C   /python3.8                            N/A      |
+-----------------------------------------------------------------------------------------+


================================================================================
✓ GPU ACCELERATION AVAILABLE
  Recommended setting: equibind_device = 'cuda'
  Current setting: equibind_device = 'cuda'
================================================================================
================================================================================
EquiBind Batch Docking Configuration
================================================================================
  Workspace:        /home/manndo/master_dev
  Ligand dir:       /home/manndo/master_dev/Dockings/Benchmark_Equibind/_staging/8AIE_M7L/ligands
  Receptor dir:     /home/manndo/master_dev/Dockings/Benchmark_Equibind/_staging/8AIE_M7L/receptors
  EquiBind dir:     /home/manndo/tools/EquiBind
  EquiBind device:  cuda
  Output:           /home/manndo/master_dev/Dockings/Benchmark_Equibind/8AIE_M7L
  Pocket results:   fpocket=/home/manndo/master_dev/pocket_results/fpocket_results
                    p2rank=/home/manndo/master_dev/pocket_results/p2rank_results
  Top pockets:      3 per method
  Poses/pocket:     5
  Unguided poses:   5
  Workers:          26
  GPU batch size:   8
  UFF minimize:     True
  Skip existing:    True
  Force pocket:     True
  Protein cropping: True (radius=8.0Å + buffer=3.0Å)
================================================================================
/home/manndo/master_dev/Scripts/Docking/equibind_pipeline/equibind_model.py:84: FutureWarning: You are using `torch.load` with `weights_only=False` (the current default value), which uses the default pickle module implicitly. It is possible to construct malicious pickle data which will execute arbitrary code during unpickling (See https://github.com/pytorch/pytorch/blob/main/SECURITY.md#untrusted-models for more details). In a future release, the default value for `weights_only` will be flipped to `True`. This limits the functions that could be executed during unpickling. Arbitrary objects will no longer be allowed to be loaded via this mode unless they are explicitly allowlisted by the user via `torch.serialization.add_safe_globals`. We recommend you start setting `weights_only=True` for any use case where you don't have full control of the loaded file. Please open an issue on GitHub for any issues related to this experimental feature.
  checkpoint = torch.load(str(ckpt_path), map_location=dev)
[2026-05-02 10:52:55.994640] [ Using Seed :  1  ]
    · EquiBind model loaded from /home/manndo/tools/EquiBind/runs/flexible_self_docking/best_checkpoint.pt
    ·   Device: cuda:0  |  Load time: 0.19s

──────────────────────────────────────────────────────────────────────
  GLOBALLY DECOUPLED 3-PHASE EQUIBIND PIPELINE
──────────────────────────────────────────────────────────────────────
  EquiBind device: cuda:0
  GPU batch size: 8
  Proteins: 1
  Ligands: 1
  Total combos: 1  (≈ 35 poses/combo)
  Workers: 26

    · 8AIE_M7L_protein: 3 fpocket + 3 p2rank pockets

Pre-computing ligand properties...
  1 ligands analysed
Pre-computing protein properties...
  1 proteins analysed
Docking log: /home/manndo/master_dev/Dockings/Benchmark_Equibind/8AIE_M7L/docking_log.csv (0 existing entries)

──────────────────────────────────────────────────────────────────────
  PHASE 1: CPU PREPARATION — ALL COMBOS
──────────────────────────────────────────────────────────────────────
    · Building receptor graph for 8AIE_M7L_protein_protein.pdb
    · Preparing cropped proteins for 6 pockets (6 workers)
    · Cropped protein for fpocket_raw_p002: 36 residues, 610 atoms (radius=11.0Å)
    · Cropped protein for fpocket_raw_p003: 37 residues, 625 atoms (radius=11.0Å)    · Cropped protein for fpocket_raw_p001: 53 residues, 842 atoms (radius=11.0Å)

    · Cropped protein for p2rank_raw_p002: 50 residues, 841 atoms (radius=11.0Å)
    · Cropped protein for p2rank_raw_p003: 49 residues, 805 atoms (radius=11.0Å)
    · Cropped protein for p2rank_raw_p001: 50 residues, 842 atoms (radius=11.0Å)
    · Generating conformers for 1 ligands (26 workers)
    · Ligand 8AIE_M7L_ligand_start_conf: 10 conformers
    · Building DockJobs for 1 combos (26 workers)

────────────────────────────────────────────────────────────────────────────────
  PHASE 1 COMPLETE in 2.6s (0.0 min)
  Jobs prepared:    35
  Cached results:   0
  Unique proteins:  7
  Unique ligands:   1
  Receptor graphs:  7
────────────────────────────────────────────────────────────────────────────────

──────────────────────────────────────────────────────────────────────
  PHASE 2: GPU INFERENCE — 35 TOTAL JOBS
──────────────────────────────────────────────────────────────────────
    ·   8AIE_M7L_protein_protein_crop_fpocket_raw_p001.pdb: 5 jobs → 1 batches
[2026-05-02 10:52:59.280425] [ Using Seed :  1001  ]
/home/manndo/anaconda3/envs/equibind/lib/python3.8/site-packages/dgl/backend/pytorch/tensor.py:352: UserWarning: TypedStorage is deprecated. It will be removed in the future and UntypedStorage will be the only storage class. This should only matter to you if you are using storages directly.  To access UntypedStorage directly, use tensor.untyped_storage() instead of tensor.storage()
  assert input.numel() == input.storage().size(), "Cannot convert view " \
[2026-05-02 10:53:00.053567] [ Using Seed :  5926  ]
[2026-05-02 10:53:00.110534] [ Using Seed :  42  ]
[2026-05-02 10:53:00.166189] [ Using Seed :  789  ]
[2026-05-02 10:53:00.222200] [ Using Seed :  2022  ]
    ·   8AIE_M7L_protein_protein_crop_fpocket_raw_p002.pdb: 5 jobs → 1 batches
[2026-05-02 10:53:00.284879] [ Using Seed :  1001  ]
[2026-05-02 10:53:00.342407] [ Using Seed :  5926  ]
[2026-05-02 10:53:00.396485] [ Using Seed :  42  ]
[2026-05-02 10:53:00.454326] [ Using Seed :  789  ]
[2026-05-02 10:53:00.513078] [ Using Seed :  2022  ]
    ·   8AIE_M7L_protein_protein_crop_fpocket_raw_p003.pdb: 5 jobs → 1 batches
[2026-05-02 10:53:00.570021] [ Using Seed :  1001  ]
[2026-05-02 10:53:00.626350] [ Using Seed :  5926  ]
[2026-05-02 10:53:00.678974] [ Using Seed :  42  ]
[2026-05-02 10:53:00.732020] [ Using Seed :  789  ]
[2026-05-02 10:53:00.783895] [ Using Seed :  2022  ]
    ·   8AIE_M7L_protein_protein_crop_p2rank_raw_p001.pdb: 5 jobs → 1 batches
[2026-05-02 10:53:00.843516] [ Using Seed :  1001  ]
[2026-05-02 10:53:00.900887] [ Using Seed :  5926  ]
[2026-05-02 10:53:00.959056] [ Using Seed :  42  ]
[2026-05-02 10:53:01.013275] [ Using Seed :  789  ]
[2026-05-02 10:53:01.064234] [ Using Seed :  2022  ]
    ·   8AIE_M7L_protein_protein_crop_p2rank_raw_p002.pdb: 5 jobs → 1 batches
[2026-05-02 10:53:01.117542] [ Using Seed :  1001  ]
[2026-05-02 10:53:01.175041] [ Using Seed :  5926  ]
[2026-05-02 10:53:01.230903] [ Using Seed :  42  ]
[2026-05-02 10:53:01.288207] [ Using Seed :  789  ]
[2026-05-02 10:53:01.343915] [ Using Seed :  2022  ]
    ·   8AIE_M7L_protein_protein_crop_p2rank_raw_p003.pdb: 5 jobs → 1 batches
[2026-05-02 10:53:01.398474] [ Using Seed :  1001  ]
[2026-05-02 10:53:01.455157] [ Using Seed :  5926  ]
[2026-05-02 10:53:01.511517] [ Using Seed :  42  ]
[2026-05-02 10:53:01.564712] [ Using Seed :  789  ]
[2026-05-02 10:53:01.618241] [ Using Seed :  2022  ]
    ·   8AIE_M7L_protein_protein.pdb: 5 jobs → 1 batches
[2026-05-02 10:53:01.672312] [ Using Seed :  1001  ]
[2026-05-02 10:53:01.731976] [ Using Seed :  5926  ]
[2026-05-02 10:53:01.790008] [ Using Seed :  42  ]
[2026-05-02 10:53:01.844201] [ Using Seed :  789  ]
[2026-05-02 10:53:01.901793] [ Using Seed :  2022  ]

────────────────────────────────────────────────────────────────────────────────
  PHASE 2 COMPLETE in 3.2s (0.1 min)
  Total batches: 7
  Success: 35  |  Failed: 0
  Avg inference: 76.5ms per ligand
────────────────────────────────────────────────────────────────────────────────

──────────────────────────────────────────────────────────────────────
  PHASE 3: CPU POST-PROCESSING — 35 TOTAL JOBS
──────────────────────────────────────────────────────────────────────
    · Post-processing 35 new jobs (0 skipped)
    · UFF: pre-warmed protein cache for 1 unique protein(s)
    · Stage 1 (corrections+SDF): 0.5s — 0 done, 35 need UFF
    · Stage 2: UFF — 35 jobs, 26 process workers
 ⚠️  UFF FF construction failed on combined mol: Can't kekulize mol.  Unkekulized atoms: 5 6 7 8 9 10 11 12 13
 ⚠️  UFF FF construction failed on combined mol: Can't kekulize mol.  Unkekulized atoms: 5 6 7 8 9
    · UFF minimization: E 2894.6 → 2808.7 kcal/mol (ΔE=-85.9), converged, 39 ligand + 508 protein atoms
    · UFF minimization: E 2993.3 → 2901.9 kcal/mol (ΔE=-91.5), converged, 39 ligand + 553 protein atoms
    · UFF minimization: E 3095.2 → 3008.7 kcal/mol (ΔE=-86.4), converged, 39 ligand + 531 protein atoms
    · UFF minimization: E 3260.8 → 3173.9 kcal/mol (ΔE=-86.8), converged, 39 ligand + 580 protein atoms
    · UFF minimization: E 2792.0 → 2703.2 kcal/mol (ΔE=-88.8), not converged (code 1), 39 ligand + 526 protein atoms
    · UFF minimization: E 3837.2 → 3741.7 kcal/mol (ΔE=-95.5), converged, 39 ligand + 637 protein atoms
    · UFF minimization: E 3473.5 → 3377.6 kcal/mol (ΔE=-95.9), converged, 39 ligand + 619 protein atoms
    · UFF minimization: E 3287.8 → 3191.9 kcal/mol (ΔE=-95.9), converged, 39 ligand + 562 protein atoms
    · UFF minimization: E 3538.0 → 3451.1 kcal/mol (ΔE=-86.9), converged, 39 ligand + 611 protein atoms
    · UFF minimization: E 3114.7 → 3029.1 kcal/mol (ΔE=-85.6), converged, 39 ligand + 570 protein atoms
    · UFF minimization: E 8635853321093.6 → 3250.8 kcal/mol (ΔE=-8635853317842.9), not converged (code 1), 39 ligand + 538 protein atoms
    · UFF minimization: E 3174.4 → 3079.3 kcal/mol (ΔE=-95.0), converged, 39 ligand + 546 protein atoms
    · UFF minimization: E 3206.8 → 3122.2 kcal/mol (ΔE=-84.6), converged, 39 ligand + 571 protein atoms
    · UFF minimization: E 3369.4 → 3290.0 kcal/mol (ΔE=-79.4), converged, 39 ligand + 572 protein atoms
    · UFF minimization: E 1734456636898.6 → 2893.1 kcal/mol (ΔE=-1734456634005.5), not converged (code 1), 39 ligand + 556 protein atoms
    · UFF minimization: E 3179.3 → 3085.0 kcal/mol (ΔE=-94.3), not converged (code 1), 39 ligand + 557 protein atoms
    · UFF minimization: E 3405.0 → 3317.6 kcal/mol (ΔE=-87.4), converged, 39 ligand + 586 protein atoms
    · UFF minimization: E 3787.5 → 3696.3 kcal/mol (ΔE=-91.2), converged, 39 ligand + 654 protein atoms
    · UFF minimization: E 3558.9 → 3475.4 kcal/mol (ΔE=-83.5), not converged (code 1), 39 ligand + 610 protein atoms
    · UFF minimization: E 3523.9 → 3434.1 kcal/mol (ΔE=-89.8), not converged (code 1), 39 ligand + 616 protein atoms
    · UFF minimization: E 3711.7 → 3626.2 kcal/mol (ΔE=-85.5), converged, 39 ligand + 651 protein atoms
    · UFF minimization: E 3556.3 → 3462.2 kcal/mol (ΔE=-94.1), not converged (code 1), 39 ligand + 617 protein atoms
    · UFF minimization: E 3504.3 → 3418.7 kcal/mol (ΔE=-85.6), not converged (code 1), 39 ligand + 631 protein atoms
    · UFF minimization: E 4182.2 → 4093.4 kcal/mol (ΔE=-88.8), converged, 39 ligand + 745 protein atoms
    · UFF minimization: E 4004.5 → 3918.8 kcal/mol (ΔE=-85.7), converged, 39 ligand + 679 protein atoms
    · UFF minimization: E 4178.4 → 4085.6 kcal/mol (ΔE=-92.7), not converged (code 1), 39 ligand + 684 protein atoms
    · UFF minimization: E 3591.6 → 3504.8 kcal/mol (ΔE=-86.8), converged, 39 ligand + 575 protein atoms
    · UFF minimization: E 3643.2 → 3562.4 kcal/mol (ΔE=-80.8), converged, 39 ligand + 598 protein atoms
    · UFF minimization: E 3882.8 → 3784.6 kcal/mol (ΔE=-98.1), converged, 39 ligand + 646 protein atoms
    · UFF minimization: E 2000032553531.5 → 3539.4 kcal/mol (ΔE=-2000032549992.1), not converged (code 1), 39 ligand + 609 protein atoms
    · UFF minimization: E 3607.6 → 3519.4 kcal/mol (ΔE=-88.2), not converged (code 1), 39 ligand + 581 protein atoms
    · UFF minimization: E 3871.5 → 3785.3 kcal/mol (ΔE=-86.2), not converged (code 1), 39 ligand + 638 protein atoms
    · UFF minimization: E 4220.2 → 4134.0 kcal/mol (ΔE=-86.2), converged, 39 ligand + 699 protein atoms
    · Stage 2 (UFF): 14.6s (2.4 jobs/s)
    · Checkpoint: saved guided_results.json for 1 combos

────────────────────────────────────────────────────────────────────────────────
  PHASE 3 COMPLETE in 15.2s (0.3 min)
  Already done: 0
  Newly processed: 35
  Success: 35  |  Failed: 0
────────────────────────────────────────────────────────────────────────────────

──────────────────────────────────────────────────────────────────────
  STATISTICS: UNGUIDED POSES vs POCKETS
──────────────────────────────────────────────────────────────────────
  Unguided poses: 5
  In fpocket: 5  In p2rank: 5  In either: 5

──────────────────────────────────────────────────────────────────────
  TIMING REPORT
──────────────────────────────────────────────────────────────────────

  GLOBAL PHASE TIMING:
  Phase                     Time (s)     Time (min)        %
  ------------------------- ------------ ------------ ------
  Phase 1: CPU Prep         2.6          0.0           12.6%
  Phase 2: GPU Dock         3.2          0.1           15.4%
  Phase 3: CPU Post         15.2         0.3           72.0%
  TOTAL (phases)            21.1         0.4          100.0%
  Pipeline wall time        21.1         0.4         

  Timing saved to: /home/manndo/master_dev/Dockings/Benchmark_Equibind/8AIE_M7L/pipeline_timing.csv
  Summary saved to: /home/manndo/master_dev/Dockings/Benchmark_Equibind/8AIE_M7L/pipeline_summary.json

══════════════════════════════════════════════════════════════════════
  SIGNAL MONITOR SUMMARY
══════════════════════════════════════════════════════════════════════
  EquiBind calls:        0
  Successful returns:    0
  Failed returns:        0
  Poses inside pocket:   0
  Poses rejected/outside:0
    ├ guided rejected:   0
    └ unguided outside:  0
══════════════════════════════════════════════════════════════════════

✓ Pipeline complete.
  Poses (success): 35
  Poses (failed):  0
  Wall time:       21.1s
