/home/manndo/anaconda3/envs/equibind/lib/python3.8/site-packages/dgl/backend/pytorch/sparse.py:104: FutureWarning: `torch.cuda.amp.custom_fwd(args...)` is deprecated. Please use `torch.amp.custom_fwd(args..., device_type='cuda')` instead.
  @custom_fwd(cast_inputs=th.float16)
/home/manndo/anaconda3/envs/equibind/lib/python3.8/site-packages/dgl/backend/pytorch/sparse.py:128: FutureWarning: `torch.cuda.amp.custom_bwd(args...)` is deprecated. Please use `torch.amp.custom_bwd(args..., device_type='cuda')` instead.
  def backward(ctx, dZ):
/home/manndo/anaconda3/envs/equibind/lib/python3.8/site-packages/dgl/backend/pytorch/sparse.py:177: FutureWarning: `torch.cuda.amp.custom_fwd(args...)` is deprecated. Please use `torch.amp.custom_fwd(args..., device_type='cuda')` instead.
  @custom_fwd(cast_inputs=th.float16)
/home/manndo/anaconda3/envs/equibind/lib/python3.8/site-packages/dgl/backend/pytorch/sparse.py:207: FutureWarning: `torch.cuda.amp.custom_bwd(args...)` is deprecated. Please use `torch.amp.custom_bwd(args..., device_type='cuda')` instead.
  def backward(ctx, *dZ):
/home/manndo/anaconda3/envs/equibind/lib/python3.8/site-packages/dgl/backend/pytorch/sparse.py:287: FutureWarning: `torch.cuda.amp.custom_fwd(args...)` is deprecated. Please use `torch.amp.custom_fwd(args..., device_type='cuda')` instead.
  @custom_fwd(cast_inputs=th.float16)
/home/manndo/anaconda3/envs/equibind/lib/python3.8/site-packages/dgl/backend/pytorch/sparse.py:304: FutureWarning: `torch.cuda.amp.custom_bwd(args...)` is deprecated. Please use `torch.amp.custom_bwd(args..., device_type='cuda')` instead.
  def backward(ctx, dZ):
/home/manndo/anaconda3/envs/equibind/lib/python3.8/site-packages/dgl/backend/pytorch/sparse.py:352: FutureWarning: `torch.cuda.amp.custom_fwd(args...)` is deprecated. Please use `torch.amp.custom_fwd(args..., device_type='cuda')` instead.
  @custom_fwd(cast_inputs=th.float16)
/home/manndo/anaconda3/envs/equibind/lib/python3.8/site-packages/dgl/backend/pytorch/sparse.py:371: FutureWarning: `torch.cuda.amp.custom_bwd(args...)` is deprecated. Please use `torch.amp.custom_bwd(args..., device_type='cuda')` instead.
  def backward(ctx, *dZ):
/home/manndo/anaconda3/envs/equibind/lib/python3.8/site-packages/dgl/backend/pytorch/sparse.py:431: FutureWarning: `torch.cuda.amp.custom_fwd(args...)` is deprecated. Please use `torch.amp.custom_fwd(args..., device_type='cuda')` instead.
  @custom_fwd(cast_inputs=th.float16)
/home/manndo/anaconda3/envs/equibind/lib/python3.8/site-packages/dgl/backend/pytorch/sparse.py:467: FutureWarning: `torch.cuda.amp.custom_bwd(args...)` is deprecated. Please use `torch.amp.custom_bwd(args..., device_type='cuda')` instead.
  def backward(ctx, grad_out):
/home/manndo/anaconda3/envs/equibind/lib/python3.8/site-packages/dgl/backend/pytorch/sparse.py:498: FutureWarning: `torch.cuda.amp.custom_fwd(args...)` is deprecated. Please use `torch.amp.custom_fwd(args..., device_type='cuda')` instead.
  @custom_fwd(cast_inputs=th.float16)
/home/manndo/anaconda3/envs/equibind/lib/python3.8/site-packages/dgl/backend/pytorch/sparse.py:535: FutureWarning: `torch.cuda.amp.custom_bwd(args...)` is deprecated. Please use `torch.amp.custom_bwd(args..., device_type='cuda')` instead.
  def backward(ctx, *grad_out):
/home/manndo/anaconda3/envs/equibind/lib/python3.8/site-packages/dgl/backend/pytorch/sparse.py:566: FutureWarning: `torch.cuda.amp.custom_fwd(args...)` is deprecated. Please use `torch.amp.custom_fwd(args..., device_type='cuda')` instead.
  @custom_fwd(cast_inputs=th.float16)
/home/manndo/anaconda3/envs/equibind/lib/python3.8/site-packages/dgl/backend/pytorch/sparse.py:575: FutureWarning: `torch.cuda.amp.custom_bwd(args...)` is deprecated. Please use `torch.amp.custom_bwd(args..., device_type='cuda')` instead.
  def backward(ctx, dy):
/home/manndo/anaconda3/envs/equibind/lib/python3.8/site-packages/dgl/backend/pytorch/sparse.py:595: FutureWarning: `torch.cuda.amp.custom_fwd(args...)` is deprecated. Please use `torch.amp.custom_fwd(args..., device_type='cuda')` instead.
  @custom_fwd(cast_inputs=th.float16)
/home/manndo/anaconda3/envs/equibind/lib/python3.8/site-packages/dgl/backend/pytorch/sparse.py:603: FutureWarning: `torch.cuda.amp.custom_bwd(args...)` is deprecated. Please use `torch.amp.custom_bwd(args..., device_type='cuda')` instead.
  def backward(ctx, dy):
/home/manndo/anaconda3/envs/equibind/lib/python3.8/site-packages/dgl/backend/pytorch/sparse.py:666: FutureWarning: `torch.cuda.amp.custom_fwd(args...)` is deprecated. Please use `torch.amp.custom_fwd(args..., device_type='cuda')` instead.
  @custom_fwd(cast_inputs=th.float16)
/home/manndo/anaconda3/envs/equibind/lib/python3.8/site-packages/dgl/backend/pytorch/sparse.py:692: FutureWarning: `torch.cuda.amp.custom_fwd(args...)` is deprecated. Please use `torch.amp.custom_fwd(args..., device_type='cuda')` instead.
  @custom_fwd(cast_inputs=th.float16)
GPU detected: NVIDIA GeForce RTX 4070 Laptop GPU
================================================================================
EquiBind Batch Docking Configuration
================================================================================
  Workspace:        /home/manndo/master_dev
  Ligand dir:       /home/manndo/master_dev/Dockings/Benchmark_Equibind/_staging/8C5D_GTB/ligands
  Receptor dir:     /home/manndo/master_dev/Dockings/Benchmark_Equibind/_staging/8C5D_GTB/receptors
  EquiBind dir:     /home/manndo/tools/EquiBind
  EquiBind device:  cuda
  Output:           /home/manndo/master_dev/Dockings/Benchmark_Equibind/8C5D_GTB
  Pocket results:   fpocket=/home/manndo/master_dev/pocket_results/fpocket_results
                    p2rank=/home/manndo/master_dev/pocket_results/p2rank_results
  Top pockets:      3 per method
  Poses/pocket:     5
  Unguided poses:   5
  Workers:          26
  GPU batch size:   8
  UFF minimize:     True
  Skip existing:    True
  Force pocket:     True
  Protein cropping: True (radius=8.0Å + buffer=3.0Å)
================================================================================
================================================================================
GPU SUPPORT VALIDATION
================================================================================

PyTorch CUDA Status:
  PyTorch version: 2.4.1+cu124
  CUDA available: True
  CUDA version: 12.4
  Number of GPUs: 1
  GPU Name: NVIDIA GeForce RTX 4070 Laptop GPU
  GPU Memory: 8.59 GB
  ✓ GPU tensor operations working

NVIDIA GPU Information (nvidia-smi):
Sat May  2 10:58:28 2026       
+-----------------------------------------------------------------------------------------+
| NVIDIA-SMI 580.105.07             Driver Version: 581.80         CUDA Version: 13.0     |
+-----------------------------------------+------------------------+----------------------+
| GPU  Name                 Persistence-M | Bus-Id          Disp.A | Volatile Uncorr. ECC |
| Fan  Temp   Perf          Pwr:Usage/Cap |           Memory-Usage | GPU-Util  Compute M. |
|                                         |                        |               MIG M. |
|=========================================+========================+======================|
|   0  NVIDIA GeForce RTX 4070 ...    On  |   00000000:01:00.0 Off |                  N/A |
| N/A   54C    P3             11W /   55W |     664MiB /   8188MiB |     10%      Default |
|                                         |                        |                  N/A |
+-----------------------------------------+------------------------+----------------------+

+-----------------------------------------------------------------------------------------+
| Processes:                                                                              |
|  GPU   GI   CI              PID   Type   Process name                        GPU Memory |
|        ID   ID                                                               Usage      |
|=========================================================================================|
|    0   N/A  N/A           24683      C   /python3.8                            N/A      |
|    0   N/A  N/A          154242      C   /python3.8                            N/A      |
+-----------------------------------------------------------------------------------------+


================================================================================
✓ GPU ACCELERATION AVAILABLE
  Recommended setting: equibind_device = 'cuda'
  Current setting: equibind_device = 'cuda'
================================================================================
================================================================================
EquiBind Batch Docking Configuration
================================================================================
  Workspace:        /home/manndo/master_dev
  Ligand dir:       /home/manndo/master_dev/Dockings/Benchmark_Equibind/_staging/8C5D_GTB/ligands
  Receptor dir:     /home/manndo/master_dev/Dockings/Benchmark_Equibind/_staging/8C5D_GTB/receptors
  EquiBind dir:     /home/manndo/tools/EquiBind
  EquiBind device:  cuda
  Output:           /home/manndo/master_dev/Dockings/Benchmark_Equibind/8C5D_GTB
  Pocket results:   fpocket=/home/manndo/master_dev/pocket_results/fpocket_results
                    p2rank=/home/manndo/master_dev/pocket_results/p2rank_results
  Top pockets:      3 per method
  Poses/pocket:     5
  Unguided poses:   5
  Workers:          26
  GPU batch size:   8
  UFF minimize:     True
  Skip existing:    True
  Force pocket:     True
  Protein cropping: True (radius=8.0Å + buffer=3.0Å)
================================================================================
/home/manndo/master_dev/Scripts/Docking/equibind_pipeline/equibind_model.py:84: FutureWarning: You are using `torch.load` with `weights_only=False` (the current default value), which uses the default pickle module implicitly. It is possible to construct malicious pickle data which will execute arbitrary code during unpickling (See https://github.com/pytorch/pytorch/blob/main/SECURITY.md#untrusted-models for more details). In a future release, the default value for `weights_only` will be flipped to `True`. This limits the functions that could be executed during unpickling. Arbitrary objects will no longer be allowed to be loaded via this mode unless they are explicitly allowlisted by the user via `torch.serialization.add_safe_globals`. We recommend you start setting `weights_only=True` for any use case where you don't have full control of the loaded file. Please open an issue on GitHub for any issues related to this experimental feature.
  checkpoint = torch.load(str(ckpt_path), map_location=dev)
[2026-05-02 10:58:28.298814] [ Using Seed :  1  ]
    · EquiBind model loaded from /home/manndo/tools/EquiBind/runs/flexible_self_docking/best_checkpoint.pt
    ·   Device: cuda:0  |  Load time: 0.16s

──────────────────────────────────────────────────────────────────────
  GLOBALLY DECOUPLED 3-PHASE EQUIBIND PIPELINE
──────────────────────────────────────────────────────────────────────
  EquiBind device: cuda:0
  GPU batch size: 8
  Proteins: 1
  Ligands: 1
  Total combos: 1  (≈ 35 poses/combo)
  Workers: 26

    · 8C5D_GTB_protein: 3 fpocket + 3 p2rank pockets

Pre-computing ligand properties...
  1 ligands analysed
Pre-computing protein properties...
  1 proteins analysed
Docking log: /home/manndo/master_dev/Dockings/Benchmark_Equibind/8C5D_GTB/docking_log.csv (0 existing entries)

──────────────────────────────────────────────────────────────────────
  PHASE 1: CPU PREPARATION — ALL COMBOS
──────────────────────────────────────────────────────────────────────
    · Building receptor graph for 8C5D_GTB_protein_protein.pdb
    · Preparing cropped proteins for 6 pockets (6 workers)
    · Cropped protein for fpocket_raw_p001: 56 residues, 835 atoms (radius=11.0Å)    · Cropped protein for fpocket_raw_p002: 48 residues, 796 atoms (radius=11.0Å)

    · Cropped protein for p2rank_raw_p003: 43 residues, 682 atoms (radius=11.0Å)
    · Cropped protein for p2rank_raw_p002: 45 residues, 683 atoms (radius=11.0Å)    · Cropped protein for fpocket_raw_p003: 47 residues, 802 atoms (radius=11.0Å)

    · Cropped protein for p2rank_raw_p001: 51 residues, 758 atoms (radius=11.0Å)
    · Generating conformers for 1 ligands (26 workers)
    · Ligand 8C5D_GTB_ligand_start_conf: 10 conformers
    · Building DockJobs for 1 combos (26 workers)

────────────────────────────────────────────────────────────────────────────────
  PHASE 1 COMPLETE in 2.3s (0.0 min)
  Jobs prepared:    35
  Cached results:   0
  Unique proteins:  7
  Unique ligands:   1
  Receptor graphs:  7
────────────────────────────────────────────────────────────────────────────────

──────────────────────────────────────────────────────────────────────
  PHASE 2: GPU INFERENCE — 35 TOTAL JOBS
──────────────────────────────────────────────────────────────────────
    ·   8C5D_GTB_protein_protein_crop_fpocket_raw_p001.pdb: 5 jobs → 1 batches
[2026-05-02 10:58:31.187229] [ Using Seed :  3141  ]
/home/manndo/anaconda3/envs/equibind/lib/python3.8/site-packages/dgl/backend/pytorch/tensor.py:352: UserWarning: TypedStorage is deprecated. It will be removed in the future and UntypedStorage will be the only storage class. This should only matter to you if you are using storages directly.  To access UntypedStorage directly, use tensor.untyped_storage() instead of tensor.storage()
  assert input.numel() == input.storage().size(), "Cannot convert view " \
[2026-05-02 10:58:31.902819] [ Using Seed :  5926  ]
[2026-05-02 10:58:31.958144] [ Using Seed :  42  ]
[2026-05-02 10:58:32.015391] [ Using Seed :  8675  ]
[2026-05-02 10:58:32.071808] [ Using Seed :  123  ]
    ·   8C5D_GTB_protein_protein_crop_fpocket_raw_p002.pdb: 5 jobs → 1 batches
[2026-05-02 10:58:32.129406] [ Using Seed :  3141  ]
[2026-05-02 10:58:32.188210] [ Using Seed :  5926  ]
[2026-05-02 10:58:32.244710] [ Using Seed :  42  ]
[2026-05-02 10:58:32.299893] [ Using Seed :  8675  ]
[2026-05-02 10:58:32.357482] [ Using Seed :  123  ]
    ·   8C5D_GTB_protein_protein_crop_fpocket_raw_p003.pdb: 5 jobs → 1 batches
[2026-05-02 10:58:32.416060] [ Using Seed :  3141  ]
[2026-05-02 10:58:32.470934] [ Using Seed :  5926  ]
[2026-05-02 10:58:32.530337] [ Using Seed :  42  ]
[2026-05-02 10:58:32.588325] [ Using Seed :  8675  ]
[2026-05-02 10:58:32.645157] [ Using Seed :  123  ]
    ·   8C5D_GTB_protein_protein_crop_p2rank_raw_p001.pdb: 5 jobs → 1 batches
[2026-05-02 10:58:32.703701] [ Using Seed :  3141  ]
[2026-05-02 10:58:32.764722] [ Using Seed :  5926  ]
[2026-05-02 10:58:32.820534] [ Using Seed :  42  ]
[2026-05-02 10:58:32.879662] [ Using Seed :  8675  ]
[2026-05-02 10:58:32.935396] [ Using Seed :  123  ]
    ·   8C5D_GTB_protein_protein_crop_p2rank_raw_p002.pdb: 5 jobs → 1 batches
[2026-05-02 10:58:32.987440] [ Using Seed :  3141  ]
[2026-05-02 10:58:33.038706] [ Using Seed :  5926  ]
[2026-05-02 10:58:33.097905] [ Using Seed :  42  ]
[2026-05-02 10:58:33.150257] [ Using Seed :  8675  ]
[2026-05-02 10:58:33.200835] [ Using Seed :  123  ]
    ·   8C5D_GTB_protein_protein_crop_p2rank_raw_p003.pdb: 5 jobs → 1 batches
[2026-05-02 10:58:33.254780] [ Using Seed :  3141  ]
[2026-05-02 10:58:33.311628] [ Using Seed :  5926  ]
[2026-05-02 10:58:33.369769] [ Using Seed :  42  ]
[2026-05-02 10:58:33.426116] [ Using Seed :  8675  ]
[2026-05-02 10:58:33.482804] [ Using Seed :  123  ]
    ·   8C5D_GTB_protein_protein.pdb: 5 jobs → 1 batches
[2026-05-02 10:58:33.541717] [ Using Seed :  3141  ]
[2026-05-02 10:58:33.596579] [ Using Seed :  5926  ]
[2026-05-02 10:58:33.650919] [ Using Seed :  42  ]
[2026-05-02 10:58:33.704386] [ Using Seed :  8675  ]
[2026-05-02 10:58:33.759456] [ Using Seed :  123  ]

────────────────────────────────────────────────────────────────────────────────
  PHASE 2 COMPLETE in 3.2s (0.1 min)
  Total batches: 7
  Success: 35  |  Failed: 0
  Avg inference: 74.9ms per ligand
────────────────────────────────────────────────────────────────────────────────

──────────────────────────────────────────────────────────────────────
  PHASE 3: CPU POST-PROCESSING — 35 TOTAL JOBS
──────────────────────────────────────────────────────────────────────
    · Post-processing 35 new jobs (0 skipped)
    · UFF: pre-warmed protein cache for 1 unique protein(s)
    · Stage 1 (corrections+SDF): 0.9s — 0 done, 35 need UFF
    · Stage 2: UFF — 35 jobs, 26 process workers
 ⚠️  UFF FF construction failed on combined mol: Can't kekulize mol.  Unkekulized atoms: 5 6 7 8 9
 ⚠️  UFF FF construction failed on combined mol: Can't kekulize mol.  Unkekulized atoms: 5 6 7 8 9
 ⚠️  UFF FF construction failed on combined mol: Can't kekulize mol.  Unkekulized atoms: 188 189 190 191 192
 ⚠️  UFF FF construction failed on combined mol: Can't kekulize mol.  Unkekulized atoms: 178 179 180 181 182
 ⚠️  UFF FF construction failed on combined mol: Can't kekulize mol.  Unkekulized atoms: 188 189 190 191 192
    · UFF minimization: E 2394.3 → 2291.2 kcal/mol (ΔE=-103.2), not converged (code 1), 52 ligand + 425 protein atoms
    · UFF minimization: E 2292.5 → 2199.8 kcal/mol (ΔE=-92.7), not converged (code 1), 52 ligand + 420 protein atoms
    · UFF minimization: E 2482.7 → 2393.6 kcal/mol (ΔE=-89.0), not converged (code 1), 52 ligand + 443 protein atoms
    · UFF minimization: E 2418.8 → 2319.2 kcal/mol (ΔE=-99.6), not converged (code 1), 52 ligand + 440 protein atoms
    · UFF minimization: E 2772.0 → 2673.7 kcal/mol (ΔE=-98.4), not converged (code 1), 52 ligand + 492 protein atoms
    · UFF minimization: E 2549.1 → 2462.5 kcal/mol (ΔE=-86.7), not converged (code 1), 52 ligand + 452 protein atoms
    · UFF minimization: E 3027.2 → 2940.4 kcal/mol (ΔE=-86.9), not converged (code 1), 52 ligand + 531 protein atoms
    · UFF minimization: E 2697.0 → 2587.6 kcal/mol (ΔE=-109.4), not converged (code 1), 52 ligand + 482 protein atoms
    · UFF minimization: E 3323.3 → 3217.3 kcal/mol (ΔE=-106.0), not converged (code 1), 52 ligand + 591 protein atoms
    · UFF minimization: E 3270.3 → 3169.6 kcal/mol (ΔE=-100.7), not converged (code 1), 52 ligand + 595 protein atoms
    · UFF minimization: E 3010.1 → 2919.7 kcal/mol (ΔE=-90.4), not converged (code 1), 52 ligand + 530 protein atoms
    · UFF minimization: E 3935.9 → 3852.3 kcal/mol (ΔE=-83.5), converged, 52 ligand + 686 protein atoms
    · UFF minimization: E 3549.7 → 3469.2 kcal/mol (ΔE=-80.5), not converged (code 1), 52 ligand + 644 protein atoms
    · UFF minimization: E 3611.4 → 3524.2 kcal/mol (ΔE=-87.2), not converged (code 1), 52 ligand + 637 protein atoms
    · UFF minimization: E 5271563631323.4 → 2277.5 kcal/mol (ΔE=-5271563629045.9), not converged (code 1), 52 ligand + 439 protein atoms
    · UFF minimization: E 3411.6 → 3312.2 kcal/mol (ΔE=-99.4), not converged (code 1), 52 ligand + 607 protein atoms
    · UFF minimization: E 3553.5 → 3449.8 kcal/mol (ΔE=-103.7), not converged (code 1), 52 ligand + 681 protein atoms
    · UFF minimization: E 3929.1 → 3839.3 kcal/mol (ΔE=-89.7), not converged (code 1), 52 ligand + 698 protein atoms
    · UFF minimization: E 3950.8 → 3868.9 kcal/mol (ΔE=-81.9), not converged (code 1), 52 ligand + 703 protein atoms
    · UFF minimization: E 2406.7 → 2311.3 kcal/mol (ΔE=-95.4), not converged (code 1), 52 ligand + 442 protein atoms
    · UFF minimization: E 2593.7 → 2493.2 kcal/mol (ΔE=-100.4), not converged (code 1), 52 ligand + 462 protein atoms
    · UFF minimization: E 3714.5 → 3628.2 kcal/mol (ΔE=-86.3), not converged (code 1), 52 ligand + 669 protein atoms
    · UFF minimization: E 4004.6 → 3900.5 kcal/mol (ΔE=-104.1), not converged (code 1), 52 ligand + 719 protein atoms
    · UFF minimization: E 3796.5 → 3691.9 kcal/mol (ΔE=-104.7), not converged (code 1), 52 ligand + 723 protein atoms
    · UFF minimization: E 2864.4 → 2773.5 kcal/mol (ΔE=-90.9), converged, 52 ligand + 505 protein atoms
    · UFF minimization: E 4247.0 → 4150.3 kcal/mol (ΔE=-96.7), not converged (code 1), 52 ligand + 755 protein atoms
    · UFF minimization: E 4390.9 → 4298.3 kcal/mol (ΔE=-92.6), not converged (code 1), 52 ligand + 800 protein atoms
    · UFF minimization: E 4299.0 → 4192.2 kcal/mol (ΔE=-106.9), not converged (code 1), 52 ligand + 843 protein atoms
    · UFF minimization: E 4515.9 → 4418.0 kcal/mol (ΔE=-97.8), not converged (code 1), 52 ligand + 883 protein atoms
    · UFF minimization: E 4636.6 → 4535.2 kcal/mol (ΔE=-101.4), not converged (code 1), 52 ligand + 901 protein atoms
    · Stage 2 (UFF): 13.7s (2.6 jobs/s)
    · Checkpoint: saved guided_results.json for 1 combos

────────────────────────────────────────────────────────────────────────────────
  PHASE 3 COMPLETE in 14.7s (0.2 min)
  Already done: 0
  Newly processed: 35
  Success: 35  |  Failed: 0
────────────────────────────────────────────────────────────────────────────────

──────────────────────────────────────────────────────────────────────
  STATISTICS: UNGUIDED POSES vs POCKETS
──────────────────────────────────────────────────────────────────────
  Unguided poses: 5
  In fpocket: 5  In p2rank: 4  In either: 5

──────────────────────────────────────────────────────────────────────
  TIMING REPORT
──────────────────────────────────────────────────────────────────────

  GLOBAL PHASE TIMING:
  Phase                     Time (s)     Time (min)        %
  ------------------------- ------------ ------------ ------
  Phase 1: CPU Prep         2.3          0.0           11.4%
  Phase 2: GPU Dock         3.2          0.1           15.7%
  Phase 3: CPU Post         14.7         0.2           72.9%
  TOTAL (phases)            20.1         0.3          100.0%
  Pipeline wall time        20.1         0.3         

  Timing saved to: /home/manndo/master_dev/Dockings/Benchmark_Equibind/8C5D_GTB/pipeline_timing.csv
  Summary saved to: /home/manndo/master_dev/Dockings/Benchmark_Equibind/8C5D_GTB/pipeline_summary.json

══════════════════════════════════════════════════════════════════════
  SIGNAL MONITOR SUMMARY
══════════════════════════════════════════════════════════════════════
  EquiBind calls:        0
  Successful returns:    0
  Failed returns:        0
  Poses inside pocket:   0
  Poses rejected/outside:0
    ├ guided rejected:   0
    └ unguided outside:  0
══════════════════════════════════════════════════════════════════════

✓ Pipeline complete.
  Poses (success): 35
  Poses (failed):  0
  Wall time:       20.1s
