/home/manndo/anaconda3/envs/equibind/lib/python3.8/site-packages/dgl/backend/pytorch/sparse.py:104: FutureWarning: `torch.cuda.amp.custom_fwd(args...)` is deprecated. Please use `torch.amp.custom_fwd(args..., device_type='cuda')` instead.
  @custom_fwd(cast_inputs=th.float16)
/home/manndo/anaconda3/envs/equibind/lib/python3.8/site-packages/dgl/backend/pytorch/sparse.py:128: FutureWarning: `torch.cuda.amp.custom_bwd(args...)` is deprecated. Please use `torch.amp.custom_bwd(args..., device_type='cuda')` instead.
  def backward(ctx, dZ):
/home/manndo/anaconda3/envs/equibind/lib/python3.8/site-packages/dgl/backend/pytorch/sparse.py:177: FutureWarning: `torch.cuda.amp.custom_fwd(args...)` is deprecated. Please use `torch.amp.custom_fwd(args..., device_type='cuda')` instead.
  @custom_fwd(cast_inputs=th.float16)
/home/manndo/anaconda3/envs/equibind/lib/python3.8/site-packages/dgl/backend/pytorch/sparse.py:207: FutureWarning: `torch.cuda.amp.custom_bwd(args...)` is deprecated. Please use `torch.amp.custom_bwd(args..., device_type='cuda')` instead.
  def backward(ctx, *dZ):
/home/manndo/anaconda3/envs/equibind/lib/python3.8/site-packages/dgl/backend/pytorch/sparse.py:287: FutureWarning: `torch.cuda.amp.custom_fwd(args...)` is deprecated. Please use `torch.amp.custom_fwd(args..., device_type='cuda')` instead.
  @custom_fwd(cast_inputs=th.float16)
/home/manndo/anaconda3/envs/equibind/lib/python3.8/site-packages/dgl/backend/pytorch/sparse.py:304: FutureWarning: `torch.cuda.amp.custom_bwd(args...)` is deprecated. Please use `torch.amp.custom_bwd(args..., device_type='cuda')` instead.
  def backward(ctx, dZ):
/home/manndo/anaconda3/envs/equibind/lib/python3.8/site-packages/dgl/backend/pytorch/sparse.py:352: FutureWarning: `torch.cuda.amp.custom_fwd(args...)` is deprecated. Please use `torch.amp.custom_fwd(args..., device_type='cuda')` instead.
  @custom_fwd(cast_inputs=th.float16)
/home/manndo/anaconda3/envs/equibind/lib/python3.8/site-packages/dgl/backend/pytorch/sparse.py:371: FutureWarning: `torch.cuda.amp.custom_bwd(args...)` is deprecated. Please use `torch.amp.custom_bwd(args..., device_type='cuda')` instead.
  def backward(ctx, *dZ):
/home/manndo/anaconda3/envs/equibind/lib/python3.8/site-packages/dgl/backend/pytorch/sparse.py:431: FutureWarning: `torch.cuda.amp.custom_fwd(args...)` is deprecated. Please use `torch.amp.custom_fwd(args..., device_type='cuda')` instead.
  @custom_fwd(cast_inputs=th.float16)
/home/manndo/anaconda3/envs/equibind/lib/python3.8/site-packages/dgl/backend/pytorch/sparse.py:467: FutureWarning: `torch.cuda.amp.custom_bwd(args...)` is deprecated. Please use `torch.amp.custom_bwd(args..., device_type='cuda')` instead.
  def backward(ctx, grad_out):
/home/manndo/anaconda3/envs/equibind/lib/python3.8/site-packages/dgl/backend/pytorch/sparse.py:498: FutureWarning: `torch.cuda.amp.custom_fwd(args...)` is deprecated. Please use `torch.amp.custom_fwd(args..., device_type='cuda')` instead.
  @custom_fwd(cast_inputs=th.float16)
/home/manndo/anaconda3/envs/equibind/lib/python3.8/site-packages/dgl/backend/pytorch/sparse.py:535: FutureWarning: `torch.cuda.amp.custom_bwd(args...)` is deprecated. Please use `torch.amp.custom_bwd(args..., device_type='cuda')` instead.
  def backward(ctx, *grad_out):
/home/manndo/anaconda3/envs/equibind/lib/python3.8/site-packages/dgl/backend/pytorch/sparse.py:566: FutureWarning: `torch.cuda.amp.custom_fwd(args...)` is deprecated. Please use `torch.amp.custom_fwd(args..., device_type='cuda')` instead.
  @custom_fwd(cast_inputs=th.float16)
/home/manndo/anaconda3/envs/equibind/lib/python3.8/site-packages/dgl/backend/pytorch/sparse.py:575: FutureWarning: `torch.cuda.amp.custom_bwd(args...)` is deprecated. Please use `torch.amp.custom_bwd(args..., device_type='cuda')` instead.
  def backward(ctx, dy):
/home/manndo/anaconda3/envs/equibind/lib/python3.8/site-packages/dgl/backend/pytorch/sparse.py:595: FutureWarning: `torch.cuda.amp.custom_fwd(args...)` is deprecated. Please use `torch.amp.custom_fwd(args..., device_type='cuda')` instead.
  @custom_fwd(cast_inputs=th.float16)
/home/manndo/anaconda3/envs/equibind/lib/python3.8/site-packages/dgl/backend/pytorch/sparse.py:603: FutureWarning: `torch.cuda.amp.custom_bwd(args...)` is deprecated. Please use `torch.amp.custom_bwd(args..., device_type='cuda')` instead.
  def backward(ctx, dy):
/home/manndo/anaconda3/envs/equibind/lib/python3.8/site-packages/dgl/backend/pytorch/sparse.py:666: FutureWarning: `torch.cuda.amp.custom_fwd(args...)` is deprecated. Please use `torch.amp.custom_fwd(args..., device_type='cuda')` instead.
  @custom_fwd(cast_inputs=th.float16)
/home/manndo/anaconda3/envs/equibind/lib/python3.8/site-packages/dgl/backend/pytorch/sparse.py:692: FutureWarning: `torch.cuda.amp.custom_fwd(args...)` is deprecated. Please use `torch.amp.custom_fwd(args..., device_type='cuda')` instead.
  @custom_fwd(cast_inputs=th.float16)
GPU detected: NVIDIA GeForce RTX 4070 Laptop GPU
================================================================================
EquiBind Batch Docking Configuration
================================================================================
  Workspace:        /home/manndo/master_dev
  Ligand dir:       /home/manndo/master_dev/Dockings/Benchmark_Equibind/_staging/8DHG_T78/ligands
  Receptor dir:     /home/manndo/master_dev/Dockings/Benchmark_Equibind/_staging/8DHG_T78/receptors
  EquiBind dir:     /home/manndo/tools/EquiBind
  EquiBind device:  cuda
  Output:           /home/manndo/master_dev/Dockings/Benchmark_Equibind/8DHG_T78
  Pocket results:   fpocket=/home/manndo/master_dev/pocket_results/fpocket_results
                    p2rank=/home/manndo/master_dev/pocket_results/p2rank_results
  Top pockets:      3 per method
  Poses/pocket:     5
  Unguided poses:   5
  Workers:          26
  GPU batch size:   8
  UFF minimize:     True
  Skip existing:    True
  Force pocket:     True
  Protein cropping: True (radius=8.0Å + buffer=3.0Å)
================================================================================
================================================================================
GPU SUPPORT VALIDATION
================================================================================

PyTorch CUDA Status:
  PyTorch version: 2.4.1+cu124
  CUDA available: True
  CUDA version: 12.4
  Number of GPUs: 1
  GPU Name: NVIDIA GeForce RTX 4070 Laptop GPU
  GPU Memory: 8.59 GB
  ✓ GPU tensor operations working

NVIDIA GPU Information (nvidia-smi):
Sat May  2 11:04:32 2026       
+-----------------------------------------------------------------------------------------+
| NVIDIA-SMI 580.105.07             Driver Version: 581.80         CUDA Version: 13.0     |
+-----------------------------------------+------------------------+----------------------+
| GPU  Name                 Persistence-M | Bus-Id          Disp.A | Volatile Uncorr. ECC |
| Fan  Temp   Perf          Pwr:Usage/Cap |           Memory-Usage | GPU-Util  Compute M. |
|                                         |                        |               MIG M. |
|=========================================+========================+======================|
|   0  NVIDIA GeForce RTX 4070 ...    On  |   00000000:01:00.0 Off |                  N/A |
| N/A   55C    P3              9W /   55W |     664MiB /   8188MiB |      7%      Default |
|                                         |                        |                  N/A |
+-----------------------------------------+------------------------+----------------------+

+-----------------------------------------------------------------------------------------+
| Processes:                                                                              |
|  GPU   GI   CI              PID   Type   Process name                        GPU Memory |
|        ID   ID                                                               Usage      |
|=========================================================================================|
|    0   N/A  N/A           24683      C   /python3.8                            N/A      |
|    0   N/A  N/A          156249      C   /python3.8                            N/A      |
+-----------------------------------------------------------------------------------------+


================================================================================
✓ GPU ACCELERATION AVAILABLE
  Recommended setting: equibind_device = 'cuda'
  Current setting: equibind_device = 'cuda'
================================================================================
================================================================================
EquiBind Batch Docking Configuration
================================================================================
  Workspace:        /home/manndo/master_dev
  Ligand dir:       /home/manndo/master_dev/Dockings/Benchmark_Equibind/_staging/8DHG_T78/ligands
  Receptor dir:     /home/manndo/master_dev/Dockings/Benchmark_Equibind/_staging/8DHG_T78/receptors
  EquiBind dir:     /home/manndo/tools/EquiBind
  EquiBind device:  cuda
  Output:           /home/manndo/master_dev/Dockings/Benchmark_Equibind/8DHG_T78
  Pocket results:   fpocket=/home/manndo/master_dev/pocket_results/fpocket_results
                    p2rank=/home/manndo/master_dev/pocket_results/p2rank_results
  Top pockets:      3 per method
  Poses/pocket:     5
  Unguided poses:   5
  Workers:          26
  GPU batch size:   8
  UFF minimize:     True
  Skip existing:    True
  Force pocket:     True
  Protein cropping: True (radius=8.0Å + buffer=3.0Å)
================================================================================
/home/manndo/master_dev/Scripts/Docking/equibind_pipeline/equibind_model.py:84: FutureWarning: You are using `torch.load` with `weights_only=False` (the current default value), which uses the default pickle module implicitly. It is possible to construct malicious pickle data which will execute arbitrary code during unpickling (See https://github.com/pytorch/pytorch/blob/main/SECURITY.md#untrusted-models for more details). In a future release, the default value for `weights_only` will be flipped to `True`. This limits the functions that could be executed during unpickling. Arbitrary objects will no longer be allowed to be loaded via this mode unless they are explicitly allowlisted by the user via `torch.serialization.add_safe_globals`. We recommend you start setting `weights_only=True` for any use case where you don't have full control of the loaded file. Please open an issue on GitHub for any issues related to this experimental feature.
  checkpoint = torch.load(str(ckpt_path), map_location=dev)
[2026-05-02 11:04:33.133941] [ Using Seed :  1  ]
    · EquiBind model loaded from /home/manndo/tools/EquiBind/runs/flexible_self_docking/best_checkpoint.pt
    ·   Device: cuda:0  |  Load time: 0.16s

──────────────────────────────────────────────────────────────────────
  GLOBALLY DECOUPLED 3-PHASE EQUIBIND PIPELINE
──────────────────────────────────────────────────────────────────────
  EquiBind device: cuda:0
  GPU batch size: 8
  Proteins: 1
  Ligands: 1
  Total combos: 1  (≈ 35 poses/combo)
  Workers: 26

    · 8DHG_T78_protein: 3 fpocket + 3 p2rank pockets

Pre-computing ligand properties...
  1 ligands analysed
Pre-computing protein properties...
  1 proteins analysed
Docking log: /home/manndo/master_dev/Dockings/Benchmark_Equibind/8DHG_T78/docking_log.csv (0 existing entries)

──────────────────────────────────────────────────────────────────────
  PHASE 1: CPU PREPARATION — ALL COMBOS
──────────────────────────────────────────────────────────────────────
    · Building receptor graph for 8DHG_T78_protein_protein.pdb
    · Preparing cropped proteins for 6 pockets (6 workers)
    · Cropped protein for fpocket_raw_p001: 56 residues, 863 atoms (radius=11.0Å)    · Cropped protein for fpocket_raw_p002: 63 residues, 991 atoms (radius=11.0Å)
    · Cropped protein for p2rank_raw_p002: 48 residues, 726 atoms (radius=11.0Å)

    · Cropped protein for p2rank_raw_p003: 42 residues, 671 atoms (radius=11.0Å)
    · Cropped protein for fpocket_raw_p003: 55 residues, 869 atoms (radius=11.0Å)
    · Cropped protein for p2rank_raw_p001: 64 residues, 993 atoms (radius=11.0Å)
    · Generating conformers for 1 ligands (26 workers)
    · Ligand 8DHG_T78_ligand_start_conf: 10 conformers
    · Building DockJobs for 1 combos (26 workers)

────────────────────────────────────────────────────────────────────────────────
  PHASE 1 COMPLETE in 2.2s (0.0 min)
  Jobs prepared:    35
  Cached results:   0
  Unique proteins:  7
  Unique ligands:   1
  Receptor graphs:  7
────────────────────────────────────────────────────────────────────────────────

──────────────────────────────────────────────────────────────────────
  PHASE 2: GPU INFERENCE — 35 TOTAL JOBS
──────────────────────────────────────────────────────────────────────
    ·   8DHG_T78_protein_protein_crop_fpocket_raw_p001.pdb: 5 jobs → 1 batches
[2026-05-02 11:04:35.944299] [ Using Seed :  456  ]
/home/manndo/anaconda3/envs/equibind/lib/python3.8/site-packages/dgl/backend/pytorch/tensor.py:352: UserWarning: TypedStorage is deprecated. It will be removed in the future and UntypedStorage will be the only storage class. This should only matter to you if you are using storages directly.  To access UntypedStorage directly, use tensor.untyped_storage() instead of tensor.storage()
  assert input.numel() == input.storage().size(), "Cannot convert view " \
[2026-05-02 11:04:36.681390] [ Using Seed :  42  ]
[2026-05-02 11:04:36.737362] [ Using Seed :  5926  ]
[2026-05-02 11:04:36.796380] [ Using Seed :  2022  ]
[2026-05-02 11:04:36.856184] [ Using Seed :  1001  ]
    ·   8DHG_T78_protein_protein_crop_fpocket_raw_p002.pdb: 5 jobs → 1 batches
[2026-05-02 11:04:36.913155] [ Using Seed :  456  ]
[2026-05-02 11:04:36.974036] [ Using Seed :  42  ]
[2026-05-02 11:04:37.029145] [ Using Seed :  5926  ]
[2026-05-02 11:04:37.084380] [ Using Seed :  2022  ]
[2026-05-02 11:04:37.146479] [ Using Seed :  1001  ]
    ·   8DHG_T78_protein_protein_crop_fpocket_raw_p003.pdb: 5 jobs → 1 batches
[2026-05-02 11:04:37.206986] [ Using Seed :  456  ]
[2026-05-02 11:04:37.266805] [ Using Seed :  42  ]
[2026-05-02 11:04:37.325426] [ Using Seed :  5926  ]
[2026-05-02 11:04:37.385415] [ Using Seed :  2022  ]
[2026-05-02 11:04:37.448695] [ Using Seed :  1001  ]
    ·   8DHG_T78_protein_protein_crop_p2rank_raw_p001.pdb: 5 jobs → 1 batches
[2026-05-02 11:04:37.505422] [ Using Seed :  456  ]
[2026-05-02 11:04:37.572769] [ Using Seed :  42  ]
[2026-05-02 11:04:37.631478] [ Using Seed :  5926  ]
[2026-05-02 11:04:37.692054] [ Using Seed :  2022  ]
[2026-05-02 11:04:37.751229] [ Using Seed :  1001  ]
    ·   8DHG_T78_protein_protein_crop_p2rank_raw_p002.pdb: 5 jobs → 1 batches
[2026-05-02 11:04:37.814706] [ Using Seed :  456  ]
[2026-05-02 11:04:37.875814] [ Using Seed :  42  ]
[2026-05-02 11:04:37.937184] [ Using Seed :  5926  ]
[2026-05-02 11:04:37.995962] [ Using Seed :  2022  ]
[2026-05-02 11:04:38.051137] [ Using Seed :  1001  ]
    ·   8DHG_T78_protein_protein_crop_p2rank_raw_p003.pdb: 5 jobs → 1 batches
[2026-05-02 11:04:38.106240] [ Using Seed :  456  ]
[2026-05-02 11:04:38.165492] [ Using Seed :  42  ]
[2026-05-02 11:04:38.224236] [ Using Seed :  5926  ]
[2026-05-02 11:04:38.283289] [ Using Seed :  2022  ]
[2026-05-02 11:04:38.340881] [ Using Seed :  1001  ]
    ·   8DHG_T78_protein_protein.pdb: 5 jobs → 1 batches
[2026-05-02 11:04:38.403813] [ Using Seed :  456  ]
[2026-05-02 11:04:38.465255] [ Using Seed :  42  ]
[2026-05-02 11:04:38.522526] [ Using Seed :  5926  ]
[2026-05-02 11:04:38.578060] [ Using Seed :  2022  ]
[2026-05-02 11:04:38.640131] [ Using Seed :  1001  ]

────────────────────────────────────────────────────────────────────────────────
  PHASE 2 COMPLETE in 3.3s (0.1 min)
  Total batches: 7
  Success: 35  |  Failed: 0
  Avg inference: 78.6ms per ligand
────────────────────────────────────────────────────────────────────────────────

──────────────────────────────────────────────────────────────────────
  PHASE 3: CPU POST-PROCESSING — 35 TOTAL JOBS
──────────────────────────────────────────────────────────────────────
    · Post-processing 35 new jobs (0 skipped)
    · UFF: pre-warmed protein cache for 1 unique protein(s)
    · Stage 1 (corrections+SDF): 0.7s — 0 done, 35 need UFF
    · Stage 2: UFF — 35 jobs, 26 process workers
 ⚠️  UFF FF construction failed on combined mol: Can't kekulize mol.  Unkekulized atoms: 50 51 52 53 54
 ⚠️  UFF FF construction failed on combined mol: Can't kekulize mol.  Unkekulized atoms: 105 106 107 108 109
 ⚠️  UFF FF construction failed on combined mol: Can't kekulize mol.  Unkekulized atoms: 5 6 7 8 9 10 11 12 13
 ⚠️  UFF FF construction failed on combined mol: Can't kekulize mol.  Unkekulized atoms: 112 113 114 115 116
 ⚠️  UFF FF construction failed on combined mol: Can't kekulize mol.  Unkekulized atoms: 105 106 107 108 109
 ⚠️  UFF FF construction failed on combined mol: Can't kekulize mol.  Unkekulized atoms: 112 113 114 115 116
 ⚠️  UFF FF construction failed on combined mol: Can't kekulize mol.  Unkekulized atoms: 105 106 107 108 109
 ⚠️  UFF FF construction failed on combined mol: Can't kekulize mol.  Unkekulized atoms: 105 106 107 108 109
 ⚠️  UFF FF construction failed on combined mol: Can't kekulize mol.  Unkekulized atoms: 50 51 52 53 54
 ⚠️  UFF FF construction failed on combined mol: Can't kekulize mol.  Unkekulized atoms: 50 51 52 53 54
 ⚠️  UFF FF construction failed on combined mol: Can't kekulize mol.  Unkekulized atoms: 58 59 60 61 62 63 64 65 66
 ⚠️  UFF FF construction failed on combined mol: Can't kekulize mol.  Unkekulized atoms: 5 6 7 8 9 10 11 12 13
 ⚠️  UFF FF construction failed on combined mol: Can't kekulize mol.  Unkekulized atoms: 5 6 7 8 9 10 11 12 13
 ⚠️  UFF FF construction failed on combined mol: Can't kekulize mol.  Unkekulized atoms: 105 106 107 108 109
    · UFF minimization: E 2978.2 → 2899.7 kcal/mol (ΔE=-78.5), not converged (code 1), 54 ligand + 529 protein atoms
    · UFF minimization: E 3545.2 → 3467.2 kcal/mol (ΔE=-78.0), not converged (code 1), 54 ligand + 617 protein atoms
    · UFF minimization: E 3422.0 → 3345.3 kcal/mol (ΔE=-76.8), converged, 54 ligand + 603 protein atoms
    · UFF minimization: E 3478.2 → 3404.5 kcal/mol (ΔE=-73.7), not converged (code 1), 54 ligand + 618 protein atoms
    · UFF minimization: E 3882.2 → 3812.9 kcal/mol (ΔE=-69.3), converged, 54 ligand + 699 protein atoms
    · UFF minimization: E 4088.1 → 4021.3 kcal/mol (ΔE=-66.8), converged, 54 ligand + 699 protein atoms
    · UFF minimization: E 3970.6 → 3884.8 kcal/mol (ΔE=-85.8), not converged (code 1), 54 ligand + 680 protein atoms
    · UFF minimization: E 3779.1 → 3707.4 kcal/mol (ΔE=-71.6), converged, 54 ligand + 693 protein atoms
    · UFF minimization: E 3950.1 → 3878.8 kcal/mol (ΔE=-71.3), not converged (code 1), 54 ligand + 695 protein atoms
    · UFF minimization: E 4151.6 → 4078.8 kcal/mol (ΔE=-72.9), converged, 54 ligand + 732 protein atoms
    · UFF minimization: E 3956.5 → 3883.9 kcal/mol (ΔE=-72.6), not converged (code 1), 54 ligand + 716 protein atoms
    · UFF minimization: E 4216.1 → 4139.8 kcal/mol (ΔE=-76.3), converged, 54 ligand + 765 protein atoms
    · UFF minimization: E 4397.8 → 4321.6 kcal/mol (ΔE=-76.2), not converged (code 1), 54 ligand + 788 protein atoms
    · UFF minimization: E 4294.0 → 4224.8 kcal/mol (ΔE=-69.2), not converged (code 1), 54 ligand + 770 protein atoms
    · UFF minimization: E 4034.4 → 3968.3 kcal/mol (ΔE=-66.1), not converged (code 1), 54 ligand + 746 protein atoms
    · UFF minimization: E 4124.1 → 4046.6 kcal/mol (ΔE=-77.5), not converged (code 1), 54 ligand + 754 protein atoms
    · UFF minimization: E 4224.1 → 4155.9 kcal/mol (ΔE=-68.2), not converged (code 1), 54 ligand + 780 protein atoms
    · UFF minimization: E 4212.7 → 4143.4 kcal/mol (ΔE=-69.3), not converged (code 1), 54 ligand + 831 protein atoms
    · UFF minimization: E 4510.4 → 4439.4 kcal/mol (ΔE=-70.9), converged, 54 ligand + 837 protein atoms
    · UFF minimization: E 4272.7 → 4191.5 kcal/mol (ΔE=-81.2), not converged (code 1), 54 ligand + 792 protein atoms
    · UFF minimization: E 4972.5 → 4903.4 kcal/mol (ΔE=-69.1), converged, 54 ligand + 911 protein atoms
    · Stage 2 (UFF): 12.6s (2.8 jobs/s)
    · Checkpoint: saved guided_results.json for 1 combos

────────────────────────────────────────────────────────────────────────────────
  PHASE 3 COMPLETE in 13.4s (0.2 min)
  Already done: 0
  Newly processed: 35
  Success: 35  |  Failed: 0
────────────────────────────────────────────────────────────────────────────────

──────────────────────────────────────────────────────────────────────
  STATISTICS: UNGUIDED POSES vs POCKETS
──────────────────────────────────────────────────────────────────────
  Unguided poses: 5
  In fpocket: 5  In p2rank: 5  In either: 5

──────────────────────────────────────────────────────────────────────
  TIMING REPORT
──────────────────────────────────────────────────────────────────────

  GLOBAL PHASE TIMING:
  Phase                     Time (s)     Time (min)        %
  ------------------------- ------------ ------------ ------
  Phase 1: CPU Prep         2.2          0.0           11.9%
  Phase 2: GPU Dock         3.3          0.1           17.3%
  Phase 3: CPU Post         13.4         0.2           70.8%
  TOTAL (phases)            18.9         0.3          100.0%
  Pipeline wall time        18.9         0.3         

  Timing saved to: /home/manndo/master_dev/Dockings/Benchmark_Equibind/8DHG_T78/pipeline_timing.csv
  Summary saved to: /home/manndo/master_dev/Dockings/Benchmark_Equibind/8DHG_T78/pipeline_summary.json

══════════════════════════════════════════════════════════════════════
  SIGNAL MONITOR SUMMARY
══════════════════════════════════════════════════════════════════════
  EquiBind calls:        0
  Successful returns:    0
  Failed returns:        0
  Poses inside pocket:   0
  Poses rejected/outside:0
    ├ guided rejected:   0
    └ unguided outside:  0
══════════════════════════════════════════════════════════════════════

✓ Pipeline complete.
  Poses (success): 35
  Poses (failed):  0
  Wall time:       18.9s
