/home/manndo/anaconda3/envs/equibind/lib/python3.8/site-packages/dgl/backend/pytorch/sparse.py:104: FutureWarning: `torch.cuda.amp.custom_fwd(args...)` is deprecated. Please use `torch.amp.custom_fwd(args..., device_type='cuda')` instead.
  @custom_fwd(cast_inputs=th.float16)
/home/manndo/anaconda3/envs/equibind/lib/python3.8/site-packages/dgl/backend/pytorch/sparse.py:128: FutureWarning: `torch.cuda.amp.custom_bwd(args...)` is deprecated. Please use `torch.amp.custom_bwd(args..., device_type='cuda')` instead.
  def backward(ctx, dZ):
/home/manndo/anaconda3/envs/equibind/lib/python3.8/site-packages/dgl/backend/pytorch/sparse.py:177: FutureWarning: `torch.cuda.amp.custom_fwd(args...)` is deprecated. Please use `torch.amp.custom_fwd(args..., device_type='cuda')` instead.
  @custom_fwd(cast_inputs=th.float16)
/home/manndo/anaconda3/envs/equibind/lib/python3.8/site-packages/dgl/backend/pytorch/sparse.py:207: FutureWarning: `torch.cuda.amp.custom_bwd(args...)` is deprecated. Please use `torch.amp.custom_bwd(args..., device_type='cuda')` instead.
  def backward(ctx, *dZ):
/home/manndo/anaconda3/envs/equibind/lib/python3.8/site-packages/dgl/backend/pytorch/sparse.py:287: FutureWarning: `torch.cuda.amp.custom_fwd(args...)` is deprecated. Please use `torch.amp.custom_fwd(args..., device_type='cuda')` instead.
  @custom_fwd(cast_inputs=th.float16)
/home/manndo/anaconda3/envs/equibind/lib/python3.8/site-packages/dgl/backend/pytorch/sparse.py:304: FutureWarning: `torch.cuda.amp.custom_bwd(args...)` is deprecated. Please use `torch.amp.custom_bwd(args..., device_type='cuda')` instead.
  def backward(ctx, dZ):
/home/manndo/anaconda3/envs/equibind/lib/python3.8/site-packages/dgl/backend/pytorch/sparse.py:352: FutureWarning: `torch.cuda.amp.custom_fwd(args...)` is deprecated. Please use `torch.amp.custom_fwd(args..., device_type='cuda')` instead.
  @custom_fwd(cast_inputs=th.float16)
/home/manndo/anaconda3/envs/equibind/lib/python3.8/site-packages/dgl/backend/pytorch/sparse.py:371: FutureWarning: `torch.cuda.amp.custom_bwd(args...)` is deprecated. Please use `torch.amp.custom_bwd(args..., device_type='cuda')` instead.
  def backward(ctx, *dZ):
/home/manndo/anaconda3/envs/equibind/lib/python3.8/site-packages/dgl/backend/pytorch/sparse.py:431: FutureWarning: `torch.cuda.amp.custom_fwd(args...)` is deprecated. Please use `torch.amp.custom_fwd(args..., device_type='cuda')` instead.
  @custom_fwd(cast_inputs=th.float16)
/home/manndo/anaconda3/envs/equibind/lib/python3.8/site-packages/dgl/backend/pytorch/sparse.py:467: FutureWarning: `torch.cuda.amp.custom_bwd(args...)` is deprecated. Please use `torch.amp.custom_bwd(args..., device_type='cuda')` instead.
  def backward(ctx, grad_out):
/home/manndo/anaconda3/envs/equibind/lib/python3.8/site-packages/dgl/backend/pytorch/sparse.py:498: FutureWarning: `torch.cuda.amp.custom_fwd(args...)` is deprecated. Please use `torch.amp.custom_fwd(args..., device_type='cuda')` instead.
  @custom_fwd(cast_inputs=th.float16)
/home/manndo/anaconda3/envs/equibind/lib/python3.8/site-packages/dgl/backend/pytorch/sparse.py:535: FutureWarning: `torch.cuda.amp.custom_bwd(args...)` is deprecated. Please use `torch.amp.custom_bwd(args..., device_type='cuda')` instead.
  def backward(ctx, *grad_out):
/home/manndo/anaconda3/envs/equibind/lib/python3.8/site-packages/dgl/backend/pytorch/sparse.py:566: FutureWarning: `torch.cuda.amp.custom_fwd(args...)` is deprecated. Please use `torch.amp.custom_fwd(args..., device_type='cuda')` instead.
  @custom_fwd(cast_inputs=th.float16)
/home/manndo/anaconda3/envs/equibind/lib/python3.8/site-packages/dgl/backend/pytorch/sparse.py:575: FutureWarning: `torch.cuda.amp.custom_bwd(args...)` is deprecated. Please use `torch.amp.custom_bwd(args..., device_type='cuda')` instead.
  def backward(ctx, dy):
/home/manndo/anaconda3/envs/equibind/lib/python3.8/site-packages/dgl/backend/pytorch/sparse.py:595: FutureWarning: `torch.cuda.amp.custom_fwd(args...)` is deprecated. Please use `torch.amp.custom_fwd(args..., device_type='cuda')` instead.
  @custom_fwd(cast_inputs=th.float16)
/home/manndo/anaconda3/envs/equibind/lib/python3.8/site-packages/dgl/backend/pytorch/sparse.py:603: FutureWarning: `torch.cuda.amp.custom_bwd(args...)` is deprecated. Please use `torch.amp.custom_bwd(args..., device_type='cuda')` instead.
  def backward(ctx, dy):
/home/manndo/anaconda3/envs/equibind/lib/python3.8/site-packages/dgl/backend/pytorch/sparse.py:666: FutureWarning: `torch.cuda.amp.custom_fwd(args...)` is deprecated. Please use `torch.amp.custom_fwd(args..., device_type='cuda')` instead.
  @custom_fwd(cast_inputs=th.float16)
/home/manndo/anaconda3/envs/equibind/lib/python3.8/site-packages/dgl/backend/pytorch/sparse.py:692: FutureWarning: `torch.cuda.amp.custom_fwd(args...)` is deprecated. Please use `torch.amp.custom_fwd(args..., device_type='cuda')` instead.
  @custom_fwd(cast_inputs=th.float16)
GPU detected: NVIDIA GeForce RTX 4070 Laptop GPU
================================================================================
EquiBind Batch Docking Configuration
================================================================================
  Workspace:        /home/manndo/master_dev
  Ligand dir:       /home/manndo/master_dev/Dockings/Benchmark_Equibind/_staging/8G6P_API/ligands
  Receptor dir:     /home/manndo/master_dev/Dockings/Benchmark_Equibind/_staging/8G6P_API/receptors
  EquiBind dir:     /home/manndo/tools/EquiBind
  EquiBind device:  cuda
  Output:           /home/manndo/master_dev/Dockings/Benchmark_Equibind/8G6P_API
  Pocket results:   fpocket=/home/manndo/master_dev/pocket_results/fpocket_results
                    p2rank=/home/manndo/master_dev/pocket_results/p2rank_results
  Top pockets:      3 per method
  Poses/pocket:     5
  Unguided poses:   5
  Workers:          26
  GPU batch size:   8
  UFF minimize:     True
  Skip existing:    True
  Force pocket:     True
  Protein cropping: True (radius=8.0Å + buffer=3.0Å)
================================================================================
================================================================================
GPU SUPPORT VALIDATION
================================================================================

PyTorch CUDA Status:
  PyTorch version: 2.4.1+cu124
  CUDA available: True
  CUDA version: 12.4
  Number of GPUs: 1
  GPU Name: NVIDIA GeForce RTX 4070 Laptop GPU
  GPU Memory: 8.59 GB
  ✓ GPU tensor operations working

NVIDIA GPU Information (nvidia-smi):
Sat May  2 11:50:34 2026       
+-----------------------------------------------------------------------------------------+
| NVIDIA-SMI 580.105.07             Driver Version: 581.80         CUDA Version: 13.0     |
+-----------------------------------------+------------------------+----------------------+
| GPU  Name                 Persistence-M | Bus-Id          Disp.A | Volatile Uncorr. ECC |
| Fan  Temp   Perf          Pwr:Usage/Cap |           Memory-Usage | GPU-Util  Compute M. |
|                                         |                        |               MIG M. |
|=========================================+========================+======================|
|   0  NVIDIA GeForce RTX 4070 ...    On  |   00000000:01:00.0 Off |                  N/A |
| N/A   54C    P3             12W /   55W |     161MiB /   8188MiB |      0%      Default |
|                                         |                        |                  N/A |
+-----------------------------------------+------------------------+----------------------+

+-----------------------------------------------------------------------------------------+
| Processes:                                                                              |
|  GPU   GI   CI              PID   Type   Process name                        GPU Memory |
|        ID   ID                                                               Usage      |
|=========================================================================================|
|    0   N/A  N/A           24683      C   /python3.8                            N/A      |
|    0   N/A  N/A          166185      C   /python3.8                            N/A      |
+-----------------------------------------------------------------------------------------+


================================================================================
✓ GPU ACCELERATION AVAILABLE
  Recommended setting: equibind_device = 'cuda'
  Current setting: equibind_device = 'cuda'
================================================================================
================================================================================
EquiBind Batch Docking Configuration
================================================================================
  Workspace:        /home/manndo/master_dev
  Ligand dir:       /home/manndo/master_dev/Dockings/Benchmark_Equibind/_staging/8G6P_API/ligands
  Receptor dir:     /home/manndo/master_dev/Dockings/Benchmark_Equibind/_staging/8G6P_API/receptors
  EquiBind dir:     /home/manndo/tools/EquiBind
  EquiBind device:  cuda
  Output:           /home/manndo/master_dev/Dockings/Benchmark_Equibind/8G6P_API
  Pocket results:   fpocket=/home/manndo/master_dev/pocket_results/fpocket_results
                    p2rank=/home/manndo/master_dev/pocket_results/p2rank_results
  Top pockets:      3 per method
  Poses/pocket:     5
  Unguided poses:   5
  Workers:          26
  GPU batch size:   8
  UFF minimize:     True
  Skip existing:    True
  Force pocket:     True
  Protein cropping: True (radius=8.0Å + buffer=3.0Å)
================================================================================
/home/manndo/master_dev/Scripts/Docking/equibind_pipeline/equibind_model.py:84: FutureWarning: You are using `torch.load` with `weights_only=False` (the current default value), which uses the default pickle module implicitly. It is possible to construct malicious pickle data which will execute arbitrary code during unpickling (See https://github.com/pytorch/pytorch/blob/main/SECURITY.md#untrusted-models for more details). In a future release, the default value for `weights_only` will be flipped to `True`. This limits the functions that could be executed during unpickling. Arbitrary objects will no longer be allowed to be loaded via this mode unless they are explicitly allowlisted by the user via `torch.serialization.add_safe_globals`. We recommend you start setting `weights_only=True` for any use case where you don't have full control of the loaded file. Please open an issue on GitHub for any issues related to this experimental feature.
  checkpoint = torch.load(str(ckpt_path), map_location=dev)
[2026-05-02 11:50:35.193443] [ Using Seed :  1  ]
    · EquiBind model loaded from /home/manndo/tools/EquiBind/runs/flexible_self_docking/best_checkpoint.pt
    ·   Device: cuda:0  |  Load time: 0.18s

──────────────────────────────────────────────────────────────────────
  GLOBALLY DECOUPLED 3-PHASE EQUIBIND PIPELINE
──────────────────────────────────────────────────────────────────────
  EquiBind device: cuda:0
  GPU batch size: 8
  Proteins: 1
  Ligands: 1
  Total combos: 1  (≈ 35 poses/combo)
  Workers: 26

    · 8G6P_API_protein: 3 fpocket + 3 p2rank pockets

Pre-computing ligand properties...
  1 ligands analysed
Pre-computing protein properties...
  1 proteins analysed
Docking log: /home/manndo/master_dev/Dockings/Benchmark_Equibind/8G6P_API/docking_log.csv (0 existing entries)

──────────────────────────────────────────────────────────────────────
  PHASE 1: CPU PREPARATION — ALL COMBOS
──────────────────────────────────────────────────────────────────────
    · Building receptor graph for 8G6P_API_protein_protein.pdb
    · Preparing cropped proteins for 6 pockets (6 workers)
    · Cropped protein for fpocket_raw_p003: 54 residues, 833 atoms (radius=11.0Å)    · Cropped protein for p2rank_raw_p002: 46 residues, 700 atoms (radius=11.0Å)

    · Cropped protein for p2rank_raw_p001: 57 residues, 813 atoms (radius=11.0Å)
    · Cropped protein for fpocket_raw_p002: 55 residues, 851 atoms (radius=11.0Å)
    · Cropped protein for fpocket_raw_p001: 52 residues, 743 atoms (radius=11.0Å)
    · Cropped protein for p2rank_raw_p003: 48 residues, 700 atoms (radius=11.0Å)
    · Generating conformers for 1 ligands (26 workers)
    · Ligand 8G6P_API_ligand_start_conf: 10 conformers
    · Building DockJobs for 1 combos (26 workers)

────────────────────────────────────────────────────────────────────────────────
  PHASE 1 COMPLETE in 2.4s (0.0 min)
  Jobs prepared:    35
  Cached results:   0
  Unique proteins:  7
  Unique ligands:   1
  Receptor graphs:  7
────────────────────────────────────────────────────────────────────────────────

──────────────────────────────────────────────────────────────────────
  PHASE 2: GPU INFERENCE — 35 TOTAL JOBS
──────────────────────────────────────────────────────────────────────
    ·   8G6P_API_protein_protein_crop_fpocket_raw_p001.pdb: 5 jobs → 1 batches
[2026-05-02 11:50:38.151386] [ Using Seed :  42  ]
/home/manndo/anaconda3/envs/equibind/lib/python3.8/site-packages/dgl/backend/pytorch/tensor.py:352: UserWarning: TypedStorage is deprecated. It will be removed in the future and UntypedStorage will be the only storage class. This should only matter to you if you are using storages directly.  To access UntypedStorage directly, use tensor.untyped_storage() instead of tensor.storage()
  assert input.numel() == input.storage().size(), "Cannot convert view " \
[2026-05-02 11:50:38.871594] [ Using Seed :  3141  ]
[2026-05-02 11:50:38.925421] [ Using Seed :  789  ]
[2026-05-02 11:50:38.987131] [ Using Seed :  456  ]
[2026-05-02 11:50:39.041030] [ Using Seed :  123  ]
    ·   8G6P_API_protein_protein_crop_fpocket_raw_p002.pdb: 5 jobs → 1 batches
[2026-05-02 11:50:39.092730] [ Using Seed :  42  ]
[2026-05-02 11:50:39.145930] [ Using Seed :  3141  ]
[2026-05-02 11:50:39.206109] [ Using Seed :  789  ]
[2026-05-02 11:50:39.262313] [ Using Seed :  456  ]
[2026-05-02 11:50:39.315436] [ Using Seed :  123  ]
    ·   8G6P_API_protein_protein_crop_fpocket_raw_p003.pdb: 5 jobs → 1 batches
[2026-05-02 11:50:39.375128] [ Using Seed :  42  ]
[2026-05-02 11:50:39.433082] [ Using Seed :  3141  ]
[2026-05-02 11:50:39.488449] [ Using Seed :  789  ]
[2026-05-02 11:50:39.546809] [ Using Seed :  456  ]
[2026-05-02 11:50:39.599168] [ Using Seed :  123  ]
    ·   8G6P_API_protein_protein_crop_p2rank_raw_p001.pdb: 5 jobs → 1 batches
[2026-05-02 11:50:39.654613] [ Using Seed :  42  ]
[2026-05-02 11:50:39.708275] [ Using Seed :  3141  ]
[2026-05-02 11:50:39.768522] [ Using Seed :  789  ]
[2026-05-02 11:50:39.824706] [ Using Seed :  456  ]
[2026-05-02 11:50:39.882593] [ Using Seed :  123  ]
    ·   8G6P_API_protein_protein_crop_p2rank_raw_p002.pdb: 5 jobs → 1 batches
[2026-05-02 11:50:39.940508] [ Using Seed :  42  ]
[2026-05-02 11:50:40.002219] [ Using Seed :  3141  ]
[2026-05-02 11:50:40.055349] [ Using Seed :  789  ]
[2026-05-02 11:50:40.118175] [ Using Seed :  456  ]
[2026-05-02 11:50:40.179080] [ Using Seed :  123  ]
    ·   8G6P_API_protein_protein_crop_p2rank_raw_p003.pdb: 5 jobs → 1 batches
[2026-05-02 11:50:40.240400] [ Using Seed :  42  ]
[2026-05-02 11:50:40.293853] [ Using Seed :  3141  ]
[2026-05-02 11:50:40.352308] [ Using Seed :  789  ]
[2026-05-02 11:50:40.412930] [ Using Seed :  456  ]
[2026-05-02 11:50:40.473684] [ Using Seed :  123  ]
    ·   8G6P_API_protein_protein.pdb: 5 jobs → 1 batches
[2026-05-02 11:50:40.536050] [ Using Seed :  42  ]
[2026-05-02 11:50:40.595048] [ Using Seed :  3141  ]
[2026-05-02 11:50:40.653202] [ Using Seed :  789  ]
[2026-05-02 11:50:40.709879] [ Using Seed :  456  ]
[2026-05-02 11:50:40.767909] [ Using Seed :  123  ]

────────────────────────────────────────────────────────────────────────────────
  PHASE 2 COMPLETE in 3.2s (0.1 min)
  Total batches: 7
  Success: 35  |  Failed: 0
  Avg inference: 76.1ms per ligand
────────────────────────────────────────────────────────────────────────────────

──────────────────────────────────────────────────────────────────────
  PHASE 3: CPU POST-PROCESSING — 35 TOTAL JOBS
──────────────────────────────────────────────────────────────────────
    · Post-processing 35 new jobs (0 skipped)
    · UFF: pre-warmed protein cache for 1 unique protein(s)
    · Stage 1 (corrections+SDF): 0.6s — 0 done, 35 need UFF
    · Stage 2: UFF — 35 jobs, 26 process workers
 ⚠️  UFF FF construction failed on combined mol: Can't kekulize mol.  Unkekulized atoms: 36 37 38 39 40
 ⚠️  UFF FF construction failed on combined mol: Can't kekulize mol.  Unkekulized atoms: 162 163 164 165 166
 ⚠️  UFF FF construction failed on combined mol: Can't kekulize mol.  Unkekulized atoms: 36 37 38 39 40
 ⚠️  UFF FF construction failed on combined mol: Can't kekulize mol.  Unkekulized atoms: 48 49 50 51 52
 ⚠️  UFF FF construction failed on combined mol: Can't kekulize mol.  Unkekulized atoms: 5 6 7 8 9
 ⚠️  UFF FF construction failed on combined mol: Can't kekulize mol.  Unkekulized atoms: 169 170 171 172 173
 ⚠️  UFF FF construction failed on combined mol: Can't kekulize mol.  Unkekulized atoms: 5 6 7 8 9
 ⚠️  UFF FF construction failed on combined mol: Can't kekulize mol.  Unkekulized atoms: 48 49 50 51 52
    · UFF minimization: E 1756.1 → 1697.9 kcal/mol (ΔE=-58.1), converged, 27 ligand + 316 protein atoms
    · UFF minimization: E 2464.5 → 2415.3 kcal/mol (ΔE=-49.1), converged, 27 ligand + 427 protein atoms
    · UFF minimization: E 2067.1 → 2022.0 kcal/mol (ΔE=-45.1), converged, 27 ligand + 413 protein atoms
    · UFF minimization: E 2232.1 → 2189.0 kcal/mol (ΔE=-43.2), converged, 27 ligand + 393 protein atoms
 ⚠️  UFF FF construction failed on combined mol: Can't kekulize mol.  Unkekulized atoms: 70 71 72 73 74
    · UFF minimization: E 2076.8 → 2027.9 kcal/mol (ΔE=-48.9), converged, 27 ligand + 385 protein atoms
 ⚠️  UFF FF construction failed on combined mol: Can't kekulize mol.  Unkekulized atoms: 51 52 53 54 55
    · UFF minimization: E 2422.7 → 2378.6 kcal/mol (ΔE=-44.2), converged, 27 ligand + 430 protein atoms
 ⚠️  UFF FF construction failed on combined mol: Can't kekulize mol.  Unkekulized atoms: 51 52 53 54 55
    · UFF minimization: E 2326.9 → 2277.4 kcal/mol (ΔE=-49.5), converged, 27 ligand + 428 protein atoms
    · UFF minimization: E 2305.7 → 2260.3 kcal/mol (ΔE=-45.4), converged, 27 ligand + 445 protein atoms
 ⚠️  UFF FF construction failed on combined mol: Can't kekulize mol.  Unkekulized atoms: 51 52 53 54 55
    · UFF minimization: E 2034.4 → 1981.7 kcal/mol (ΔE=-52.7), converged, 27 ligand + 380 protein atoms
    · UFF minimization: E 2253.8 → 2208.2 kcal/mol (ΔE=-45.6), converged, 27 ligand + 393 protein atoms
    · UFF minimization: E 2065.8 → 2013.5 kcal/mol (ΔE=-52.3), converged, 27 ligand + 406 protein atoms
    · UFF minimization: E 2397.1 → 2352.4 kcal/mol (ΔE=-44.6), converged, 27 ligand + 466 protein atoms
    · UFF minimization: E 2237.9 → 2196.4 kcal/mol (ΔE=-41.5), converged, 27 ligand + 397 protein atoms
    · UFF minimization: E 2111.5 → 2062.0 kcal/mol (ΔE=-49.5), converged, 27 ligand + 392 protein atoms
 ⚠️  UFF FF construction failed on combined mol: Can't kekulize mol.  Unkekulized atoms: 51 52 53 54 55
    · UFF minimization: E 3047.6 → 2998.2 kcal/mol (ΔE=-49.4), converged, 27 ligand + 584 protein atoms
    · UFF minimization: E 2606.2 → 2570.1 kcal/mol (ΔE=-36.1), converged, 27 ligand + 502 protein atoms
    · UFF minimization: E 1997833573275.6 → 2304.2 kcal/mol (ΔE=-1997833570971.3), not converged (code 1), 27 ligand + 465 protein atoms
    · UFF minimization: E 2839.9 → 2798.5 kcal/mol (ΔE=-41.4), converged, 27 ligand + 551 protein atoms
    · UFF minimization: E 3034.2 → 2978.7 kcal/mol (ΔE=-55.5), converged, 27 ligand + 582 protein atoms
    · UFF minimization: E 3017.9 → 2972.1 kcal/mol (ΔE=-45.8), converged, 27 ligand + 567 protein atoms
    · UFF minimization: E 2982.1 → 2933.5 kcal/mol (ΔE=-48.6), converged, 27 ligand + 572 protein atoms
    · UFF minimization: E 3101.4 → 3050.3 kcal/mol (ΔE=-51.0), converged, 27 ligand + 586 protein atoms
    · Stage 2 (UFF): 5.6s (6.3 jobs/s)
    · Checkpoint: saved guided_results.json for 1 combos

────────────────────────────────────────────────────────────────────────────────
  PHASE 3 COMPLETE in 6.2s (0.1 min)
  Already done: 0
  Newly processed: 35
  Success: 35  |  Failed: 0
────────────────────────────────────────────────────────────────────────────────

──────────────────────────────────────────────────────────────────────
  STATISTICS: UNGUIDED POSES vs POCKETS
──────────────────────────────────────────────────────────────────────
  Unguided poses: 5
  In fpocket: 5  In p2rank: 3  In either: 5

──────────────────────────────────────────────────────────────────────
  TIMING REPORT
──────────────────────────────────────────────────────────────────────

  GLOBAL PHASE TIMING:
  Phase                     Time (s)     Time (min)        %
  ------------------------- ------------ ------------ ------
  Phase 1: CPU Prep         2.4          0.0           20.1%
  Phase 2: GPU Dock         3.2          0.1           27.1%
  Phase 3: CPU Post         6.2          0.1           52.9%
  TOTAL (phases)            11.8         0.2          100.0%
  Pipeline wall time        11.8         0.2         

  Timing saved to: /home/manndo/master_dev/Dockings/Benchmark_Equibind/8G6P_API/pipeline_timing.csv
  Summary saved to: /home/manndo/master_dev/Dockings/Benchmark_Equibind/8G6P_API/pipeline_summary.json

══════════════════════════════════════════════════════════════════════
  SIGNAL MONITOR SUMMARY
══════════════════════════════════════════════════════════════════════
  EquiBind calls:        0
  Successful returns:    0
  Failed returns:        0
  Poses inside pocket:   0
  Poses rejected/outside:0
    ├ guided rejected:   0
    └ unguided outside:  0
══════════════════════════════════════════════════════════════════════

✓ Pipeline complete.
  Poses (success): 35
  Poses (failed):  0
  Wall time:       11.8s
